1001, 142697, 0, 0, 0
1001, 61030, 1, 0, 0
2001, 122724, 0, 0, 0
2001, 51792, 1, 0, 0
3007, 108943, 0, 0, 0
3007, 47239, 1, 0, 0
4007, 120160, 0, 0, 0
4007, 51672, 1, 0, 0
5008, 90713, 0, 0, 0
5008, 38601, 1, 0, 0
6009, 87024, 0, 0, 0
6009, 37696, 1, 0, 0
7008, 79803, 0, 0, 0
7008, 34826, 1, 0, 0
8007, 81230, 0, 0, 0
8007, 35426, 1, 0, 0
9014, 80560, 0, 0, 0
9014, 34303, 1, 0, 0
10015, 80184, 0, 0, 0
10015, 33992, 1, 0, 0
11014, 80204, 0, 0, 0
11014, 34750, 1, 0, 0
12013, 80904, 0, 0, 0
12013, 35159, 1, 0, 0
13019, 80083, 0, 0, 0
13019, 33795, 1, 0, 0
14019, 79704, 0, 0, 0
14019, 34240, 1, 0, 0
15018, 74685, 0, 0, 0
15018, 33038, 1, 0, 0
16018, 74756, 0, 0, 0
16018, 32096, 1, 0, 0
17019, 77448, 0, 0, 0
17019, 33172, 1, 0, 0
18019, 80420, 0, 0, 0
18019, 34012, 1, 0, 0
19019, 79900, 0, 0, 0
19019, 34148, 1, 0, 0
20019, 78404, 0, 0, 0
20019, 33308, 1, 0, 0
21020, 80580, 0, 0, 0
21020, 34380, 1, 0, 0
22021, 78669, 0, 0, 0
22021, 33414, 1, 0, 0
23021, 78808, 0, 0, 0
23021, 34568, 1, 0, 0
24021, 78716, 0, 0, 0
24021, 33648, 1, 0, 0
25021, 77360, 0, 0, 0
25021, 33520, 1, 0, 0
26022, 79048, 0, 0, 0
26022, 34284, 1, 0, 0
27022, 80736, 0, 0, 0
27022, 35168, 1, 0, 0
28023, 80340, 0, 0, 0
28023, 33808, 1, 0, 0
29023, 80860, 0, 0, 0
29023, 34600, 1, 0, 0
30024, 79520, 0, 0, 0
30024, 33348, 1, 0, 0
31025, 81242, 0, 0, 0
31025, 34401, 1, 0, 0
32026, 78805, 0, 0, 0
32026, 33550, 1, 0, 0
33026, 79652, 0, 0, 0
33026, 34732, 1, 0, 0
34027, 85090, 0, 0, 0
34027, 35412, 1, 0, 0
35028, 84079, 0, 0, 0
35028, 36227, 1, 0, 0
36029, 86580, 0, 0, 0
36029, 37528, 1, 0, 0
37030, 130340, 0, 0, 0
37030, 55260, 1, 0, 0
38031, 147920, 0, 0, 0
38031, 63580, 1, 0, 0
39032, 149604, 0, 0, 0
39032, 63996, 1, 0, 0
40032, 148440, 0, 0, 0
40032, 64448, 1, 0, 0
41033, 142440, 0, 0, 0
41033, 60892, 1, 0, 0
42033, 146044, 0, 0, 0
42033, 62180, 1, 0, 0
43034, 149296, 0, 0, 0
43034, 63700, 1, 0, 0
44035, 149920, 0, 0, 0
44035, 64304, 1, 0, 0
45035, 149692, 0, 0, 0
45035, 63920, 1, 0, 0
46036, 148528, 0, 0, 0
46036, 64216, 1, 0, 0
47036, 149320, 0, 0, 0
47036, 64272, 1, 0, 0
48037, 150649, 0, 0, 0
48037, 64131, 1, 0, 0
49038, 150648, 0, 0, 0
49038, 64352, 1, 0, 0
50038, 151320, 0, 0, 0
50038, 65296, 1, 0, 0
51039, 138860, 0, 0, 0
51039, 60468, 1, 0, 0
52040, 149146, 0, 0, 0
52040, 64471, 1, 0, 0
53041, 149960, 0, 0, 0
53041, 64328, 1, 0, 0
54041, 151335, 0, 0, 0
54041, 63563, 1, 0, 0
55041, 149720, 0, 0, 0
55041, 64836, 1, 0, 0
56041, 149892, 0, 0, 0
56041, 64872, 1, 0, 0
57042, 151596, 0, 0, 0
57042, 65344, 1, 0, 0
58043, 149646, 0, 0, 0
58043, 64247, 1, 0, 0
59044, 152876, 0, 0, 0
59044, 65244, 1, 0, 0
60044, 152664, 0, 0, 0
60044, 65260, 1, 0, 0
61045, 151668, 0, 0, 0
61045, 64739, 1, 0, 0
62046, 150864, 0, 0, 0
62046, 63592, 1, 0, 0
63046, 150908, 0, 0, 0
63046, 65292, 1, 0, 0
64047, 147408, 0, 0, 0
64047, 62700, 1, 0, 0
65048, 149834, 0, 0, 0
65048, 63868, 1, 0, 0
66049, 149364, 0, 0, 0
66049, 63816, 1, 0, 0
67049, 149504, 0, 0, 0
67049, 64452, 1, 0, 0
68051, 149390, 0, 0, 0
68051, 63732, 1, 0, 0
69051, 150520, 0, 0, 0
69051, 64464, 1, 0, 0
70052, 149660, 0, 0, 0
70052, 65020, 1, 0, 0
71053, 150696, 0, 0, 0
71053, 64072, 1, 0, 0
72053, 150380, 0, 0, 0
72053, 64356, 1, 0, 0
73054, 148340, 0, 0, 0
73054, 64224, 1, 0, 0
74055, 149286, 0, 0, 0
74055, 63900, 1, 0, 0
75055, 149460, 0, 0, 0
75055, 64804, 1, 0, 0
76056, 149220, 0, 0, 0
76056, 64428, 1, 0, 0
77056, 150600, 0, 0, 0
77056, 63736, 1, 0, 0
78056, 150620, 0, 0, 0
78056, 64276, 1, 0, 0
79057, 143652, 0, 0, 0
79057, 62032, 1, 0, 0
80057, 143916, 0, 0, 0
80057, 61232, 1, 0, 0
81057, 143104, 0, 0, 0
81057, 61280, 1, 0, 0
82058, 147912, 0, 0, 0
82058, 63872, 1, 0, 0
83059, 148672, 0, 0, 0
83059, 63136, 1, 0, 0
84059, 146872, 0, 0, 0
84059, 62948, 1, 0, 0
85060, 150976, 0, 0, 0
85060, 64752, 1, 0, 0
86060, 149760, 0, 0, 0
86060, 63740, 1, 0, 0
87060, 148696, 0, 0, 0
87060, 63356, 1, 0, 0
88061, 150612, 0, 0, 0
88061, 63420, 1, 0, 0
89062, 148323, 0, 0, 0
89062, 64759, 1, 0, 0
90062, 148740, 0, 0, 0
90062, 63320, 1, 0, 0
91063, 151832, 0, 0, 0
91063, 64064, 1, 0, 0
92064, 150800, 0, 0, 0
92064, 63896, 1, 0, 0
93065, 150224, 0, 0, 0
93065, 65192, 1, 0, 0
94066, 151104, 0, 0, 0
94066, 65190, 1, 0, 0
95066, 150912, 0, 0, 0
95066, 64256, 1, 0, 0
96067, 149508, 0, 0, 0
96067, 65116, 1, 0, 0
97067, 150044, 0, 0, 0
97067, 64796, 1, 0, 0
98068, 148536, 0, 0, 0
98068, 63840, 1, 0, 0
99069, 150405, 0, 0, 0
99069, 63844, 1, 0, 0
100069, 149572, 0, 0, 0
100069, 64636, 1, 0, 0
101070, 140883, 0, 0, 0
101070, 61302, 1, 0, 0
102071, 147088, 0, 0, 0
102071, 62392, 1, 0, 0
103071, 149352, 0, 0, 0
103071, 64188, 1, 0, 0
104073, 148715, 0, 0, 0
104073, 64039, 1, 0, 0
105073, 149508, 0, 0, 0
105073, 63956, 1, 0, 0
106073, 149504, 0, 0, 0
106073, 63188, 1, 0, 0
107074, 149904, 0, 0, 0
107074, 65100, 1, 0, 0
108075, 148784, 0, 0, 0
108075, 64076, 1, 0, 0
109075, 150308, 0, 0, 0
109075, 64208, 1, 0, 0
110076, 151376, 0, 0, 0
110076, 65280, 1, 0, 0
111077, 149268, 0, 0, 0
111077, 62692, 1, 0, 0
112078, 149626, 0, 0, 0
112078, 64415, 1, 0, 0
113079, 148536, 0, 0, 0
113079, 64956, 1, 0, 0
114079, 148540, 0, 0, 0
114079, 63828, 1, 0, 0
115079, 151196, 0, 0, 0
115079, 64156, 1, 0, 0
116080, 148931, 0, 0, 0
116080, 63272, 1, 0, 0
117081, 150052, 0, 0, 0
117081, 64564, 1, 0, 0
118081, 149240, 0, 0, 0
118081, 63892, 1, 0, 0
119082, 148863, 0, 0, 0
119082, 63572, 1, 0, 0
120084, 147084, 0, 0, 0
120084, 63416, 1, 0, 0
121084, 149656, 0, 0, 0
121084, 65160, 1, 0, 0
122085, 151324, 0, 0, 0
122085, 65222, 1, 0, 0
123086, 148879, 0, 0, 0
123086, 64259, 1, 0, 0
124086, 150352, 0, 0, 0
124086, 64712, 1, 0, 0
125087, 150452, 0, 0, 0
125087, 65316, 1, 0, 0
126087, 150980, 0, 0, 0
126087, 64924, 1, 0, 0
127087, 151568, 0, 0, 0
127087, 63992, 1, 0, 0
128088, 146700, 0, 0, 0
128088, 63472, 1, 0, 0
129088, 143336, 0, 0, 0
129088, 61624, 1, 0, 0
130088, 150616, 0, 0, 0
130088, 65112, 1, 0, 0
131089, 148880, 0, 0, 0
131089, 63596, 1, 0, 0
132089, 149612, 0, 0, 0
132089, 64456, 1, 0, 0
133089, 149292, 0, 0, 0
133089, 63536, 1, 0, 0
134089, 149456, 0, 0, 0
134089, 63876, 1, 0, 0
135090, 148568, 0, 0, 0
135090, 64748, 1, 0, 0
136091, 149796, 0, 0, 0
136091, 63508, 1, 0, 0
137091, 149688, 0, 0, 0
137091, 62836, 1, 0, 0
138092, 145894, 0, 0, 0
138092, 63144, 1, 0, 0
139092, 149744, 0, 0, 0
139092, 63992, 1, 0, 0
140093, 148060, 0, 0, 0
140093, 64452, 1, 0, 0
141094, 149104, 0, 0, 0
141094, 62564, 1, 0, 0
142094, 148896, 0, 0, 0
142094, 63544, 1, 0, 0
143095, 148528, 0, 0, 0
143095, 62704, 1, 0, 0
144096, 147892, 0, 0, 0
144096, 64000, 1, 0, 0
145097, 148583, 0, 0, 0
145097, 64255, 1, 0, 0
146098, 145138, 0, 0, 0
146098, 62569, 1, 0, 0
147099, 148740, 0, 0, 0
147099, 63840, 1, 0, 0
148099, 148776, 0, 0, 0
148099, 63748, 1, 0, 0
149101, 148719, 0, 0, 0
149101, 63180, 1, 0, 0
150101, 150208, 0, 0, 0
150101, 62852, 1, 0, 0
151101, 149644, 0, 0, 0
151101, 64056, 1, 0, 0
152102, 146637, 0, 0, 0
152102, 63404, 1, 0, 0
153103, 148320, 0, 0, 0
153103, 63668, 1, 0, 0
154103, 149640, 0, 0, 0
154103, 64384, 1, 0, 0
155103, 145276, 0, 0, 0
155103, 63648, 1, 0, 0
156104, 145238, 0, 0, 0
156104, 61850, 1, 0, 0
157104, 145600, 0, 0, 0
157104, 62408, 1, 0, 0
158105, 143872, 0, 0, 0
158105, 60916, 1, 0, 0
159105, 144768, 0, 0, 0
159105, 62452, 1, 0, 0
160106, 145172, 0, 0, 0
160106, 62188, 1, 0, 0
161106, 138128, 0, 0, 0
161106, 58872, 1, 0, 0
162107, 142545, 0, 0, 0
162107, 60687, 1, 0, 0
163108, 145284, 0, 0, 0
163108, 61572, 1, 0, 0
164108, 142980, 0, 0, 0
164108, 61924, 1, 0, 0
165108, 145992, 0, 0, 0
165108, 62024, 1, 0, 0
166109, 144380, 0, 0, 0
166109, 61864, 1, 0, 0
167110, 144259, 0, 0, 0
167110, 61326, 1, 0, 0
168110, 146712, 0, 0, 0
168110, 62044, 1, 0, 0
169111, 145444, 0, 0, 0
169111, 61724, 1, 0, 0
170112, 144312, 0, 0, 0
170112, 63300, 1, 0, 0
171112, 143368, 0, 0, 0
171112, 60032, 1, 0, 0
172113, 143460, 0, 0, 0
172113, 62508, 1, 0, 0
173113, 144908, 0, 0, 0
173113, 62560, 1, 0, 0
174114, 146877, 0, 0, 0
174114, 62865, 1, 0, 0
175115, 149864, 0, 0, 0
175115, 64168, 1, 0, 0
176115, 150328, 0, 0, 0
176115, 62860, 1, 0, 0
177116, 149826, 0, 0, 0
177116, 64247, 1, 0, 0
178117, 148364, 0, 0, 0
178117, 64812, 1, 0, 0
179118, 148832, 0, 0, 0
179118, 63696, 1, 0, 0
180119, 131136, 0, 0, 0
180119, 56116, 1, 0, 0
