1000, 96150, 1, 0, 0
1000, 269506, 0, 0, 0
2000, 123276, 1, 0, 0
2000, 287085, 0, 0, 0
3000, 136741, 1, 0, 0
3000, 303886, 0, 0, 0
4000, 306411, 0, 0, 0
4000, 144151, 1, 0, 0
5000, 193793, 1, 0, 0
5000, 353945, 0, 0, 0
6000, 183770, 1, 0, 0
6000, 338978, 0, 0, 0
7000, 197610, 1, 0, 0
7000, 356050, 0, 0, 0
8000, 353619, 0, 0, 0
8000, 194057, 1, 0, 0
9000, 356240, 0, 0, 0
9000, 194812, 1, 0, 0
10000, 199777, 1, 0, 0
10000, 350382, 0, 0, 0
11000, 359653, 0, 0, 0
11000, 199550, 1, 0, 0
12000, 356012, 0, 0, 0
12000, 202385, 1, 0, 0
13000, 355563, 0, 0, 0
13000, 198568, 1, 0, 0
14000, 196248, 1, 0, 0
14000, 358158, 0, 0, 0
15000, 359507, 0, 0, 0
15001, 192836, 1, 0, 0
16000, 205968, 1, 0, 0
16000, 368064, 0, 0, 0
17000, 357110, 0, 0, 0
17000, 192691, 1, 0, 0
18000, 360647, 0, 0, 0
18000, 201594, 1, 0, 0
19000, 360353, 0, 0, 0
19000, 196111, 1, 0, 0
20000, 357814, 0, 0, 0
20000, 196255, 1, 0, 0
21000, 359916, 0, 0, 0
21000, 199051, 1, 0, 0
22000, 360416, 0, 0, 0
22000, 195579, 1, 0, 0
23000, 361011, 0, 0, 0
23000, 196845, 1, 0, 0
24000, 364268, 0, 0, 0
24000, 203291, 1, 0, 0
25000, 355872, 0, 0, 0
25000, 202600, 1, 0, 0
26000, 360591, 0, 0, 0
26000, 195221, 1, 0, 0
27000, 360047, 0, 0, 0
27000, 195031, 1, 0, 0
28000, 369380, 0, 0, 0
28000, 204312, 1, 0, 0
29000, 355941, 0, 0, 0
29000, 191735, 1, 0, 0
30000, 366708, 0, 0, 0
30000, 202009, 1, 0, 0
31000, 353811, 0, 0, 0
31000, 199157, 1, 0, 0
32000, 357452, 0, 0, 0
32000, 192709, 1, 0, 0
33000, 358964, 0, 0, 0
33000, 199052, 1, 0, 0
34000, 362622, 0, 0, 0
34000, 199858, 1, 0, 0
35000, 200497, 1, 0, 0
35000, 366544, 0, 0, 0
36000, 365763, 0, 0, 0
36000, 194247, 1, 0, 0
37000, 352710, 0, 0, 0
37000, 196060, 1, 0, 0
38000, 196801, 1, 0, 0
38000, 361525, 0, 0, 0
39000, 391956, 0, 0, 0
39000, 223114, 1, 0, 0
40000, 377876, 0, 0, 0
40000, 213448, 1, 0, 0
41000, 339430, 0, 0, 0
41000, 182252, 1, 0, 0
42000, 347083, 0, 0, 0
42000, 196381, 1, 0, 0
43000, 318020, 0, 0, 0
43000, 156308, 1, 0, 0
44000, 282227, 0, 0, 0
44000, 106275, 1, 0, 0
45000, 281221, 0, 0, 0
45000, 108100, 1, 0, 0
46000, 277378, 0, 0, 0
46000, 104414, 1, 0, 0
47000, 260958, 0, 0, 0
47000, 113451, 1, 0, 0
48000, 244731, 0, 0, 0
48000, 87838, 1, 0, 0
49000, 242803, 0, 0, 0
49000, 91215, 1, 0, 0
50000, 245497, 0, 0, 0
50000, 89401, 1, 0, 0
51000, 87377, 1, 0, 0
51000, 242875, 0, 0, 0
52000, 241546, 0, 0, 0
52000, 89727, 1, 0, 0
53000, 244509, 0, 0, 0
53000, 87588, 1, 0, 0
54000, 245927, 0, 0, 0
54000, 87181, 1, 0, 0
55000, 243729, 0, 0, 0
55000, 87714, 1, 0, 0
56000, 243595, 0, 0, 0
56001, 89508, 1, 0, 0
57000, 244544, 0, 0, 0
57000, 88170, 1, 0, 0
58000, 245039, 0, 0, 0
58000, 88381, 1, 0, 0
59000, 241673, 0, 0, 0
59000, 89036, 1, 0, 0
60000, 234665, 0, 0, 0
60000, 91773, 1, 0, 0
61000, 244396, 0, 0, 0
61000, 86875, 1, 0, 0
62000, 245206, 0, 0, 0
62000, 88965, 1, 0, 0
63000, 243953, 0, 0, 0
63000, 87044, 1, 0, 0
64000, 244378, 0, 0, 0
64000, 86852, 1, 0, 0
65000, 245797, 0, 0, 0
65000, 88680, 1, 0, 0
66000, 246726, 0, 0, 0
66000, 91845, 1, 0, 0
67000, 248404, 0, 0, 0
67000, 91759, 1, 0, 0
68000, 248988, 0, 0, 0
68000, 90283, 1, 0, 0
69000, 244321, 0, 0, 0
69000, 91698, 1, 0, 0
70000, 248945, 0, 0, 0
70000, 90649, 1, 0, 0
71000, 253396, 0, 0, 0
71000, 92729, 1, 0, 0
72000, 246489, 0, 0, 0
72000, 91782, 1, 0, 0
73000, 248972, 0, 0, 0
73000, 92326, 1, 0, 0
74000, 245746, 0, 0, 0
74000, 88944, 1, 0, 0
75000, 250057, 0, 0, 0
75000, 92218, 1, 0, 0
76000, 247444, 0, 0, 0
76000, 92588, 1, 0, 0
77000, 249587, 0, 0, 0
77000, 91649, 1, 0, 0
78000, 247637, 0, 0, 0
78000, 89727, 1, 0, 0
79000, 247090, 0, 0, 0
79000, 92824, 1, 0, 0
80000, 249268, 0, 0, 0
80000, 91382, 1, 0, 0
81000, 249834, 0, 0, 0
81000, 92149, 1, 0, 0
82000, 250843, 0, 0, 0
82000, 93182, 1, 0, 0
83000, 246853, 0, 0, 0
83000, 91540, 1, 0, 0
84000, 252226, 0, 0, 0
84000, 96089, 1, 0, 0
85000, 251726, 0, 0, 0
85000, 91374, 1, 0, 0
86000, 250645, 0, 0, 0
86000, 92997, 1, 0, 0
87000, 249690, 0, 0, 0
87000, 90592, 1, 0, 0
88000, 251913, 0, 0, 0
88000, 90969, 1, 0, 0
89000, 247063, 0, 0, 0
89000, 92671, 1, 0, 0
90000, 247810, 0, 0, 0
90000, 90317, 1, 0, 0
91000, 89573, 1, 0, 0
91000, 248793, 0, 0, 0
92000, 251428, 0, 0, 0
92000, 94795, 1, 0, 0
93000, 91511, 1, 0, 0
93000, 246303, 0, 0, 0
94000, 248405, 0, 0, 0
94000, 90358, 1, 0, 0
95000, 251152, 0, 0, 0
95000, 93301, 1, 0, 0
96000, 251361, 0, 0, 0
96000, 93865, 1, 0, 0
97000, 248574, 0, 0, 0
97000, 91258, 1, 0, 0
98000, 240173, 0, 0, 0
98000, 93758, 1, 0, 0
99000, 245864, 0, 0, 0
99000, 102413, 1, 0, 0
100000, 250438, 0, 0, 0
100000, 96955, 1, 0, 0
101000, 90725, 1, 0, 0
101000, 248584, 0, 0, 0
102000, 248011, 0, 0, 0
102000, 90410, 1, 0, 0
103000, 246521, 0, 0, 0
103000, 91938, 1, 0, 0
104000, 248167, 0, 0, 0
104000, 90147, 1, 0, 0
105000, 88373, 1, 0, 0
105000, 248276, 0, 0, 0
106000, 240862, 0, 0, 0
106000, 88439, 1, 0, 0
107000, 246454, 0, 0, 0
107000, 90845, 1, 0, 0
108000, 249298, 0, 0, 0
108000, 90249, 1, 0, 0
109000, 245374, 0, 0, 0
109000, 91086, 1, 0, 0
110000, 247633, 0, 0, 0
110000, 91557, 1, 0, 0
111000, 92279, 1, 0, 0
111000, 249019, 0, 0, 0
112000, 91831, 1, 0, 0
112000, 249224, 0, 0, 0
113000, 97312, 1, 0, 0
113000, 240184, 0, 0, 0
114000, 248718, 0, 0, 0
114000, 90806, 1, 0, 0
115000, 248693, 0, 0, 0
115000, 91081, 1, 0, 0
116000, 245252, 0, 0, 0
116000, 92400, 1, 0, 0
117000, 96553, 1, 0, 0
117000, 241017, 0, 0, 0
118000, 90945, 1, 0, 0
118000, 248558, 0, 0, 0
119000, 245038, 0, 0, 0
119000, 92039, 1, 0, 0
120000, 245499, 0, 0, 0
120000, 87525, 1, 0, 0
121000, 242853, 0, 0, 0
121000, 88831, 1, 0, 0
122000, 248140, 0, 0, 0
122000, 88145, 1, 0, 0
123000, 245479, 0, 0, 0
123000, 88148, 1, 0, 0
124000, 242207, 0, 0, 0
124000, 89465, 1, 0, 0
125000, 250012, 0, 0, 0
125000, 93388, 1, 0, 0
126000, 92425, 1, 0, 0
126000, 251029, 0, 0, 0
127000, 91818, 1, 0, 0
127000, 248851, 0, 0, 0
128000, 249516, 0, 0, 0
128000, 91205, 1, 0, 0
129000, 259201, 0, 0, 0
129000, 89420, 1, 0, 0
130000, 281787, 0, 0, 0
130000, 82555, 1, 0, 0
131000, 277772, 0, 0, 0
131000, 81355, 1, 0, 0
132000, 277919, 0, 0, 0
132000, 81917, 1, 0, 0
133000, 83108, 1, 0, 0
133000, 278214, 0, 0, 0
134000, 277661, 0, 0, 0
134000, 82597, 1, 0, 0
135000, 280218, 0, 0, 0
135000, 82005, 1, 0, 0
136000, 281438, 0, 0, 0
136000, 83046, 1, 0, 0
137000, 279402, 0, 0, 0
137000, 83212, 1, 0, 0
138000, 278392, 0, 0, 0
138000, 81135, 1, 0, 0
139000, 278335, 0, 0, 0
139000, 80681, 1, 0, 0
140000, 278173, 0, 0, 0
140000, 81041, 1, 0, 0
141000, 81818, 1, 0, 0
141000, 279105, 0, 0, 0
142000, 276920, 0, 0, 0
142000, 80915, 1, 0, 0
143000, 271886, 0, 0, 0
143000, 83900, 1, 0, 0
144000, 280784, 0, 0, 0
144000, 86758, 1, 0, 0
145000, 276797, 0, 0, 0
145000, 81414, 1, 0, 0
146000, 277430, 0, 0, 0
146000, 81736, 1, 0, 0
147000, 278246, 0, 0, 0
147000, 81670, 1, 0, 0
148000, 279559, 0, 0, 0
148000, 80472, 1, 0, 0
149000, 272169, 0, 0, 0
149000, 83233, 1, 0, 0
150000, 278409, 0, 0, 0
150000, 80517, 1, 0, 0
151000, 277461, 0, 0, 0
151000, 82525, 1, 0, 0
152000, 277909, 0, 0, 0
152000, 82515, 1, 0, 0
153000, 267243, 0, 0, 0
153000, 85626, 1, 0, 0
154000, 82538, 1, 0, 0
154000, 276185, 0, 0, 0
155000, 276214, 0, 0, 0
155000, 81671, 1, 0, 0
156000, 82144, 1, 0, 0
156000, 276644, 0, 0, 0
157000, 278481, 0, 0, 0
157000, 80458, 1, 0, 0
158000, 276598, 0, 0, 0
158000, 83184, 1, 0, 0
159000, 281568, 0, 0, 0
159000, 92257, 1, 0, 0
160000, 282180, 0, 0, 0
160000, 90815, 1, 0, 0
161000, 275870, 0, 0, 0
161000, 80922, 1, 0, 0
162000, 275951, 0, 0, 0
162000, 80408, 1, 0, 0
163000, 275335, 0, 0, 0
163000, 81211, 1, 0, 0
164000, 275954, 0, 0, 0
164000, 82346, 1, 0, 0
165000, 277029, 0, 0, 0
165000, 81730, 1, 0, 0
166000, 276838, 0, 0, 0
166000, 80770, 1, 0, 0
167000, 271564, 0, 0, 0
167000, 77938, 1, 0, 0
168000, 294915, 0, 0, 0
168000, 72434, 1, 0, 0
169000, 301019, 0, 0, 0
169000, 72730, 1, 0, 0
170000, 304134, 0, 0, 0
170000, 74592, 1, 0, 0
171000, 312730, 0, 0, 0
171000, 76285, 1, 0, 0
172000, 303929, 0, 0, 0
172000, 76448, 1, 0, 0
173000, 286635, 0, 0, 0
173000, 78725, 1, 0, 0
174000, 80832, 1, 0, 0
174000, 273489, 0, 0, 0
175000, 83624, 1, 0, 0
175000, 276358, 0, 0, 0
176000, 277306, 0, 0, 0
176000, 89996, 1, 0, 0
177000, 269033, 0, 0, 0
177000, 77236, 1, 0, 0
178000, 267893, 0, 0, 0
178000, 79491, 1, 0, 0
179000, 269212, 0, 0, 0
179000, 78803, 1, 0, 0
180000, 267810, 0, 0, 0
180000, 470718, 0, 0, 0
180000, 77654, 1, 0, 0
