1002, 200339, 0, 0, 0
1002, 22463, 1, 0, 0
2002, 179919, 0, 0, 0
2002, 19583, 1, 0, 0
3007, 160792, 0, 0, 0
3007, 17603, 1, 0, 0
4006, 170842, 0, 0, 0
4006, 18922, 1, 0, 0
5032, 115910, 0, 0, 0
5032, 13217, 1, 0, 0
6032, 127552, 0, 0, 0
6032, 13944, 1, 0, 0
7033, 115884, 0, 0, 0
7033, 13338, 1, 0, 0
8034, 114973, 0, 0, 0
8034, 12567, 1, 0, 0
9035, 116707, 0, 0, 0
9035, 13362, 1, 0, 0
10036, 118236, 0, 0, 0
10036, 13440, 1, 0, 0
11036, 110760, 0, 0, 0
11036, 12320, 1, 0, 0
12037, 108508, 0, 0, 0
12037, 11980, 1, 0, 0
13038, 112500, 0, 0, 0
13038, 12876, 1, 0, 0
14038, 116164, 0, 0, 0
14038, 13004, 1, 0, 0
15039, 114260, 0, 0, 0
15039, 13020, 1, 0, 0
16039, 116076, 0, 0, 0
16039, 12684, 1, 0, 0
17040, 116295, 0, 0, 0
17040, 13326, 1, 0, 0
18041, 115316, 0, 0, 0
18041, 12659, 1, 0, 0
19041, 115644, 0, 0, 0
19041, 12840, 1, 0, 0
20042, 114784, 0, 0, 0
20042, 12640, 1, 0, 0
21042, 115624, 0, 0, 0
21042, 12840, 1, 0, 0
22043, 114741, 0, 0, 0
22043, 12931, 1, 0, 0
23044, 114717, 0, 0, 0
23044, 12487, 1, 0, 0
24044, 113456, 0, 0, 0
24044, 12716, 1, 0, 0
25045, 114513, 0, 0, 0
25045, 12667, 1, 0, 0
26046, 115140, 0, 0, 0
26046, 12672, 1, 0, 0
27046, 112252, 0, 0, 0
27046, 12424, 1, 0, 0
28046, 114960, 0, 0, 0
28046, 13112, 1, 0, 0
29046, 113548, 0, 0, 0
29046, 12548, 1, 0, 0
30047, 115580, 0, 0, 0
30047, 12615, 1, 0, 0
31048, 112708, 0, 0, 0
31048, 12432, 1, 0, 0
32048, 103352, 0, 0, 0
32048, 11384, 1, 0, 0
33048, 115324, 0, 0, 0
33048, 12788, 1, 0, 0
34048, 117012, 0, 0, 0
34048, 13188, 1, 0, 0
35049, 115724, 0, 0, 0
35049, 12856, 1, 0, 0
36050, 117150, 0, 0, 0
36050, 12659, 1, 0, 0
37051, 124095, 0, 0, 0
37051, 14065, 1, 0, 0
38052, 115872, 0, 0, 0
38052, 12764, 1, 0, 0
39052, 137492, 0, 0, 0
39052, 15536, 1, 0, 0
40053, 173278, 0, 0, 0
40053, 18849, 1, 0, 0
41053, 192564, 0, 0, 0
41053, 21280, 1, 0, 0
42054, 202837, 0, 0, 0
42054, 22633, 1, 0, 0
43054, 203072, 0, 0, 0
43054, 22156, 1, 0, 0
44054, 204728, 0, 0, 0
44054, 22716, 1, 0, 0
45055, 204852, 0, 0, 0
45055, 22780, 1, 0, 0
46055, 204612, 0, 0, 0
46055, 23012, 1, 0, 0
47056, 203776, 0, 0, 0
47056, 22780, 1, 0, 0
48056, 208060, 0, 0, 0
48056, 22788, 1, 0, 0
49057, 207468, 0, 0, 0
49057, 23356, 1, 0, 0
50058, 190925, 0, 0, 0
50058, 21826, 1, 0, 0
51059, 207032, 0, 0, 0
51059, 23012, 1, 0, 0
52060, 206328, 0, 0, 0
52060, 22944, 1, 0, 0
53060, 203024, 0, 0, 0
53060, 22800, 1, 0, 0
54060, 203420, 0, 0, 0
54060, 22808, 1, 0, 0
55061, 203240, 0, 0, 0
55061, 22608, 1, 0, 0
56062, 205986, 0, 0, 0
56062, 23292, 1, 0, 0
57062, 206596, 0, 0, 0
57062, 22444, 1, 0, 0
58062, 203296, 0, 0, 0
58062, 22568, 1, 0, 0
59063, 206068, 0, 0, 0
59063, 22668, 1, 0, 0
60063, 206420, 0, 0, 0
60063, 23204, 1, 0, 0
61063, 205716, 0, 0, 0
61063, 22648, 1, 0, 0
62063, 205880, 0, 0, 0
62063, 22880, 1, 0, 0
63063, 202020, 0, 0, 0
63063, 22120, 1, 0, 0
64063, 204864, 0, 0, 0
64063, 22724, 1, 0, 0
65063, 203384, 0, 0, 0
65063, 22704, 1, 0, 0
66064, 205382, 0, 0, 0
66064, 23124, 1, 0, 0
67065, 205302, 0, 0, 0
67065, 23060, 1, 0, 0
68066, 205342, 0, 0, 0
68066, 22349, 1, 0, 0
69067, 205852, 0, 0, 0
69067, 22960, 1, 0, 0
70067, 204960, 0, 0, 0
70067, 22992, 1, 0, 0
71068, 202956, 0, 0, 0
71068, 22732, 1, 0, 0
72068, 205368, 0, 0, 0
72068, 23148, 1, 0, 0
73068, 215096, 0, 0, 0
73068, 23800, 1, 0, 0
74068, 214104, 0, 0, 0
74068, 23556, 1, 0, 0
75069, 215472, 0, 0, 0
75069, 23828, 1, 0, 0
76069, 212432, 0, 0, 0
76069, 23120, 1, 0, 0
77070, 210500, 0, 0, 0
77070, 23008, 1, 0, 0
78070, 211548, 0, 0, 0
78070, 23984, 1, 0, 0
79070, 212988, 0, 0, 0
79070, 23564, 1, 0, 0
80070, 215384, 0, 0, 0
80070, 23432, 1, 0, 0
81070, 216440, 0, 0, 0
81070, 23932, 1, 0, 0
82070, 213132, 0, 0, 0
82070, 23912, 1, 0, 0
83071, 214280, 0, 0, 0
83071, 23636, 1, 0, 0
84071, 212752, 0, 0, 0
84071, 24140, 1, 0, 0
85073, 211528, 0, 0, 0
85073, 23336, 1, 0, 0
86073, 212964, 0, 0, 0
86073, 23532, 1, 0, 0
87073, 211592, 0, 0, 0
87073, 23428, 1, 0, 0
88074, 212191, 0, 0, 0
88074, 23664, 1, 0, 0
89075, 213144, 0, 0, 0
89075, 24192, 1, 0, 0
90076, 213046, 0, 0, 0
90076, 23732, 1, 0, 0
91077, 213370, 0, 0, 0
91077, 24031, 1, 0, 0
92078, 212151, 0, 0, 0
92078, 23700, 1, 0, 0
93078, 211920, 0, 0, 0
93078, 23532, 1, 0, 0
94079, 210464, 0, 0, 0
94079, 23788, 1, 0, 0
95080, 210360, 0, 0, 0
95080, 23728, 1, 0, 0
96080, 215020, 0, 0, 0
96080, 23556, 1, 0, 0
97081, 212647, 0, 0, 0
97081, 23676, 1, 0, 0
98082, 212799, 0, 0, 0
98082, 23408, 1, 0, 0
99083, 214741, 0, 0, 0
99083, 23988, 1, 0, 0
100084, 208063, 0, 0, 0
100084, 22621, 1, 0, 0
101085, 204383, 0, 0, 0
101085, 22545, 1, 0, 0
102086, 215536, 0, 0, 0
102086, 24043, 1, 0, 0
103087, 211636, 0, 0, 0
103087, 23300, 1, 0, 0
104087, 213572, 0, 0, 0
104087, 23316, 1, 0, 0
105087, 214900, 0, 0, 0
105087, 24044, 1, 0, 0
106088, 209724, 0, 0, 0
106088, 23404, 1, 0, 0
107088, 207992, 0, 0, 0
107088, 23336, 1, 0, 0
108089, 213702, 0, 0, 0
108089, 23868, 1, 0, 0
109089, 215456, 0, 0, 0
109089, 24068, 1, 0, 0
110090, 214253, 0, 0, 0
110090, 23308, 1, 0, 0
111091, 212764, 0, 0, 0
111091, 23408, 1, 0, 0
112091, 211380, 0, 0, 0
112091, 23820, 1, 0, 0
113092, 213936, 0, 0, 0
113092, 23924, 1, 0, 0
114092, 215404, 0, 0, 0
114092, 24292, 1, 0, 0
115092, 215396, 0, 0, 0
115092, 24020, 1, 0, 0
116093, 214380, 0, 0, 0
116093, 24056, 1, 0, 0
117093, 211812, 0, 0, 0
117093, 24008, 1, 0, 0
118093, 216244, 0, 0, 0
118093, 24192, 1, 0, 0
119094, 214444, 0, 0, 0
119094, 23852, 1, 0, 0
120095, 212188, 0, 0, 0
120095, 23556, 1, 0, 0
121096, 212332, 0, 0, 0
121096, 23320, 1, 0, 0
122097, 206513, 0, 0, 0
122097, 23460, 1, 0, 0
123097, 204916, 0, 0, 0
123097, 22616, 1, 0, 0
124098, 204996, 0, 0, 0
124098, 22584, 1, 0, 0
125098, 204180, 0, 0, 0
125098, 22796, 1, 0, 0
126098, 205100, 0, 0, 0
126098, 22880, 1, 0, 0
127098, 203520, 0, 0, 0
127098, 22040, 1, 0, 0
128099, 205288, 0, 0, 0
128099, 22964, 1, 0, 0
129100, 202972, 0, 0, 0
129100, 22584, 1, 0, 0
130101, 204799, 0, 0, 0
130101, 22929, 1, 0, 0
131101, 205792, 0, 0, 0
131101, 22992, 1, 0, 0
132101, 203852, 0, 0, 0
132101, 22236, 1, 0, 0
133102, 205512, 0, 0, 0
133102, 22600, 1, 0, 0
134102, 204664, 0, 0, 0
134102, 22576, 1, 0, 0
135103, 205474, 0, 0, 0
135103, 23088, 1, 0, 0
136103, 205152, 0, 0, 0
136103, 22168, 1, 0, 0
137104, 206008, 0, 0, 0
137104, 22920, 1, 0, 0
138104, 206116, 0, 0, 0
138104, 22728, 1, 0, 0
139106, 205486, 0, 0, 0
139106, 22629, 1, 0, 0
140106, 201748, 0, 0, 0
140106, 22316, 1, 0, 0
141106, 203820, 0, 0, 0
141106, 22528, 1, 0, 0
142106, 203928, 0, 0, 0
142106, 22684, 1, 0, 0
143106, 204540, 0, 0, 0
143106, 22704, 1, 0, 0
144107, 203176, 0, 0, 0
144107, 22377, 1, 0, 0
145108, 190996, 0, 0, 0
145108, 21412, 1, 0, 0
146109, 193422, 0, 0, 0
146109, 21678, 1, 0, 0
147110, 193408, 0, 0, 0
147110, 21768, 1, 0, 0
148110, 192584, 0, 0, 0
148110, 21132, 1, 0, 0
149110, 191924, 0, 0, 0
149110, 21376, 1, 0, 0
150111, 193034, 0, 0, 0
150111, 21598, 1, 0, 0
151111, 193116, 0, 0, 0
151111, 21504, 1, 0, 0
152112, 192812, 0, 0, 0
152112, 21164, 1, 0, 0
153112, 192932, 0, 0, 0
153112, 21360, 1, 0, 0
154112, 193684, 0, 0, 0
154112, 21940, 1, 0, 0
155113, 193306, 0, 0, 0
155113, 21086, 1, 0, 0
156114, 193046, 0, 0, 0
156114, 21646, 1, 0, 0
157115, 192747, 0, 0, 0
157115, 20979, 1, 0, 0
158116, 193928, 0, 0, 0
158116, 21404, 1, 0, 0
159117, 194140, 0, 0, 0
159117, 21188, 1, 0, 0
160118, 169758, 0, 0, 0
160118, 18625, 1, 0, 0
161118, 152620, 0, 0, 0
161118, 17320, 1, 0, 0
162119, 171220, 0, 0, 0
162119, 19160, 1, 0, 0
163119, 167016, 0, 0, 0
163119, 18616, 1, 0, 0
164119, 174072, 0, 0, 0
164119, 19428, 1, 0, 0
165120, 190668, 0, 0, 0
165120, 20640, 1, 0, 0
166120, 203308, 0, 0, 0
166120, 22768, 1, 0, 0
167120, 206412, 0, 0, 0
167120, 23340, 1, 0, 0
168120, 207864, 0, 0, 0
168120, 23048, 1, 0, 0
169120, 192416, 0, 0, 0
169120, 21548, 1, 0, 0
170120, 201804, 0, 0, 0
170120, 22356, 1, 0, 0
171121, 202012, 0, 0, 0
171121, 22024, 1, 0, 0
172122, 203644, 0, 0, 0
172122, 22889, 1, 0, 0
173123, 198476, 0, 0, 0
173123, 22188, 1, 0, 0
174123, 204860, 0, 0, 0
174123, 22176, 1, 0, 0
175123, 204072, 0, 0, 0
175123, 22232, 1, 0, 0
176124, 203528, 0, 0, 0
176124, 23076, 1, 0, 0
177125, 203628, 0, 0, 0
177125, 22492, 1, 0, 0
178126, 204067, 0, 0, 0
178126, 22425, 1, 0, 0
179127, 203016, 0, 0, 0
179127, 22648, 1, 0, 0
180127, 177584, 0, 0, 0
180127, 19572, 1, 0, 0
