1002, 132622, 0, 0, 0
1002, 56790, 1, 0, 0
2001, 119058, 0, 0, 0
2001, 50392, 1, 0, 0
3008, 109541, 0, 0, 0
3008, 47169, 1, 0, 0
4008, 108196, 0, 0, 0
4008, 46216, 1, 0, 0
5009, 82920, 0, 0, 0
5009, 35660, 1, 0, 0
6011, 86574, 0, 0, 0
6011, 37241, 1, 0, 0
7024, 76138, 0, 0, 0
7024, 33472, 1, 0, 0
8025, 94121, 0, 0, 0
8025, 40743, 1, 0, 0
9025, 101296, 0, 0, 0
9025, 43464, 1, 0, 0
10025, 99948, 0, 0, 0
10025, 42508, 1, 0, 0
11026, 99316, 0, 0, 0
11026, 43112, 1, 0, 0
12027, 87336, 0, 0, 0
12027, 37206, 1, 0, 0
13027, 80180, 0, 0, 0
13027, 34412, 1, 0, 0
14028, 80968, 0, 0, 0
14028, 35324, 1, 0, 0
15028, 80684, 0, 0, 0
15028, 34872, 1, 0, 0
16028, 80456, 0, 0, 0
16028, 34832, 1, 0, 0
17029, 82448, 0, 0, 0
17029, 34940, 1, 0, 0
18030, 81274, 0, 0, 0
18030, 34473, 1, 0, 0
19031, 80883, 0, 0, 0
19031, 34361, 1, 0, 0
20031, 79812, 0, 0, 0
20031, 33636, 1, 0, 0
21032, 79144, 0, 0, 0
21032, 34052, 1, 0, 0
22032, 80352, 0, 0, 0
22032, 34736, 1, 0, 0
23033, 80879, 0, 0, 0
23033, 34933, 1, 0, 0
24033, 81076, 0, 0, 0
24033, 35084, 1, 0, 0
25034, 78836, 0, 0, 0
25034, 34328, 1, 0, 0
26034, 80152, 0, 0, 0
26034, 34860, 1, 0, 0
27034, 79672, 0, 0, 0
27034, 33720, 1, 0, 0
28034, 79356, 0, 0, 0
28034, 33812, 1, 0, 0
29035, 80460, 0, 0, 0
29035, 33472, 1, 0, 0
30036, 81088, 0, 0, 0
30036, 34660, 1, 0, 0
31036, 79712, 0, 0, 0
31036, 34020, 1, 0, 0
32037, 80160, 0, 0, 0
32037, 34652, 1, 0, 0
33037, 81368, 0, 0, 0
33037, 34184, 1, 0, 0
34038, 80287, 0, 0, 0
34038, 34633, 1, 0, 0
35039, 80223, 0, 0, 0
35039, 34225, 1, 0, 0
36039, 81520, 0, 0, 0
36039, 34668, 1, 0, 0
37040, 80188, 0, 0, 0
37040, 34592, 1, 0, 0
38040, 87212, 0, 0, 0
38040, 37248, 1, 0, 0
39041, 79528, 0, 0, 0
39041, 34016, 1, 0, 0
40041, 91808, 0, 0, 0
40041, 39028, 1, 0, 0
41042, 117714, 0, 0, 0
41042, 52007, 1, 0, 0
42043, 119216, 0, 0, 0
42043, 50952, 1, 0, 0
43044, 119560, 0, 0, 0
43044, 51128, 1, 0, 0
44045, 131012, 0, 0, 0
44045, 55192, 1, 0, 0
45046, 142561, 0, 0, 0
45046, 61258, 1, 0, 0
46046, 143092, 0, 0, 0
46046, 61232, 1, 0, 0
47047, 143876, 0, 0, 0
47047, 61426, 1, 0, 0
48048, 144692, 0, 0, 0
48048, 62348, 1, 0, 0
49049, 140664, 0, 0, 0
49049, 60652, 1, 0, 0
50050, 143036, 0, 0, 0
50050, 60932, 1, 0, 0
51050, 145256, 0, 0, 0
51050, 62132, 1, 0, 0
52051, 142624, 0, 0, 0
52051, 61012, 1, 0, 0
53052, 140536, 0, 0, 0
53052, 61776, 1, 0, 0
54053, 143248, 0, 0, 0
54053, 61568, 1, 0, 0
55053, 140536, 0, 0, 0
55053, 60684, 1, 0, 0
56054, 145516, 0, 0, 0
56054, 61096, 1, 0, 0
57054, 143468, 0, 0, 0
57054, 61408, 1, 0, 0
58056, 141174, 0, 0, 0
58056, 61666, 1, 0, 0
59056, 142952, 0, 0, 0
59056, 61588, 1, 0, 0
60057, 142528, 0, 0, 0
60057, 60776, 1, 0, 0
61057, 145116, 0, 0, 0
61057, 62488, 1, 0, 0
62058, 142761, 0, 0, 0
62058, 60555, 1, 0, 0
63059, 142052, 0, 0, 0
63059, 60736, 1, 0, 0
64060, 145180, 0, 0, 0
64060, 62028, 1, 0, 0
65061, 144000, 0, 0, 0
65061, 61750, 1, 0, 0
66061, 141896, 0, 0, 0
66061, 61116, 1, 0, 0
67061, 140148, 0, 0, 0
67061, 59324, 1, 0, 0
68062, 143468, 0, 0, 0
68062, 61364, 1, 0, 0
69062, 143016, 0, 0, 0
69062, 60912, 1, 0, 0
70063, 140780, 0, 0, 0
70063, 60504, 1, 0, 0
71064, 143712, 0, 0, 0
71064, 61380, 1, 0, 0
72064, 143484, 0, 0, 0
72064, 61380, 1, 0, 0
73065, 143732, 0, 0, 0
73065, 62445, 1, 0, 0
74066, 146648, 0, 0, 0
74066, 62860, 1, 0, 0
75066, 141652, 0, 0, 0
75066, 60372, 1, 0, 0
76066, 141636, 0, 0, 0
76066, 60964, 1, 0, 0
77067, 144032, 0, 0, 0
77067, 62364, 1, 0, 0
78069, 143932, 0, 0, 0
78069, 62213, 1, 0, 0
79069, 144596, 0, 0, 0
79069, 62636, 1, 0, 0
80070, 145690, 0, 0, 0
80070, 61498, 1, 0, 0
81071, 145192, 0, 0, 0
81071, 61860, 1, 0, 0
82072, 146045, 0, 0, 0
82072, 62817, 1, 0, 0
83072, 144840, 0, 0, 0
83072, 62352, 1, 0, 0
84074, 142389, 0, 0, 0
84074, 60023, 1, 0, 0
85075, 144835, 0, 0, 0
85075, 62665, 1, 0, 0
86076, 147068, 0, 0, 0
86076, 62692, 1, 0, 0
87077, 144732, 0, 0, 0
87077, 62476, 1, 0, 0
88078, 143648, 0, 0, 0
88078, 61222, 1, 0, 0
89079, 146553, 0, 0, 0
89079, 62293, 1, 0, 0
90080, 144336, 0, 0, 0
90080, 61924, 1, 0, 0
91081, 143776, 0, 0, 0
91081, 60540, 1, 0, 0
92081, 130172, 0, 0, 0
92081, 55496, 1, 0, 0
93082, 119368, 0, 0, 0
93082, 52180, 1, 0, 0
94083, 123400, 0, 0, 0
94083, 52716, 1, 0, 0
95084, 120872, 0, 0, 0
95084, 51720, 1, 0, 0
96085, 138709, 0, 0, 0
96085, 57306, 1, 0, 0
97086, 143532, 0, 0, 0
97086, 62016, 1, 0, 0
98087, 144931, 0, 0, 0
98087, 61990, 1, 0, 0
99087, 141684, 0, 0, 0
99087, 61796, 1, 0, 0
100088, 134272, 0, 0, 0
100088, 57168, 1, 0, 0
101089, 143236, 0, 0, 0
101089, 62316, 1, 0, 0
102090, 145404, 0, 0, 0
102090, 63060, 1, 0, 0
103091, 145060, 0, 0, 0
103091, 61752, 1, 0, 0
104092, 145910, 0, 0, 0
104092, 62181, 1, 0, 0
105092, 141864, 0, 0, 0
105092, 61944, 1, 0, 0
106093, 145364, 0, 0, 0
106093, 62504, 1, 0, 0
107093, 145796, 0, 0, 0
107093, 62272, 1, 0, 0
108095, 143860, 0, 0, 0
108095, 61546, 1, 0, 0
109096, 144143, 0, 0, 0
109096, 62325, 1, 0, 0
110097, 144503, 0, 0, 0
110097, 61622, 1, 0, 0
111098, 145500, 0, 0, 0
111098, 61496, 1, 0, 0
112098, 142640, 0, 0, 0
112098, 61744, 1, 0, 0
113098, 141852, 0, 0, 0
113098, 61240, 1, 0, 0
114099, 145446, 0, 0, 0
114099, 62377, 1, 0, 0
115100, 143512, 0, 0, 0
115100, 61586, 1, 0, 0
116101, 132000, 0, 0, 0
116101, 55908, 1, 0, 0
117102, 120508, 0, 0, 0
117102, 51556, 1, 0, 0
118103, 120999, 0, 0, 0
118103, 52059, 1, 0, 0
119104, 121596, 0, 0, 0
119104, 52852, 1, 0, 0
120105, 135492, 0, 0, 0
120105, 58345, 1, 0, 0
121106, 147532, 0, 0, 0
121106, 62720, 1, 0, 0
122106, 145600, 0, 0, 0
122106, 62088, 1, 0, 0
123106, 145068, 0, 0, 0
123106, 62268, 1, 0, 0
124107, 142592, 0, 0, 0
124107, 61068, 1, 0, 0
125107, 145696, 0, 0, 0
125107, 62260, 1, 0, 0
126108, 145950, 0, 0, 0
126108, 62681, 1, 0, 0
127109, 145752, 0, 0, 0
127109, 63316, 1, 0, 0
128110, 129174, 0, 0, 0
128110, 56495, 1, 0, 0
129111, 119232, 0, 0, 0
129111, 50872, 1, 0, 0
130113, 119812, 0, 0, 0
130113, 51312, 1, 0, 0
131113, 119736, 0, 0, 0
131113, 52088, 1, 0, 0
132115, 133970, 0, 0, 0
132115, 58105, 1, 0, 0
133115, 145504, 0, 0, 0
133115, 62504, 1, 0, 0
134115, 145872, 0, 0, 0
134115, 61732, 1, 0, 0
135115, 144748, 0, 0, 0
135115, 62404, 1, 0, 0
136117, 145418, 0, 0, 0
136117, 62437, 1, 0, 0
137117, 143416, 0, 0, 0
137117, 61988, 1, 0, 0
138117, 141748, 0, 0, 0
138117, 61000, 1, 0, 0
139118, 142849, 0, 0, 0
139118, 61106, 1, 0, 0
140118, 130500, 0, 0, 0
140118, 55832, 1, 0, 0
141120, 122053, 0, 0, 0
141120, 52423, 1, 0, 0
142121, 121898, 0, 0, 0
142121, 52427, 1, 0, 0
143121, 122112, 0, 0, 0
143121, 52712, 1, 0, 0
144122, 130708, 0, 0, 0
144122, 55256, 1, 0, 0
145122, 142652, 0, 0, 0
145122, 59976, 1, 0, 0
146123, 141296, 0, 0, 0
146123, 61220, 1, 0, 0
147124, 140403, 0, 0, 0
147124, 59792, 1, 0, 0
148124, 128148, 0, 0, 0
148124, 55708, 1, 0, 0
149125, 118872, 0, 0, 0
149125, 50164, 1, 0, 0
150126, 122816, 0, 0, 0
150126, 52008, 1, 0, 0
151127, 120012, 0, 0, 0
151127, 51232, 1, 0, 0
152127, 123052, 0, 0, 0
152127, 52044, 1, 0, 0
153128, 134116, 0, 0, 0
153128, 57936, 1, 0, 0
154129, 141204, 0, 0, 0
154129, 61300, 1, 0, 0
155129, 141784, 0, 0, 0
155129, 60836, 1, 0, 0
156130, 128368, 0, 0, 0
156130, 55348, 1, 0, 0
157131, 120143, 0, 0, 0
157131, 52007, 1, 0, 0
158131, 118724, 0, 0, 0
158131, 50012, 1, 0, 0
159132, 118801, 0, 0, 0
159132, 50569, 1, 0, 0
160133, 128912, 0, 0, 0
160133, 53844, 1, 0, 0
161134, 135308, 0, 0, 0
161134, 58080, 1, 0, 0
162135, 141836, 0, 0, 0
162135, 61500, 1, 0, 0
163136, 142401, 0, 0, 0
163136, 60759, 1, 0, 0
164137, 143484, 0, 0, 0
164137, 61326, 1, 0, 0
165137, 141164, 0, 0, 0
165137, 61908, 1, 0, 0
166137, 141812, 0, 0, 0
166137, 61348, 1, 0, 0
167138, 141222, 0, 0, 0
167138, 60067, 1, 0, 0
168138, 134084, 0, 0, 0
168138, 57388, 1, 0, 0
169139, 138984, 0, 0, 0
169139, 59156, 1, 0, 0
170140, 140055, 0, 0, 0
170140, 59944, 1, 0, 0
171141, 138876, 0, 0, 0
171141, 59468, 1, 0, 0
172141, 129496, 0, 0, 0
172141, 55664, 1, 0, 0
173142, 120688, 0, 0, 0
173142, 50880, 1, 0, 0
174143, 119624, 0, 0, 0
174143, 50764, 1, 0, 0
175144, 118989, 0, 0, 0
175144, 51504, 1, 0, 0
176145, 130249, 0, 0, 0
176145, 55636, 1, 0, 0
177146, 138552, 0, 0, 0
177146, 58708, 1, 0, 0
178146, 141248, 0, 0, 0
178146, 60604, 1, 0, 0
179147, 142676, 0, 0, 0
179147, 60064, 1, 0, 0
180148, 121046, 0, 0, 0
180148, 51456, 1, 0, 0
