1001, 180483, 0, 0, 0
1001, 20287, 1, 0, 0
2001, 158204, 0, 0, 0
2001, 17012, 1, 0, 0
3008, 145259, 0, 0, 0
3008, 15976, 1, 0, 0
4009, 141196, 0, 0, 0
4009, 15800, 1, 0, 0
5009, 112664, 0, 0, 0
5009, 12652, 1, 0, 0
6008, 118901, 0, 0, 0
6008, 13070, 1, 0, 0
7028, 112070, 0, 0, 0
7028, 12470, 1, 0, 0
8029, 112364, 0, 0, 0
8029, 12944, 1, 0, 0
9029, 111708, 0, 0, 0
9029, 12244, 1, 0, 0
10030, 111552, 0, 0, 0
10030, 12740, 1, 0, 0
11030, 110768, 0, 0, 0
11030, 12608, 1, 0, 0
12031, 110028, 0, 0, 0
12031, 12216, 1, 0, 0
13031, 111384, 0, 0, 0
13031, 12256, 1, 0, 0
14032, 111432, 0, 0, 0
14032, 12723, 1, 0, 0
15032, 112256, 0, 0, 0
15032, 12608, 1, 0, 0
16033, 106904, 0, 0, 0
16033, 12372, 1, 0, 0
17033, 112044, 0, 0, 0
17033, 12208, 1, 0, 0
18034, 109602, 0, 0, 0
18034, 12379, 1, 0, 0
19034, 110296, 0, 0, 0
19034, 12300, 1, 0, 0
20035, 111968, 0, 0, 0
20035, 12299, 1, 0, 0
21036, 110388, 0, 0, 0
21036, 12104, 1, 0, 0
22037, 110649, 0, 0, 0
22037, 12323, 1, 0, 0
23037, 110948, 0, 0, 0
23037, 12220, 1, 0, 0
24037, 109204, 0, 0, 0
24037, 12272, 1, 0, 0
25037, 111384, 0, 0, 0
25037, 12292, 1, 0, 0
26039, 109926, 0, 0, 0
26039, 12327, 1, 0, 0
27039, 112040, 0, 0, 0
27039, 12272, 1, 0, 0
28040, 107488, 0, 0, 0
28040, 11916, 1, 0, 0
29040, 112960, 0, 0, 0
29040, 12644, 1, 0, 0
30040, 108236, 0, 0, 0
30040, 12196, 1, 0, 0
31041, 110964, 0, 0, 0
31041, 12436, 1, 0, 0
32042, 111872, 0, 0, 0
32042, 12023, 1, 0, 0
33042, 111488, 0, 0, 0
33042, 12264, 1, 0, 0
34043, 109784, 0, 0, 0
34043, 12288, 1, 0, 0
35043, 109076, 0, 0, 0
35043, 12048, 1, 0, 0
36043, 110616, 0, 0, 0
36043, 12492, 1, 0, 0
37044, 112732, 0, 0, 0
37044, 12400, 1, 0, 0
38044, 110820, 0, 0, 0
38044, 12180, 1, 0, 0
39045, 99504, 0, 0, 0
39045, 11156, 1, 0, 0
40045, 104240, 0, 0, 0
40045, 11652, 1, 0, 0
41045, 119272, 0, 0, 0
41045, 13360, 1, 0, 0
42045, 113740, 0, 0, 0
42045, 12496, 1, 0, 0
43046, 136339, 0, 0, 0
43046, 14877, 1, 0, 0
44046, 168628, 0, 0, 0
44046, 18628, 1, 0, 0
45047, 167868, 0, 0, 0
45047, 18952, 1, 0, 0
46047, 171932, 0, 0, 0
46047, 18488, 1, 0, 0
47048, 175624, 0, 0, 0
47048, 19660, 1, 0, 0
48049, 201396, 0, 0, 0
48049, 22312, 1, 0, 0
49049, 200324, 0, 0, 0
49049, 22600, 1, 0, 0
50050, 199604, 0, 0, 0
50050, 22380, 1, 0, 0
51050, 203184, 0, 0, 0
51050, 21988, 1, 0, 0
52051, 201946, 0, 0, 0
52051, 22757, 1, 0, 0
53052, 201286, 0, 0, 0
53052, 22745, 1, 0, 0
54053, 201060, 0, 0, 0
54053, 22648, 1, 0, 0
55053, 202692, 0, 0, 0
55053, 22516, 1, 0, 0
56054, 201096, 0, 0, 0
56054, 22304, 1, 0, 0
57054, 201740, 0, 0, 0
57054, 22660, 1, 0, 0
58055, 201116, 0, 0, 0
58055, 22364, 1, 0, 0
59056, 202785, 0, 0, 0
59056, 22953, 1, 0, 0
60057, 205210, 0, 0, 0
60057, 23084, 1, 0, 0
61057, 202672, 0, 0, 0
61057, 22192, 1, 0, 0
62058, 200208, 0, 0, 0
62058, 22096, 1, 0, 0
63058, 202812, 0, 0, 0
63058, 22028, 1, 0, 0
64058, 201980, 0, 0, 0
64058, 22772, 1, 0, 0
65058, 199612, 0, 0, 0
65058, 22032, 1, 0, 0
66059, 199852, 0, 0, 0
66059, 22197, 1, 0, 0
67059, 200552, 0, 0, 0
67059, 21932, 1, 0, 0
68060, 200067, 0, 0, 0
68060, 22533, 1, 0, 0
69061, 202636, 0, 0, 0
69061, 22476, 1, 0, 0
70061, 198348, 0, 0, 0
70061, 22468, 1, 0, 0
71062, 198624, 0, 0, 0
71062, 21956, 1, 0, 0
72062, 201400, 0, 0, 0
72062, 21984, 1, 0, 0
73063, 199128, 0, 0, 0
73063, 22308, 1, 0, 0
74064, 201552, 0, 0, 0
74064, 22784, 1, 0, 0
75064, 198840, 0, 0, 0
75064, 22164, 1, 0, 0
76065, 199684, 0, 0, 0
76065, 22420, 1, 0, 0
77066, 199236, 0, 0, 0
77066, 22004, 1, 0, 0
78066, 200484, 0, 0, 0
78066, 21936, 1, 0, 0
79067, 199576, 0, 0, 0
79067, 22092, 1, 0, 0
80068, 199240, 0, 0, 0
80068, 21910, 1, 0, 0
81068, 198904, 0, 0, 0
81068, 21608, 1, 0, 0
82069, 197568, 0, 0, 0
82069, 22316, 1, 0, 0
83069, 200440, 0, 0, 0
83069, 22124, 1, 0, 0
84069, 193944, 0, 0, 0
84069, 21472, 1, 0, 0
85070, 196088, 0, 0, 0
85070, 21612, 1, 0, 0
86070, 199020, 0, 0, 0
86070, 22136, 1, 0, 0
87070, 199360, 0, 0, 0
87070, 22292, 1, 0, 0
88070, 198308, 0, 0, 0
88070, 21692, 1, 0, 0
89071, 199016, 0, 0, 0
89071, 22708, 1, 0, 0
90072, 200051, 0, 0, 0
90072, 21934, 1, 0, 0
91073, 199856, 0, 0, 0
91073, 22200, 1, 0, 0
92073, 196276, 0, 0, 0
92073, 21632, 1, 0, 0
93073, 201656, 0, 0, 0
93073, 22452, 1, 0, 0
94074, 199052, 0, 0, 0
94074, 22596, 1, 0, 0
95075, 196091, 0, 0, 0
95075, 22001, 1, 0, 0
96076, 197346, 0, 0, 0
96076, 22213, 1, 0, 0
97077, 200195, 0, 0, 0
97077, 22501, 1, 0, 0
98078, 202997, 0, 0, 0
98078, 22325, 1, 0, 0
99078, 191540, 0, 0, 0
99078, 21524, 1, 0, 0
100079, 195504, 0, 0, 0
100079, 22276, 1, 0, 0
101081, 200211, 0, 0, 0
101081, 22045, 1, 0, 0
102081, 200620, 0, 0, 0
102081, 22240, 1, 0, 0
103082, 200551, 0, 0, 0
103082, 22429, 1, 0, 0
104082, 200576, 0, 0, 0
104082, 22072, 1, 0, 0
105082, 199664, 0, 0, 0
105082, 21992, 1, 0, 0
106083, 203452, 0, 0, 0
106083, 22472, 1, 0, 0
107084, 201804, 0, 0, 0
107084, 21912, 1, 0, 0
108084, 199868, 0, 0, 0
108084, 22424, 1, 0, 0
109085, 201656, 0, 0, 0
109085, 22164, 1, 0, 0
110085, 199912, 0, 0, 0
110085, 21808, 1, 0, 0
111086, 199596, 0, 0, 0
111086, 22269, 1, 0, 0
112087, 199584, 0, 0, 0
112087, 22488, 1, 0, 0
113088, 199712, 0, 0, 0
113088, 22169, 1, 0, 0
114089, 199840, 0, 0, 0
114089, 22401, 1, 0, 0
115089, 200108, 0, 0, 0
115089, 22224, 1, 0, 0
116089, 200740, 0, 0, 0
116089, 22268, 1, 0, 0
117090, 202052, 0, 0, 0
117090, 21776, 1, 0, 0
118090, 199924, 0, 0, 0
118090, 22388, 1, 0, 0
119091, 200771, 0, 0, 0
119091, 22701, 1, 0, 0
120091, 200836, 0, 0, 0
120091, 22476, 1, 0, 0
121092, 199620, 0, 0, 0
121092, 22560, 1, 0, 0
122093, 201266, 0, 0, 0
122093, 22273, 1, 0, 0
123094, 200288, 0, 0, 0
123094, 22504, 1, 0, 0
124094, 201768, 0, 0, 0
124094, 22988, 1, 0, 0
125094, 197824, 0, 0, 0
125094, 22128, 1, 0, 0
126095, 197462, 0, 0, 0
126095, 21974, 1, 0, 0
127096, 199872, 0, 0, 0
127096, 22001, 1, 0, 0
128096, 199292, 0, 0, 0
128096, 22156, 1, 0, 0
129097, 194105, 0, 0, 0
129097, 21806, 1, 0, 0
130098, 186057, 0, 0, 0
130098, 20671, 1, 0, 0
131098, 189568, 0, 0, 0
131098, 21200, 1, 0, 0
132099, 188928, 0, 0, 0
132099, 21032, 1, 0, 0
133100, 188347, 0, 0, 0
133100, 20619, 1, 0, 0
134101, 189384, 0, 0, 0
134101, 21024, 1, 0, 0
135102, 186937, 0, 0, 0
135102, 20255, 1, 0, 0
136102, 188244, 0, 0, 0
136102, 21136, 1, 0, 0
137103, 187900, 0, 0, 0
137103, 21018, 1, 0, 0
138103, 189384, 0, 0, 0
138103, 21132, 1, 0, 0
139104, 188216, 0, 0, 0
139104, 21076, 1, 0, 0
140105, 190072, 0, 0, 0
140105, 20644, 1, 0, 0
141106, 189110, 0, 0, 0
141106, 20987, 1, 0, 0
142107, 190245, 0, 0, 0
142107, 20915, 1, 0, 0
143107, 192240, 0, 0, 0
143107, 21312, 1, 0, 0
144108, 183972, 0, 0, 0
144108, 20272, 1, 0, 0
145108, 190236, 0, 0, 0
145108, 20832, 1, 0, 0
146108, 189148, 0, 0, 0
146108, 21044, 1, 0, 0
147108, 189140, 0, 0, 0
147108, 20792, 1, 0, 0
148108, 188516, 0, 0, 0
148108, 20872, 1, 0, 0
149109, 191676, 0, 0, 0
149109, 21156, 1, 0, 0
150109, 189064, 0, 0, 0
150109, 20924, 1, 0, 0
151110, 189516, 0, 0, 0
151110, 20980, 1, 0, 0
152110, 188916, 0, 0, 0
152110, 20940, 1, 0, 0
153111, 193104, 0, 0, 0
153111, 21408, 1, 0, 0
154112, 189842, 0, 0, 0
154112, 21242, 1, 0, 0
155113, 189054, 0, 0, 0
155113, 21130, 1, 0, 0
156113, 189688, 0, 0, 0
156113, 21328, 1, 0, 0
157114, 188996, 0, 0, 0
157114, 20952, 1, 0, 0
158114, 189932, 0, 0, 0
158114, 21044, 1, 0, 0
159116, 178185, 0, 0, 0
159116, 19956, 1, 0, 0
160116, 182428, 0, 0, 0
160116, 20424, 1, 0, 0
161116, 189896, 0, 0, 0
161116, 20688, 1, 0, 0
162117, 190372, 0, 0, 0
162117, 21172, 1, 0, 0
163118, 189278, 0, 0, 0
163118, 21430, 1, 0, 0
164118, 190576, 0, 0, 0
164118, 20660, 1, 0, 0
165118, 189408, 0, 0, 0
165118, 21260, 1, 0, 0
166119, 188851, 0, 0, 0
166119, 20635, 1, 0, 0
167120, 192632, 0, 0, 0
167120, 21160, 1, 0, 0
168121, 181758, 0, 0, 0
168121, 20347, 1, 0, 0
169122, 179152, 0, 0, 0
169122, 19212, 1, 0, 0
170122, 177456, 0, 0, 0
170122, 19880, 1, 0, 0
171123, 174136, 0, 0, 0
171123, 19592, 1, 0, 0
172124, 179216, 0, 0, 0
172124, 20019, 1, 0, 0
173124, 187108, 0, 0, 0
173124, 21008, 1, 0, 0
174124, 191880, 0, 0, 0
174124, 20728, 1, 0, 0
175124, 188708, 0, 0, 0
175124, 20628, 1, 0, 0
176125, 182656, 0, 0, 0
176125, 21076, 1, 0, 0
177126, 194381, 0, 0, 0
177126, 21574, 1, 0, 0
178127, 194160, 0, 0, 0
178127, 21832, 1, 0, 0
179128, 192784, 0, 0, 0
179128, 21444, 1, 0, 0
180128, 169944, 0, 0, 0
180128, 18812, 1, 0, 0
