1000, 283386, 0, 0, 0
1000, 122529, 1, 0, 0
2000, 296862, 0, 0, 0
2000, 148945, 1, 0, 0
3000, 318854, 0, 0, 0
3000, 165974, 1, 0, 0
4000, 293541, 0, 0, 0
4000, 140875, 1, 0, 0
5000, 352323, 0, 0, 0
5000, 208026, 1, 0, 0
6000, 351379, 0, 0, 0
6000, 216997, 1, 0, 0
7000, 379583, 0, 0, 0
7000, 238201, 1, 0, 0
8000, 386245, 0, 0, 0
8000, 241630, 1, 0, 0
9000, 239233, 1, 0, 0
9000, 382099, 0, 0, 0
10000, 382206, 0, 0, 0
10000, 240919, 1, 0, 0
11000, 382631, 0, 0, 0
11000, 242229, 1, 0, 0
12000, 387522, 0, 0, 0
12000, 239317, 1, 0, 0
13000, 380762, 0, 0, 0
13000, 243312, 1, 0, 0
14000, 387233, 0, 0, 0
14000, 239366, 1, 0, 0
15000, 381593, 0, 0, 0
15000, 237014, 1, 0, 0
16000, 378884, 0, 0, 0
16000, 238637, 1, 0, 0
17000, 247684, 1, 0, 0
17000, 391770, 0, 0, 0
18000, 382070, 0, 0, 0
18000, 239433, 1, 0, 0
19000, 377883, 0, 0, 0
19000, 239378, 1, 0, 0
20000, 375151, 0, 0, 0
20000, 238574, 1, 0, 0
21000, 243603, 1, 0, 0
21000, 385448, 0, 0, 0
22000, 388210, 0, 0, 0
22000, 246251, 1, 0, 0
23000, 381862, 0, 0, 0
23000, 237304, 1, 0, 0
24000, 385815, 0, 0, 0
24000, 243130, 1, 0, 0
25000, 242105, 1, 0, 0
25000, 389523, 0, 0, 0
26000, 378673, 0, 0, 0
26000, 247668, 1, 0, 0
27000, 383903, 0, 0, 0
27000, 241437, 1, 0, 0
28000, 383187, 0, 0, 0
28000, 238951, 1, 0, 0
29000, 384675, 0, 0, 0
29000, 242338, 1, 0, 0
30000, 381637, 0, 0, 0
30000, 235975, 1, 0, 0
31000, 380650, 0, 0, 0
31000, 237995, 1, 0, 0
32000, 242705, 1, 0, 0
32000, 385906, 0, 0, 0
33000, 373214, 0, 0, 0
33000, 239992, 1, 0, 0
34000, 237191, 1, 0, 0
34000, 382742, 0, 0, 0
35000, 383412, 0, 0, 0
35000, 241303, 1, 0, 0
36000, 382694, 0, 0, 0
36000, 233454, 1, 0, 0
37000, 426104, 0, 0, 0
37000, 279354, 1, 0, 0
38000, 247409, 1, 0, 0
38000, 388670, 0, 0, 0
39000, 381000, 0, 0, 0
39000, 238363, 1, 0, 0
40000, 375573, 0, 0, 0
40000, 232390, 1, 0, 0
41000, 388252, 0, 0, 0
41000, 239479, 1, 0, 0
42000, 385573, 0, 0, 0
42000, 241611, 1, 0, 0
43000, 384890, 0, 0, 0
43000, 241414, 1, 0, 0
44000, 383436, 0, 0, 0
44000, 239762, 1, 0, 0
45000, 380036, 0, 0, 0
45000, 232066, 1, 0, 0
46000, 374182, 0, 0, 0
46000, 244104, 1, 0, 0
47000, 239297, 1, 0, 0
47000, 384077, 0, 0, 0
48000, 390763, 0, 0, 0
48000, 244724, 1, 0, 0
49000, 247086, 1, 0, 0
49000, 382074, 0, 0, 0
50000, 218072, 1, 0, 0
50000, 358257, 0, 0, 0
51000, 235840, 1, 0, 0
51000, 378218, 0, 0, 0
52000, 336670, 0, 0, 0
52000, 189211, 1, 0, 0
53000, 279639, 0, 0, 0
53000, 126739, 1, 0, 0
54000, 243314, 0, 0, 0
54000, 121779, 1, 0, 0
55000, 248351, 0, 0, 0
55000, 118706, 1, 0, 0
56000, 118466, 1, 0, 0
56000, 246754, 0, 0, 0
57000, 247092, 0, 0, 0
57000, 120947, 1, 0, 0
58000, 246088, 0, 0, 0
58000, 120344, 1, 0, 0
59000, 129673, 1, 0, 0
59000, 257171, 0, 0, 0
60000, 246494, 0, 0, 0
60000, 119236, 1, 0, 0
61000, 243812, 0, 0, 0
61000, 119141, 1, 0, 0
62000, 118248, 1, 0, 0
62000, 246841, 0, 0, 0
63000, 121875, 1, 0, 0
63000, 249329, 0, 0, 0
64000, 117848, 1, 0, 0
64000, 248105, 0, 0, 0
65000, 245882, 0, 0, 0
65000, 121549, 1, 0, 0
66000, 119269, 1, 0, 0
66000, 248812, 0, 0, 0
67000, 248134, 0, 0, 0
67000, 116939, 1, 0, 0
68000, 245267, 0, 0, 0
68000, 116537, 1, 0, 0
69000, 119150, 1, 0, 0
69000, 244077, 0, 0, 0
70000, 117933, 1, 0, 0
70000, 248555, 0, 0, 0
71000, 248038, 0, 0, 0
71000, 118443, 1, 0, 0
72000, 243836, 0, 0, 0
72000, 120037, 1, 0, 0
73000, 249535, 0, 0, 0
73000, 116513, 1, 0, 0
74000, 247038, 0, 0, 0
74000, 117610, 1, 0, 0
75000, 120357, 1, 0, 0
75000, 249950, 0, 0, 0
76000, 248210, 0, 0, 0
76000, 121445, 1, 0, 0
77000, 249196, 0, 0, 0
77000, 118655, 1, 0, 0
78000, 249993, 0, 0, 0
78000, 119111, 1, 0, 0
79000, 247754, 0, 0, 0
79000, 120369, 1, 0, 0
80000, 120974, 1, 0, 0
80000, 249689, 0, 0, 0
81000, 124436, 1, 0, 0
81000, 253336, 0, 0, 0
82000, 252269, 0, 0, 0
82000, 120806, 1, 0, 0
83000, 247355, 0, 0, 0
83000, 121650, 1, 0, 0
84000, 250220, 0, 0, 0
84000, 119935, 1, 0, 0
85000, 252501, 0, 0, 0
85000, 120014, 1, 0, 0
86000, 120738, 1, 0, 0
86000, 246363, 0, 0, 0
87000, 252273, 0, 0, 0
87000, 119775, 1, 0, 0
88000, 252136, 0, 0, 0
88000, 118684, 1, 0, 0
89000, 250046, 0, 0, 0
89000, 119299, 1, 0, 0
90000, 120508, 1, 0, 0
90000, 246141, 0, 0, 0
91000, 253168, 0, 0, 0
91000, 119990, 1, 0, 0
92000, 119741, 1, 0, 0
92000, 249460, 0, 0, 0
93000, 244579, 0, 0, 0
93000, 119977, 1, 0, 0
94000, 118696, 1, 0, 0
94000, 251540, 0, 0, 0
95000, 248583, 0, 0, 0
95000, 119152, 1, 0, 0
96000, 126823, 1, 0, 0
96000, 255703, 0, 0, 0
97000, 252362, 0, 0, 0
97000, 126751, 1, 0, 0
98000, 119531, 1, 0, 0
98000, 250330, 0, 0, 0
99000, 248939, 0, 0, 0
99000, 118538, 1, 0, 0
100000, 120456, 1, 0, 0
100000, 249228, 0, 0, 0
101000, 251029, 0, 0, 0
101000, 118462, 1, 0, 0
102000, 249206, 0, 0, 0
102000, 120441, 1, 0, 0
103000, 249249, 0, 0, 0
103000, 118005, 1, 0, 0
104000, 244962, 0, 0, 0
104000, 119252, 1, 0, 0
105000, 118487, 1, 0, 0
105000, 248221, 0, 0, 0
106000, 118043, 1, 0, 0
106000, 249875, 0, 0, 0
107000, 246652, 0, 0, 0
107000, 119747, 1, 0, 0
108000, 119564, 1, 0, 0
108000, 252436, 0, 0, 0
109000, 119540, 1, 0, 0
109000, 248884, 0, 0, 0
110000, 119210, 1, 0, 0
110000, 249015, 0, 0, 0
111000, 120747, 1, 0, 0
111000, 247847, 0, 0, 0
112000, 119283, 1, 0, 0
112000, 250932, 0, 0, 0
113000, 120794, 1, 0, 0
113000, 250000, 0, 0, 0
114000, 257937, 0, 0, 0
114000, 130867, 1, 0, 0
115000, 252944, 0, 0, 0
115000, 121534, 1, 0, 0
116000, 251177, 0, 0, 0
116000, 120262, 1, 0, 0
117000, 249803, 0, 0, 0
117000, 118067, 1, 0, 0
118000, 243326, 0, 0, 0
118000, 117945, 1, 0, 0
119000, 246406, 0, 0, 0
119000, 115826, 1, 0, 0
120000, 116298, 1, 0, 0
120000, 248269, 0, 0, 0
121000, 119018, 1, 0, 0
121000, 244045, 0, 0, 0
122000, 118158, 1, 0, 0
122000, 247860, 0, 0, 0
123000, 249888, 0, 0, 0
123000, 117721, 1, 0, 0
124000, 119302, 1, 0, 0
124000, 249070, 0, 0, 0
125000, 247062, 0, 0, 0
125000, 121178, 1, 0, 0
126000, 252728, 0, 0, 0
126000, 119271, 1, 0, 0
127000, 246815, 0, 0, 0
127000, 122586, 1, 0, 0
128000, 121147, 1, 0, 0
128000, 250585, 0, 0, 0
129000, 118833, 1, 0, 0
129000, 253772, 0, 0, 0
130000, 247283, 0, 0, 0
130000, 120168, 1, 0, 0
131000, 119381, 1, 0, 0
131000, 249624, 0, 0, 0
132000, 250959, 0, 0, 0
132000, 119608, 1, 0, 0
133000, 121359, 1, 0, 0
133000, 246489, 0, 0, 0
134000, 248590, 0, 0, 0
134000, 119628, 1, 0, 0
135000, 251525, 0, 0, 0
135000, 118330, 1, 0, 0
136000, 248625, 0, 0, 0
136000, 119071, 1, 0, 0
137000, 249540, 0, 0, 0
137000, 119291, 1, 0, 0
138000, 263535, 0, 0, 0
138000, 113096, 1, 0, 0
139000, 105466, 1, 0, 0
139000, 282384, 0, 0, 0
140000, 283920, 0, 0, 0
140000, 104735, 1, 0, 0
141000, 108767, 1, 0, 0
141000, 287545, 0, 0, 0
142000, 284034, 0, 0, 0
142000, 106188, 1, 0, 0
143000, 285263, 0, 0, 0
143000, 104830, 1, 0, 0
144000, 117806, 1, 0, 0
144000, 294829, 0, 0, 0
145000, 281904, 0, 0, 0
145000, 103815, 1, 0, 0
146000, 282506, 0, 0, 0
146000, 104335, 1, 0, 0
147000, 284215, 0, 0, 0
147000, 103851, 1, 0, 0
148000, 283141, 0, 0, 0
148000, 104760, 1, 0, 0
149000, 282499, 0, 0, 0
149000, 104336, 1, 0, 0
150000, 285560, 0, 0, 0
150000, 103708, 1, 0, 0
151000, 105389, 1, 0, 0
151000, 283624, 0, 0, 0
152000, 105035, 1, 0, 0
152000, 283543, 0, 0, 0
153000, 103366, 1, 0, 0
153000, 284398, 0, 0, 0
154000, 281674, 0, 0, 0
154000, 103340, 1, 0, 0
155000, 105049, 1, 0, 0
155000, 281943, 0, 0, 0
156000, 288976, 0, 0, 0
156000, 110099, 1, 0, 0
157000, 289821, 0, 0, 0
157000, 112221, 1, 0, 0
158000, 282045, 0, 0, 0
158000, 104547, 1, 0, 0
159000, 284196, 0, 0, 0
159000, 102994, 1, 0, 0
160000, 282313, 0, 0, 0
160000, 103671, 1, 0, 0
161000, 280995, 0, 0, 0
161000, 103347, 1, 0, 0
162000, 286775, 0, 0, 0
162000, 107104, 1, 0, 0
163000, 283613, 0, 0, 0
163000, 107214, 1, 0, 0
164000, 104530, 1, 0, 0
164000, 282852, 0, 0, 0
165000, 103659, 1, 0, 0
165000, 285026, 0, 0, 0
166000, 280874, 0, 0, 0
166000, 102539, 1, 0, 0
167000, 281992, 0, 0, 0
167000, 105187, 1, 0, 0
168000, 286637, 0, 0, 0
168000, 107062, 1, 0, 0
169000, 285381, 0, 0, 0
169000, 107931, 1, 0, 0
170000, 282527, 0, 0, 0
170000, 105539, 1, 0, 0
171000, 96424, 1, 0, 0
171000, 309325, 0, 0, 0
172000, 312315, 0, 0, 0
172000, 94471, 1, 0, 0
173000, 314773, 0, 0, 0
173000, 95314, 1, 0, 0
174000, 94792, 1, 0, 0
174000, 320128, 0, 0, 0
175000, 314169, 0, 0, 0
175000, 91732, 1, 0, 0
176000, 90987, 1, 0, 0
176000, 312217, 0, 0, 0
177000, 314663, 0, 0, 0
177000, 91025, 1, 0, 0
178000, 311853, 0, 0, 0
178000, 89180, 1, 0, 0
179000, 90754, 1, 0, 0
179000, 311922, 0, 0, 0
180000, 314714, 0, 0, 0
180000, 371882, 0, 0, 0
180000, 91251, 1, 0, 0
