1001, 21545, 0, 0, 0
1001, 21510, 1, 0, 0
2002, 19449, 0, 0, 0
2002, 19385, 1, 0, 0
3010, 14561, 0, 0, 0
3010, 14392, 1, 0, 0
4011, 17492, 0, 0, 0
4011, 17243, 1, 0, 0
5012, 13515, 0, 0, 0
5012, 13713, 1, 0, 0
6013, 13947, 0, 0, 0
6013, 14134, 1, 0, 0
7014, 13495, 0, 0, 0
7014, 13388, 1, 0, 0
8014, 13215, 0, 0, 0
8014, 13472, 1, 0, 0
9023, 13513, 0, 0, 0
9023, 13722, 1, 0, 0
10025, 13692, 0, 0, 0
10025, 13531, 1, 0, 0
11025, 13400, 0, 0, 0
11025, 13256, 1, 0, 0
12026, 13749, 0, 0, 0
12026, 13504, 1, 0, 0
13026, 13334, 0, 0, 0
13026, 13460, 1, 0, 0
14027, 13374, 0, 0, 0
14027, 13542, 1, 0, 0
15027, 13645, 0, 0, 0
15027, 13633, 1, 0, 0
16028, 13407, 0, 0, 0
16028, 13384, 1, 0, 0
17031, 13229, 0, 0, 0
17031, 13482, 1, 0, 0
18032, 13262, 0, 0, 0
18032, 13450, 1, 0, 0
19032, 13189, 0, 0, 0
19032, 13228, 1, 0, 0
20032, 13744, 0, 0, 0
20032, 13304, 1, 0, 0
21033, 13301, 0, 0, 0
21033, 13199, 1, 0, 0
22033, 13698, 0, 0, 0
22033, 13669, 1, 0, 0
23033, 13588, 0, 0, 0
23033, 13335, 1, 0, 0
24034, 13439, 0, 0, 0
24034, 13337, 1, 0, 0
25035, 13605, 0, 0, 0
25035, 13560, 1, 0, 0
26035, 13148, 0, 0, 0
26035, 13083, 1, 0, 0
27037, 13443, 0, 0, 0
27037, 13292, 1, 0, 0
28038, 13074, 0, 0, 0
28038, 13399, 1, 0, 0
29038, 13568, 0, 0, 0
29038, 13454, 1, 0, 0
30038, 13559, 0, 0, 0
30038, 13564, 1, 0, 0
31039, 13371, 0, 0, 0
31039, 13501, 1, 0, 0
32039, 13253, 0, 0, 0
32039, 13194, 1, 0, 0
33040, 13994, 0, 0, 0
33040, 13848, 1, 0, 0
34046, 13493, 0, 0, 0
34046, 13477, 1, 0, 0
35047, 13523, 0, 0, 0
35047, 13385, 1, 0, 0
36048, 13402, 0, 0, 0
36048, 13467, 1, 0, 0
37049, 13433, 0, 0, 0
37049, 13304, 1, 0, 0
38049, 12769, 0, 0, 0
38049, 13034, 1, 0, 0
39049, 12143, 0, 0, 0
39049, 12281, 1, 0, 0
40051, 13679, 0, 0, 0
40051, 13429, 1, 0, 0
41052, 13475, 0, 0, 0
41052, 13299, 1, 0, 0
42052, 13353, 0, 0, 0
42052, 13711, 1, 0, 0
43053, 13566, 0, 0, 0
43053, 13401, 1, 0, 0
44054, 14643, 0, 0, 0
44054, 14691, 1, 0, 0
45054, 13857, 0, 0, 0
45054, 13846, 1, 0, 0
46054, 18005, 0, 0, 0
46054, 18258, 1, 0, 0
47055, 24566, 0, 0, 0
47055, 24252, 1, 0, 0
48055, 24390, 0, 0, 0
48055, 24211, 1, 0, 0
49056, 24648, 0, 0, 0
49056, 24638, 1, 0, 0
50056, 25000, 0, 0, 0
50056, 24567, 1, 0, 0
51057, 24815, 0, 0, 0
51057, 24813, 1, 0, 0
52057, 24997, 0, 0, 0
52057, 25065, 1, 0, 0
53058, 24898, 0, 0, 0
53058, 25202, 1, 0, 0
54058, 24364, 0, 0, 0
54058, 24209, 1, 0, 0
55059, 24922, 0, 0, 0
55059, 24725, 1, 0, 0
56060, 24832, 0, 0, 0
56060, 24812, 1, 0, 0
57061, 24719, 0, 0, 0
57061, 24597, 1, 0, 0
58061, 24892, 0, 0, 0
58061, 25067, 1, 0, 0
59062, 24724, 0, 0, 0
59062, 24704, 1, 0, 0
60062, 24796, 0, 0, 0
60062, 24788, 1, 0, 0
61063, 24651, 0, 0, 0
61063, 24433, 1, 0, 0
62063, 24880, 0, 0, 0
62063, 25090, 1, 0, 0
63064, 24563, 0, 0, 0
63064, 24972, 1, 0, 0
64065, 24501, 0, 0, 0
64065, 24933, 1, 0, 0
65066, 24858, 0, 0, 0
65066, 24740, 1, 0, 0
66066, 25015, 0, 0, 0
66066, 25260, 1, 0, 0
67066, 24730, 0, 0, 0
67066, 24547, 1, 0, 0
68066, 25258, 0, 0, 0
68066, 25106, 1, 0, 0
69067, 25317, 0, 0, 0
69067, 25220, 1, 0, 0
70069, 25542, 0, 0, 0
70069, 25254, 1, 0, 0
71069, 24884, 0, 0, 0
71069, 24804, 1, 0, 0
72070, 24974, 0, 0, 0
72070, 24790, 1, 0, 0
73071, 24829, 0, 0, 0
73071, 24649, 1, 0, 0
74072, 25239, 0, 0, 0
74072, 24994, 1, 0, 0
75072, 24578, 0, 0, 0
75072, 24705, 1, 0, 0
76073, 25160, 0, 0, 0
76073, 24917, 1, 0, 0
77073, 24562, 0, 0, 0
77073, 24711, 1, 0, 0
78074, 24772, 0, 0, 0
78074, 25000, 1, 0, 0
79075, 25221, 0, 0, 0
79075, 25189, 1, 0, 0
80076, 24704, 0, 0, 0
80076, 24383, 1, 0, 0
81076, 25381, 0, 0, 0
81076, 25254, 1, 0, 0
82077, 25005, 0, 0, 0
82077, 25127, 1, 0, 0
83078, 24312, 0, 0, 0
83078, 24359, 1, 0, 0
84079, 25015, 0, 0, 0
84079, 25151, 1, 0, 0
85080, 24611, 0, 0, 0
85080, 24900, 1, 0, 0
86080, 24853, 0, 0, 0
86080, 24972, 1, 0, 0
87081, 24975, 0, 0, 0
87081, 24993, 1, 0, 0
88082, 24918, 0, 0, 0
88082, 24849, 1, 0, 0
89083, 25234, 0, 0, 0
89083, 25116, 1, 0, 0
90084, 24836, 0, 0, 0
90084, 24676, 1, 0, 0
91084, 25071, 0, 0, 0
91084, 24850, 1, 0, 0
92085, 24832, 0, 0, 0
92085, 24580, 1, 0, 0
93085, 25082, 0, 0, 0
93085, 25423, 1, 0, 0
94086, 25256, 0, 0, 0
94086, 25118, 1, 0, 0
95087, 25128, 0, 0, 0
95087, 24856, 1, 0, 0
96087, 24490, 0, 0, 0
96087, 24838, 1, 0, 0
97088, 25227, 0, 0, 0
97088, 24769, 1, 0, 0
98089, 23696, 0, 0, 0
98089, 23822, 1, 0, 0
99089, 23884, 0, 0, 0
99089, 23872, 1, 0, 0
100090, 24909, 0, 0, 0
100090, 24764, 1, 0, 0
101091, 25262, 0, 0, 0
101091, 25098, 1, 0, 0
102092, 25403, 0, 0, 0
102092, 25359, 1, 0, 0
103093, 25140, 0, 0, 0
103093, 24933, 1, 0, 0
104093, 24978, 0, 0, 0
104093, 25130, 1, 0, 0
105094, 24754, 0, 0, 0
105094, 24836, 1, 0, 0
106095, 25243, 0, 0, 0
106095, 25416, 1, 0, 0
107096, 24880, 0, 0, 0
107096, 24995, 1, 0, 0
108096, 24883, 0, 0, 0
108096, 24926, 1, 0, 0
109097, 24987, 0, 0, 0
109097, 24786, 1, 0, 0
110098, 25084, 0, 0, 0
110098, 25197, 1, 0, 0
111099, 24650, 0, 0, 0
111099, 24964, 1, 0, 0
112100, 24456, 0, 0, 0
112100, 24290, 1, 0, 0
113100, 24904, 0, 0, 0
113100, 25228, 1, 0, 0
114101, 24508, 0, 0, 0
114101, 24636, 1, 0, 0
115103, 24778, 0, 0, 0
115103, 24932, 1, 0, 0
116103, 25393, 0, 0, 0
116103, 24934, 1, 0, 0
117104, 25115, 0, 0, 0
117104, 24947, 1, 0, 0
118104, 24877, 0, 0, 0
118104, 25034, 1, 0, 0
119105, 25188, 0, 0, 0
119105, 25264, 1, 0, 0
120105, 25016, 0, 0, 0
120105, 25166, 1, 0, 0
121106, 25333, 0, 0, 0
121106, 25170, 1, 0, 0
122107, 25024, 0, 0, 0
122107, 24754, 1, 0, 0
123108, 24576, 0, 0, 0
123108, 24719, 1, 0, 0
124108, 25012, 0, 0, 0
124108, 25247, 1, 0, 0
125110, 25196, 0, 0, 0
125110, 24979, 1, 0, 0
126110, 22819, 0, 0, 0
126110, 23001, 1, 0, 0
127111, 25373, 0, 0, 0
127111, 25101, 1, 0, 0
128112, 25158, 0, 0, 0
128112, 24882, 1, 0, 0
129113, 24989, 0, 0, 0
129113, 25049, 1, 0, 0
130114, 24959, 0, 0, 0
130114, 24735, 1, 0, 0
131114, 24600, 0, 0, 0
131114, 24763, 1, 0, 0
132115, 24643, 0, 0, 0
132115, 25090, 1, 0, 0
133116, 24805, 0, 0, 0
133116, 25127, 1, 0, 0
134117, 25132, 0, 0, 0
134117, 25373, 1, 0, 0
135117, 25180, 0, 0, 0
135117, 25021, 1, 0, 0
136118, 24629, 0, 0, 0
136118, 24655, 1, 0, 0
137118, 24725, 0, 0, 0
137118, 24927, 1, 0, 0
138119, 25267, 0, 0, 0
138119, 25595, 1, 0, 0
139120, 25591, 0, 0, 0
139120, 24928, 1, 0, 0
140120, 25152, 0, 0, 0
140120, 25375, 1, 0, 0
141121, 25153, 0, 0, 0
141121, 24972, 1, 0, 0
142121, 24890, 0, 0, 0
142121, 25107, 1, 0, 0
143122, 24920, 0, 0, 0
143122, 24866, 1, 0, 0
144123, 25174, 0, 0, 0
144123, 24965, 1, 0, 0
145124, 25075, 0, 0, 0
145124, 25212, 1, 0, 0
146124, 24943, 0, 0, 0
146124, 24862, 1, 0, 0
147125, 24495, 0, 0, 0
147125, 24283, 1, 0, 0
148125, 23723, 0, 0, 0
148125, 23694, 1, 0, 0
149126, 23882, 0, 0, 0
149126, 23801, 1, 0, 0
150127, 23929, 0, 0, 0
150127, 23605, 1, 0, 0
151128, 23882, 0, 0, 0
151128, 23877, 1, 0, 0
152128, 23846, 0, 0, 0
152128, 23924, 1, 0, 0
153129, 24737, 0, 0, 0
153129, 24735, 1, 0, 0
154129, 24757, 0, 0, 0
154129, 24822, 1, 0, 0
155130, 25136, 0, 0, 0
155130, 24804, 1, 0, 0
156130, 25256, 0, 0, 0
156130, 25034, 1, 0, 0
157131, 24844, 0, 0, 0
157131, 24819, 1, 0, 0
158132, 24168, 0, 0, 0
158132, 24316, 1, 0, 0
159133, 23325, 0, 0, 0
159133, 23521, 1, 0, 0
160134, 24690, 0, 0, 0
160134, 24829, 1, 0, 0
161134, 24982, 0, 0, 0
161134, 25136, 1, 0, 0
162135, 24162, 0, 0, 0
162135, 24447, 1, 0, 0
163135, 24705, 0, 0, 0
163135, 24735, 1, 0, 0
164136, 25199, 0, 0, 0
164136, 24685, 1, 0, 0
165137, 25215, 0, 0, 0
165137, 25172, 1, 0, 0
166138, 24774, 0, 0, 0
166138, 24858, 1, 0, 0
167139, 24788, 0, 0, 0
167139, 24773, 1, 0, 0
168140, 24614, 0, 0, 0
168140, 24682, 1, 0, 0
169141, 24208, 0, 0, 0
169141, 24296, 1, 0, 0
170142, 23767, 0, 0, 0
170142, 24334, 1, 0, 0
171142, 23143, 0, 0, 0
171142, 23456, 1, 0, 0
172142, 25059, 0, 0, 0
172142, 24970, 1, 0, 0
173143, 24326, 0, 0, 0
173143, 23785, 1, 0, 0
174143, 24557, 0, 0, 0
174143, 24833, 1, 0, 0
175143, 24737, 0, 0, 0
175143, 24691, 1, 0, 0
176144, 24795, 0, 0, 0
176144, 24710, 1, 0, 0
177144, 24670, 0, 0, 0
177144, 24632, 1, 0, 0
178145, 24855, 0, 0, 0
178145, 24926, 1, 0, 0
179146, 24614, 0, 0, 0
179146, 24738, 1, 0, 0
180146, 21295, 0, 0, 0
180146, 21293, 1, 0, 0
