1000, 368543, 0, 0, 0
1000, 237204, 1, 0, 0
2000, 382593, 1, 0, 0
2000, 489771, 0, 0, 0
3000, 789220, 0, 0, 0
3000, 717048, 1, 0, 0
4000, 557983, 0, 0, 0
4000, 418172, 1, 0, 0
5000, 483146, 0, 0, 0
5000, 348301, 1, 0, 0
6000, 455545, 0, 0, 0
6000, 326023, 1, 0, 0
7000, 348012, 1, 0, 0
7000, 485669, 0, 0, 0
8000, 535617, 0, 0, 0
8000, 372541, 1, 0, 0
9000, 354192, 1, 0, 0
9000, 508876, 0, 0, 0
10000, 472610, 0, 0, 0
10000, 342639, 1, 0, 0
11000, 504152, 0, 0, 0
11000, 357288, 1, 0, 0
12000, 419430, 1, 0, 0
12000, 536756, 0, 0, 0
13000, 322042, 1, 0, 0
13000, 446309, 0, 0, 0
14000, 364870, 1, 0, 0
14000, 503640, 0, 0, 0
15000, 523753, 0, 0, 0
15000, 398688, 1, 0, 0
16000, 302125, 1, 0, 0
16000, 432465, 0, 0, 0
17000, 428978, 0, 0, 0
17000, 295163, 1, 0, 0
18000, 303067, 1, 0, 0
18000, 433484, 0, 0, 0
19000, 419778, 0, 0, 0
19000, 293492, 1, 0, 0
20000, 279991, 1, 0, 0
20000, 395767, 0, 0, 0
21000, 405238, 0, 0, 0
21000, 282472, 1, 0, 0
22000, 280925, 1, 0, 0
22000, 403563, 0, 0, 0
23000, 405083, 0, 0, 0
23000, 280415, 1, 0, 0
24000, 408826, 0, 0, 0
24000, 288086, 1, 0, 0
25000, 409695, 0, 0, 0
25000, 282979, 1, 0, 0
26000, 395761, 0, 0, 0
26000, 268645, 1, 0, 0
27000, 395457, 0, 0, 0
27000, 282091, 1, 0, 0
28000, 398879, 0, 0, 0
28000, 275096, 1, 0, 0
29000, 410140, 0, 0, 0
29000, 285898, 1, 0, 0
30000, 397586, 0, 0, 0
30000, 275829, 1, 0, 0
31000, 277706, 1, 0, 0
31000, 402023, 0, 0, 0
32000, 415723, 0, 0, 0
32000, 286077, 1, 0, 0
33000, 279630, 1, 0, 0
33000, 402366, 0, 0, 0
34000, 393783, 0, 0, 0
34000, 285635, 1, 0, 0
35000, 278574, 1, 0, 0
35000, 399377, 0, 0, 0
36000, 409177, 0, 0, 0
36000, 279421, 1, 0, 0
37000, 284261, 1, 0, 0
37000, 407556, 0, 0, 0
38000, 399220, 0, 0, 0
38000, 271290, 1, 0, 0
39000, 284576, 1, 0, 0
39000, 415493, 0, 0, 0
40000, 373689, 0, 0, 0
40000, 248219, 1, 0, 0
41000, 310342, 0, 0, 0
41000, 185583, 1, 0, 0
42000, 164255, 1, 0, 0
42000, 306633, 0, 0, 0
43000, 148058, 1, 0, 0
43000, 290078, 0, 0, 0
44000, 145227, 1, 0, 0
44000, 287505, 0, 0, 0
45000, 153458, 1, 0, 0
45000, 286448, 0, 0, 0
46000, 180609, 1, 0, 0
46000, 316934, 0, 0, 0
47000, 178692, 1, 0, 0
47000, 309737, 0, 0, 0
48000, 311061, 0, 0, 0
48000, 179147, 1, 0, 0
49000, 187332, 1, 0, 0
49000, 316618, 0, 0, 0
50000, 155971, 1, 0, 0
50003, 287535, 0, 0, 0
51000, 287493, 0, 0, 0
51000, 149162, 1, 0, 0
52002, 278670, 0, 0, 0
52002, 144768, 1, 0, 0
53000, 146139, 1, 0, 0
53000, 285680, 0, 0, 0
54000, 283736, 0, 0, 0
54000, 142285, 1, 0, 0
55000, 284255, 0, 0, 0
55000, 147493, 1, 0, 0
56000, 279145, 0, 0, 0
56000, 143514, 1, 0, 0
57000, 277687, 0, 0, 0
57000, 139564, 1, 0, 0
58000, 172681, 1, 0, 0
58000, 301553, 0, 0, 0
59000, 308883, 0, 0, 0
59000, 178581, 1, 0, 0
60000, 298692, 0, 0, 0
60000, 177672, 1, 0, 0
61000, 308926, 0, 0, 0
61000, 179863, 1, 0, 0
62000, 286290, 0, 0, 0
62000, 149602, 1, 0, 0
63000, 143533, 1, 0, 0
63000, 282733, 0, 0, 0
64000, 144176, 1, 0, 0
64000, 276375, 0, 0, 0
65000, 148895, 1, 0, 0
65000, 288020, 0, 0, 0
66000, 145741, 1, 0, 0
66000, 284998, 0, 0, 0
67000, 145253, 1, 0, 0
67000, 287018, 0, 0, 0
68000, 144895, 1, 0, 0
68000, 280581, 0, 0, 0
69000, 143920, 1, 0, 0
69000, 284654, 0, 0, 0
70000, 281144, 0, 0, 0
70000, 140850, 1, 0, 0
71000, 144482, 1, 0, 0
71000, 291297, 0, 0, 0
72000, 148065, 1, 0, 0
72000, 282617, 0, 0, 0
73000, 159334, 1, 0, 0
73000, 310350, 0, 0, 0
74000, 307287, 0, 0, 0
74000, 173589, 1, 0, 0
75000, 308898, 0, 0, 0
75000, 175713, 1, 0, 0
76000, 306230, 0, 0, 0
76000, 176894, 1, 0, 0
77000, 306826, 0, 0, 0
77000, 180186, 1, 0, 0
78000, 155252, 1, 0, 0
78000, 292744, 0, 0, 0
79000, 145608, 1, 0, 0
79000, 290268, 0, 0, 0
80000, 143336, 1, 0, 0
80000, 284000, 0, 0, 0
81000, 145099, 1, 0, 0
81000, 286026, 0, 0, 0
82000, 142759, 1, 0, 0
82000, 284888, 0, 0, 0
83000, 142234, 1, 0, 0
83000, 288694, 0, 0, 0
84000, 284328, 0, 0, 0
84000, 142705, 1, 0, 0
85000, 143433, 1, 0, 0
85000, 282722, 0, 0, 0
86000, 283877, 0, 0, 0
86000, 140921, 1, 0, 0
87000, 291822, 0, 0, 0
87000, 148216, 1, 0, 0
88000, 146178, 1, 0, 0
88000, 293181, 0, 0, 0
89000, 282023, 0, 0, 0
89000, 144291, 1, 0, 0
90000, 142812, 1, 0, 0
90000, 282182, 0, 0, 0
91000, 289710, 0, 0, 0
91000, 142837, 1, 0, 0
92000, 143013, 1, 0, 0
92000, 282766, 0, 0, 0
93000, 149574, 1, 0, 0
93000, 286266, 0, 0, 0
94000, 143875, 1, 0, 0
94000, 285582, 0, 0, 0
95000, 287653, 0, 0, 0
95000, 143674, 1, 0, 0
96000, 144526, 1, 0, 0
96000, 283890, 0, 0, 0
97000, 287362, 0, 0, 0
97000, 148162, 1, 0, 0
98000, 285739, 0, 0, 0
98000, 145150, 1, 0, 0
99000, 142650, 1, 0, 0
99000, 287373, 0, 0, 0
100000, 281909, 0, 0, 0
100000, 142843, 1, 0, 0
101000, 145497, 1, 0, 0
101000, 287413, 0, 0, 0
102000, 152611, 1, 0, 0
102000, 289443, 0, 0, 0
103000, 153072, 1, 0, 0
103000, 295462, 0, 0, 0
104000, 145315, 1, 0, 0
104000, 281998, 0, 0, 0
105000, 144700, 1, 0, 0
105000, 285302, 0, 0, 0
106000, 147353, 1, 0, 0
106000, 287220, 0, 0, 0
107000, 142757, 1, 0, 0
107000, 286406, 0, 0, 0
108000, 144439, 1, 0, 0
108000, 279925, 0, 0, 0
109000, 287220, 0, 0, 0
109000, 143467, 1, 0, 0
110000, 146339, 1, 0, 0
110000, 290241, 0, 0, 0
111000, 286436, 0, 0, 0
111000, 144563, 1, 0, 0
112000, 280775, 0, 0, 0
112000, 145430, 1, 0, 0
113000, 288071, 0, 0, 0
113000, 143684, 1, 0, 0
114000, 172976, 1, 0, 0
114000, 304714, 0, 0, 0
115000, 313526, 0, 0, 0
115000, 179551, 1, 0, 0
116000, 179653, 1, 0, 0
116000, 309710, 0, 0, 0
117000, 307949, 0, 0, 0
117000, 185591, 1, 0, 0
118000, 153019, 1, 0, 0
118000, 293481, 0, 0, 0
119000, 286356, 0, 0, 0
119000, 146641, 1, 0, 0
120000, 144419, 1, 0, 0
120000, 289665, 0, 0, 0
121000, 282714, 0, 0, 0
121000, 145092, 1, 0, 0
122000, 141633, 1, 0, 0
122000, 280518, 0, 0, 0
123000, 283888, 0, 0, 0
123000, 143403, 1, 0, 0
124000, 144149, 1, 0, 0
124000, 279525, 0, 0, 0
125000, 144127, 1, 0, 0
125000, 286427, 0, 0, 0
126000, 284923, 0, 0, 0
126000, 146128, 1, 0, 0
127000, 142347, 1, 0, 0
127000, 286584, 0, 0, 0
128000, 144377, 1, 0, 0
128000, 278677, 0, 0, 0
129000, 143593, 1, 0, 0
129000, 287153, 0, 0, 0
130000, 143796, 1, 0, 0
130000, 283813, 0, 0, 0
131000, 289026, 0, 0, 0
131000, 146069, 1, 0, 0
132000, 142983, 1, 0, 0
132000, 277444, 0, 0, 0
133000, 287247, 0, 0, 0
133000, 144469, 1, 0, 0
134000, 168148, 1, 0, 0
134000, 300728, 0, 0, 0
135000, 311893, 0, 0, 0
135000, 181940, 1, 0, 0
136000, 307549, 0, 0, 0
136000, 176045, 1, 0, 0
137000, 179751, 1, 0, 0
137000, 305321, 0, 0, 0
138000, 309810, 0, 0, 0
138000, 149162, 1, 0, 0
139000, 288393, 0, 0, 0
139000, 144463, 1, 0, 0
140000, 283805, 0, 0, 0
140000, 148637, 1, 0, 0
141000, 284753, 0, 0, 0
141000, 143520, 1, 0, 0
142000, 147683, 1, 0, 0
142000, 284211, 0, 0, 0
143000, 152153, 1, 0, 0
143000, 289222, 0, 0, 0
144000, 287766, 0, 0, 0
144000, 146378, 1, 0, 0
145000, 147108, 1, 0, 0
145000, 287682, 0, 0, 0
146000, 145804, 1, 0, 0
146000, 284220, 0, 0, 0
147000, 145051, 1, 0, 0
147000, 286721, 0, 0, 0
148000, 147603, 1, 0, 0
148000, 290858, 0, 0, 0
149000, 146070, 1, 0, 0
149000, 286553, 0, 0, 0
150000, 146941, 1, 0, 0
150000, 287903, 0, 0, 0
151000, 145423, 1, 0, 0
151000, 284210, 0, 0, 0
152000, 328928, 0, 0, 0
152000, 131713, 1, 0, 0
153000, 124731, 1, 0, 0
153000, 342131, 0, 0, 0
154000, 358004, 0, 0, 0
154000, 152563, 1, 0, 0
155000, 158947, 1, 0, 0
155000, 358613, 0, 0, 0
156000, 363646, 0, 0, 0
156000, 162230, 1, 0, 0
157000, 359229, 0, 0, 0
157000, 160061, 1, 0, 0
158000, 351312, 0, 0, 0
158000, 131711, 1, 0, 0
159000, 343988, 0, 0, 0
159000, 130279, 1, 0, 0
160000, 125743, 1, 0, 0
160000, 345118, 0, 0, 0
161000, 127463, 1, 0, 0
161000, 343124, 0, 0, 0
162000, 367530, 0, 0, 0
162000, 161356, 1, 0, 0
163000, 166199, 1, 0, 0
163000, 363439, 0, 0, 0
164000, 359845, 0, 0, 0
164000, 159330, 1, 0, 0
165000, 160038, 1, 0, 0
165000, 362752, 0, 0, 0
166000, 131528, 1, 0, 0
166000, 345564, 0, 0, 0
167000, 125647, 1, 0, 0
167000, 345139, 0, 0, 0
168000, 124644, 1, 0, 0
168000, 342474, 0, 0, 0
169000, 130750, 1, 0, 0
169000, 346937, 0, 0, 0
170000, 343835, 0, 0, 0
170000, 126943, 1, 0, 0
171000, 125680, 1, 0, 0
171000, 343075, 0, 0, 0
172000, 126181, 1, 0, 0
172000, 341797, 0, 0, 0
173000, 341809, 0, 0, 0
173000, 124627, 1, 0, 0
174000, 124527, 1, 0, 0
174000, 340176, 0, 0, 0
175000, 123707, 1, 0, 0
175000, 342939, 0, 0, 0
176000, 341242, 0, 0, 0
176000, 123444, 1, 0, 0
177000, 124557, 1, 0, 0
177000, 347134, 0, 0, 0
178000, 152266, 1, 0, 0
178000, 358246, 0, 0, 0
179000, 157770, 1, 0, 0
179000, 361150, 0, 0, 0
180000, 162316, 1, 0, 0
180000, 362113, 0, 0, 0
180000, 472928, 0, 0, 0
180000, 359922, 1, 0, 0
