1000, 25948, 1, 0, 0
1000, 16931, 0, 0, 0
2000, 19917, 0, 0, 0
2000, 30047, 1, 0, 0
3000, 21313, 0, 0, 0
3000, 33943, 1, 0, 0
4000, 22096, 0, 0, 0
4000, 34347, 1, 0, 0
5000, 27346, 0, 0, 0
5000, 44684, 1, 0, 0
6000, 26216, 0, 0, 0
6000, 41787, 1, 0, 0
7000, 27615, 0, 0, 0
7000, 44067, 1, 0, 0
8000, 27408, 0, 0, 0
8000, 44090, 1, 0, 0
9000, 27920, 0, 0, 0
9000, 44084, 1, 0, 0
10000, 27726, 0, 0, 0
10000, 44102, 1, 0, 0
11000, 27795, 0, 0, 0
11000, 45207, 1, 0, 0
12000, 28289, 0, 0, 0
12000, 44532, 1, 0, 0
13000, 27860, 0, 0, 0
13000, 45180, 1, 0, 0
14000, 27736, 0, 0, 0
14000, 44478, 1, 0, 0
15000, 27390, 0, 0, 0
15001, 43789, 1, 0, 0
16000, 28661, 0, 0, 0
16000, 46777, 1, 0, 0
17000, 27782, 0, 0, 0
17000, 44354, 1, 0, 0
18000, 28074, 0, 0, 0
18000, 45353, 1, 0, 0
19000, 28187, 0, 0, 0
19000, 44729, 1, 0, 0
20000, 27733, 0, 0, 0
20000, 44130, 1, 0, 0
21000, 28177, 0, 0, 0
21000, 44488, 1, 0, 0
22000, 27860, 0, 0, 0
22000, 45352, 1, 0, 0
23000, 27883, 0, 0, 0
23000, 44242, 1, 0, 0
24000, 28370, 0, 0, 0
24000, 44577, 1, 0, 0
25000, 27775, 0, 0, 0
25000, 44668, 1, 0, 0
26000, 28047, 0, 0, 0
26000, 44964, 1, 0, 0
27000, 27872, 0, 0, 0
27000, 44422, 1, 0, 0
28000, 28740, 0, 0, 0
28000, 45407, 1, 0, 0
29000, 27400, 0, 0, 0
29000, 44419, 1, 0, 0
30000, 28323, 0, 0, 0
30000, 45177, 1, 0, 0
31000, 45133, 1, 0, 0
31000, 27991, 0, 0, 0
32000, 27612, 0, 0, 0
32000, 44507, 1, 0, 0
33000, 45027, 1, 0, 0
33000, 27752, 0, 0, 0
34000, 28028, 0, 0, 0
34000, 45868, 1, 0, 0
35000, 28285, 0, 0, 0
35000, 45952, 1, 0, 0
36000, 27770, 0, 0, 0
36000, 44530, 1, 0, 0
37000, 27545, 0, 0, 0
37000, 43905, 1, 0, 0
38000, 27899, 0, 0, 0
38000, 45198, 1, 0, 0
39000, 30411, 0, 0, 0
39000, 49167, 1, 0, 0
40000, 29728, 0, 0, 0
40000, 48932, 1, 0, 0
41000, 25985, 0, 0, 0
41000, 41337, 1, 0, 0
42000, 27364, 0, 0, 0
42000, 43407, 1, 0, 0
43000, 23336, 0, 0, 0
43000, 36515, 1, 0, 0
44000, 18724, 0, 0, 0
44000, 28807, 1, 0, 0
45000, 18591, 0, 0, 0
45000, 28885, 1, 0, 0
46000, 28441, 1, 0, 0
46000, 18445, 0, 0, 0
47000, 18101, 0, 0, 0
47000, 28143, 1, 0, 0
48000, 15218, 0, 0, 0
48000, 23525, 1, 0, 0
49000, 15369, 0, 0, 0
49000, 23808, 1, 0, 0
50000, 15359, 0, 0, 0
50000, 24233, 1, 0, 0
51000, 15232, 0, 0, 0
51000, 23232, 1, 0, 0
52000, 23556, 1, 0, 0
52000, 15294, 0, 0, 0
53000, 15188, 0, 0, 0
53000, 23914, 1, 0, 0
54000, 15176, 0, 0, 0
54000, 23301, 1, 0, 0
55000, 15181, 0, 0, 0
55000, 23295, 1, 0, 0
56000, 15244, 0, 0, 0
56001, 23437, 1, 0, 0
57000, 15229, 0, 0, 0
57000, 23286, 1, 0, 0
58000, 15282, 0, 0, 0
58000, 23594, 1, 0, 0
59000, 15150, 0, 0, 0
59000, 23344, 1, 0, 0
60000, 15134, 0, 0, 0
60000, 23352, 1, 0, 0
61000, 15190, 0, 0, 0
61000, 23160, 1, 0, 0
62000, 15336, 0, 0, 0
62000, 23496, 1, 0, 0
63000, 15173, 0, 0, 0
63000, 23278, 1, 0, 0
64000, 15140, 0, 0, 0
64000, 23413, 1, 0, 0
65000, 15413, 0, 0, 0
65000, 23638, 1, 0, 0
66000, 15262, 0, 0, 0
66000, 23612, 1, 0, 0
67000, 15114, 0, 0, 0
67000, 23489, 1, 0, 0
68000, 15091, 0, 0, 0
68000, 23241, 1, 0, 0
69000, 15058, 0, 0, 0
69000, 23287, 1, 0, 0
70000, 23275, 1, 0, 0
70000, 15053, 0, 0, 0
71000, 15277, 0, 0, 0
71000, 23619, 1, 0, 0
72000, 15076, 0, 0, 0
72000, 23607, 1, 0, 0
73000, 15253, 0, 0, 0
73000, 23488, 1, 0, 0
74000, 15086, 0, 0, 0
74000, 23153, 1, 0, 0
75000, 15313, 0, 0, 0
75000, 23698, 1, 0, 0
76000, 15193, 0, 0, 0
76000, 23727, 1, 0, 0
77000, 15230, 0, 0, 0
77000, 23853, 1, 0, 0
78000, 15285, 0, 0, 0
78000, 23753, 1, 0, 0
79000, 23714, 1, 0, 0
79000, 15256, 0, 0, 0
80000, 15263, 0, 0, 0
80000, 23611, 1, 0, 0
81000, 15325, 0, 0, 0
81000, 23705, 1, 0, 0
82000, 23990, 1, 0, 0
82000, 15350, 0, 0, 0
83000, 15218, 0, 0, 0
83000, 23503, 1, 0, 0
84000, 15723, 0, 0, 0
84000, 24423, 1, 0, 0
85000, 15231, 0, 0, 0
85000, 23572, 1, 0, 0
86000, 15283, 0, 0, 0
86000, 23732, 1, 0, 0
87000, 23641, 1, 0, 0
87000, 15182, 0, 0, 0
88000, 15192, 0, 0, 0
88000, 23622, 1, 0, 0
89000, 15315, 0, 0, 0
89000, 23682, 1, 0, 0
90000, 15199, 0, 0, 0
90000, 23680, 1, 0, 0
91000, 15174, 0, 0, 0
91000, 23796, 1, 0, 0
92000, 15460, 0, 0, 0
92000, 24036, 1, 0, 0
93000, 15032, 0, 0, 0
93000, 23457, 1, 0, 0
94000, 23553, 1, 0, 0
94000, 15293, 0, 0, 0
95000, 15369, 0, 0, 0
95000, 24011, 1, 0, 0
96000, 15173, 0, 0, 0
96000, 23835, 1, 0, 0
97000, 23483, 1, 0, 0
97000, 15086, 0, 0, 0
98000, 15127, 0, 0, 0
98000, 23591, 1, 0, 0
99000, 16009, 0, 0, 0
99000, 25188, 1, 0, 0
100000, 15596, 0, 0, 0
100000, 24361, 1, 0, 0
101000, 15164, 0, 0, 0
101000, 23317, 1, 0, 0
102000, 15048, 0, 0, 0
102000, 23466, 1, 0, 0
103000, 15030, 0, 0, 0
103000, 24283, 1, 0, 0
104000, 15176, 0, 0, 0
104000, 23582, 1, 0, 0
105000, 15249, 0, 0, 0
105000, 23571, 1, 0, 0
106000, 15127, 0, 0, 0
106000, 23271, 1, 0, 0
107000, 15044, 0, 0, 0
107000, 23254, 1, 0, 0
108000, 15139, 0, 0, 0
108000, 23514, 1, 0, 0
109000, 15198, 0, 0, 0
109000, 23480, 1, 0, 0
110000, 15173, 0, 0, 0
110000, 23698, 1, 0, 0
111000, 15093, 0, 0, 0
111000, 23373, 1, 0, 0
112000, 15125, 0, 0, 0
112000, 23444, 1, 0, 0
113000, 15305, 0, 0, 0
113000, 23711, 1, 0, 0
114000, 23659, 1, 0, 0
114000, 15244, 0, 0, 0
115000, 15162, 0, 0, 0
115000, 23581, 1, 0, 0
116000, 23608, 1, 0, 0
116000, 15231, 0, 0, 0
117000, 15326, 0, 0, 0
117000, 23585, 1, 0, 0
118000, 15171, 0, 0, 0
118000, 23409, 1, 0, 0
119000, 15206, 0, 0, 0
119000, 23509, 1, 0, 0
120000, 15220, 0, 0, 0
120000, 23440, 1, 0, 0
121000, 15236, 0, 0, 0
121000, 23462, 1, 0, 0
122000, 15302, 0, 0, 0
122000, 23442, 1, 0, 0
123000, 15285, 0, 0, 0
123000, 23734, 1, 0, 0
124000, 15176, 0, 0, 0
124000, 23473, 1, 0, 0
125000, 23673, 1, 0, 0
125000, 15285, 0, 0, 0
126000, 15350, 0, 0, 0
126000, 23845, 1, 0, 0
127000, 15177, 0, 0, 0
127000, 23559, 1, 0, 0
128000, 23547, 1, 0, 0
128000, 15190, 0, 0, 0
129000, 15247, 0, 0, 0
129000, 23804, 1, 0, 0
130000, 15426, 0, 0, 0
130000, 24104, 1, 0, 0
131000, 23679, 1, 0, 0
131000, 15223, 0, 0, 0
132000, 15307, 0, 0, 0
132000, 23903, 1, 0, 0
133000, 23916, 1, 0, 0
133000, 15257, 0, 0, 0
134000, 15109, 0, 0, 0
134000, 23911, 1, 0, 0
135000, 15223, 0, 0, 0
135000, 23645, 1, 0, 0
136000, 23950, 1, 0, 0
136000, 15279, 0, 0, 0
137000, 15252, 0, 0, 0
137000, 23791, 1, 0, 0
138000, 15243, 0, 0, 0
138000, 23728, 1, 0, 0
139000, 15293, 0, 0, 0
139000, 24014, 1, 0, 0
140000, 15087, 0, 0, 0
140000, 23848, 1, 0, 0
141000, 15121, 0, 0, 0
141000, 23645, 1, 0, 0
142000, 23645, 1, 0, 0
142000, 15162, 0, 0, 0
143000, 15123, 0, 0, 0
143000, 23612, 1, 0, 0
144000, 15830, 0, 0, 0
144000, 24801, 1, 0, 0
145000, 15199, 0, 0, 0
145000, 23773, 1, 0, 0
146000, 15262, 0, 0, 0
146000, 23726, 1, 0, 0
147000, 15293, 0, 0, 0
147000, 23601, 1, 0, 0
148000, 23719, 1, 0, 0
148000, 15277, 0, 0, 0
149000, 15197, 0, 0, 0
149000, 23745, 1, 0, 0
150000, 15253, 0, 0, 0
150000, 23863, 1, 0, 0
151000, 15260, 0, 0, 0
151000, 23880, 1, 0, 0
152000, 15239, 0, 0, 0
152000, 23979, 1, 0, 0
153000, 15297, 0, 0, 0
153000, 23726, 1, 0, 0
154000, 15273, 0, 0, 0
154000, 23836, 1, 0, 0
155000, 23809, 1, 0, 0
155000, 15313, 0, 0, 0
156000, 24016, 1, 0, 0
156000, 15288, 0, 0, 0
157000, 15293, 0, 0, 0
157000, 23803, 1, 0, 0
158000, 15239, 0, 0, 0
158000, 23826, 1, 0, 0
159000, 16260, 0, 0, 0
159000, 25906, 1, 0, 0
160000, 16256, 0, 0, 0
160000, 26040, 1, 0, 0
161000, 15354, 0, 0, 0
161000, 23825, 1, 0, 0
162000, 15244, 0, 0, 0
162000, 23949, 1, 0, 0
163000, 15369, 0, 0, 0
163000, 23943, 1, 0, 0
164000, 15243, 0, 0, 0
164000, 23926, 1, 0, 0
165000, 15216, 0, 0, 0
165000, 23946, 1, 0, 0
166000, 15489, 0, 0, 0
166000, 24069, 1, 0, 0
167000, 15339, 0, 0, 0
167000, 24038, 1, 0, 0
168000, 15407, 0, 0, 0
168000, 23953, 1, 0, 0
169000, 15706, 0, 0, 0
169000, 24648, 1, 0, 0
170000, 15591, 0, 0, 0
170000, 24058, 1, 0, 0
171000, 15424, 0, 0, 0
171000, 24109, 1, 0, 0
172000, 15247, 0, 0, 0
172000, 23754, 1, 0, 0
173000, 15229, 0, 0, 0
173000, 23798, 1, 0, 0
174000, 15239, 0, 0, 0
174000, 23918, 1, 0, 0
175000, 15356, 0, 0, 0
175000, 23913, 1, 0, 0
176000, 16315, 0, 0, 0
176000, 25578, 1, 0, 0
177000, 15198, 0, 0, 0
177000, 23658, 1, 0, 0
178000, 15277, 0, 0, 0
178000, 23902, 1, 0, 0
179000, 15307, 0, 0, 0
179000, 23800, 1, 0, 0
180000, 15159, 0, 0, 0
180000, 23470, 1, 0, 0
