1002, 33692, 0, 0, 0
1002, 14426, 1, 0, 0
2002, 29744, 0, 0, 0
2002, 12590, 1, 0, 0
3007, 27077, 0, 0, 0
3007, 11680, 1, 0, 0
4008, 30882, 0, 0, 0
4008, 13244, 1, 0, 0
5011, 22509, 0, 0, 0
5011, 9656, 1, 0, 0
6017, 21935, 0, 0, 0
6017, 9471, 1, 0, 0
7017, 20100, 0, 0, 0
7017, 8803, 1, 0, 0
8018, 19742, 0, 0, 0
8018, 8524, 1, 0, 0
9019, 20068, 0, 0, 0
9019, 8625, 1, 0, 0
10019, 20094, 0, 0, 0
10019, 8496, 1, 0, 0
11020, 19903, 0, 0, 0
11020, 8517, 1, 0, 0
12021, 19785, 0, 0, 0
12021, 8700, 1, 0, 0
13022, 19898, 0, 0, 0
13022, 8451, 1, 0, 0
14022, 19822, 0, 0, 0
14022, 8437, 1, 0, 0
15022, 19907, 0, 0, 0
15022, 8819, 1, 0, 0
16022, 20288, 0, 0, 0
16022, 8692, 1, 0, 0
17022, 19462, 0, 0, 0
17022, 8319, 1, 0, 0
18023, 20033, 0, 0, 0
18023, 8494, 1, 0, 0
19024, 20119, 0, 0, 0
19024, 8590, 1, 0, 0
20024, 20336, 0, 0, 0
20024, 8638, 1, 0, 0
21024, 19643, 0, 0, 0
21024, 8379, 1, 0, 0
22025, 19675, 0, 0, 0
22025, 8366, 1, 0, 0
23025, 20058, 0, 0, 0
23025, 8757, 1, 0, 0
24026, 19714, 0, 0, 0
24026, 8452, 1, 0, 0
25026, 19702, 0, 0, 0
25026, 8580, 1, 0, 0
26027, 19812, 0, 0, 0
26027, 8557, 1, 0, 0
27027, 19769, 0, 0, 0
27027, 8602, 1, 0, 0
28028, 20199, 0, 0, 0
28028, 8516, 1, 0, 0
29029, 19798, 0, 0, 0
29029, 8468, 1, 0, 0
30029, 20307, 0, 0, 0
30029, 8515, 1, 0, 0
31030, 20174, 0, 0, 0
31030, 8553, 1, 0, 0
32030, 19837, 0, 0, 0
32030, 8433, 1, 0, 0
33031, 20150, 0, 0, 0
33031, 8780, 1, 0, 0
34032, 20354, 0, 0, 0
34032, 8496, 1, 0, 0
35032, 19918, 0, 0, 0
35032, 8627, 1, 0, 0
36033, 20143, 0, 0, 0
36033, 8623, 1, 0, 0
37034, 17497, 0, 0, 0
37034, 7392, 1, 0, 0
38034, 19507, 0, 0, 0
38034, 8406, 1, 0, 0
39035, 20228, 0, 0, 0
39035, 8673, 1, 0, 0
40035, 20404, 0, 0, 0
40035, 8739, 1, 0, 0
41035, 19827, 0, 0, 0
41035, 8477, 1, 0, 0
42036, 19822, 0, 0, 0
42036, 8629, 1, 0, 0
43036, 19868, 0, 0, 0
43036, 8581, 1, 0, 0
44037, 19970, 0, 0, 0
44037, 8624, 1, 0, 0
45038, 20396, 0, 0, 0
45038, 8695, 1, 0, 0
46038, 19969, 0, 0, 0
46038, 8623, 1, 0, 0
47038, 20072, 0, 0, 0
47038, 8389, 1, 0, 0
48038, 19581, 0, 0, 0
48038, 8334, 1, 0, 0
49039, 19865, 0, 0, 0
49039, 8491, 1, 0, 0
50039, 22067, 0, 0, 0
50039, 9347, 1, 0, 0
51039, 20351, 0, 0, 0
51039, 8756, 1, 0, 0
52040, 24861, 0, 0, 0
52040, 10653, 1, 0, 0
53041, 33711, 0, 0, 0
53041, 14503, 1, 0, 0
54042, 37119, 0, 0, 0
54042, 16021, 1, 0, 0
55043, 37066, 0, 0, 0
55043, 15862, 1, 0, 0
56043, 37466, 0, 0, 0
56043, 16042, 1, 0, 0
57044, 37000, 0, 0, 0
57044, 15813, 1, 0, 0
58045, 36930, 0, 0, 0
58045, 16200, 1, 0, 0
59045, 34720, 0, 0, 0
59045, 14947, 1, 0, 0
60046, 37337, 0, 0, 0
60046, 16084, 1, 0, 0
61046, 37537, 0, 0, 0
61046, 15763, 1, 0, 0
62046, 37467, 0, 0, 0
62046, 16073, 1, 0, 0
63047, 36519, 0, 0, 0
63047, 15888, 1, 0, 0
64048, 37267, 0, 0, 0
64048, 16077, 1, 0, 0
65049, 36942, 0, 0, 0
65049, 15738, 1, 0, 0
66049, 36885, 0, 0, 0
66049, 15949, 1, 0, 0
67050, 37386, 0, 0, 0
67050, 15882, 1, 0, 0
68051, 37760, 0, 0, 0
68051, 16073, 1, 0, 0
69052, 37568, 0, 0, 0
69052, 15943, 1, 0, 0
70053, 37275, 0, 0, 0
70053, 16096, 1, 0, 0
71054, 37186, 0, 0, 0
71054, 15979, 1, 0, 0
72054, 37432, 0, 0, 0
72054, 15823, 1, 0, 0
73055, 37432, 0, 0, 0
73055, 16141, 1, 0, 0
74055, 37797, 0, 0, 0
74055, 16030, 1, 0, 0
75056, 37468, 0, 0, 0
75056, 15896, 1, 0, 0
76057, 37257, 0, 0, 0
76057, 16190, 1, 0, 0
77058, 37499, 0, 0, 0
77058, 16272, 1, 0, 0
78059, 37552, 0, 0, 0
78059, 16001, 1, 0, 0
79060, 37459, 0, 0, 0
79060, 15999, 1, 0, 0
80060, 37088, 0, 0, 0
80060, 16044, 1, 0, 0
81060, 36403, 0, 0, 0
81060, 15719, 1, 0, 0
82061, 37065, 0, 0, 0
82061, 15872, 1, 0, 0
83062, 37113, 0, 0, 0
83062, 16146, 1, 0, 0
84063, 37526, 0, 0, 0
84063, 15913, 1, 0, 0
85064, 37059, 0, 0, 0
85064, 15756, 1, 0, 0
86064, 37730, 0, 0, 0
86064, 16213, 1, 0, 0
87065, 37103, 0, 0, 0
87065, 15980, 1, 0, 0
88066, 37582, 0, 0, 0
88066, 15898, 1, 0, 0
89066, 37305, 0, 0, 0
89066, 16148, 1, 0, 0
90066, 37621, 0, 0, 0
90066, 16001, 1, 0, 0
91067, 37008, 0, 0, 0
91067, 15994, 1, 0, 0
92067, 37147, 0, 0, 0
92067, 15840, 1, 0, 0
93067, 37633, 0, 0, 0
93067, 15818, 1, 0, 0
94067, 37306, 0, 0, 0
94067, 16095, 1, 0, 0
95067, 37764, 0, 0, 0
95067, 15939, 1, 0, 0
96067, 35552, 0, 0, 0
96067, 15268, 1, 0, 0
97067, 36022, 0, 0, 0
97067, 15656, 1, 0, 0
98068, 37387, 0, 0, 0
98068, 15931, 1, 0, 0
99069, 37937, 0, 0, 0
99069, 15727, 1, 0, 0
100070, 37231, 0, 0, 0
100070, 16090, 1, 0, 0
101070, 37264, 0, 0, 0
101070, 15964, 1, 0, 0
102071, 37099, 0, 0, 0
102071, 16107, 1, 0, 0
103071, 37186, 0, 0, 0
103071, 15942, 1, 0, 0
104072, 37796, 0, 0, 0
104072, 16284, 1, 0, 0
105073, 37307, 0, 0, 0
105073, 16249, 1, 0, 0
106073, 37782, 0, 0, 0
106073, 16005, 1, 0, 0
107075, 37561, 0, 0, 0
107075, 16159, 1, 0, 0
108075, 36942, 0, 0, 0
108075, 16049, 1, 0, 0
109075, 37670, 0, 0, 0
109075, 16087, 1, 0, 0
110076, 37619, 0, 0, 0
110076, 16019, 1, 0, 0
111076, 37155, 0, 0, 0
111076, 16259, 1, 0, 0
112077, 37277, 0, 0, 0
112077, 15921, 1, 0, 0
113077, 36923, 0, 0, 0
113077, 15562, 1, 0, 0
114078, 35339, 0, 0, 0
114078, 15196, 1, 0, 0
115078, 36817, 0, 0, 0
115078, 15866, 1, 0, 0
116079, 37093, 0, 0, 0
116079, 16081, 1, 0, 0
117080, 37602, 0, 0, 0
117080, 16020, 1, 0, 0
118081, 37815, 0, 0, 0
118081, 16102, 1, 0, 0
119081, 37710, 0, 0, 0
119081, 16080, 1, 0, 0
120081, 37492, 0, 0, 0
120081, 16250, 1, 0, 0
121082, 37565, 0, 0, 0
121082, 16050, 1, 0, 0
122083, 37157, 0, 0, 0
122083, 16161, 1, 0, 0
123083, 37252, 0, 0, 0
123083, 15812, 1, 0, 0
124084, 37529, 0, 0, 0
124084, 15946, 1, 0, 0
125085, 37426, 0, 0, 0
125085, 16141, 1, 0, 0
126085, 37367, 0, 0, 0
126085, 15777, 1, 0, 0
127086, 37209, 0, 0, 0
127086, 16053, 1, 0, 0
128087, 37018, 0, 0, 0
128087, 16069, 1, 0, 0
129087, 37148, 0, 0, 0
129087, 16147, 1, 0, 0
130088, 37519, 0, 0, 0
130088, 16175, 1, 0, 0
131089, 37434, 0, 0, 0
131089, 16023, 1, 0, 0
132089, 37290, 0, 0, 0
132089, 16131, 1, 0, 0
133090, 37353, 0, 0, 0
133090, 16318, 1, 0, 0
134090, 37691, 0, 0, 0
134090, 15896, 1, 0, 0
135091, 37402, 0, 0, 0
135091, 16177, 1, 0, 0
136091, 37759, 0, 0, 0
136091, 16137, 1, 0, 0
137092, 37403, 0, 0, 0
137092, 16228, 1, 0, 0
138093, 37282, 0, 0, 0
138093, 15959, 1, 0, 0
139094, 37181, 0, 0, 0
139094, 15863, 1, 0, 0
140095, 36948, 0, 0, 0
140095, 15873, 1, 0, 0
141095, 36143, 0, 0, 0
141095, 15519, 1, 0, 0
142096, 36795, 0, 0, 0
142096, 15839, 1, 0, 0
143096, 36543, 0, 0, 0
143096, 15652, 1, 0, 0
144097, 34703, 0, 0, 0
144097, 14600, 1, 0, 0
145098, 36971, 0, 0, 0
145098, 15844, 1, 0, 0
146099, 36987, 0, 0, 0
146099, 15932, 1, 0, 0
147100, 37045, 0, 0, 0
147100, 15824, 1, 0, 0
148100, 36953, 0, 0, 0
148100, 15837, 1, 0, 0
149101, 37297, 0, 0, 0
149101, 15700, 1, 0, 0
150101, 36841, 0, 0, 0
150101, 15763, 1, 0, 0
151102, 36969, 0, 0, 0
151102, 15750, 1, 0, 0
152102, 36846, 0, 0, 0
152102, 15982, 1, 0, 0
153103, 36997, 0, 0, 0
153103, 15923, 1, 0, 0
154104, 37371, 0, 0, 0
154104, 16117, 1, 0, 0
155105, 36931, 0, 0, 0
155105, 15903, 1, 0, 0
156105, 35449, 0, 0, 0
156105, 15012, 1, 0, 0
157106, 35712, 0, 0, 0
157106, 15106, 1, 0, 0
158107, 37316, 0, 0, 0
158107, 15859, 1, 0, 0
159107, 37106, 0, 0, 0
159107, 15939, 1, 0, 0
160108, 37058, 0, 0, 0
160108, 15923, 1, 0, 0
161109, 37206, 0, 0, 0
161109, 15905, 1, 0, 0
162111, 36315, 0, 0, 0
162111, 15711, 1, 0, 0
163111, 36499, 0, 0, 0
163111, 15917, 1, 0, 0
164112, 37335, 0, 0, 0
164112, 15941, 1, 0, 0
165112, 36685, 0, 0, 0
165112, 15791, 1, 0, 0
166114, 37103, 0, 0, 0
166114, 15796, 1, 0, 0
167114, 36819, 0, 0, 0
167114, 15645, 1, 0, 0
168115, 36652, 0, 0, 0
168115, 15761, 1, 0, 0
169115, 36378, 0, 0, 0
169115, 15542, 1, 0, 0
170116, 37117, 0, 0, 0
170116, 15687, 1, 0, 0
171117, 35895, 0, 0, 0
171117, 15368, 1, 0, 0
172117, 36215, 0, 0, 0
172117, 15571, 1, 0, 0
173118, 36152, 0, 0, 0
173118, 15302, 1, 0, 0
174119, 35536, 0, 0, 0
174119, 15352, 1, 0, 0
175119, 36495, 0, 0, 0
175119, 15376, 1, 0, 0
176120, 36407, 0, 0, 0
176120, 15308, 1, 0, 0
177120, 35956, 0, 0, 0
177120, 15648, 1, 0, 0
178120, 36513, 0, 0, 0
178120, 15642, 1, 0, 0
179121, 36339, 0, 0, 0
179121, 15518, 1, 0, 0
180122, 31376, 0, 0, 0
180122, 13694, 1, 0, 0
