1001, 35188, 0, 0, 0
1001, 15074, 1, 0, 0
2002, 36597, 0, 0, 0
2002, 15548, 1, 0, 0
3009, 35934, 0, 0, 0
3009, 15494, 1, 0, 0
4007, 35684, 0, 0, 0
4007, 15252, 1, 0, 0
5008, 35589, 0, 0, 0
5008, 15469, 1, 0, 0
6007, 35789, 0, 0, 0
6007, 15555, 1, 0, 0
7007, 36391, 0, 0, 0
7007, 15381, 1, 0, 0
8008, 35865, 0, 0, 0
8008, 15600, 1, 0, 0
9007, 31746, 0, 0, 0
9007, 13501, 1, 0, 0
10011, 26480, 0, 0, 0
10011, 11610, 1, 0, 0
11010, 29379, 0, 0, 0
11010, 12743, 1, 0, 0
12011, 27906, 0, 0, 0
12011, 11729, 1, 0, 0
13012, 22430, 0, 0, 0
13012, 9540, 1, 0, 0
14013, 21426, 0, 0, 0
14013, 9139, 1, 0, 0
15014, 21758, 0, 0, 0
15014, 9260, 1, 0, 0
16015, 23521, 0, 0, 0
16015, 9989, 1, 0, 0
17015, 24254, 0, 0, 0
17015, 10559, 1, 0, 0
18016, 26595, 0, 0, 0
18016, 11505, 1, 0, 0
19016, 28506, 0, 0, 0
19016, 12364, 1, 0, 0
20017, 26587, 0, 0, 0
20017, 11338, 1, 0, 0
21017, 26299, 0, 0, 0
21017, 11260, 1, 0, 0
22018, 28631, 0, 0, 0
22018, 12024, 1, 0, 0
23018, 32947, 0, 0, 0
23018, 14016, 1, 0, 0
24018, 27947, 0, 0, 0
24018, 12009, 1, 0, 0
25019, 26438, 0, 0, 0
25019, 11317, 1, 0, 0
26019, 22052, 0, 0, 0
26019, 9412, 1, 0, 0
27019, 21112, 0, 0, 0
27019, 8943, 1, 0, 0
28020, 22278, 0, 0, 0
28020, 9607, 1, 0, 0
29021, 25943, 0, 0, 0
29021, 11128, 1, 0, 0
30022, 26661, 0, 0, 0
30022, 11502, 1, 0, 0
31023, 25585, 0, 0, 0
31023, 10994, 1, 0, 0
32023, 27561, 0, 0, 0
32023, 11862, 1, 0, 0
33024, 24501, 0, 0, 0
33024, 10518, 1, 0, 0
34025, 25758, 0, 0, 0
34025, 11152, 1, 0, 0
35025, 23842, 0, 0, 0
35025, 9964, 1, 0, 0
36026, 20435, 0, 0, 0
36026, 8736, 1, 0, 0
37027, 18757, 0, 0, 0
37027, 8031, 1, 0, 0
38028, 18884, 0, 0, 0
38028, 7925, 1, 0, 0
39028, 19538, 0, 0, 0
39028, 8524, 1, 0, 0
40029, 26058, 0, 0, 0
40029, 11090, 1, 0, 0
41030, 33560, 0, 0, 0
41030, 14425, 1, 0, 0
42031, 31199, 0, 0, 0
42031, 13448, 1, 0, 0
43031, 30805, 0, 0, 0
43031, 13299, 1, 0, 0
44032, 24547, 0, 0, 0
44032, 10393, 1, 0, 0
45032, 22647, 0, 0, 0
45032, 9728, 1, 0, 0
46032, 24459, 0, 0, 0
46032, 10479, 1, 0, 0
47033, 30282, 0, 0, 0
47033, 13013, 1, 0, 0
48034, 32520, 0, 0, 0
48034, 14176, 1, 0, 0
49035, 37329, 0, 0, 0
49035, 16193, 1, 0, 0
50036, 37516, 0, 0, 0
50036, 16079, 1, 0, 0
51036, 37181, 0, 0, 0
51036, 15596, 1, 0, 0
52037, 37439, 0, 0, 0
52037, 16197, 1, 0, 0
53038, 37241, 0, 0, 0
53038, 16148, 1, 0, 0
54039, 36475, 0, 0, 0
54039, 15695, 1, 0, 0
55040, 37082, 0, 0, 0
55040, 15952, 1, 0, 0
56040, 36646, 0, 0, 0
56040, 15667, 1, 0, 0
57040, 35259, 0, 0, 0
57040, 15000, 1, 0, 0
58041, 37737, 0, 0, 0
58041, 16094, 1, 0, 0
59042, 38005, 0, 0, 0
59042, 16025, 1, 0, 0
60043, 36835, 0, 0, 0
60043, 15924, 1, 0, 0
61044, 37907, 0, 0, 0
61044, 16295, 1, 0, 0
62045, 37677, 0, 0, 0
62045, 16019, 1, 0, 0
63046, 37406, 0, 0, 0
63046, 15870, 1, 0, 0
64046, 37492, 0, 0, 0
64046, 16193, 1, 0, 0
65047, 37632, 0, 0, 0
65047, 16044, 1, 0, 0
66047, 37078, 0, 0, 0
66047, 15863, 1, 0, 0
67047, 37235, 0, 0, 0
67047, 16181, 1, 0, 0
68047, 37386, 0, 0, 0
68047, 16050, 1, 0, 0
69048, 36389, 0, 0, 0
69048, 15461, 1, 0, 0
70049, 37208, 0, 0, 0
70049, 16136, 1, 0, 0
71049, 37540, 0, 0, 0
71049, 16071, 1, 0, 0
72049, 37159, 0, 0, 0
72049, 16049, 1, 0, 0
73050, 36452, 0, 0, 0
73050, 15847, 1, 0, 0
74050, 33450, 0, 0, 0
74050, 14099, 1, 0, 0
75050, 33888, 0, 0, 0
75050, 14433, 1, 0, 0
76051, 37413, 0, 0, 0
76051, 16161, 1, 0, 0
77052, 37421, 0, 0, 0
77052, 16118, 1, 0, 0
78052, 37691, 0, 0, 0
78052, 15878, 1, 0, 0
79053, 37200, 0, 0, 0
79053, 16095, 1, 0, 0
80053, 37636, 0, 0, 0
80053, 15978, 1, 0, 0
81054, 36952, 0, 0, 0
81054, 16007, 1, 0, 0
82054, 37430, 0, 0, 0
82054, 15973, 1, 0, 0
83055, 38021, 0, 0, 0
83055, 16052, 1, 0, 0
84056, 37201, 0, 0, 0
84056, 16026, 1, 0, 0
85056, 37576, 0, 0, 0
85056, 15804, 1, 0, 0
86057, 36073, 0, 0, 0
86057, 15552, 1, 0, 0
87057, 32568, 0, 0, 0
87057, 14117, 1, 0, 0
88058, 37268, 0, 0, 0
88058, 15885, 1, 0, 0
89059, 36083, 0, 0, 0
89059, 14939, 1, 0, 0
90059, 35520, 0, 0, 0
90059, 15271, 1, 0, 0
91060, 31657, 0, 0, 0
91060, 13623, 1, 0, 0
92061, 35029, 0, 0, 0
92061, 15267, 1, 0, 0
93061, 37505, 0, 0, 0
93061, 15893, 1, 0, 0
94061, 37113, 0, 0, 0
94061, 16287, 1, 0, 0
95061, 35058, 0, 0, 0
95061, 15121, 1, 0, 0
96061, 33371, 0, 0, 0
96061, 14290, 1, 0, 0
97062, 35797, 0, 0, 0
97062, 15198, 1, 0, 0
98062, 37076, 0, 0, 0
98062, 15999, 1, 0, 0
99062, 36059, 0, 0, 0
99062, 15705, 1, 0, 0
100063, 34929, 0, 0, 0
100063, 14810, 1, 0, 0
101063, 36923, 0, 0, 0
101063, 15872, 1, 0, 0
102063, 37054, 0, 0, 0
102063, 15946, 1, 0, 0
103063, 36541, 0, 0, 0
103063, 15722, 1, 0, 0
104064, 31396, 0, 0, 0
104064, 13212, 1, 0, 0
105065, 29062, 0, 0, 0
105065, 12497, 1, 0, 0
106066, 30285, 0, 0, 0
106066, 13099, 1, 0, 0
107067, 31397, 0, 0, 0
107067, 13552, 1, 0, 0
108067, 35045, 0, 0, 0
108067, 15024, 1, 0, 0
109068, 37028, 0, 0, 0
109068, 15847, 1, 0, 0
110068, 37449, 0, 0, 0
110068, 15807, 1, 0, 0
111069, 36925, 0, 0, 0
111069, 15820, 1, 0, 0
112069, 36693, 0, 0, 0
112069, 16054, 1, 0, 0
113070, 36638, 0, 0, 0
113070, 15751, 1, 0, 0
114070, 34290, 0, 0, 0
114070, 14592, 1, 0, 0
115071, 33724, 0, 0, 0
115071, 14321, 1, 0, 0
116071, 36147, 0, 0, 0
116071, 15508, 1, 0, 0
117071, 37383, 0, 0, 0
117071, 16002, 1, 0, 0
118072, 37665, 0, 0, 0
118072, 16067, 1, 0, 0
119072, 37100, 0, 0, 0
119072, 16008, 1, 0, 0
120073, 33758, 0, 0, 0
120073, 14675, 1, 0, 0
