1000, 320481, 0, 0, 0
1000, 153041, 1, 0, 0
2000, 176003, 1, 0, 0
2000, 315646, 0, 0, 0
3000, 326708, 0, 0, 0
3000, 179257, 1, 0, 0
4000, 159796, 1, 0, 0
4000, 308602, 0, 0, 0
5000, 166328, 1, 0, 0
5000, 313495, 0, 0, 0
6000, 175626, 1, 0, 0
6000, 319863, 0, 0, 0
7000, 310169, 0, 0, 0
7000, 165320, 1, 0, 0
8000, 173233, 1, 0, 0
8000, 322852, 0, 0, 0
9000, 323088, 0, 0, 0
9000, 176867, 1, 0, 0
10000, 173934, 1, 0, 0
10000, 321492, 0, 0, 0
11000, 161713, 1, 0, 0
11000, 311415, 0, 0, 0
12000, 321482, 0, 0, 0
12000, 176560, 1, 0, 0
13000, 176839, 1, 0, 0
13000, 324782, 0, 0, 0
14000, 310578, 0, 0, 0
14000, 163430, 1, 0, 0
15000, 201382, 1, 0, 0
15000, 347970, 0, 0, 0
16000, 350965, 0, 0, 0
16000, 206741, 1, 0, 0
17000, 158779, 1, 0, 0
17000, 298820, 0, 0, 0
18000, 320565, 0, 0, 0
18000, 174157, 1, 0, 0
19000, 175974, 1, 0, 0
19000, 325396, 0, 0, 0
20000, 163251, 1, 0, 0
20000, 313060, 0, 0, 0
21000, 316258, 0, 0, 0
21000, 170052, 1, 0, 0
22000, 307361, 0, 0, 0
22000, 161534, 1, 0, 0
23000, 152078, 1, 0, 0
23000, 303199, 0, 0, 0
24000, 155424, 1, 0, 0
24000, 304740, 0, 0, 0
25000, 300307, 0, 0, 0
25000, 149583, 1, 0, 0
26000, 276348, 0, 0, 0
26000, 126913, 1, 0, 0
27000, 279147, 0, 0, 0
27000, 116923, 1, 0, 0
28000, 123936, 1, 0, 0
28000, 282217, 0, 0, 0
29000, 122223, 1, 0, 0
29000, 281926, 0, 0, 0
30000, 158220, 1, 0, 0
30000, 304765, 0, 0, 0
31000, 305002, 0, 0, 0
31000, 152382, 1, 0, 0
32000, 154427, 1, 0, 0
32000, 304537, 0, 0, 0
33000, 301440, 0, 0, 0
33000, 150424, 1, 0, 0
34000, 302781, 0, 0, 0
34000, 154133, 1, 0, 0
35000, 298978, 0, 0, 0
35000, 152308, 1, 0, 0
36000, 303676, 0, 0, 0
36000, 152158, 1, 0, 0
37000, 302439, 0, 0, 0
37000, 156201, 1, 0, 0
38000, 287612, 0, 0, 0
38000, 130928, 1, 0, 0
39000, 278307, 0, 0, 0
39000, 119851, 1, 0, 0
40000, 122406, 1, 0, 0
40000, 283830, 0, 0, 0
41000, 292914, 0, 0, 0
41000, 134948, 1, 0, 0
42000, 322122, 0, 0, 0
42000, 168726, 1, 0, 0
43000, 308749, 0, 0, 0
43000, 154374, 1, 0, 0
44000, 154164, 1, 0, 0
44000, 310225, 0, 0, 0
45000, 309240, 0, 0, 0
45000, 155405, 1, 0, 0
46000, 118845, 1, 0, 0
46000, 283928, 0, 0, 0
47000, 122905, 1, 0, 0
47000, 280864, 0, 0, 0
48000, 279487, 0, 0, 0
48000, 122724, 1, 0, 0
49000, 122704, 1, 0, 0
49000, 282416, 0, 0, 0
50000, 312420, 0, 0, 0
50000, 157346, 1, 0, 0
51000, 310898, 0, 0, 0
51000, 156542, 1, 0, 0
52000, 306930, 0, 0, 0
52000, 148024, 1, 0, 0
53000, 313548, 0, 0, 0
53000, 152865, 1, 0, 0
54000, 122332, 1, 0, 0
54000, 283787, 0, 0, 0
55000, 286849, 0, 0, 0
55000, 115674, 1, 0, 0
56000, 287924, 0, 0, 0
56000, 121161, 1, 0, 0
57000, 124718, 1, 0, 0
57000, 289787, 0, 0, 0
58000, 306720, 0, 0, 0
58000, 153479, 1, 0, 0
59000, 154387, 1, 0, 0
59000, 312141, 0, 0, 0
60000, 311920, 0, 0, 0
60000, 154041, 1, 0, 0
61000, 311046, 0, 0, 0
61000, 146320, 1, 0, 0
62000, 282260, 0, 0, 0
62000, 115516, 1, 0, 0
63000, 280894, 0, 0, 0
63000, 111195, 1, 0, 0
64000, 281720, 0, 0, 0
64000, 112975, 1, 0, 0
65000, 112973, 1, 0, 0
65000, 284352, 0, 0, 0
66000, 275376, 0, 0, 0
66000, 113029, 1, 0, 0
67000, 285476, 0, 0, 0
67000, 118969, 1, 0, 0
68000, 118479, 1, 0, 0
68000, 273243, 0, 0, 0
69000, 116390, 1, 0, 0
69000, 284167, 0, 0, 0
70000, 146760, 1, 0, 0
70000, 298360, 0, 0, 0
71000, 301762, 0, 0, 0
71000, 146009, 1, 0, 0
72000, 142290, 1, 0, 0
72000, 303062, 0, 0, 0
73000, 300916, 0, 0, 0
73000, 142361, 1, 0, 0
74000, 281323, 0, 0, 0
74000, 117417, 1, 0, 0
75000, 284289, 0, 0, 0
75000, 114253, 1, 0, 0
76000, 282714, 0, 0, 0
76000, 112625, 1, 0, 0
77000, 282460, 0, 0, 0
77000, 112972, 1, 0, 0
78000, 144777, 1, 0, 0
78000, 300399, 0, 0, 0
79000, 305146, 0, 0, 0
79000, 145225, 1, 0, 0
80000, 304167, 0, 0, 0
80000, 147911, 1, 0, 0
81000, 145578, 1, 0, 0
81000, 305672, 0, 0, 0
82000, 114747, 1, 0, 0
82000, 281312, 0, 0, 0
83000, 109929, 1, 0, 0
83000, 281399, 0, 0, 0
84000, 282118, 0, 0, 0
84000, 113710, 1, 0, 0
85000, 273947, 0, 0, 0
85000, 119122, 1, 0, 0
86000, 109583, 1, 0, 0
86000, 276049, 0, 0, 0
87000, 279835, 0, 0, 0
87000, 110365, 1, 0, 0
88000, 280574, 0, 0, 0
88000, 109455, 1, 0, 0
89000, 278875, 0, 0, 0
89000, 115734, 1, 0, 0
90000, 281263, 0, 0, 0
90000, 111075, 1, 0, 0
91000, 282310, 0, 0, 0
91000, 110321, 1, 0, 0
92000, 281378, 0, 0, 0
92000, 110885, 1, 0, 0
93000, 279084, 0, 0, 0
93000, 114026, 1, 0, 0
94000, 306008, 0, 0, 0
94000, 145256, 1, 0, 0
95000, 301490, 0, 0, 0
95000, 142062, 1, 0, 0
96000, 147367, 1, 0, 0
96000, 298563, 0, 0, 0
97000, 296051, 0, 0, 0
97000, 152535, 1, 0, 0
98000, 283948, 0, 0, 0
98000, 110248, 1, 0, 0
99000, 282102, 0, 0, 0
99000, 112515, 1, 0, 0
100000, 284029, 0, 0, 0
100000, 113446, 1, 0, 0
101000, 292152, 0, 0, 0
101000, 124097, 1, 0, 0
102000, 311056, 0, 0, 0
102000, 151903, 1, 0, 0
103000, 302483, 0, 0, 0
103000, 143011, 1, 0, 0
104000, 145617, 1, 0, 0
104000, 305162, 0, 0, 0
105000, 305095, 0, 0, 0
105000, 144767, 1, 0, 0
106000, 279161, 0, 0, 0
106000, 112282, 1, 0, 0
107000, 280482, 0, 0, 0
107000, 110668, 1, 0, 0
108000, 284031, 0, 0, 0
108000, 111845, 1, 0, 0
109000, 114544, 1, 0, 0
109000, 279357, 0, 0, 0
110000, 303532, 0, 0, 0
110000, 146424, 1, 0, 0
111000, 140301, 1, 0, 0
111000, 300919, 0, 0, 0
112000, 300000, 0, 0, 0
112000, 141584, 1, 0, 0
113000, 295746, 0, 0, 0
113000, 141080, 1, 0, 0
114000, 111546, 1, 0, 0
114000, 280960, 0, 0, 0
115000, 283347, 0, 0, 0
115000, 111204, 1, 0, 0
116000, 283854, 0, 0, 0
116000, 111438, 1, 0, 0
117000, 282481, 0, 0, 0
117000, 117664, 1, 0, 0
118000, 306712, 0, 0, 0
118000, 143669, 1, 0, 0
119000, 311583, 0, 0, 0
119000, 154833, 1, 0, 0
120000, 150159, 1, 0, 0
120000, 307450, 0, 0, 0
120000, 512023, 0, 0, 0
120000, 428727, 1, 0, 0
