1000, 215914, 1, 0, 0
1000, 362803, 0, 0, 0
2000, 347622, 0, 0, 0
2000, 209788, 1, 0, 0
3000, 341264, 0, 0, 0
3000, 200903, 1, 0, 0
4000, 351026, 0, 0, 0
4000, 204411, 1, 0, 0
5000, 350346, 0, 0, 0
5000, 206239, 1, 0, 0
6000, 190069, 1, 0, 0
6000, 336523, 0, 0, 0
7000, 189449, 1, 0, 0
7000, 332866, 0, 0, 0
8000, 197026, 1, 0, 0
8000, 336448, 0, 0, 0
9000, 351842, 0, 0, 0
9000, 204118, 1, 0, 0
10000, 352122, 0, 0, 0
10000, 208601, 1, 0, 0
11000, 211018, 1, 0, 0
11000, 352934, 0, 0, 0
12000, 381787, 0, 0, 0
12000, 233244, 1, 0, 0
13000, 353936, 0, 0, 0
13000, 213767, 1, 0, 0
14000, 211849, 1, 0, 0
14000, 357754, 0, 0, 0
15000, 228985, 1, 0, 0
15000, 373284, 0, 0, 0
16000, 358620, 0, 0, 0
16000, 214752, 1, 0, 0
17000, 219247, 1, 0, 0
17000, 361225, 0, 0, 0
18000, 348866, 0, 0, 0
18000, 205256, 1, 0, 0
19000, 225976, 1, 0, 0
19000, 368359, 0, 0, 0
20000, 351156, 0, 0, 0
20000, 213134, 1, 0, 0
21000, 217603, 1, 0, 0
21000, 361036, 0, 0, 0
22000, 368180, 0, 0, 0
22000, 222899, 1, 0, 0
23000, 392896, 0, 0, 0
23000, 242011, 1, 0, 0
24000, 252116, 1, 0, 0
24000, 404770, 0, 0, 0
25000, 377633, 0, 0, 0
25000, 229653, 1, 0, 0
26012, 405546, 0, 0, 0
26012, 258397, 1, 0, 0
27000, 381997, 0, 0, 0
27000, 229078, 1, 0, 0
28000, 368893, 0, 0, 0
28000, 224696, 1, 0, 0
29000, 392920, 0, 0, 0
29000, 243637, 1, 0, 0
30000, 370501, 0, 0, 0
30000, 227538, 1, 0, 0
31000, 388194, 0, 0, 0
31000, 241848, 1, 0, 0
32000, 390263, 0, 0, 0
32000, 248589, 1, 0, 0
33000, 382006, 0, 0, 0
33000, 240509, 1, 0, 0
34000, 385062, 0, 0, 0
34000, 239353, 1, 0, 0
35000, 262505, 1, 0, 0
35000, 422570, 0, 0, 0
36000, 247343, 1, 0, 0
36000, 402795, 0, 0, 0
37000, 411168, 0, 0, 0
37000, 259367, 1, 0, 0
38000, 291629, 1, 0, 0
38000, 440060, 0, 0, 0
39000, 424115, 0, 0, 0
39000, 277068, 1, 0, 0
40000, 398648, 0, 0, 0
40000, 264310, 1, 0, 0
41000, 444673, 0, 0, 0
41000, 275331, 1, 0, 0
42000, 437037, 0, 0, 0
42000, 285135, 1, 0, 0
43001, 450975, 0, 0, 0
43001, 292414, 1, 0, 0
44000, 263989, 1, 0, 0
44000, 415726, 0, 0, 0
45000, 279217, 1, 0, 0
45000, 426073, 0, 0, 0
46000, 442305, 0, 0, 0
46000, 265757, 1, 0, 0
47000, 403704, 0, 0, 0
47000, 254958, 1, 0, 0
48000, 385586, 0, 0, 0
48000, 236471, 1, 0, 0
49000, 286650, 1, 0, 0
49000, 445354, 0, 0, 0
50000, 386931, 0, 0, 0
50000, 245485, 1, 0, 0
51000, 280065, 1, 0, 0
51000, 432068, 0, 0, 0
52000, 393017, 0, 0, 0
52000, 247621, 1, 0, 0
53000, 205001, 1, 0, 0
53000, 356348, 0, 0, 0
54000, 348346, 0, 0, 0
54000, 201831, 1, 0, 0
55000, 407688, 0, 0, 0
55000, 259123, 1, 0, 0
56000, 368099, 0, 0, 0
56000, 215349, 1, 0, 0
57000, 191356, 1, 0, 0
57000, 336199, 0, 0, 0
58000, 185969, 1, 0, 0
58000, 338763, 0, 0, 0
59000, 337418, 0, 0, 0
59000, 185753, 1, 0, 0
60000, 333146, 0, 0, 0
60000, 179540, 1, 0, 0
61000, 357825, 0, 0, 0
61000, 208847, 1, 0, 0
62002, 241694, 1, 0, 0
62002, 421188, 0, 0, 0
63000, 407054, 1, 0, 0
63000, 661105, 0, 0, 0
64000, 219620, 1, 0, 0
64000, 371316, 0, 0, 0
65002, 350549, 0, 0, 0
65002, 202072, 1, 0, 0
66000, 290088, 1, 0, 0
66000, 436397, 0, 0, 0
67000, 219293, 1, 0, 0
67000, 368214, 0, 0, 0
68000, 183237, 1, 0, 0
68000, 340130, 0, 0, 0
69000, 320037, 0, 0, 0
69000, 172792, 1, 0, 0
70000, 343780, 0, 0, 0
70000, 191174, 1, 0, 0
71000, 341463, 0, 0, 0
71000, 189779, 1, 0, 0
72000, 353220, 0, 0, 0
72000, 199178, 1, 0, 0
73000, 327536, 0, 0, 0
73000, 172946, 1, 0, 0
74000, 321591, 0, 0, 0
74000, 174869, 1, 0, 0
75000, 181427, 1, 0, 0
75000, 335549, 0, 0, 0
76000, 392454, 0, 0, 0
76000, 241977, 1, 0, 0
77000, 326671, 0, 0, 0
77000, 170353, 1, 0, 0
78000, 333391, 0, 0, 0
78000, 183458, 1, 0, 0
79000, 325450, 0, 0, 0
79000, 177290, 1, 0, 0
80000, 316176, 0, 0, 0
80000, 160210, 1, 0, 0
81000, 335051, 0, 0, 0
81000, 182045, 1, 0, 0
82000, 365065, 0, 0, 0
82000, 214542, 1, 0, 0
83000, 335483, 0, 0, 0
83000, 183443, 1, 0, 0
84000, 198314, 1, 0, 0
84000, 346666, 0, 0, 0
85000, 342695, 0, 0, 0
85000, 193960, 1, 0, 0
86000, 347749, 0, 0, 0
86000, 195461, 1, 0, 0
87000, 190745, 1, 0, 0
87000, 341946, 0, 0, 0
88000, 370091, 0, 0, 0
88000, 217099, 1, 0, 0
89000, 205301, 1, 0, 0
89000, 357040, 0, 0, 0
90000, 221224, 1, 0, 0
90000, 369492, 0, 0, 0
91000, 174236, 1, 0, 0
91000, 324142, 0, 0, 0
92000, 333085, 0, 0, 0
92000, 178290, 1, 0, 0
93000, 187849, 1, 0, 0
93000, 326120, 0, 0, 0
94000, 314608, 0, 0, 0
94000, 161048, 1, 0, 0
95000, 325787, 0, 0, 0
95000, 174733, 1, 0, 0
96000, 335692, 0, 0, 0
96000, 187581, 1, 0, 0
97000, 315057, 0, 0, 0
97000, 160225, 1, 0, 0
98000, 334105, 0, 0, 0
98000, 179809, 1, 0, 0
99000, 323597, 0, 0, 0
99000, 169418, 1, 0, 0
100000, 309022, 0, 0, 0
100000, 155028, 1, 0, 0
101000, 329417, 0, 0, 0
101000, 181678, 1, 0, 0
102000, 358170, 0, 0, 0
102000, 202668, 1, 0, 0
103000, 330974, 0, 0, 0
103000, 177487, 1, 0, 0
104000, 369594, 0, 0, 0
104000, 218948, 1, 0, 0
105000, 365098, 0, 0, 0
105000, 213829, 1, 0, 0
106000, 354225, 0, 0, 0
106000, 208602, 1, 0, 0
107000, 168788, 1, 0, 0
107000, 325978, 0, 0, 0
108000, 312294, 0, 0, 0
108000, 157991, 1, 0, 0
109000, 322003, 0, 0, 0
109000, 168392, 1, 0, 0
110000, 303873, 0, 0, 0
110000, 146293, 1, 0, 0
111000, 133178, 1, 0, 0
111000, 291818, 0, 0, 0
112000, 126885, 1, 0, 0
112000, 292262, 0, 0, 0
113000, 126625, 1, 0, 0
113000, 290970, 0, 0, 0
114000, 291037, 0, 0, 0
114000, 135380, 1, 0, 0
115000, 303404, 0, 0, 0
115000, 158355, 1, 0, 0
116000, 318554, 0, 0, 0
116000, 164345, 1, 0, 0
117000, 325446, 0, 0, 0
117000, 172761, 1, 0, 0
118000, 337249, 0, 0, 0
118000, 181705, 1, 0, 0
119000, 165366, 1, 0, 0
119000, 318316, 0, 0, 0
120000, 192103, 1, 0, 0
120000, 337340, 0, 0, 0
120000, 434303, 0, 0, 0
120000, 361823, 1, 0, 0
