1002, 124459, 0, 0, 0
1002, 53169, 1, 0, 0
2001, 138654, 0, 0, 0
2001, 58678, 1, 0, 0
3007, 125009, 0, 0, 0
3007, 54047, 1, 0, 0
4007, 131608, 0, 0, 0
4007, 56308, 1, 0, 0
5007, 128476, 0, 0, 0
5007, 55464, 1, 0, 0
6007, 126894, 0, 0, 0
6007, 55047, 1, 0, 0
7007, 116932, 0, 0, 0
7007, 50824, 1, 0, 0
8012, 94503, 0, 0, 0
8012, 39824, 1, 0, 0
9014, 81242, 0, 0, 0
9014, 34985, 1, 0, 0
10015, 103712, 0, 0, 0
10015, 44852, 1, 0, 0
11015, 117316, 0, 0, 0
11015, 50176, 1, 0, 0
12016, 128232, 0, 0, 0
12016, 55784, 1, 0, 0
13016, 115936, 0, 0, 0
13016, 49964, 1, 0, 0
14017, 120119, 0, 0, 0
14017, 51076, 1, 0, 0
15018, 119680, 0, 0, 0
15018, 50677, 1, 0, 0
16018, 106120, 0, 0, 0
16018, 45336, 1, 0, 0
17019, 106968, 0, 0, 0
17019, 45952, 1, 0, 0
18020, 112024, 0, 0, 0
18020, 48388, 1, 0, 0
19021, 108208, 0, 0, 0
19021, 46920, 1, 0, 0
20022, 119924, 0, 0, 0
20022, 52120, 1, 0, 0
21022, 124956, 0, 0, 0
21022, 53200, 1, 0, 0
22022, 126796, 0, 0, 0
22022, 53228, 1, 0, 0
23023, 135236, 0, 0, 0
23023, 57624, 1, 0, 0
24024, 125008, 0, 0, 0
24024, 53668, 1, 0, 0
25025, 133340, 0, 0, 0
25025, 56748, 1, 0, 0
26025, 135808, 0, 0, 0
26025, 58192, 1, 0, 0
27025, 119348, 0, 0, 0
27025, 50816, 1, 0, 0
28026, 114000, 0, 0, 0
28026, 48960, 1, 0, 0
29026, 108512, 0, 0, 0
29026, 46504, 1, 0, 0
30028, 104591, 0, 0, 0
30028, 45430, 1, 0, 0
31029, 111316, 0, 0, 0
31029, 48299, 1, 0, 0
32029, 137264, 0, 0, 0
32029, 58380, 1, 0, 0
33031, 129338, 0, 0, 0
33031, 54949, 1, 0, 0
34032, 132100, 0, 0, 0
34032, 56172, 1, 0, 0
35032, 130868, 0, 0, 0
35033, 55672, 1, 0, 0
36033, 128240, 0, 0, 0
36033, 55580, 1, 0, 0
37033, 137112, 0, 0, 0
37033, 58884, 1, 0, 0
38034, 128232, 0, 0, 0
38034, 55332, 1, 0, 0
39035, 112207, 0, 0, 0
39035, 48139, 1, 0, 0
40036, 108948, 0, 0, 0
40036, 46196, 1, 0, 0
41036, 103160, 0, 0, 0
41036, 44124, 1, 0, 0
42037, 115192, 0, 0, 0
42037, 49360, 1, 0, 0
43038, 110261, 0, 0, 0
43038, 47596, 1, 0, 0
44039, 116848, 0, 0, 0
44039, 51088, 1, 0, 0
45040, 133020, 0, 0, 0
45040, 57224, 1, 0, 0
46040, 141760, 0, 0, 0
46040, 61300, 1, 0, 0
47041, 144160, 0, 0, 0
47041, 60544, 1, 0, 0
48042, 141916, 0, 0, 0
48042, 60764, 1, 0, 0
49042, 140108, 0, 0, 0
49042, 61148, 1, 0, 0
50043, 142320, 0, 0, 0
50043, 61360, 1, 0, 0
51043, 141940, 0, 0, 0
51043, 60476, 1, 0, 0
52044, 143544, 0, 0, 0
52044, 61868, 1, 0, 0
53045, 143356, 0, 0, 0
53045, 60743, 1, 0, 0
54046, 142385, 0, 0, 0
54046, 60907, 1, 0, 0
55047, 140504, 0, 0, 0
55047, 60056, 1, 0, 0
56048, 143832, 0, 0, 0
56048, 61384, 1, 0, 0
57048, 142356, 0, 0, 0
57048, 61704, 1, 0, 0
58049, 145072, 0, 0, 0
58049, 61212, 1, 0, 0
59051, 145074, 0, 0, 0
59051, 62141, 1, 0, 0
60051, 142872, 0, 0, 0
60051, 60824, 1, 0, 0
61052, 142732, 0, 0, 0
61052, 61304, 1, 0, 0
62052, 143744, 0, 0, 0
62052, 61428, 1, 0, 0
63054, 142165, 0, 0, 0
63054, 60839, 1, 0, 0
64054, 132156, 0, 0, 0
64055, 57600, 1, 0, 0
65055, 139856, 0, 0, 0
65055, 60012, 1, 0, 0
66056, 141204, 0, 0, 0
66056, 60028, 1, 0, 0
67056, 142140, 0, 0, 0
67056, 61504, 1, 0, 0
68057, 139836, 0, 0, 0
68057, 60467, 1, 0, 0
69057, 145492, 0, 0, 0
69057, 62160, 1, 0, 0
70058, 142176, 0, 0, 0
70058, 61744, 1, 0, 0
71058, 144488, 0, 0, 0
71058, 61472, 1, 0, 0
72060, 143712, 0, 0, 0
72060, 60839, 1, 0, 0
73060, 126572, 0, 0, 0
73060, 54720, 1, 0, 0
74061, 127808, 0, 0, 0
74061, 54796, 1, 0, 0
75062, 140140, 0, 0, 0
75062, 59476, 1, 0, 0
76063, 143404, 0, 0, 0
76063, 61714, 1, 0, 0
77064, 138748, 0, 0, 0
77064, 59828, 1, 0, 0
78065, 140844, 0, 0, 0
78065, 59628, 1, 0, 0
79066, 131880, 0, 0, 0
79066, 57136, 1, 0, 0
80066, 140408, 0, 0, 0
80066, 60032, 1, 0, 0
81067, 141350, 0, 0, 0
81067, 59616, 1, 0, 0
82068, 141164, 0, 0, 0
82068, 60636, 1, 0, 0
83068, 144108, 0, 0, 0
83068, 60660, 1, 0, 0
84068, 142268, 0, 0, 0
84068, 61156, 1, 0, 0
85069, 141290, 0, 0, 0
85069, 61338, 1, 0, 0
86070, 140048, 0, 0, 0
86070, 59720, 1, 0, 0
87070, 143148, 0, 0, 0
87070, 59512, 1, 0, 0
88072, 141702, 0, 0, 0
88072, 60567, 1, 0, 0
89073, 111400, 0, 0, 0
89073, 48367, 1, 0, 0
90074, 104912, 0, 0, 0
90074, 45304, 1, 0, 0
91074, 127616, 0, 0, 0
91074, 54804, 1, 0, 0
92075, 119544, 0, 0, 0
92075, 51164, 1, 0, 0
93076, 95168, 0, 0, 0
93076, 41810, 1, 0, 0
94077, 93596, 0, 0, 0
94077, 40140, 1, 0, 0
95078, 116980, 0, 0, 0
95078, 50676, 1, 0, 0
96078, 126306, 0, 0, 0
96078, 53733, 1, 0, 0
97078, 134080, 0, 0, 0
97078, 57096, 1, 0, 0
98079, 130477, 0, 0, 0
98079, 56851, 1, 0, 0
99080, 109488, 0, 0, 0
99080, 47392, 1, 0, 0
100080, 111080, 0, 0, 0
100080, 47112, 1, 0, 0
101082, 98153, 0, 0, 0
101082, 42349, 1, 0, 0
102082, 98212, 0, 0, 0
102082, 42008, 1, 0, 0
103082, 96516, 0, 0, 0
103082, 42176, 1, 0, 0
104082, 94140, 0, 0, 0
104082, 40232, 1, 0, 0
105083, 81974, 0, 0, 0
105083, 35024, 1, 0, 0
106083, 98696, 0, 0, 0
106083, 41704, 1, 0, 0
107084, 96468, 0, 0, 0
107084, 40796, 1, 0, 0
108085, 114101, 0, 0, 0
108085, 49590, 1, 0, 0
109085, 104644, 0, 0, 0
109085, 44880, 1, 0, 0
110085, 106944, 0, 0, 0
110085, 46312, 1, 0, 0
111086, 113936, 0, 0, 0
111086, 48488, 1, 0, 0
112086, 124556, 0, 0, 0
112086, 53544, 1, 0, 0
113087, 131424, 0, 0, 0
113087, 55712, 1, 0, 0
114088, 130288, 0, 0, 0
114088, 55656, 1, 0, 0
115089, 122284, 0, 0, 0
115089, 52948, 1, 0, 0
116089, 109052, 0, 0, 0
116089, 47328, 1, 0, 0
117090, 108428, 0, 0, 0
117090, 46360, 1, 0, 0
118090, 99676, 0, 0, 0
118090, 43188, 1, 0, 0
119091, 97844, 0, 0, 0
119091, 41208, 1, 0, 0
120091, 95556, 0, 0, 0
120091, 40672, 1, 0, 0
