1000, 1543382, 0, 0, 0
1000, 1405891, 1, 0, 0
2000, 338558, 0, 0, 0
2000, 180952, 1, 0, 0
3000, 273571, 0, 0, 0
3000, 115266, 1, 0, 0
4000, 112774, 1, 0, 0
4000, 274058, 0, 0, 0
5000, 294522, 0, 0, 0
5000, 136702, 1, 0, 0
6000, 293114, 0, 0, 0
6000, 151661, 1, 0, 0
7000, 296892, 0, 0, 0
7000, 145646, 1, 0, 0
8000, 298838, 0, 0, 0
8000, 146146, 1, 0, 0
9000, 169443, 1, 0, 0
9000, 322405, 0, 0, 0
10000, 297433, 0, 0, 0
10000, 142942, 1, 0, 0
11000, 318525, 0, 0, 0
11000, 170536, 1, 0, 0
12000, 126821, 1, 0, 0
12000, 287178, 0, 0, 0
13000, 148029, 1, 0, 0
13000, 303237, 0, 0, 0
14000, 313135, 0, 0, 0
14000, 164188, 1, 0, 0
15000, 328406, 0, 0, 0
15000, 188257, 1, 0, 0
16000, 326115, 1, 0, 0
16000, 471970, 0, 0, 0
17000, 276215, 1, 0, 0
17000, 437853, 0, 0, 0
18000, 189352, 1, 0, 0
18000, 335092, 0, 0, 0
19000, 409854, 0, 0, 0
19000, 260614, 1, 0, 0
20000, 327428, 0, 0, 0
20000, 179028, 1, 0, 0
21000, 336508, 0, 0, 0
21000, 182447, 1, 0, 0
22000, 287056, 0, 0, 0
22000, 128891, 1, 0, 0
23000, 272909, 0, 0, 0
23000, 112441, 1, 0, 0
24000, 276981, 0, 0, 0
24000, 115762, 1, 0, 0
25000, 403858, 0, 0, 0
25000, 208960, 1, 0, 0
26000, 293769, 0, 0, 0
26000, 145516, 1, 0, 0
27000, 299144, 0, 0, 0
27000, 146633, 1, 0, 0
28000, 297879, 0, 0, 0
28000, 145955, 1, 0, 0
29000, 281461, 0, 0, 0
29000, 120887, 1, 0, 0
30000, 271855, 0, 0, 0
30000, 115917, 1, 0, 0
31000, 273463, 0, 0, 0
31000, 111666, 1, 0, 0
32000, 281233, 0, 0, 0
32000, 118701, 1, 0, 0
33000, 230858, 1, 0, 0
33000, 400486, 0, 0, 0
34000, 418507, 0, 0, 0
34001, 279881, 1, 0, 0
35000, 387940, 0, 0, 0
35000, 240685, 1, 0, 0
36000, 423146, 0, 0, 0
36000, 268613, 1, 0, 0
37000, 350947, 0, 0, 0
37000, 205380, 1, 0, 0
38000, 316169, 0, 0, 0
38000, 169725, 1, 0, 0
39000, 173944, 1, 0, 0
39000, 323018, 0, 0, 0
40000, 182705, 1, 0, 0
40000, 331288, 0, 0, 0
41000, 135644, 1, 0, 0
41000, 293205, 0, 0, 0
42000, 298659, 0, 0, 0
42000, 137843, 1, 0, 0
43000, 286361, 0, 0, 0
43000, 122310, 1, 0, 0
44000, 292436, 0, 0, 0
44000, 127926, 1, 0, 0
45000, 317632, 0, 0, 0
45000, 159793, 1, 0, 0
46000, 197248, 1, 0, 0
46000, 347384, 0, 0, 0
47000, 357216, 0, 0, 0
47000, 214637, 1, 0, 0
48000, 165441, 1, 0, 0
48000, 319510, 0, 0, 0
49000, 295707, 0, 0, 0
49000, 144451, 1, 0, 0
50000, 289140, 0, 0, 0
50000, 136393, 1, 0, 0
51000, 285294, 0, 0, 0
51000, 126233, 1, 0, 0
52000, 295973, 0, 0, 0
52000, 133290, 1, 0, 0
53000, 312643, 0, 0, 0
53000, 151181, 1, 0, 0
54000, 315615, 0, 0, 0
54000, 161424, 1, 0, 0
55000, 164498, 1, 0, 0
55000, 319904, 0, 0, 0
56000, 311592, 0, 0, 0
56000, 163316, 1, 0, 0
57000, 139395, 1, 0, 0
57000, 302874, 0, 0, 0
58000, 128071, 1, 0, 0
58000, 292601, 0, 0, 0
59001, 149090, 1, 0, 0
59001, 312611, 0, 0, 0
60000, 313713, 0, 0, 0
60000, 148399, 1, 0, 0
61000, 344186, 0, 0, 0
61000, 190783, 1, 0, 0
62000, 190041, 1, 0, 0
62000, 343087, 0, 0, 0
63000, 337127, 0, 0, 0
63000, 181763, 1, 0, 0
64002, 203295, 1, 0, 0
64002, 354840, 0, 0, 0
65000, 359083, 0, 0, 0
65000, 205991, 1, 0, 0
66000, 344927, 0, 0, 0
66000, 198955, 1, 0, 0
67000, 181404, 1, 0, 0
67000, 336474, 0, 0, 0
68000, 168032, 1, 0, 0
68000, 323191, 0, 0, 0
69000, 167449, 1, 0, 0
69000, 324486, 0, 0, 0
70000, 324576, 0, 0, 0
70000, 167897, 1, 0, 0
71000, 310573, 0, 0, 0
71000, 160742, 1, 0, 0
72000, 309870, 0, 0, 0
72000, 148194, 1, 0, 0
73000, 282713, 0, 0, 0
73000, 131573, 1, 0, 0
74000, 140710, 1, 0, 0
74000, 307296, 0, 0, 0
75000, 180877, 1, 0, 0
75000, 331390, 0, 0, 0
76000, 346761, 0, 0, 0
76000, 188602, 1, 0, 0
77000, 323795, 0, 0, 0
77000, 167373, 1, 0, 0
78000, 325688, 0, 0, 0
78000, 170963, 1, 0, 0
79000, 154167, 1, 0, 0
79000, 311075, 0, 0, 0
80000, 313935, 0, 0, 0
80000, 164958, 1, 0, 0
81000, 134798, 1, 0, 0
81000, 299960, 0, 0, 0
82000, 119438, 1, 0, 0
82000, 287597, 0, 0, 0
83000, 294516, 0, 0, 0
83000, 131487, 1, 0, 0
84000, 295033, 0, 0, 0
84000, 135782, 1, 0, 0
85000, 159714, 1, 0, 0
85000, 315768, 0, 0, 0
86000, 154845, 1, 0, 0
86000, 311062, 0, 0, 0
87000, 319001, 0, 0, 0
87000, 165304, 1, 0, 0
88000, 160234, 1, 0, 0
88000, 321249, 0, 0, 0
89000, 300173, 0, 0, 0
89000, 144836, 1, 0, 0
90000, 305673, 0, 0, 0
90000, 131140, 1, 0, 0
91000, 122092, 1, 0, 0
91000, 291928, 0, 0, 0
92000, 143003, 1, 0, 0
92000, 301509, 0, 0, 0
93000, 310513, 0, 0, 0
93000, 165703, 1, 0, 0
94000, 169089, 1, 0, 0
94000, 327379, 0, 0, 0
95000, 336037, 0, 0, 0
95000, 177877, 1, 0, 0
96000, 331388, 0, 0, 0
96000, 169246, 1, 0, 0
97000, 303662, 0, 0, 0
97000, 138696, 1, 0, 0
98000, 288190, 0, 0, 0
98000, 124815, 1, 0, 0
99000, 115917, 1, 0, 0
99000, 287395, 0, 0, 0
100000, 307683, 0, 0, 0
100000, 139649, 1, 0, 0
101000, 310642, 0, 0, 0
101000, 149810, 1, 0, 0
102000, 172251, 1, 0, 0
102000, 318586, 0, 0, 0
103000, 331987, 0, 0, 0
103000, 171497, 1, 0, 0
104000, 183092, 1, 0, 0
104000, 333100, 0, 0, 0
105000, 331974, 0, 0, 0
105000, 178668, 1, 0, 0
106000, 316965, 0, 0, 0
106000, 170423, 1, 0, 0
107000, 306902, 0, 0, 0
107000, 159113, 1, 0, 0
108000, 149957, 1, 0, 0
108000, 309885, 0, 0, 0
109000, 288033, 0, 0, 0
109000, 120763, 1, 0, 0
110000, 115586, 1, 0, 0
110000, 286491, 0, 0, 0
111000, 117534, 1, 0, 0
111000, 281094, 0, 0, 0
112000, 114924, 1, 0, 0
112000, 283952, 0, 0, 0
113000, 142523, 1, 0, 0
113000, 302895, 0, 0, 0
114000, 173919, 1, 0, 0
114000, 327047, 0, 0, 0
115000, 173546, 1, 0, 0
115000, 328673, 0, 0, 0
116000, 316970, 0, 0, 0
116000, 166939, 1, 0, 0
117000, 290024, 0, 0, 0
117000, 122065, 1, 0, 0
118000, 282409, 0, 0, 0
118000, 112481, 1, 0, 0
119000, 279941, 0, 0, 0
119000, 115405, 1, 0, 0
120000, 284976, 0, 0, 0
120000, 113481, 1, 0, 0
120000, 528554, 0, 0, 0
