1000, 327521, 0, 0, 0
1000, 156326, 1, 0, 0
2000, 145784, 1, 0, 0
2000, 292640, 0, 0, 0
3000, 164174, 1, 0, 0
3000, 310287, 0, 0, 0
4000, 153830, 1, 0, 0
4000, 303460, 0, 0, 0
5000, 303813, 0, 0, 0
5000, 158691, 1, 0, 0
6000, 161495, 1, 0, 0
6000, 306835, 0, 0, 0
7000, 179656, 1, 0, 0
7000, 321914, 0, 0, 0
8000, 370467, 0, 0, 0
8000, 229895, 1, 0, 0
9000, 417448, 0, 0, 0
9000, 273030, 1, 0, 0
10000, 345451, 0, 0, 0
10000, 208919, 1, 0, 0
11000, 320597, 0, 0, 0
11000, 182390, 1, 0, 0
12000, 158858, 1, 0, 0
12000, 307296, 0, 0, 0
13000, 326094, 0, 0, 0
13000, 179278, 1, 0, 0
14000, 318510, 0, 0, 0
14000, 172457, 1, 0, 0
15000, 176919, 1, 0, 0
15000, 310810, 0, 0, 0
16000, 342800, 0, 0, 0
16000, 204031, 1, 0, 0
17000, 338771, 0, 0, 0
17000, 201507, 1, 0, 0
18000, 329549, 0, 0, 0
18000, 189900, 1, 0, 0
19000, 336337, 0, 0, 0
19000, 198157, 1, 0, 0
20000, 317025, 0, 0, 0
20000, 172661, 1, 0, 0
21000, 310716, 0, 0, 0
21000, 164521, 1, 0, 0
22000, 163577, 1, 0, 0
22000, 311329, 0, 0, 0
23000, 299490, 0, 0, 0
23000, 147183, 1, 0, 0
24000, 167098, 1, 0, 0
24000, 306469, 0, 0, 0
25000, 304028, 0, 0, 0
25000, 151413, 1, 0, 0
26000, 299218, 0, 0, 0
26000, 146570, 1, 0, 0
27000, 320314, 0, 0, 0
27000, 173700, 1, 0, 0
28000, 189153, 1, 0, 0
28000, 325061, 0, 0, 0
29000, 338052, 0, 0, 0
29000, 196029, 1, 0, 0
30000, 345135, 0, 0, 0
30000, 204195, 1, 0, 0
31000, 335024, 0, 0, 0
31000, 192215, 1, 0, 0
32000, 297027, 0, 0, 0
32000, 145706, 1, 0, 0
33000, 159008, 1, 0, 0
33000, 301376, 0, 0, 0
34000, 154115, 1, 0, 0
34000, 305949, 0, 0, 0
35000, 303030, 0, 0, 0
35000, 159505, 1, 0, 0
36000, 160244, 1, 0, 0
36000, 308316, 0, 0, 0
37000, 299965, 0, 0, 0
37000, 148103, 1, 0, 0
38000, 314072, 0, 0, 0
38000, 155559, 1, 0, 0
39000, 181471, 1, 0, 0
39000, 347766, 0, 0, 0
40000, 343712, 0, 0, 0
40000, 196514, 1, 0, 0
41000, 367263, 0, 0, 0
41000, 217739, 1, 0, 0
42000, 181552, 1, 0, 0
42000, 330340, 0, 0, 0
43000, 195383, 1, 0, 0
43000, 341193, 0, 0, 0
44000, 179805, 1, 0, 0
44000, 328385, 0, 0, 0
45000, 307589, 0, 0, 0
45000, 152354, 1, 0, 0
46000, 140889, 1, 0, 0
46000, 289912, 0, 0, 0
47000, 137065, 1, 0, 0
47000, 296041, 0, 0, 0
48000, 136140, 1, 0, 0
48000, 301136, 0, 0, 0
49000, 137906, 1, 0, 0
49000, 298558, 0, 0, 0
50000, 297070, 0, 0, 0
50000, 134558, 1, 0, 0
51000, 136578, 1, 0, 0
51000, 293898, 0, 0, 0
52000, 297987, 0, 0, 0
52000, 131637, 1, 0, 0
53000, 134214, 1, 0, 0
53000, 295953, 0, 0, 0
54000, 296642, 0, 0, 0
54000, 133859, 1, 0, 0
55000, 297034, 0, 0, 0
55000, 139222, 1, 0, 0
56000, 295616, 0, 0, 0
56000, 133605, 1, 0, 0
57000, 295855, 0, 0, 0
57000, 134387, 1, 0, 0
58000, 132763, 1, 0, 0
58000, 294529, 0, 0, 0
59000, 291803, 0, 0, 0
59000, 132870, 1, 0, 0
60000, 297255, 0, 0, 0
60000, 135982, 1, 0, 0
61000, 133722, 1, 0, 0
61000, 297434, 0, 0, 0
62000, 293275, 0, 0, 0
62000, 134689, 1, 0, 0
63000, 296716, 0, 0, 0
63000, 134693, 1, 0, 0
64000, 311051, 0, 0, 0
64000, 159900, 1, 0, 0
65000, 299541, 0, 0, 0
65000, 142481, 1, 0, 0
66000, 296357, 0, 0, 0
66000, 139989, 1, 0, 0
67000, 299112, 0, 0, 0
67000, 137383, 1, 0, 0
68000, 140291, 1, 0, 0
68000, 301747, 0, 0, 0
69000, 295305, 0, 0, 0
69000, 133996, 1, 0, 0
70000, 137839, 1, 0, 0
70000, 297629, 0, 0, 0
71000, 296568, 0, 0, 0
71000, 134765, 1, 0, 0
72000, 137085, 1, 0, 0
72000, 298428, 0, 0, 0
73000, 158459, 1, 0, 0
73000, 314866, 0, 0, 0
74000, 160215, 1, 0, 0
74000, 313517, 0, 0, 0
75000, 301799, 0, 0, 0
75000, 142736, 1, 0, 0
76000, 134538, 1, 0, 0
76000, 299681, 0, 0, 0
77000, 298508, 0, 0, 0
77000, 143422, 1, 0, 0
78000, 301698, 0, 0, 0
78000, 139654, 1, 0, 0
79000, 147540, 1, 0, 0
79000, 312402, 0, 0, 0
80000, 146403, 1, 0, 0
80000, 301219, 0, 0, 0
81000, 290781, 0, 0, 0
81000, 144510, 1, 0, 0
82000, 138090, 1, 0, 0
82000, 301664, 0, 0, 0
83000, 136172, 1, 0, 0
83000, 298223, 0, 0, 0
84000, 297791, 0, 0, 0
84000, 135658, 1, 0, 0
85000, 298608, 0, 0, 0
85000, 138728, 1, 0, 0
86000, 301274, 0, 0, 0
86000, 138548, 1, 0, 0
87000, 301776, 0, 0, 0
87000, 138343, 1, 0, 0
88000, 137294, 1, 0, 0
88000, 297813, 0, 0, 0
89000, 179829, 1, 0, 0
89000, 347049, 0, 0, 0
90000, 371398, 0, 0, 0
90000, 203408, 1, 0, 0
91000, 155636, 1, 0, 0
91000, 313621, 0, 0, 0
92000, 320416, 0, 0, 0
92000, 178166, 1, 0, 0
93000, 226946, 1, 0, 0
93000, 359700, 0, 0, 0
94000, 380414, 0, 0, 0
94000, 237243, 1, 0, 0
95000, 328772, 0, 0, 0
95000, 179903, 1, 0, 0
96000, 155927, 1, 0, 0
96000, 316143, 0, 0, 0
97000, 148384, 1, 0, 0
97000, 306551, 0, 0, 0
98000, 308762, 0, 0, 0
98000, 154571, 1, 0, 0
99000, 336440, 0, 0, 0
99000, 184019, 1, 0, 0
100000, 194673, 1, 0, 0
100000, 340133, 0, 0, 0
101000, 357444, 0, 0, 0
101000, 212062, 1, 0, 0
102000, 228365, 1, 0, 0
102000, 367452, 0, 0, 0
103000, 224615, 1, 0, 0
103000, 359925, 0, 0, 0
104000, 372903, 0, 0, 0
104000, 230469, 1, 0, 0
105000, 248257, 1, 0, 0
105000, 389223, 0, 0, 0
106000, 389015, 0, 0, 0
106000, 249260, 1, 0, 0
107000, 225297, 1, 0, 0
107000, 368421, 0, 0, 0
108000, 329028, 0, 0, 0
108000, 185180, 1, 0, 0
109000, 349967, 0, 0, 0
109000, 201022, 1, 0, 0
110000, 197799, 1, 0, 0
110000, 343900, 0, 0, 0
111000, 335036, 0, 0, 0
111000, 183222, 1, 0, 0
112000, 316596, 0, 0, 0
112000, 166209, 1, 0, 0
113000, 309893, 0, 0, 0
113000, 149810, 1, 0, 0
114000, 310992, 0, 0, 0
114000, 153226, 1, 0, 0
115000, 161069, 1, 0, 0
115000, 316815, 0, 0, 0
116000, 193104, 1, 0, 0
116000, 341196, 0, 0, 0
117000, 340946, 0, 0, 0
117000, 197825, 1, 0, 0
118000, 354569, 0, 0, 0
118000, 210821, 1, 0, 0
119000, 222727, 1, 0, 0
119000, 364056, 0, 0, 0
120000, 350096, 0, 0, 0
120000, 204547, 1, 0, 0
120000, 538173, 0, 0, 0
120000, 241024, 1, 0, 0
