1001, 7340, 0, 0, 0
1001, 3167, 1, 0, 0
2002, 30073, 0, 0, 0
2002, 12842, 1, 0, 0
3008, 36103, 0, 0, 0
3008, 15357, 1, 0, 0
4008, 36424, 0, 0, 0
4008, 15663, 1, 0, 0
5008, 31490, 0, 0, 0
5008, 13500, 1, 0, 0
6009, 30083, 0, 0, 0
6009, 13036, 1, 0, 0
7008, 30410, 0, 0, 0
7008, 13211, 1, 0, 0
8010, 30286, 0, 0, 0
8010, 12932, 1, 0, 0
9011, 26414, 0, 0, 0
9011, 11378, 1, 0, 0
10011, 30481, 0, 0, 0
10011, 13133, 1, 0, 0
11013, 27985, 0, 0, 0
11013, 11944, 1, 0, 0
12013, 32951, 0, 0, 0
12013, 14376, 1, 0, 0
13014, 29459, 0, 0, 0
13014, 12663, 1, 0, 0
14015, 27460, 0, 0, 0
14015, 11592, 1, 0, 0
15016, 24755, 0, 0, 0
15016, 10563, 1, 0, 0
16017, 16919, 0, 0, 0
16017, 7206, 1, 0, 0
17018, 18122, 0, 0, 0
17018, 7722, 1, 0, 0
18028, 24980, 0, 0, 0
18028, 10642, 1, 0, 0
19029, 18567, 0, 0, 0
19029, 8154, 1, 0, 0
20030, 25558, 0, 0, 0
20030, 10864, 1, 0, 0
21030, 25994, 0, 0, 0
21030, 11403, 1, 0, 0
22031, 33002, 0, 0, 0
22031, 14171, 1, 0, 0
23031, 36111, 0, 0, 0
23031, 15331, 1, 0, 0
24031, 35278, 0, 0, 0
24031, 14921, 1, 0, 0
25032, 22423, 0, 0, 0
25032, 9626, 1, 0, 0
26033, 30374, 0, 0, 0
26033, 12886, 1, 0, 0
27033, 29812, 0, 0, 0
27033, 12781, 1, 0, 0
28034, 29908, 0, 0, 0
28034, 12843, 1, 0, 0
29034, 34482, 0, 0, 0
29034, 14771, 1, 0, 0
30035, 35559, 0, 0, 0
30035, 15144, 1, 0, 0
31036, 36024, 0, 0, 0
31036, 15651, 1, 0, 0
32036, 34518, 0, 0, 0
32036, 14890, 1, 0, 0
33049, 20025, 0, 0, 0
33049, 8463, 1, 0, 0
34050, 18148, 0, 0, 0
34050, 7899, 1, 0, 0
35051, 19914, 0, 0, 0
35051, 8345, 1, 0, 0
36051, 17836, 0, 0, 0
36051, 7563, 1, 0, 0
37053, 23525, 0, 0, 0
37053, 10064, 1, 0, 0
38054, 27313, 0, 0, 0
38054, 11563, 1, 0, 0
39054, 25964, 0, 0, 0
39054, 11209, 1, 0, 0
40055, 25404, 0, 0, 0
40055, 10917, 1, 0, 0
41056, 31401, 0, 0, 0
41056, 13565, 1, 0, 0
42057, 31056, 0, 0, 0
42057, 13356, 1, 0, 0
43058, 33788, 0, 0, 0
43058, 14481, 1, 0, 0
44058, 32231, 0, 0, 0
44058, 13709, 1, 0, 0
45059, 27200, 0, 0, 0
45059, 11660, 1, 0, 0
46059, 23183, 0, 0, 0
46059, 9913, 1, 0, 0
47059, 22363, 0, 0, 0
47059, 9763, 1, 0, 0
48059, 27000, 0, 0, 0
48059, 11778, 1, 0, 0
49060, 30653, 0, 0, 0
49060, 13248, 1, 0, 0
50061, 31680, 0, 0, 0
50061, 13601, 1, 0, 0
51061, 32967, 0, 0, 0
51061, 13775, 1, 0, 0
52062, 31706, 0, 0, 0
52062, 13645, 1, 0, 0
53063, 28381, 0, 0, 0
53063, 12315, 1, 0, 0
54063, 27406, 0, 0, 0
54063, 11845, 1, 0, 0
55064, 27177, 0, 0, 0
55064, 11787, 1, 0, 0
56064, 27744, 0, 0, 0
56064, 11719, 1, 0, 0
57065, 30897, 0, 0, 0
57065, 13397, 1, 0, 0
58066, 32338, 0, 0, 0
58066, 13798, 1, 0, 0
59066, 28423, 0, 0, 0
59066, 12147, 1, 0, 0
60067, 30112, 0, 0, 0
60067, 12699, 1, 0, 0
61068, 24104, 0, 0, 0
61068, 10303, 1, 0, 0
62068, 23843, 0, 0, 0
62068, 10149, 1, 0, 0
63069, 25237, 0, 0, 0
63069, 10936, 1, 0, 0
64069, 22630, 0, 0, 0
64069, 9781, 1, 0, 0
65070, 22915, 0, 0, 0
65070, 9682, 1, 0, 0
66071, 22978, 0, 0, 0
66071, 9757, 1, 0, 0
67072, 25496, 0, 0, 0
67072, 10963, 1, 0, 0
68072, 27176, 0, 0, 0
68072, 11513, 1, 0, 0
69073, 26955, 0, 0, 0
69073, 11569, 1, 0, 0
70073, 26706, 0, 0, 0
70073, 11386, 1, 0, 0
71074, 28174, 0, 0, 0
71074, 12161, 1, 0, 0
72075, 29537, 0, 0, 0
72075, 12635, 1, 0, 0
73076, 33334, 0, 0, 0
73076, 14471, 1, 0, 0
74077, 29167, 0, 0, 0
74077, 12515, 1, 0, 0
75078, 25090, 0, 0, 0
75078, 10667, 1, 0, 0
76078, 26348, 0, 0, 0
76078, 11263, 1, 0, 0
77079, 26520, 0, 0, 0
77079, 11435, 1, 0, 0
78079, 26004, 0, 0, 0
78079, 11331, 1, 0, 0
79080, 28724, 0, 0, 0
79080, 12219, 1, 0, 0
80081, 27205, 0, 0, 0
80081, 11789, 1, 0, 0
81081, 31480, 0, 0, 0
81081, 13724, 1, 0, 0
82081, 34106, 0, 0, 0
82081, 14391, 1, 0, 0
83082, 31310, 0, 0, 0
83082, 13360, 1, 0, 0
84083, 31729, 0, 0, 0
84083, 13619, 1, 0, 0
85083, 27425, 0, 0, 0
85083, 11771, 1, 0, 0
86084, 28405, 0, 0, 0
86084, 12138, 1, 0, 0
87086, 27206, 0, 0, 0
87086, 11531, 1, 0, 0
88087, 27474, 0, 0, 0
88087, 11819, 1, 0, 0
89087, 31097, 0, 0, 0
89087, 13416, 1, 0, 0
90088, 31500, 0, 0, 0
90088, 13365, 1, 0, 0
91089, 33491, 0, 0, 0
91089, 14400, 1, 0, 0
92090, 30124, 0, 0, 0
92090, 12972, 1, 0, 0
93091, 28275, 0, 0, 0
93091, 11857, 1, 0, 0
94092, 26481, 0, 0, 0
94092, 11488, 1, 0, 0
95093, 25411, 0, 0, 0
95093, 10800, 1, 0, 0
96093, 26489, 0, 0, 0
96093, 11084, 1, 0, 0
97094, 31552, 0, 0, 0
97094, 13483, 1, 0, 0
98094, 33399, 0, 0, 0
98094, 14465, 1, 0, 0
99095, 34924, 0, 0, 0
99095, 14968, 1, 0, 0
100096, 30224, 0, 0, 0
100096, 12678, 1, 0, 0
101097, 28907, 0, 0, 0
101097, 12223, 1, 0, 0
102098, 26464, 0, 0, 0
102098, 11459, 1, 0, 0
103098, 26211, 0, 0, 0
103098, 11215, 1, 0, 0
104100, 24967, 0, 0, 0
104100, 10868, 1, 0, 0
105101, 25468, 0, 0, 0
105101, 10940, 1, 0, 0
106101, 27264, 0, 0, 0
106101, 11628, 1, 0, 0
107102, 28834, 0, 0, 0
107102, 12644, 1, 0, 0
108102, 29249, 0, 0, 0
108102, 12705, 1, 0, 0
109104, 34246, 0, 0, 0
109104, 14599, 1, 0, 0
110105, 34856, 0, 0, 0
110105, 14858, 1, 0, 0
111105, 34501, 0, 0, 0
111105, 14786, 1, 0, 0
112107, 34778, 0, 0, 0
112107, 15169, 1, 0, 0
113107, 29544, 0, 0, 0
113107, 12580, 1, 0, 0
114108, 26132, 0, 0, 0
114108, 11242, 1, 0, 0
115108, 25892, 0, 0, 0
115108, 10969, 1, 0, 0
116109, 27167, 0, 0, 0
116109, 11905, 1, 0, 0
117110, 34202, 0, 0, 0
117110, 14648, 1, 0, 0
118110, 35025, 0, 0, 0
118110, 14869, 1, 0, 0
119111, 35149, 0, 0, 0
119111, 14968, 1, 0, 0
120112, 30794, 0, 0, 0
120112, 13275, 1, 0, 0
