1000, 267599, 0, 0, 0
1000, 112039, 1, 0, 0
2000, 105855, 1, 0, 0
2000, 267115, 0, 0, 0
3000, 268434, 0, 0, 0
3000, 105931, 1, 0, 0
4000, 269237, 0, 0, 0
4000, 106670, 1, 0, 0
5000, 266644, 0, 0, 0
5000, 112498, 1, 0, 0
6000, 269990, 0, 0, 0
6000, 110071, 1, 0, 0
7000, 268844, 0, 0, 0
7000, 108709, 1, 0, 0
8000, 268692, 0, 0, 0
8000, 108794, 1, 0, 0
9000, 275049, 0, 0, 0
9000, 113494, 1, 0, 0
10000, 278894, 0, 0, 0
10000, 118070, 1, 0, 0
11000, 274168, 0, 0, 0
11000, 109969, 1, 0, 0
12000, 267158, 0, 0, 0
12000, 113454, 1, 0, 0
13000, 270555, 0, 0, 0
13000, 110709, 1, 0, 0
14000, 275758, 0, 0, 0
14000, 111883, 1, 0, 0
15000, 111363, 1, 0, 0
15000, 272993, 0, 0, 0
16000, 269541, 0, 0, 0
16000, 112040, 1, 0, 0
17000, 110672, 1, 0, 0
17000, 274493, 0, 0, 0
18000, 276692, 0, 0, 0
18000, 109187, 1, 0, 0
19000, 111679, 1, 0, 0
19000, 266487, 0, 0, 0
20000, 275678, 0, 0, 0
20000, 108816, 1, 0, 0
21000, 272999, 0, 0, 0
21000, 109648, 1, 0, 0
22000, 273526, 0, 0, 0
22000, 111434, 1, 0, 0
23000, 111844, 1, 0, 0
23000, 273163, 0, 0, 0
24000, 273540, 0, 0, 0
24000, 110473, 1, 0, 0
25000, 274388, 0, 0, 0
25000, 110485, 1, 0, 0
26000, 268953, 0, 0, 0
26000, 111277, 1, 0, 0
27000, 272427, 0, 0, 0
27000, 108211, 1, 0, 0
28000, 269292, 0, 0, 0
28000, 111582, 1, 0, 0
29000, 111009, 1, 0, 0
29000, 273956, 0, 0, 0
30000, 273160, 0, 0, 0
30000, 110455, 1, 0, 0
31000, 109594, 1, 0, 0
31000, 277254, 0, 0, 0
32000, 110873, 1, 0, 0
32000, 276815, 0, 0, 0
33000, 108096, 1, 0, 0
33000, 277426, 0, 0, 0
34000, 276601, 0, 0, 0
34000, 107042, 1, 0, 0
35000, 275842, 0, 0, 0
35000, 108015, 1, 0, 0
36000, 276883, 0, 0, 0
36000, 106760, 1, 0, 0
37000, 111737, 1, 0, 0
37000, 266642, 0, 0, 0
38000, 117977, 1, 0, 0
38000, 285855, 0, 0, 0
39000, 119702, 1, 0, 0
39000, 283834, 0, 0, 0
40000, 110573, 1, 0, 0
40000, 282476, 0, 0, 0
41000, 280929, 0, 0, 0
41000, 107965, 1, 0, 0
42000, 279344, 0, 0, 0
42000, 108110, 1, 0, 0
43000, 274315, 0, 0, 0
43000, 108621, 1, 0, 0
44000, 106394, 1, 0, 0
44000, 278829, 0, 0, 0
45000, 277096, 0, 0, 0
45000, 106630, 1, 0, 0
46000, 271549, 0, 0, 0
46000, 106410, 1, 0, 0
47000, 107503, 1, 0, 0
47000, 279703, 0, 0, 0
48000, 106573, 1, 0, 0
48000, 277803, 0, 0, 0
49000, 107141, 1, 0, 0
49000, 276483, 0, 0, 0
50000, 274462, 0, 0, 0
50000, 107374, 1, 0, 0
51000, 277746, 0, 0, 0
51000, 107658, 1, 0, 0
52000, 106313, 1, 0, 0
52000, 277847, 0, 0, 0
53000, 276430, 0, 0, 0
53000, 107898, 1, 0, 0
54000, 106809, 1, 0, 0
54000, 280354, 0, 0, 0
55000, 268039, 0, 0, 0
55000, 113208, 1, 0, 0
56000, 275981, 0, 0, 0
56000, 104570, 1, 0, 0
57000, 106606, 1, 0, 0
57000, 271379, 0, 0, 0
58000, 275417, 0, 0, 0
58000, 105556, 1, 0, 0
59000, 105407, 1, 0, 0
59000, 277652, 0, 0, 0
60000, 105645, 1, 0, 0
60000, 272040, 0, 0, 0
61000, 275001, 0, 0, 0
61000, 104722, 1, 0, 0
62000, 278524, 0, 0, 0
62000, 106015, 1, 0, 0
63000, 279286, 0, 0, 0
63000, 107255, 1, 0, 0
64000, 276495, 0, 0, 0
64000, 112392, 1, 0, 0
65000, 280972, 0, 0, 0
65000, 106612, 1, 0, 0
66000, 278185, 0, 0, 0
66000, 108014, 1, 0, 0
67000, 108299, 1, 0, 0
67000, 278748, 0, 0, 0
68000, 278001, 0, 0, 0
68000, 107075, 1, 0, 0
69000, 280505, 0, 0, 0
69000, 107184, 1, 0, 0
70000, 275042, 0, 0, 0
70000, 109131, 1, 0, 0
71000, 269007, 0, 0, 0
71000, 109600, 1, 0, 0
72000, 105303, 1, 0, 0
72000, 277478, 0, 0, 0
73000, 107599, 1, 0, 0
73000, 278737, 0, 0, 0
74000, 280545, 0, 0, 0
74000, 107799, 1, 0, 0
75000, 277360, 0, 0, 0
75000, 109605, 1, 0, 0
76000, 277271, 0, 0, 0
76000, 106239, 1, 0, 0
77000, 278790, 0, 0, 0
77000, 105719, 1, 0, 0
78000, 275010, 0, 0, 0
78000, 109340, 1, 0, 0
79000, 108093, 1, 0, 0
79000, 279228, 0, 0, 0
80000, 106215, 1, 0, 0
80000, 281711, 0, 0, 0
81000, 113828, 1, 0, 0
81000, 269475, 0, 0, 0
82000, 275636, 0, 0, 0
82000, 109103, 1, 0, 0
83000, 106113, 1, 0, 0
83000, 281056, 0, 0, 0
84000, 278346, 0, 0, 0
84000, 107167, 1, 0, 0
85000, 110316, 1, 0, 0
85000, 278203, 0, 0, 0
86000, 278818, 0, 0, 0
86000, 106920, 1, 0, 0
87000, 278250, 0, 0, 0
87000, 107714, 1, 0, 0
88000, 107624, 1, 0, 0
88000, 278807, 0, 0, 0
89000, 109270, 1, 0, 0
89000, 277340, 0, 0, 0
90000, 110871, 1, 0, 0
90000, 281389, 0, 0, 0
91000, 279386, 0, 0, 0
91000, 110464, 1, 0, 0
92000, 107001, 1, 0, 0
92000, 276137, 0, 0, 0
93000, 106455, 1, 0, 0
93000, 278663, 0, 0, 0
94000, 277157, 0, 0, 0
94000, 105970, 1, 0, 0
95000, 280922, 0, 0, 0
95000, 106791, 1, 0, 0
96000, 108206, 1, 0, 0
96000, 274614, 0, 0, 0
97000, 278716, 0, 0, 0
97000, 107438, 1, 0, 0
98000, 117930, 1, 0, 0
98000, 289748, 0, 0, 0
99000, 120416, 1, 0, 0
99000, 283584, 0, 0, 0
100000, 279004, 0, 0, 0
100000, 110521, 1, 0, 0
101000, 277350, 0, 0, 0
101000, 106983, 1, 0, 0
102000, 301018, 0, 0, 0
102000, 132191, 1, 0, 0
103000, 403604, 0, 0, 0
103000, 232842, 1, 0, 0
104000, 442098, 0, 0, 0
104000, 256303, 1, 0, 0
105000, 348445, 0, 0, 0
105000, 192854, 1, 0, 0
106000, 358170, 0, 0, 0
106000, 219931, 1, 0, 0
107000, 383165, 0, 0, 0
107000, 210986, 1, 0, 0
108000, 188442, 1, 0, 0
108000, 352942, 0, 0, 0
109000, 173224, 1, 0, 0
109000, 347750, 0, 0, 0
110000, 351678, 0, 0, 0
110000, 175498, 1, 0, 0
111000, 183902, 1, 0, 0
111000, 338788, 0, 0, 0
112000, 307224, 0, 0, 0
112000, 149386, 1, 0, 0
113000, 157716, 1, 0, 0
113000, 315428, 0, 0, 0
114000, 306981, 0, 0, 0
114000, 149155, 1, 0, 0
115000, 292978, 0, 0, 0
115000, 132686, 1, 0, 0
116000, 127563, 1, 0, 0
116000, 291522, 0, 0, 0
117000, 107906, 1, 0, 0
117000, 278544, 0, 0, 0
118000, 276455, 0, 0, 0
118000, 105123, 1, 0, 0
119000, 270898, 0, 0, 0
119000, 114689, 1, 0, 0
120000, 109276, 1, 0, 0
120000, 279879, 0, 0, 0
120000, 462933, 0, 0, 0
120000, 373389, 1, 0, 0
