1000, 461612, 1, 0, 0
2000, 611102, 1, 0, 0
3001, 561690, 1, 0, 0
4000, 624781, 1, 0, 0
5000, 626289, 1, 0, 0
6000, 741456, 1, 0, 0
7001, 598761, 1, 0, 0
8000, 634031, 1, 0, 0
9000, 548528, 1, 0, 0
10000, 522193, 1, 0, 0
11000, 559948, 1, 0, 0
12000, 555770, 1, 0, 0
13000, 512375, 1, 0, 0
14000, 444795, 1, 0, 0
15000, 468867, 1, 0, 0
16000, 441705, 1, 0, 0
17000, 420665, 1, 0, 0
18000, 510322, 1, 0, 0
19000, 552248, 1, 0, 0
20000, 623373, 1, 0, 0
21000, 577197, 1, 0, 0
22000, 494708, 1, 0, 0
23000, 513429, 1, 0, 0
24000, 530638, 1, 0, 0
25000, 504435, 1, 0, 0
26000, 492149, 1, 0, 0
27000, 559814, 1, 0, 0
28001, 518867, 1, 0, 0
29001, 519644, 1, 0, 0
30000, 562441, 1, 0, 0
31000, 790181, 1, 0, 0
32000, 776875, 1, 0, 0
33000, 594864, 1, 0, 0
34000, 434060, 1, 0, 0
35000, 396311, 1, 0, 0
36000, 440976, 1, 0, 0
37000, 612312, 1, 0, 0
38000, 644880, 1, 0, 0
39000, 498949, 1, 0, 0
40000, 588040, 1, 0, 0
41000, 549386, 1, 0, 0
42000, 431051, 1, 0, 0
43000, 397578, 1, 0, 0
44000, 448179, 1, 0, 0
45001, 534893, 1, 0, 0
46000, 451532, 1, 0, 0
47000, 515747, 1, 0, 0
48000, 561411, 1, 0, 0
49000, 616759, 1, 0, 0
50000, 573082, 1, 0, 0
51000, 533359, 1, 0, 0
52000, 481477, 1, 0, 0
53001, 663814, 1, 0, 0
54000, 891188, 1, 0, 0
55000, 770003, 1, 0, 0
56001, 578093, 1, 0, 0
57000, 591696, 1, 0, 0
58000, 556584, 1, 0, 0
59000, 530350, 1, 0, 0
60000, 477261, 1, 0, 0
61000, 533820, 1, 0, 0
62001, 538829, 1, 0, 0
63000, 505198, 1, 0, 0
64000, 523974, 1, 0, 0
65000, 657286, 1, 0, 0
66000, 659200, 1, 0, 0
67000, 754461, 1, 0, 0
68000, 571951, 1, 0, 0
69000, 493670, 1, 0, 0
70000, 421044, 1, 0, 0
71000, 444857, 1, 0, 0
72000, 429045, 1, 0, 0
73000, 448629, 1, 0, 0
74000, 448576, 1, 0, 0
75000, 476522, 1, 0, 0
76000, 505135, 1, 0, 0
77000, 524796, 1, 0, 0
78001, 585997, 1, 0, 0
79000, 590466, 1, 0, 0
80000, 588728, 1, 0, 0
81001, 529292, 1, 0, 0
82000, 523545, 1, 0, 0
83000, 512583, 1, 0, 0
84000, 514435, 1, 0, 0
85000, 508517, 1, 0, 0
86000, 693594, 1, 0, 0
87000, 547840, 1, 0, 0
88000, 558790, 1, 0, 0
89000, 526875, 1, 0, 0
90000, 520739, 1, 0, 0
91000, 516559, 1, 0, 0
92000, 527195, 1, 0, 0
93000, 563232, 1, 0, 0
94001, 877409, 1, 0, 0
95000, 717894, 1, 0, 0
96000, 718895, 1, 0, 0
97000, 643242, 1, 0, 0
98000, 708769, 1, 0, 0
99000, 784595, 1, 0, 0
100000, 714996, 1, 0, 0
101000, 730377, 1, 0, 0
102000, 645692, 1, 0, 0
103000, 781089, 1, 0, 0
104000, 734416, 1, 0, 0
105001, 726092, 1, 0, 0
106000, 746057, 1, 0, 0
107000, 636884, 1, 0, 0
108000, 726371, 1, 0, 0
109000, 639328, 1, 0, 0
110000, 737726, 1, 0, 0
111011, 624976, 1, 0, 0
112000, 699574, 1, 0, 0
113000, 519242, 1, 0, 0
114000, 640860, 1, 0, 0
115000, 597097, 1, 0, 0
116000, 684176, 1, 0, 0
117000, 568242, 1, 0, 0
118000, 690974, 1, 0, 0
119000, 751336, 1, 0, 0
120000, 655910, 1, 0, 0
121000, 600248, 1, 0, 0
122000, 520051, 1, 0, 0
123000, 727663, 1, 0, 0
124000, 746196, 1, 0, 0
125000, 793309, 1, 0, 0
126000, 901863, 1, 0, 0
127010, 672486, 1, 0, 0
128000, 808854, 1, 0, 0
129000, 719107, 1, 0, 0
130001, 737924, 1, 0, 0
131000, 640225, 1, 0, 0
132000, 663275, 1, 0, 0
133000, 551331, 1, 0, 0
134000, 592414, 1, 0, 0
135000, 619660, 1, 0, 0
136001, 627200, 1, 0, 0
137000, 586919, 1, 0, 0
138000, 569162, 1, 0, 0
139000, 527777, 1, 0, 0
140000, 513326, 1, 0, 0
141000, 459757, 1, 0, 0
142000, 506440, 1, 0, 0
143000, 479992, 1, 0, 0
144000, 492018, 1, 0, 0
145000, 525132, 1, 0, 0
146000, 482767, 1, 0, 0
147001, 505600, 1, 0, 0
148000, 483808, 1, 0, 0
149000, 520688, 1, 0, 0
150000, 443526, 1, 0, 0
151000, 398263, 1, 0, 0
152000, 381953, 1, 0, 0
153000, 358686, 1, 0, 0
154000, 436122, 1, 0, 0
155000, 520308, 1, 0, 0
156000, 473864, 1, 0, 0
157000, 498690, 1, 0, 0
158000, 465240, 1, 0, 0
159000, 499293, 1, 0, 0
160000, 450413, 1, 0, 0
161000, 519244, 1, 0, 0
162000, 464751, 1, 0, 0
163000, 505745, 1, 0, 0
164001, 502426, 1, 0, 0
165000, 474379, 1, 0, 0
166000, 483278, 1, 0, 0
167000, 488917, 1, 0, 0
168000, 538365, 1, 0, 0
169000, 501890, 1, 0, 0
170000, 479641, 1, 0, 0
171000, 489486, 1, 0, 0
172000, 462850, 1, 0, 0
173001, 490647, 1, 0, 0
174000, 480270, 1, 0, 0
175000, 593680, 1, 0, 0
176001, 569043, 1, 0, 0
177000, 574080, 1, 0, 0
178000, 445262, 1, 0, 0
179000, 429385, 1, 0, 0
180000, 387443, 1, 0, 0
181000, 410255, 1, 0, 0
182000, 451041, 1, 0, 0
183000, 510630, 1, 0, 0
184000, 473615, 1, 0, 0
185000, 517696, 1, 0, 0
186000, 515776, 1, 0, 0
187000, 507543, 1, 0, 0
188000, 446482, 1, 0, 0
189000, 496205, 1, 0, 0
190000, 448548, 1, 0, 0
191000, 430348, 1, 0, 0
192000, 406756, 1, 0, 0
193000, 403438, 1, 0, 0
194000, 442194, 1, 0, 0
195000, 496004, 1, 0, 0
196000, 487345, 1, 0, 0
197000, 492067, 1, 0, 0
198000, 550256, 1, 0, 0
199000, 540524, 1, 0, 0
200000, 548532, 1, 0, 0
201000, 498993, 1, 0, 0
202000, 483357, 1, 0, 0
203000, 452776, 1, 0, 0
204000, 467736, 1, 0, 0
205000, 466414, 1, 0, 0
206000, 517253, 1, 0, 0
207000, 502542, 1, 0, 0
208000, 520149, 1, 0, 0
209000, 475686, 1, 0, 0
210000, 492540, 1, 0, 0
211000, 489005, 1, 0, 0
212000, 515520, 1, 0, 0
213000, 492470, 1, 0, 0
214000, 514930, 1, 0, 0
215000, 474052, 1, 0, 0
216000, 467278, 1, 0, 0
217000, 496186, 1, 0, 0
218000, 483482, 1, 0, 0
219000, 491714, 1, 0, 0
220000, 496047, 1, 0, 0
221000, 470378, 1, 0, 0
222000, 460843, 1, 0, 0
223000, 448636, 1, 0, 0
224000, 406671, 1, 0, 0
225000, 409038, 1, 0, 0
226000, 473079, 1, 0, 0
227000, 458511, 1, 0, 0
228000, 530241, 1, 0, 0
229000, 538924, 1, 0, 0
230000, 594204, 1, 0, 0
231000, 500715, 1, 0, 0
232000, 484976, 1, 0, 0
233000, 464131, 1, 0, 0
234000, 509943, 1, 0, 0
235000, 478118, 1, 0, 0
236000, 438422, 1, 0, 0
237000, 429043, 1, 0, 0
238000, 416722, 1, 0, 0
239000, 459226, 1, 0, 0
240000, 433472, 1, 0, 0
241000, 491415, 1, 0, 0
242000, 499984, 1, 0, 0
243000, 553662, 1, 0, 0
244000, 723957, 1, 0, 0
245000, 672251, 1, 0, 0
246000, 681888, 1, 0, 0
247000, 545179, 1, 0, 0
248000, 494443, 1, 0, 0
249000, 501262, 1, 0, 0
250000, 527045, 1, 0, 0
251000, 485034, 1, 0, 0
252000, 495616, 1, 0, 0
253000, 497616, 1, 0, 0
254000, 508842, 1, 0, 0
255000, 503097, 1, 0, 0
256000, 487344, 1, 0, 0
257000, 487953, 1, 0, 0
258000, 575432, 1, 0, 0
259000, 580127, 1, 0, 0
260000, 609365, 1, 0, 0
261000, 493159, 1, 0, 0
262000, 529983, 1, 0, 0
263001, 461426, 1, 0, 0
264000, 449102, 1, 0, 0
265000, 494705, 1, 0, 0
266000, 521260, 1, 0, 0
267000, 515457, 1, 0, 0
268000, 522615, 1, 0, 0
269000, 508423, 1, 0, 0
270000, 515100, 1, 0, 0
271000, 507510, 1, 0, 0
272000, 477505, 1, 0, 0
273000, 489749, 1, 0, 0
274001, 537091, 1, 0, 0
275000, 626541, 1, 0, 0
276000, 498356, 1, 0, 0
277000, 537134, 1, 0, 0
278001, 516246, 1, 0, 0
279000, 511687, 1, 0, 0
280000, 444916, 1, 0, 0
281000, 506584, 1, 0, 0
282000, 430308, 1, 0, 0
283000, 351172, 1, 0, 0
284000, 410481, 1, 0, 0
285000, 379606, 1, 0, 0
286000, 435793, 1, 0, 0
287000, 482518, 1, 0, 0
288000, 496526, 1, 0, 0
289000, 553159, 1, 0, 0
290000, 621215, 1, 0, 0
291000, 551542, 1, 0, 0
292000, 485652, 1, 0, 0
293000, 517462, 1, 0, 0
294000, 563680, 1, 0, 0
295000, 462322, 1, 0, 0
296000, 598759, 1, 0, 0
297000, 538087, 1, 0, 0
298000, 540669, 1, 0, 0
299000, 455749, 1, 0, 0
300000, 540150, 1, 0, 0
300000, 300334, 1, 0, 0
