1002, 127828, 1, 0, 0
2002, 132452, 1, 0, 0
3009, 129244, 1, 0, 0
4009, 131952, 1, 0, 0
5009, 122700, 1, 0, 0
6009, 127780, 1, 0, 0
7008, 140625, 1, 0, 0
8008, 142148, 1, 0, 0
9009, 135436, 1, 0, 0
10008, 141437, 1, 0, 0
11008, 147360, 1, 0, 0
12010, 144771, 1, 0, 0
13009, 143431, 1, 0, 0
14007, 166376, 1, 0, 0
15008, 179448, 1, 0, 0
16009, 174177, 1, 0, 0
17028, 149491, 1, 0, 0
18029, 149956, 1, 0, 0
19029, 117632, 1, 0, 0
20029, 138480, 1, 0, 0
21030, 134920, 1, 0, 0
22030, 142460, 1, 0, 0
23031, 142044, 1, 0, 0
24031, 138984, 1, 0, 0
25031, 138100, 1, 0, 0
26032, 139900, 1, 0, 0
27033, 143340, 1, 0, 0
28033, 142796, 1, 0, 0
29034, 132743, 1, 0, 0
30034, 140796, 1, 0, 0
31035, 153524, 1, 0, 0
32035, 153320, 1, 0, 0
33036, 159344, 1, 0, 0
34036, 160236, 1, 0, 0
35036, 168192, 1, 0, 0
36037, 168060, 1, 0, 0
37037, 173052, 1, 0, 0
38038, 135500, 1, 0, 0
39039, 140087, 1, 0, 0
40039, 144172, 1, 0, 0
41041, 136619, 1, 0, 0
42041, 130284, 1, 0, 0
43041, 133556, 1, 0, 0
44043, 143688, 1, 0, 0
45043, 145972, 1, 0, 0
46044, 152035, 1, 0, 0
47045, 148772, 1, 0, 0
48045, 143708, 1, 0, 0
49045, 130784, 1, 0, 0
50046, 140623, 1, 0, 0
51047, 128756, 1, 0, 0
52048, 145978, 1, 0, 0
53049, 163912, 1, 0, 0
54049, 143916, 1, 0, 0
55050, 148416, 1, 0, 0
56050, 162776, 1, 0, 0
57051, 139832, 1, 0, 0
58052, 106397, 1, 0, 0
59052, 79584, 1, 0, 0
60053, 97432, 1, 0, 0
61054, 110961, 1, 0, 0
62054, 154256, 1, 0, 0
63054, 150876, 1, 0, 0
64055, 151996, 1, 0, 0
65056, 143588, 1, 0, 0
66056, 179912, 1, 0, 0
67057, 189180, 1, 0, 0
68058, 192015, 1, 0, 0
69058, 184988, 1, 0, 0
70059, 157672, 1, 0, 0
71060, 174089, 1, 0, 0
72060, 182300, 1, 0, 0
73061, 193532, 1, 0, 0
74062, 150813, 1, 0, 0
75063, 149608, 1, 0, 0
76064, 170028, 1, 0, 0
77065, 142097, 1, 0, 0
78065, 134108, 1, 0, 0
79065, 143188, 1, 0, 0
80066, 162896, 1, 0, 0
81067, 152999, 1, 0, 0
82068, 175876, 1, 0, 0
83069, 178781, 1, 0, 0
84069, 186984, 1, 0, 0
85070, 175208, 1, 0, 0
86070, 135396, 1, 0, 0
87071, 151912, 1, 0, 0
88071, 159352, 1, 0, 0
89071, 156156, 1, 0, 0
90072, 180208, 1, 0, 0
91072, 192308, 1, 0, 0
92072, 183428, 1, 0, 0
93073, 181092, 1, 0, 0
94073, 167728, 1, 0, 0
95074, 159344, 1, 0, 0
96074, 162080, 1, 0, 0
97075, 161932, 1, 0, 0
98076, 189538, 1, 0, 0
99077, 195296, 1, 0, 0
100078, 180291, 1, 0, 0
101079, 181888, 1, 0, 0
102079, 165988, 1, 0, 0
103079, 156256, 1, 0, 0
104080, 149384, 1, 0, 0
105080, 167316, 1, 0, 0
106080, 183044, 1, 0, 0
107081, 170177, 1, 0, 0
108081, 180120, 1, 0, 0
109081, 175728, 1, 0, 0
110083, 175688, 1, 0, 0
111083, 165528, 1, 0, 0
112083, 151468, 1, 0, 0
113084, 160644, 1, 0, 0
114085, 175224, 1, 0, 0
115085, 166404, 1, 0, 0
116086, 196724, 1, 0, 0
117087, 191540, 1, 0, 0
118088, 161418, 1, 0, 0
119088, 153376, 1, 0, 0
120088, 148988, 1, 0, 0
121089, 154572, 1, 0, 0
122090, 156356, 1, 0, 0
123091, 164796, 1, 0, 0
124091, 144016, 1, 0, 0
125092, 147264, 1, 0, 0
126093, 162937, 1, 0, 0
127094, 148144, 1, 0, 0
128094, 159960, 1, 0, 0
129095, 136648, 1, 0, 0
130095, 178472, 1, 0, 0
131096, 187240, 1, 0, 0
132096, 186772, 1, 0, 0
133096, 189072, 1, 0, 0
134097, 158737, 1, 0, 0
135098, 154592, 1, 0, 0
136099, 149292, 1, 0, 0
137099, 146652, 1, 0, 0
138100, 149596, 1, 0, 0
139101, 130996, 1, 0, 0
140102, 146944, 1, 0, 0
141102, 161960, 1, 0, 0
142102, 185036, 1, 0, 0
143104, 179648, 1, 0, 0
144105, 183700, 1, 0, 0
145106, 185774, 1, 0, 0
146108, 147984, 1, 0, 0
147108, 154900, 1, 0, 0
148109, 156100, 1, 0, 0
149110, 162544, 1, 0, 0
150111, 188000, 1, 0, 0
151111, 176488, 1, 0, 0
152111, 191536, 1, 0, 0
153112, 183728, 1, 0, 0
154113, 152623, 1, 0, 0
155114, 162128, 1, 0, 0
156115, 149946, 1, 0, 0
157116, 148991, 1, 0, 0
158116, 181488, 1, 0, 0
159116, 178196, 1, 0, 0
160118, 192059, 1, 0, 0
161118, 184712, 1, 0, 0
162119, 171688, 1, 0, 0
163119, 190844, 1, 0, 0
164120, 183520, 1, 0, 0
165120, 184568, 1, 0, 0
166120, 161632, 1, 0, 0
167121, 136188, 1, 0, 0
168122, 135012, 1, 0, 0
169123, 141700, 1, 0, 0
170123, 123172, 1, 0, 0
171123, 158708, 1, 0, 0
172124, 149800, 1, 0, 0
173125, 155544, 1, 0, 0
174125, 189144, 1, 0, 0
175126, 156643, 1, 0, 0
176126, 75676, 1, 0, 0
177126, 99076, 1, 0, 0
178127, 102312, 1, 0, 0
179127, 135868, 1, 0, 0
180128, 101316, 1, 0, 0
181129, 130813, 1, 0, 0
182130, 130808, 1, 0, 0
183130, 114652, 1, 0, 0
184131, 80847, 1, 0, 0
185131, 82032, 1, 0, 0
186132, 113920, 1, 0, 0
187133, 115040, 1, 0, 0
188134, 101202, 1, 0, 0
189135, 110409, 1, 0, 0
190136, 96788, 1, 0, 0
191136, 78092, 1, 0, 0
192137, 69422, 1, 0, 0
193138, 79260, 1, 0, 0
194139, 97048, 1, 0, 0
195139, 111844, 1, 0, 0
196140, 101068, 1, 0, 0
197140, 115744, 1, 0, 0
198141, 123532, 1, 0, 0
199142, 142584, 1, 0, 0
200142, 156836, 1, 0, 0
201142, 156920, 1, 0, 0
202143, 190456, 1, 0, 0
203144, 165122, 1, 0, 0
204144, 147184, 1, 0, 0
205145, 103308, 1, 0, 0
206145, 111932, 1, 0, 0
207146, 101250, 1, 0, 0
208147, 110964, 1, 0, 0
209149, 61778, 1, 0, 0
210150, 93202, 1, 0, 0
211151, 98165, 1, 0, 0
212151, 119988, 1, 0, 0
213150, 113715, 1, 0, 0
214151, 102540, 1, 0, 0
215150, 120140, 1, 0, 0
216150, 104908, 1, 0, 0
217150, 112752, 1, 0, 0
218151, 125392, 1, 0, 0
219150, 111655, 1, 0, 0
220150, 129188, 1, 0, 0
221150, 115940, 1, 0, 0
222150, 119451, 1, 0, 0
223150, 116472, 1, 0, 0
224151, 99160, 1, 0, 0
225150, 139279, 1, 0, 0
226150, 142904, 1, 0, 0
227150, 139368, 1, 0, 0
228150, 140664, 1, 0, 0
229150, 136612, 1, 0, 0
230150, 120276, 1, 0, 0
231150, 122972, 1, 0, 0
232150, 138172, 1, 0, 0
233150, 125201, 1, 0, 0
234150, 119356, 1, 0, 0
235151, 114800, 1, 0, 0
236151, 124720, 1, 0, 0
237150, 120760, 1, 0, 0
238150, 129156, 1, 0, 0
239150, 129812, 1, 0, 0
240150, 146148, 1, 0, 0
241150, 138208, 1, 0, 0
242151, 137124, 1, 0, 0
243151, 133784, 1, 0, 0
244150, 116992, 1, 0, 0
245150, 128312, 1, 0, 0
246150, 120824, 1, 0, 0
247151, 150500, 1, 0, 0
248150, 153461, 1, 0, 0
249150, 155172, 1, 0, 0
250151, 163308, 1, 0, 0
251150, 167323, 1, 0, 0
252151, 164924, 1, 0, 0
253151, 169320, 1, 0, 0
254150, 141625, 1, 0, 0
255151, 141700, 1, 0, 0
256151, 132612, 1, 0, 0
257151, 129252, 1, 0, 0
258150, 123207, 1, 0, 0
259151, 115684, 1, 0, 0
260151, 121276, 1, 0, 0
261151, 149737, 1, 0, 0
262151, 137988, 1, 0, 0
263151, 138894, 1, 0, 0
264150, 137785, 1, 0, 0
265151, 145688, 1, 0, 0
266151, 139332, 1, 0, 0
267151, 132224, 1, 0, 0
268151, 136816, 1, 0, 0
269150, 148220, 1, 0, 0
270151, 144359, 1, 0, 0
271151, 138418, 1, 0, 0
272150, 156648, 1, 0, 0
273151, 151012, 1, 0, 0
274151, 180044, 1, 0, 0
275152, 185084, 1, 0, 0
276151, 183699, 1, 0, 0
277152, 175424, 1, 0, 0
278151, 144736, 1, 0, 0
279151, 130942, 1, 0, 0
280152, 150073, 1, 0, 0
281151, 145033, 1, 0, 0
282152, 137756, 1, 0, 0
283151, 139627, 1, 0, 0
284151, 141212, 1, 0, 0
285151, 151344, 1, 0, 0
286151, 155656, 1, 0, 0
287152, 144480, 1, 0, 0
288152, 145305, 1, 0, 0
289151, 144588, 1, 0, 0
290151, 135172, 1, 0, 0
291151, 135268, 1, 0, 0
292151, 146410, 1, 0, 0
293152, 133578, 1, 0, 0
294151, 138302, 1, 0, 0
295152, 135584, 1, 0, 0
296151, 135899, 1, 0, 0
297152, 140900, 1, 0, 0
298151, 156372, 1, 0, 0
299151, 157345, 1, 0, 0
300152, 112787, 1, 0, 0
