1076, 18206, 0, 0, 0
1076, 2034, 1, 0, 0
2076, 16882, 0, 0, 0
2076, 1896, 1, 0, 0
3077, 16938, 0, 0, 0
3077, 1876, 1, 0, 0
4078, 15718, 0, 0, 0
4078, 1738, 1, 0, 0
5078, 22531, 0, 0, 0
5078, 2429, 1, 0, 0
6079, 17267, 0, 0, 0
6079, 1885, 1, 0, 0
7080, 15564, 0, 0, 0
7080, 1708, 1, 0, 0
8081, 17799, 0, 0, 0
8081, 1962, 1, 0, 0
9081, 13935, 0, 0, 0
9081, 1576, 1, 0, 0
10082, 12849, 0, 0, 0
10082, 1361, 1, 0, 0
11082, 23523, 0, 0, 0
11082, 2735, 1, 0, 0
12082, 16869, 0, 0, 0
12082, 1864, 1, 0, 0
13084, 14179, 0, 0, 0
13084, 1506, 1, 0, 0
14094, 12881, 0, 0, 0
14094, 1444, 1, 0, 0
15095, 20433, 0, 0, 0
15095, 2348, 1, 0, 0
16095, 19118, 0, 0, 0
16095, 2174, 1, 0, 0
17096, 23973, 0, 0, 0
17096, 2625, 1, 0, 0
18097, 18455, 0, 0, 0
18097, 2115, 1, 0, 0
19098, 20862, 0, 0, 0
19098, 2375, 1, 0, 0
20098, 23810, 0, 0, 0
20098, 2690, 1, 0, 0
21099, 10287, 0, 0, 0
21099, 1169, 1, 0, 0
22099, 24809, 0, 0, 0
22099, 2706, 1, 0, 0
23100, 25869, 0, 0, 0
23100, 2886, 1, 0, 0
24100, 25060, 0, 0, 0
24100, 2878, 1, 0, 0
25101, 18094, 0, 0, 0
25101, 2024, 1, 0, 0
26101, 18277, 0, 0, 0
26101, 2086, 1, 0, 0
27138, 16827, 0, 0, 0
27138, 1917, 1, 0, 0
28138, 22203, 0, 0, 0
28138, 2392, 1, 0, 0
29139, 21948, 0, 0, 0
29139, 2513, 1, 0, 0
30140, 26954, 0, 0, 0
30140, 3000, 1, 0, 0
31140, 23822, 0, 0, 0
31140, 2618, 1, 0, 0
32141, 20022, 0, 0, 0
32141, 2202, 1, 0, 0
33142, 23730, 0, 0, 0
33142, 2644, 1, 0, 0
34143, 25164, 0, 0, 0
34143, 2772, 1, 0, 0
35144, 24266, 0, 0, 0
35144, 2714, 1, 0, 0
36144, 23751, 0, 0, 0
36144, 2626, 1, 0, 0
37145, 19224, 0, 0, 0
37145, 2100, 1, 0, 0
38145, 21640, 0, 0, 0
38145, 2463, 1, 0, 0
39145, 24283, 0, 0, 0
39145, 2668, 1, 0, 0
40145, 22009, 0, 0, 0
40145, 2432, 1, 0, 0
41144, 16207, 0, 0, 0
41144, 1782, 1, 0, 0
42145, 23957, 0, 0, 0
42145, 2663, 1, 0, 0
43145, 14766, 0, 0, 0
43145, 1726, 1, 0, 0
44145, 16531, 0, 0, 0
44145, 1862, 1, 0, 0
45145, 27858, 0, 0, 0
45145, 3081, 1, 0, 0
46145, 13111, 0, 0, 0
46145, 1390, 1, 0, 0
47145, 18829, 0, 0, 0
47145, 2058, 1, 0, 0
48146, 18955, 0, 0, 0
48146, 2110, 1, 0, 0
49145, 17050, 0, 0, 0
49145, 1848, 1, 0, 0
50144, 15175, 0, 0, 0
50144, 1702, 1, 0, 0
51145, 19864, 0, 0, 0
51145, 2242, 1, 0, 0
52145, 21609, 0, 0, 0
52145, 2354, 1, 0, 0
53144, 28242, 0, 0, 0
53144, 3221, 1, 0, 0
54145, 28625, 0, 0, 0
54145, 3113, 1, 0, 0
55145, 30049, 0, 0, 0
55145, 3279, 1, 0, 0
56145, 27284, 0, 0, 0
56145, 3154, 1, 0, 0
57145, 22193, 0, 0, 0
57145, 2400, 1, 0, 0
58145, 20693, 0, 0, 0
58145, 2343, 1, 0, 0
59145, 24069, 0, 0, 0
59145, 2659, 1, 0, 0
60145, 23838, 0, 0, 0
60145, 2578, 1, 0, 0
61145, 22259, 0, 0, 0
61145, 2385, 1, 0, 0
62145, 18793, 0, 0, 0
62145, 2107, 1, 0, 0
63145, 29103, 0, 0, 0
63145, 3258, 1, 0, 0
64145, 23713, 0, 0, 0
64145, 2721, 1, 0, 0
65145, 14410, 0, 0, 0
65145, 1528, 1, 0, 0
66145, 26708, 0, 0, 0
66145, 2981, 1, 0, 0
67144, 27580, 0, 0, 0
67144, 2992, 1, 0, 0
68145, 18110, 0, 0, 0
68145, 1981, 1, 0, 0
69145, 21810, 0, 0, 0
69145, 2438, 1, 0, 0
70145, 26263, 0, 0, 0
70145, 2873, 1, 0, 0
71145, 26356, 0, 0, 0
71145, 2979, 1, 0, 0
72145, 25058, 0, 0, 0
72145, 2875, 1, 0, 0
73145, 17470, 0, 0, 0
73145, 1904, 1, 0, 0
74144, 23967, 0, 0, 0
74144, 2661, 1, 0, 0
75145, 23256, 0, 0, 0
75145, 2634, 1, 0, 0
76145, 25894, 0, 0, 0
76145, 2819, 1, 0, 0
77144, 24372, 0, 0, 0
77144, 2689, 1, 0, 0
78145, 15640, 0, 0, 0
78145, 1704, 1, 0, 0
79145, 18460, 0, 0, 0
79145, 2099, 1, 0, 0
80144, 18608, 0, 0, 0
80144, 2147, 1, 0, 0
81145, 19626, 0, 0, 0
81145, 2161, 1, 0, 0
82145, 17516, 0, 0, 0
82145, 1996, 1, 0, 0
83146, 25719, 0, 0, 0
83146, 2926, 1, 0, 0
84144, 27011, 0, 0, 0
84144, 3036, 1, 0, 0
85145, 22175, 0, 0, 0
85145, 2427, 1, 0, 0
86145, 23407, 0, 0, 0
86145, 2638, 1, 0, 0
87145, 23927, 0, 0, 0
87145, 2673, 1, 0, 0
88145, 14108, 0, 0, 0
88145, 1551, 1, 0, 0
89145, 22603, 0, 0, 0
89145, 2511, 1, 0, 0
90144, 18634, 0, 0, 0
90144, 2061, 1, 0, 0
91144, 14401, 0, 0, 0
91144, 1611, 1, 0, 0
92145, 18634, 0, 0, 0
92145, 2095, 1, 0, 0
93145, 20401, 0, 0, 0
93145, 2339, 1, 0, 0
94144, 27757, 0, 0, 0
94144, 3054, 1, 0, 0
95145, 23547, 0, 0, 0
95145, 2647, 1, 0, 0
96145, 26671, 0, 0, 0
96145, 3029, 1, 0, 0
97145, 27929, 0, 0, 0
97145, 3125, 1, 0, 0
98145, 28103, 0, 0, 0
98145, 3125, 1, 0, 0
99144, 27924, 0, 0, 0
99144, 3004, 1, 0, 0
100144, 25187, 0, 0, 0
100144, 2801, 1, 0, 0
101144, 21813, 0, 0, 0
101144, 2378, 1, 0, 0
102144, 28134, 0, 0, 0
102144, 3181, 1, 0, 0
103144, 27662, 0, 0, 0
103144, 2939, 1, 0, 0
104144, 22120, 0, 0, 0
104144, 2439, 1, 0, 0
105145, 27953, 0, 0, 0
105145, 3234, 1, 0, 0
106145, 26128, 0, 0, 0
106145, 2924, 1, 0, 0
107145, 25849, 0, 0, 0
107145, 2798, 1, 0, 0
108144, 29565, 0, 0, 0
108144, 3297, 1, 0, 0
109144, 26328, 0, 0, 0
109144, 2913, 1, 0, 0
110144, 27332, 0, 0, 0
110144, 2959, 1, 0, 0
111145, 23922, 0, 0, 0
111145, 2644, 1, 0, 0
112145, 26627, 0, 0, 0
112145, 3016, 1, 0, 0
113145, 30794, 0, 0, 0
113145, 3391, 1, 0, 0
114145, 31227, 0, 0, 0
114145, 3469, 1, 0, 0
115145, 26171, 0, 0, 0
115145, 2943, 1, 0, 0
116145, 27114, 0, 0, 0
116145, 3058, 1, 0, 0
117144, 26054, 0, 0, 0
117144, 2970, 1, 0, 0
118145, 22813, 0, 0, 0
118145, 2508, 1, 0, 0
119144, 25147, 0, 0, 0
119144, 2733, 1, 0, 0
120145, 23041, 0, 0, 0
120145, 2535, 1, 0, 0
121144, 22524, 0, 0, 0
121144, 2474, 1, 0, 0
122144, 25154, 0, 0, 0
122144, 2771, 1, 0, 0
123144, 26846, 0, 0, 0
123144, 3029, 1, 0, 0
124144, 25894, 0, 0, 0
124144, 2918, 1, 0, 0
125144, 18406, 0, 0, 0
125144, 2088, 1, 0, 0
126144, 18255, 0, 0, 0
126144, 2040, 1, 0, 0
127144, 25997, 0, 0, 0
127144, 2909, 1, 0, 0
128145, 19788, 0, 0, 0
128145, 2244, 1, 0, 0
129144, 19115, 0, 0, 0
129144, 2129, 1, 0, 0
130144, 20402, 0, 0, 0
130144, 2305, 1, 0, 0
131195, 17713, 0, 0, 0
131195, 1964, 1, 0, 0
132195, 22665, 0, 0, 0
132195, 2477, 1, 0, 0
133194, 25156, 0, 0, 0
133194, 2715, 1, 0, 0
134194, 21975, 0, 0, 0
134194, 2442, 1, 0, 0
135194, 21000, 0, 0, 0
135194, 2334, 1, 0, 0
136195, 24487, 0, 0, 0
136195, 2673, 1, 0, 0
137195, 26657, 0, 0, 0
137195, 2972, 1, 0, 0
138194, 17880, 0, 0, 0
138194, 1965, 1, 0, 0
139194, 21054, 0, 0, 0
139194, 2273, 1, 0, 0
140195, 24663, 0, 0, 0
140195, 2660, 1, 0, 0
141195, 23074, 0, 0, 0
141195, 2554, 1, 0, 0
142194, 17755, 0, 0, 0
142194, 1978, 1, 0, 0
143194, 24854, 0, 0, 0
143194, 2829, 1, 0, 0
144195, 27130, 0, 0, 0
144195, 3044, 1, 0, 0
145194, 25871, 0, 0, 0
145194, 2828, 1, 0, 0
146195, 22727, 0, 0, 0
146195, 2567, 1, 0, 0
147195, 27116, 0, 0, 0
147195, 2962, 1, 0, 0
148194, 25167, 0, 0, 0
148194, 2732, 1, 0, 0
149195, 25232, 0, 0, 0
149195, 2800, 1, 0, 0
150194, 23548, 0, 0, 0
150194, 2581, 1, 0, 0
151195, 26104, 0, 0, 0
151195, 2959, 1, 0, 0
152194, 24171, 0, 0, 0
152194, 2686, 1, 0, 0
153194, 23182, 0, 0, 0
153194, 2607, 1, 0, 0
154194, 22215, 0, 0, 0
154194, 2426, 1, 0, 0
155194, 26813, 0, 0, 0
155194, 2914, 1, 0, 0
156194, 22186, 0, 0, 0
156194, 2500, 1, 0, 0
157194, 24230, 0, 0, 0
157194, 2787, 1, 0, 0
158194, 16994, 0, 0, 0
158194, 1891, 1, 0, 0
159194, 25224, 0, 0, 0
159194, 2791, 1, 0, 0
160194, 26227, 0, 0, 0
160194, 2909, 1, 0, 0
161194, 25600, 0, 0, 0
161194, 2826, 1, 0, 0
162194, 24959, 0, 0, 0
162194, 2734, 1, 0, 0
163194, 26100, 0, 0, 0
163194, 2858, 1, 0, 0
164194, 16378, 0, 0, 0
164194, 1821, 1, 0, 0
165194, 10954, 0, 0, 0
165194, 1235, 1, 0, 0
166194, 14136, 0, 0, 0
166194, 1576, 1, 0, 0
167193, 9905, 0, 0, 0
167193, 1160, 1, 0, 0
168194, 15581, 0, 0, 0
168194, 1680, 1, 0, 0
169194, 14351, 0, 0, 0
169194, 1598, 1, 0, 0
170194, 14268, 0, 0, 0
170194, 1674, 1, 0, 0
171194, 14341, 0, 0, 0
171194, 1608, 1, 0, 0
172194, 18821, 0, 0, 0
172194, 2061, 1, 0, 0
173194, 14944, 0, 0, 0
173194, 1659, 1, 0, 0
174194, 9801, 0, 0, 0
174194, 1175, 1, 0, 0
175194, 13277, 0, 0, 0
175194, 1481, 1, 0, 0
176194, 13439, 0, 0, 0
176194, 1572, 1, 0, 0
177194, 12857, 0, 0, 0
177194, 1419, 1, 0, 0
178194, 12690, 0, 0, 0
178194, 1417, 1, 0, 0
179194, 12914, 0, 0, 0
179194, 1429, 1, 0, 0
180194, 11097, 0, 0, 0
180194, 1222, 1, 0, 0
