1001, 1310633, 0, 0, 0
1001, 1172007, 1, 0, 0
2003, 718621, 1, 0, 0
2003, 880865, 0, 0, 0
3000, 318502, 1, 0, 0
3000, 436481, 0, 0, 0
4000, 515619, 1, 0, 0
4000, 631847, 0, 0, 0
5000, 689081, 0, 0, 0
5000, 555287, 1, 0, 0
6000, 332801, 1, 0, 0
6000, 460221, 0, 0, 0
7000, 375668, 1, 0, 0
7000, 491159, 0, 0, 0
8000, 592663, 1, 0, 0
8000, 706842, 0, 0, 0
9001, 832284, 1, 0, 0
9001, 907327, 0, 0, 0
10000, 802383, 0, 0, 0
10000, 693570, 1, 0, 0
11000, 325757, 1, 0, 0
11000, 456545, 0, 0, 0
12000, 818205, 0, 0, 0
12000, 673385, 1, 0, 0
13000, 611178, 1, 0, 0
13000, 721517, 0, 0, 0
14000, 1150090, 0, 0, 0
14000, 1092563, 1, 0, 0
15000, 516508, 1, 0, 0
15000, 644056, 0, 0, 0
16000, 818024, 0, 0, 0
16000, 681968, 1, 0, 0
17001, 489399, 1, 0, 0
17001, 628188, 0, 0, 0
18000, 989298, 0, 0, 0
18000, 897784, 1, 0, 0
19000, 1212479, 0, 0, 0
19000, 1129769, 1, 0, 0
20000, 1088694, 0, 0, 0
20000, 983863, 1, 0, 0
21000, 532626, 0, 0, 0
21000, 420440, 1, 0, 0
22000, 833390, 0, 0, 0
22000, 735071, 1, 0, 0
23000, 757892, 1, 0, 0
23000, 844568, 0, 0, 0
24000, 619648, 0, 0, 0
24000, 511848, 1, 0, 0
25000, 860794, 0, 0, 0
25000, 707365, 1, 0, 0
26002, 512519, 1, 0, 0
26002, 627456, 0, 0, 0
27000, 768757, 1, 0, 0
27000, 880450, 0, 0, 0
28000, 801215, 1, 0, 0
28000, 905051, 0, 0, 0
29000, 932874, 1, 0, 0
29000, 1018481, 0, 0, 0
30000, 581390, 0, 0, 0
30000, 449917, 1, 0, 0
31000, 703775, 0, 0, 0
31000, 579294, 1, 0, 0
32000, 817395, 0, 0, 0
32000, 698547, 1, 0, 0
33000, 616012, 0, 0, 0
33000, 485040, 1, 0, 0
34001, 717247, 1, 0, 0
34001, 792546, 0, 0, 0
35004, 777718, 0, 0, 0
35004, 656127, 1, 0, 0
36000, 464562, 1, 0, 0
36000, 592282, 0, 0, 0
37000, 604699, 0, 0, 0
37000, 492711, 1, 0, 0
38000, 720988, 1, 0, 0
38000, 849391, 0, 0, 0
39000, 843950, 0, 0, 0
39000, 733371, 1, 0, 0
40000, 512119, 1, 0, 0
40000, 642617, 0, 0, 0
41000, 620033, 0, 0, 0
41000, 519091, 1, 0, 0
42000, 757896, 0, 0, 0
42000, 620692, 1, 0, 0
43000, 759282, 0, 0, 0
43000, 637878, 1, 0, 0
44000, 445090, 1, 0, 0
44000, 547115, 0, 0, 0
45000, 693863, 0, 0, 0
45000, 579133, 1, 0, 0
46000, 699945, 1, 0, 0
46000, 805437, 0, 0, 0
47000, 390942, 1, 0, 0
47000, 533098, 0, 0, 0
48000, 636951, 1, 0, 0
48000, 729375, 0, 0, 0
49000, 918613, 0, 0, 0
49000, 796707, 1, 0, 0
50000, 791885, 1, 0, 0
50000, 916674, 0, 0, 0
51000, 925841, 0, 0, 0
51000, 791094, 1, 0, 0
52000, 880845, 0, 0, 0
52000, 757909, 1, 0, 0
53000, 427230, 1, 0, 0
53000, 552348, 0, 0, 0
54000, 347430, 1, 0, 0
54000, 469841, 0, 0, 0
55000, 749173, 1, 0, 0
55000, 863446, 0, 0, 0
56000, 516048, 0, 0, 0
56000, 392334, 1, 0, 0
57000, 868536, 1, 0, 0
57000, 999873, 0, 0, 0
58000, 554630, 1, 0, 0
58000, 698395, 0, 0, 0
59000, 850520, 0, 0, 0
59000, 724477, 1, 0, 0
60000, 781138, 1, 0, 0
60000, 900026, 0, 0, 0
61002, 1004141, 1, 0, 0
61002, 1066253, 0, 0, 0
62001, 537595, 0, 0, 0
62001, 409360, 1, 0, 0
63000, 816624, 1, 0, 0
63000, 949308, 0, 0, 0
64000, 486954, 1, 0, 0
64000, 627224, 0, 0, 0
65000, 820031, 0, 0, 0
65000, 708261, 1, 0, 0
66000, 674519, 0, 0, 0
66000, 556762, 1, 0, 0
67000, 635109, 1, 0, 0
67000, 770212, 0, 0, 0
68000, 435229, 1, 0, 0
68000, 569962, 0, 0, 0
69000, 641836, 1, 0, 0
69000, 755317, 0, 0, 0
70000, 387640, 1, 0, 0
70000, 518073, 0, 0, 0
71000, 620886, 1, 0, 0
71000, 774654, 0, 0, 0
72000, 643373, 0, 0, 0
72000, 527602, 1, 0, 0
73001, 721818, 1, 0, 0
73001, 865826, 0, 0, 0
74000, 841139, 0, 0, 0
74000, 720090, 1, 0, 0
75000, 685025, 0, 0, 0
75000, 565289, 1, 0, 0
76000, 872170, 0, 0, 0
76000, 748528, 1, 0, 0
77000, 831215, 0, 0, 0
77000, 715327, 1, 0, 0
78000, 897044, 0, 0, 0
78000, 746934, 1, 0, 0
79000, 910650, 1, 0, 0
79000, 1006365, 0, 0, 0
80000, 642113, 0, 0, 0
80000, 517757, 1, 0, 0
81000, 700504, 1, 0, 0
81000, 824476, 0, 0, 0
82000, 542141, 1, 0, 0
82000, 651749, 0, 0, 0
83000, 715097, 0, 0, 0
83000, 566904, 1, 0, 0
84000, 434561, 1, 0, 0
84000, 568573, 0, 0, 0
85000, 578556, 0, 0, 0
85000, 471528, 1, 0, 0
86000, 683200, 1, 0, 0
86000, 821735, 0, 0, 0
87000, 882779, 0, 0, 0
87000, 789491, 1, 0, 0
88000, 600500, 1, 0, 0
88000, 738807, 0, 0, 0
89000, 730543, 0, 0, 0
89000, 602141, 1, 0, 0
90000, 873641, 0, 0, 0
90000, 730380, 1, 0, 0
91000, 547572, 1, 0, 0
91000, 667926, 0, 0, 0
92000, 627624, 1, 0, 0
92000, 739255, 0, 0, 0
93000, 815022, 0, 0, 0
93000, 712143, 1, 0, 0
94000, 1279086, 0, 0, 0
94000, 1145274, 1, 0, 0
95000, 836975, 0, 0, 0
95000, 726508, 1, 0, 0
96000, 644435, 1, 0, 0
96000, 734545, 0, 0, 0
97000, 930906, 0, 0, 0
97000, 824673, 1, 0, 0
98000, 417927, 0, 0, 0
98000, 306515, 1, 0, 0
99000, 307791, 1, 0, 0
99000, 433884, 0, 0, 0
100000, 808424, 1, 0, 0
100000, 943738, 0, 0, 0
101000, 1010789, 0, 0, 0
101000, 864941, 1, 0, 0
102000, 566123, 0, 0, 0
102000, 442331, 1, 0, 0
103000, 784817, 1, 0, 0
103000, 886456, 0, 0, 0
104003, 1093064, 1, 0, 0
104003, 1181104, 0, 0, 0
105001, 583908, 1, 0, 0
105001, 711660, 0, 0, 0
106002, 685801, 0, 0, 0
106002, 518674, 1, 0, 0
107002, 340188, 1, 0, 0
107002, 455175, 0, 0, 0
108003, 625093, 0, 0, 0
108003, 505060, 1, 0, 0
109007, 808207, 1, 0, 0
109007, 924089, 0, 0, 0
110001, 624898, 0, 0, 0
110001, 517579, 1, 0, 0
111006, 779877, 1, 0, 0
111006, 901467, 0, 0, 0
112001, 651454, 1, 0, 0
112001, 804010, 0, 0, 0
113000, 663163, 1, 0, 0
113000, 773379, 0, 0, 0
114001, 499274, 1, 0, 0
114001, 635274, 0, 0, 0
115000, 639952, 0, 0, 0
115000, 511849, 1, 0, 0
116001, 680439, 1, 0, 0
116001, 770438, 0, 0, 0
117003, 1127199, 0, 0, 0
117003, 1003925, 1, 0, 0
118001, 474223, 1, 0, 0
118001, 601878, 0, 0, 0
119000, 323052, 1, 0, 0
119000, 439075, 0, 0, 0
120001, 514852, 1, 0, 0
120001, 626840, 0, 0, 0
121007, 879710, 1, 0, 0
121007, 938205, 0, 0, 0
122006, 426636, 1, 0, 0
122006, 533435, 0, 0, 0
123000, 655796, 0, 0, 0
123000, 527519, 1, 0, 0
124000, 863391, 1, 0, 0
124000, 1005174, 0, 0, 0
125004, 736780, 0, 0, 0
125004, 623642, 1, 0, 0
126000, 686536, 0, 0, 0
126000, 552911, 1, 0, 0
127000, 689392, 0, 0, 0
127000, 546982, 1, 0, 0
128000, 1077204, 0, 0, 0
128000, 987079, 1, 0, 0
129005, 715244, 0, 0, 0
129005, 586007, 1, 0, 0
130000, 543356, 1, 0, 0
130000, 676407, 0, 0, 0
131006, 361941, 1, 0, 0
131006, 476895, 0, 0, 0
132001, 488361, 1, 0, 0
132001, 605750, 0, 0, 0
133000, 534582, 0, 0, 0
133000, 419018, 1, 0, 0
134000, 346824, 1, 0, 0
134000, 466037, 0, 0, 0
135000, 387471, 1, 0, 0
135000, 513056, 0, 0, 0
136000, 484858, 1, 0, 0
136000, 638500, 0, 0, 0
137001, 622642, 0, 0, 0
137001, 487767, 1, 0, 0
138000, 613207, 0, 0, 0
138000, 494686, 1, 0, 0
139000, 596563, 1, 0, 0
139000, 713489, 0, 0, 0
140000, 455639, 1, 0, 0
140000, 591943, 0, 0, 0
141001, 482930, 0, 0, 0
141001, 370680, 1, 0, 0
142000, 669932, 0, 0, 0
142000, 532777, 1, 0, 0
143000, 675049, 1, 0, 0
143000, 789215, 0, 0, 0
144000, 452869, 1, 0, 0
144000, 546103, 0, 0, 0
145000, 541264, 0, 0, 0
145000, 426914, 1, 0, 0
146001, 853604, 1, 0, 0
146001, 1006388, 0, 0, 0
147000, 1155357, 0, 0, 0
147000, 1045349, 1, 0, 0
148000, 523345, 0, 0, 0
148000, 416217, 1, 0, 0
149000, 882701, 0, 0, 0
149000, 764591, 1, 0, 0
150000, 517355, 0, 0, 0
150000, 388564, 1, 0, 0
151001, 757653, 1, 0, 0
151001, 870292, 0, 0, 0
152000, 597297, 1, 0, 0
152000, 699640, 0, 0, 0
153000, 441040, 0, 0, 0
153000, 315565, 1, 0, 0
154000, 440576, 1, 0, 0
154000, 569549, 0, 0, 0
155000, 303405, 1, 0, 0
155000, 420599, 0, 0, 0
156000, 690122, 1, 0, 0
156000, 824518, 0, 0, 0
157000, 853150, 0, 0, 0
157000, 715414, 1, 0, 0
158000, 646927, 0, 0, 0
158000, 521293, 1, 0, 0
159000, 449534, 1, 0, 0
159000, 587483, 0, 0, 0
160000, 530758, 0, 0, 0
160000, 416615, 1, 0, 0
161000, 375341, 1, 0, 0
161000, 491968, 0, 0, 0
162000, 835067, 0, 0, 0
162000, 719557, 1, 0, 0
163000, 929830, 0, 0, 0
163000, 795731, 1, 0, 0
164000, 630797, 1, 0, 0
164000, 786520, 0, 0, 0
165000, 558662, 0, 0, 0
165000, 441758, 1, 0, 0
166000, 701219, 0, 0, 0
166000, 567112, 1, 0, 0
167001, 555328, 1, 0, 0
167001, 668290, 0, 0, 0
168000, 402819, 1, 0, 0
168000, 529710, 0, 0, 0
169000, 720189, 1, 0, 0
169000, 828971, 0, 0, 0
170000, 815078, 0, 0, 0
170000, 686575, 1, 0, 0
171000, 710167, 1, 0, 0
171000, 837962, 0, 0, 0
172000, 628110, 1, 0, 0
172000, 743698, 0, 0, 0
173000, 854371, 0, 0, 0
173000, 717076, 1, 0, 0
174000, 676457, 0, 0, 0
174000, 574463, 1, 0, 0
175003, 529600, 1, 0, 0
175003, 680178, 0, 0, 0
176000, 777013, 0, 0, 0
176000, 645767, 1, 0, 0
177000, 827028, 0, 0, 0
177000, 712362, 1, 0, 0
178000, 572063, 1, 0, 0
178000, 662265, 0, 0, 0
179000, 374019, 1, 0, 0
179000, 495726, 0, 0, 0
180000, 389098, 1, 0, 0
180000, 511056, 0, 0, 0
180000, 398853, 0, 0, 0
