1002, 12685, 0, 0, 0
1002, 12683, 1, 0, 0
2001, 16901, 0, 0, 0
2001, 16947, 1, 0, 0
3014, 16265, 0, 0, 0
3014, 15954, 1, 0, 0
4016, 17205, 0, 0, 0
4016, 17180, 1, 0, 0
5017, 16572, 0, 0, 0
5017, 16469, 1, 0, 0
6017, 15883, 0, 0, 0
6017, 16093, 1, 0, 0
7017, 17306, 0, 0, 0
7017, 17205, 1, 0, 0
8018, 15693, 0, 0, 0
8018, 16017, 1, 0, 0
9019, 16304, 0, 0, 0
9019, 16420, 1, 0, 0
10019, 16741, 0, 0, 0
10019, 16568, 1, 0, 0
11019, 16992, 0, 0, 0
11019, 16681, 1, 0, 0
12020, 16684, 0, 0, 0
12020, 16820, 1, 0, 0
13021, 16798, 0, 0, 0
13021, 16952, 1, 0, 0
14022, 16417, 0, 0, 0
14022, 16521, 1, 0, 0
15071, 12125, 0, 0, 0
15071, 12159, 1, 0, 0
16073, 13338, 0, 0, 0
16073, 13541, 1, 0, 0
17074, 17486, 0, 0, 0
17074, 17561, 1, 0, 0
18075, 16672, 0, 0, 0
18075, 16247, 1, 0, 0
19076, 16400, 0, 0, 0
19076, 16274, 1, 0, 0
20076, 17483, 0, 0, 0
20076, 17335, 1, 0, 0
21077, 16873, 0, 0, 0
21077, 16738, 1, 0, 0
22079, 17212, 0, 0, 0
22079, 17103, 1, 0, 0
23080, 16414, 0, 0, 0
23080, 16411, 1, 0, 0
24080, 17059, 0, 0, 0
24080, 17118, 1, 0, 0
25081, 17275, 0, 0, 0
25081, 17214, 1, 0, 0
26082, 16815, 0, 0, 0
26082, 16815, 1, 0, 0
27083, 17191, 0, 0, 0
27083, 17332, 1, 0, 0
28084, 11990, 0, 0, 0
28084, 11770, 1, 0, 0
29085, 4924, 0, 0, 0
29085, 4866, 1, 0, 0
30120, 4463, 0, 0, 0
30120, 4566, 1, 0, 0
31121, 11905, 0, 0, 0
31121, 11785, 1, 0, 0
32122, 11952, 0, 0, 0
32122, 11946, 1, 0, 0
33123, 17469, 0, 0, 0
33123, 17477, 1, 0, 0
34124, 16341, 0, 0, 0
34124, 16283, 1, 0, 0
35125, 16245, 0, 0, 0
35125, 16479, 1, 0, 0
36125, 16314, 0, 0, 0
36125, 16181, 1, 0, 0
37125, 17586, 0, 0, 0
37125, 17390, 1, 0, 0
38126, 16365, 0, 0, 0
38126, 16678, 1, 0, 0
39127, 16215, 0, 0, 0
39127, 16053, 1, 0, 0
40127, 16761, 0, 0, 0
40127, 16790, 1, 0, 0
41128, 12385, 0, 0, 0
41128, 12682, 1, 0, 0
42129, 17133, 0, 0, 0
42129, 16943, 1, 0, 0
43130, 16510, 0, 0, 0
43130, 16460, 1, 0, 0
44131, 16647, 0, 0, 0
44131, 16438, 1, 0, 0
45132, 16523, 0, 0, 0
45132, 16233, 1, 0, 0
46133, 16752, 0, 0, 0
46133, 16946, 1, 0, 0
47134, 17525, 0, 0, 0
47134, 17439, 1, 0, 0
48136, 17003, 0, 0, 0
48136, 16535, 1, 0, 0
49137, 16966, 0, 0, 0
49137, 17114, 1, 0, 0
50138, 15816, 0, 0, 0
50138, 15848, 1, 0, 0
51139, 16308, 0, 0, 0
51139, 16383, 1, 0, 0
52139, 16839, 0, 0, 0
52139, 17112, 1, 0, 0
53140, 16790, 0, 0, 0
53140, 16744, 1, 0, 0
54141, 16583, 0, 0, 0
54141, 16453, 1, 0, 0
55142, 16961, 0, 0, 0
55142, 16836, 1, 0, 0
56142, 16950, 0, 0, 0
56142, 16844, 1, 0, 0
57142, 16101, 0, 0, 0
57142, 16186, 1, 0, 0
58142, 16167, 0, 0, 0
58142, 16030, 1, 0, 0
59141, 15977, 0, 0, 0
59141, 15931, 1, 0, 0
60141, 15072, 0, 0, 0
60141, 15334, 1, 0, 0
61142, 16654, 0, 0, 0
61142, 16616, 1, 0, 0
62141, 16640, 0, 0, 0
62141, 16696, 1, 0, 0
63141, 16898, 0, 0, 0
63141, 16849, 1, 0, 0
64142, 17404, 0, 0, 0
64142, 17126, 1, 0, 0
65141, 16543, 0, 0, 0
65141, 16686, 1, 0, 0
66141, 16924, 0, 0, 0
66141, 17019, 1, 0, 0
67141, 16766, 0, 0, 0
67141, 17134, 1, 0, 0
68141, 13938, 0, 0, 0
68141, 14175, 1, 0, 0
69141, 16540, 0, 0, 0
69141, 16792, 1, 0, 0
70141, 16895, 0, 0, 0
70141, 16825, 1, 0, 0
71141, 15809, 0, 0, 0
71141, 15954, 1, 0, 0
72141, 16960, 0, 0, 0
72141, 16823, 1, 0, 0
73140, 16599, 0, 0, 0
73140, 16509, 1, 0, 0
74141, 16089, 0, 0, 0
74141, 16025, 1, 0, 0
75141, 15697, 0, 0, 0
75141, 15553, 1, 0, 0
76140, 16863, 0, 0, 0
76140, 16835, 1, 0, 0
77141, 16808, 0, 0, 0
77141, 16521, 1, 0, 0
78140, 16585, 0, 0, 0
78140, 16693, 1, 0, 0
79140, 16771, 0, 0, 0
79140, 16621, 1, 0, 0
80141, 17330, 0, 0, 0
80141, 17363, 1, 0, 0
81141, 13861, 0, 0, 0
81141, 13616, 1, 0, 0
82141, 17643, 0, 0, 0
82141, 17405, 1, 0, 0
83140, 16264, 0, 0, 0
83140, 16293, 1, 0, 0
84141, 16633, 0, 0, 0
84141, 16342, 1, 0, 0
85141, 16123, 0, 0, 0
85141, 16185, 1, 0, 0
86140, 16521, 0, 0, 0
86140, 16760, 1, 0, 0
87141, 16815, 0, 0, 0
87141, 16582, 1, 0, 0
88140, 16349, 0, 0, 0
88140, 16316, 1, 0, 0
89140, 16440, 0, 0, 0
89140, 16638, 1, 0, 0
90141, 16609, 0, 0, 0
90141, 16767, 1, 0, 0
91140, 16795, 0, 0, 0
91140, 16732, 1, 0, 0
92140, 16637, 0, 0, 0
92140, 16498, 1, 0, 0
93140, 17012, 0, 0, 0
93140, 16878, 1, 0, 0
94140, 17158, 0, 0, 0
94140, 16874, 1, 0, 0
95140, 17172, 0, 0, 0
95140, 17302, 1, 0, 0
96140, 16873, 0, 0, 0
96140, 16988, 1, 0, 0
97140, 16783, 0, 0, 0
97140, 16675, 1, 0, 0
98140, 16898, 0, 0, 0
98140, 17240, 1, 0, 0
99140, 16588, 0, 0, 0
99140, 16552, 1, 0, 0
100141, 16333, 0, 0, 0
100141, 16583, 1, 0, 0
101141, 17488, 0, 0, 0
101141, 17496, 1, 0, 0
102140, 17347, 0, 0, 0
102140, 17196, 1, 0, 0
103140, 17179, 0, 0, 0
103140, 17400, 1, 0, 0
104140, 16686, 0, 0, 0
104140, 16649, 1, 0, 0
105141, 13691, 0, 0, 0
105141, 13691, 1, 0, 0
106140, 6362, 0, 0, 0
106140, 6386, 1, 0, 0
107140, 15342, 0, 0, 0
107140, 15257, 1, 0, 0
108140, 17129, 0, 0, 0
108140, 16804, 1, 0, 0
109140, 13491, 0, 0, 0
109140, 13388, 1, 0, 0
110140, 16819, 0, 0, 0
110140, 16912, 1, 0, 0
111139, 16572, 0, 0, 0
111139, 16390, 1, 0, 0
112139, 16296, 0, 0, 0
112139, 16213, 1, 0, 0
113140, 16949, 0, 0, 0
113140, 17195, 1, 0, 0
114140, 16769, 0, 0, 0
114140, 16508, 1, 0, 0
115139, 16981, 0, 0, 0
115139, 17272, 1, 0, 0
116139, 16772, 0, 0, 0
116139, 16380, 1, 0, 0
117140, 16114, 0, 0, 0
117140, 16166, 1, 0, 0
118140, 17209, 0, 0, 0
118140, 17416, 1, 0, 0
119139, 16776, 0, 0, 0
119139, 16418, 1, 0, 0
120139, 16597, 0, 0, 0
120139, 16583, 1, 0, 0
121140, 15956, 0, 0, 0
121140, 16058, 1, 0, 0
122140, 12931, 0, 0, 0
122140, 13014, 1, 0, 0
123139, 16710, 0, 0, 0
123139, 16766, 1, 0, 0
124139, 17223, 0, 0, 0
124139, 17135, 1, 0, 0
125139, 17174, 0, 0, 0
125139, 16931, 1, 0, 0
126140, 16794, 0, 0, 0
126140, 16682, 1, 0, 0
127139, 16645, 0, 0, 0
127139, 16607, 1, 0, 0
128139, 16843, 0, 0, 0
128139, 16664, 1, 0, 0
129139, 17176, 0, 0, 0
129139, 17093, 1, 0, 0
130139, 15855, 0, 0, 0
130139, 16227, 1, 0, 0
131139, 16686, 0, 0, 0
131139, 16660, 1, 0, 0
132138, 16580, 0, 0, 0
132138, 16475, 1, 0, 0
133139, 16546, 0, 0, 0
133139, 16717, 1, 0, 0
134139, 17175, 0, 0, 0
134139, 17331, 1, 0, 0
135139, 16743, 0, 0, 0
135139, 16890, 1, 0, 0
136139, 16015, 0, 0, 0
136139, 15771, 1, 0, 0
137139, 16536, 0, 0, 0
137139, 16486, 1, 0, 0
138138, 16381, 0, 0, 0
138138, 16558, 1, 0, 0
139139, 16624, 0, 0, 0
139139, 16581, 1, 0, 0
140138, 15818, 0, 0, 0
140138, 16099, 1, 0, 0
141139, 16028, 0, 0, 0
141139, 16155, 1, 0, 0
142138, 16870, 0, 0, 0
142138, 16654, 1, 0, 0
143138, 16443, 0, 0, 0
143138, 16653, 1, 0, 0
144138, 16110, 0, 0, 0
144138, 16152, 1, 0, 0
145139, 16547, 0, 0, 0
145139, 16784, 1, 0, 0
146139, 15148, 0, 0, 0
146139, 15182, 1, 0, 0
147139, 10065, 0, 0, 0
147139, 10185, 1, 0, 0
148139, 12632, 0, 0, 0
148139, 12362, 1, 0, 0
149138, 12358, 0, 0, 0
149138, 11983, 1, 0, 0
150139, 11686, 0, 0, 0
150139, 11542, 1, 0, 0
151139, 11982, 0, 0, 0
151139, 12047, 1, 0, 0
152138, 12607, 0, 0, 0
152138, 12600, 1, 0, 0
153139, 15388, 0, 0, 0
153139, 15611, 1, 0, 0
154138, 18812, 0, 0, 0
154138, 18766, 1, 0, 0
155138, 17352, 0, 0, 0
155138, 17647, 1, 0, 0
156138, 18753, 0, 0, 0
156138, 18678, 1, 0, 0
157138, 19361, 0, 0, 0
157138, 19041, 1, 0, 0
158138, 19103, 0, 0, 0
158138, 18910, 1, 0, 0
159138, 19090, 0, 0, 0
159138, 19208, 1, 0, 0
160138, 19326, 0, 0, 0
160138, 19514, 1, 0, 0
161138, 18364, 0, 0, 0
161138, 18544, 1, 0, 0
162138, 13964, 0, 0, 0
162138, 13914, 1, 0, 0
163137, 17678, 0, 0, 0
163137, 17571, 1, 0, 0
164138, 21002, 0, 0, 0
164138, 21117, 1, 0, 0
165137, 19021, 0, 0, 0
165137, 18707, 1, 0, 0
166138, 17884, 0, 0, 0
166138, 17689, 1, 0, 0
167137, 15434, 0, 0, 0
167137, 15620, 1, 0, 0
168138, 16042, 0, 0, 0
168138, 15800, 1, 0, 0
169137, 15264, 0, 0, 0
169137, 15215, 1, 0, 0
170137, 15755, 0, 0, 0
170137, 15543, 1, 0, 0
171137, 20299, 0, 0, 0
171137, 20657, 1, 0, 0
172138, 19255, 0, 0, 0
172138, 19587, 1, 0, 0
173138, 19137, 0, 0, 0
173138, 19293, 1, 0, 0
174137, 21262, 0, 0, 0
174137, 21510, 1, 0, 0
175138, 21584, 0, 0, 0
175138, 21723, 1, 0, 0
176137, 21542, 0, 0, 0
176137, 21466, 1, 0, 0
177137, 20535, 0, 0, 0
177137, 20476, 1, 0, 0
178137, 19489, 0, 0, 0
178137, 19697, 1, 0, 0
179137, 20765, 0, 0, 0
179137, 21177, 1, 0, 0
180137, 18857, 0, 0, 0
180137, 18488, 1, 0, 0
