1000, 27666, 1, 0, 0
1000, 18509, 0, 0, 0
2000, 22107, 0, 0, 0
2000, 31674, 1, 0, 0
3000, 21646, 0, 0, 0
3000, 31411, 1, 0, 0
4000, 28832, 1, 0, 0
4000, 19732, 0, 0, 0
5000, 20112, 0, 0, 0
5000, 32090, 1, 0, 0
6000, 19679, 0, 0, 0
6000, 28749, 1, 0, 0
7000, 20189, 0, 0, 0
7000, 29487, 1, 0, 0
8000, 19742, 0, 0, 0
8000, 29094, 1, 0, 0
9000, 19377, 0, 0, 0
9000, 28657, 1, 0, 0
10000, 25177, 1, 0, 0
10000, 16995, 0, 0, 0
11000, 25869, 1, 0, 0
11000, 17493, 0, 0, 0
12000, 26070, 1, 0, 0
12000, 17557, 0, 0, 0
13000, 17575, 0, 0, 0
13000, 26193, 1, 0, 0
14000, 19830, 0, 0, 0
14000, 28982, 1, 0, 0
15000, 19751, 0, 0, 0
15000, 28994, 1, 0, 0
16000, 22751, 0, 0, 0
16000, 32312, 1, 0, 0
17000, 19909, 0, 0, 0
17000, 29597, 1, 0, 0
18000, 17801, 0, 0, 0
18000, 26046, 1, 0, 0
19000, 17346, 0, 0, 0
19000, 25504, 1, 0, 0
20000, 25590, 1, 0, 0
20000, 17409, 0, 0, 0
21000, 25714, 1, 0, 0
21000, 17470, 0, 0, 0
22000, 20243, 0, 0, 0
22000, 29602, 1, 0, 0
23000, 23308, 0, 0, 0
23000, 33056, 1, 0, 0
24000, 29117, 1, 0, 0
24000, 19830, 0, 0, 0
25000, 19726, 0, 0, 0
25000, 28631, 1, 0, 0
26000, 17483, 0, 0, 0
26000, 26258, 1, 0, 0
27000, 17410, 0, 0, 0
27000, 25701, 1, 0, 0
28000, 17196, 0, 0, 0
28000, 25361, 1, 0, 0
29000, 17654, 0, 0, 0
29000, 25861, 1, 0, 0
30000, 28554, 1, 0, 0
30000, 19482, 0, 0, 0
31000, 19807, 0, 0, 0
31000, 29066, 1, 0, 0
32000, 29469, 1, 0, 0
32000, 20027, 0, 0, 0
33000, 19527, 0, 0, 0
33000, 28562, 1, 0, 0
34000, 25200, 1, 0, 0
34000, 17147, 0, 0, 0
35000, 27002, 1, 0, 0
35000, 18440, 0, 0, 0
36000, 19014, 0, 0, 0
36000, 28148, 1, 0, 0
37000, 28346, 1, 0, 0
37000, 19231, 0, 0, 0
38000, 31916, 1, 0, 0
38000, 21931, 0, 0, 0
39000, 22142, 0, 0, 0
39000, 33041, 1, 0, 0
40000, 21681, 0, 0, 0
40000, 31698, 1, 0, 0
41000, 34303, 1, 0, 0
41000, 23650, 0, 0, 0
42000, 22002, 0, 0, 0
42000, 31971, 1, 0, 0
43000, 22368, 0, 0, 0
43000, 32974, 1, 0, 0
44000, 20536, 0, 0, 0
44000, 29849, 1, 0, 0
45000, 28635, 1, 0, 0
45000, 19570, 0, 0, 0
46000, 18196, 0, 0, 0
46000, 26556, 1, 0, 0
47000, 26385, 1, 0, 0
47000, 18033, 0, 0, 0
48000, 16963, 0, 0, 0
48000, 25033, 1, 0, 0
49000, 19375, 0, 0, 0
49000, 29198, 1, 0, 0
50000, 19769, 0, 0, 0
50000, 29044, 1, 0, 0
51000, 20392, 0, 0, 0
51000, 30144, 1, 0, 0
52000, 20114, 0, 0, 0
52000, 29601, 1, 0, 0
53000, 20664, 0, 0, 0
53000, 30379, 1, 0, 0
54000, 18009, 0, 0, 0
54000, 26514, 1, 0, 0
55000, 25813, 1, 0, 0
55000, 17343, 0, 0, 0
56000, 17502, 0, 0, 0
56000, 26446, 1, 0, 0
57000, 19549, 0, 0, 0
57000, 28639, 1, 0, 0
58000, 28944, 1, 0, 0
58000, 19584, 0, 0, 0
59000, 20438, 0, 0, 0
59000, 30093, 1, 0, 0
60000, 19849, 0, 0, 0
60000, 28966, 1, 0, 0
61000, 29396, 1, 0, 0
61000, 19869, 0, 0, 0
62000, 17046, 0, 0, 0
62000, 25118, 1, 0, 0
63000, 17246, 0, 0, 0
63000, 25242, 1, 0, 0
64000, 16994, 0, 0, 0
64000, 24882, 1, 0, 0
65000, 24939, 1, 0, 0
65000, 17131, 0, 0, 0
66000, 19665, 0, 0, 0
66000, 28990, 1, 0, 0
67000, 19534, 0, 0, 0
67000, 28863, 1, 0, 0
68000, 19527, 0, 0, 0
68000, 28645, 1, 0, 0
69000, 19486, 0, 0, 0
69000, 28411, 1, 0, 0
70000, 27878, 1, 0, 0
70000, 18766, 0, 0, 0
71000, 17250, 0, 0, 0
71000, 25489, 1, 0, 0
72000, 17930, 0, 0, 0
72000, 26513, 1, 0, 0
73000, 17717, 0, 0, 0
73000, 26419, 1, 0, 0
74000, 29884, 1, 0, 0
74000, 20248, 0, 0, 0
75000, 20056, 0, 0, 0
75000, 29832, 1, 0, 0
76000, 20060, 0, 0, 0
76000, 29518, 1, 0, 0
77000, 28632, 1, 0, 0
77000, 19458, 0, 0, 0
78000, 25844, 1, 0, 0
78000, 17414, 0, 0, 0
79000, 17424, 0, 0, 0
79000, 25656, 1, 0, 0
80000, 25178, 1, 0, 0
80000, 17226, 0, 0, 0
81000, 25719, 1, 0, 0
81000, 17431, 0, 0, 0
82000, 21390, 0, 0, 0
82000, 31084, 1, 0, 0
83000, 29666, 1, 0, 0
83000, 20270, 0, 0, 0
84000, 20957, 0, 0, 0
84000, 30659, 1, 0, 0
85000, 19674, 0, 0, 0
85000, 28685, 1, 0, 0
86000, 17261, 0, 0, 0
86000, 25268, 1, 0, 0
87000, 17730, 0, 0, 0
87000, 26218, 1, 0, 0
88000, 17250, 0, 0, 0
88000, 25314, 1, 0, 0
89000, 27183, 1, 0, 0
89000, 18599, 0, 0, 0
90000, 19994, 0, 0, 0
90000, 29358, 1, 0, 0
91000, 29475, 1, 0, 0
91000, 20078, 0, 0, 0
92000, 19935, 0, 0, 0
92000, 29383, 1, 0, 0
93000, 28342, 1, 0, 0
93000, 19217, 0, 0, 0
94000, 17956, 0, 0, 0
94000, 26653, 1, 0, 0
95000, 17169, 0, 0, 0
95000, 25447, 1, 0, 0
96000, 17657, 0, 0, 0
96000, 25974, 1, 0, 0
97000, 17494, 0, 0, 0
97000, 26066, 1, 0, 0
98000, 19885, 0, 0, 0
98000, 29008, 1, 0, 0
99000, 19945, 0, 0, 0
99000, 29304, 1, 0, 0
100000, 29585, 1, 0, 0
100000, 20328, 0, 0, 0
101000, 30673, 1, 0, 0
101000, 20891, 0, 0, 0
102000, 19645, 0, 0, 0
102000, 28899, 1, 0, 0
103000, 19631, 0, 0, 0
103000, 28937, 1, 0, 0
104000, 20206, 0, 0, 0
104000, 29723, 1, 0, 0
105000, 20219, 0, 0, 0
105000, 29797, 1, 0, 0
106000, 17394, 0, 0, 0
106000, 25575, 1, 0, 0
107000, 27505, 1, 0, 0
107000, 19327, 0, 0, 0
108000, 16943, 0, 0, 0
108000, 24920, 1, 0, 0
109000, 17428, 0, 0, 0
109000, 25560, 1, 0, 0
110000, 30949, 1, 0, 0
110000, 21205, 0, 0, 0
111000, 29327, 1, 0, 0
111000, 20052, 0, 0, 0
112000, 28861, 1, 0, 0
112000, 19550, 0, 0, 0
113000, 19834, 0, 0, 0
113000, 29243, 1, 0, 0
114000, 25459, 1, 0, 0
114000, 17072, 0, 0, 0
115000, 27209, 1, 0, 0
115000, 18393, 0, 0, 0
116000, 18378, 0, 0, 0
116000, 26726, 1, 0, 0
117000, 26124, 1, 0, 0
117000, 17636, 0, 0, 0
118000, 28764, 1, 0, 0
118000, 19532, 0, 0, 0
119000, 19659, 0, 0, 0
119000, 28904, 1, 0, 0
120000, 19648, 0, 0, 0
120000, 28858, 1, 0, 0
121000, 19405, 0, 0, 0
121000, 28501, 1, 0, 0
122000, 17570, 0, 0, 0
122000, 25847, 1, 0, 0
123000, 26077, 1, 0, 0
123000, 17769, 0, 0, 0
124000, 25129, 1, 0, 0
124000, 16934, 0, 0, 0
125000, 26036, 1, 0, 0
125000, 17578, 0, 0, 0
126000, 28868, 1, 0, 0
126000, 19691, 0, 0, 0
127000, 20040, 0, 0, 0
127000, 29478, 1, 0, 0
128000, 28771, 1, 0, 0
128000, 19326, 0, 0, 0
129000, 19696, 0, 0, 0
129000, 28828, 1, 0, 0
130000, 20163, 0, 0, 0
130000, 28252, 1, 0, 0
131000, 17467, 0, 0, 0
131000, 26008, 1, 0, 0
132000, 26748, 1, 0, 0
132000, 18287, 0, 0, 0
133000, 25099, 1, 0, 0
133000, 16984, 0, 0, 0
134000, 29274, 1, 0, 0
134000, 19801, 0, 0, 0
135000, 29774, 1, 0, 0
135000, 20072, 0, 0, 0
136000, 29484, 1, 0, 0
136000, 20238, 0, 0, 0
137000, 29204, 1, 0, 0
137000, 19827, 0, 0, 0
138000, 17319, 0, 0, 0
138000, 25554, 1, 0, 0
139000, 24995, 1, 0, 0
139000, 17065, 0, 0, 0
140000, 17303, 0, 0, 0
140000, 25429, 1, 0, 0
141000, 17558, 0, 0, 0
141000, 26030, 1, 0, 0
142000, 19595, 0, 0, 0
142000, 29039, 1, 0, 0
143000, 29392, 1, 0, 0
143000, 20249, 0, 0, 0
144000, 28400, 1, 0, 0
144000, 19253, 0, 0, 0
145000, 19784, 0, 0, 0
145000, 28838, 1, 0, 0
146000, 28882, 1, 0, 0
146000, 19888, 0, 0, 0
147000, 19750, 0, 0, 0
147000, 28701, 1, 0, 0
148000, 21331, 0, 0, 0
148000, 31221, 1, 0, 0
149000, 19860, 0, 0, 0
149000, 28883, 1, 0, 0
150000, 28466, 1, 0, 0
150000, 19250, 0, 0, 0
151000, 29075, 1, 0, 0
151000, 19405, 0, 0, 0
152000, 20779, 0, 0, 0
152000, 30730, 1, 0, 0
153000, 18385, 0, 0, 0
153000, 27199, 1, 0, 0
154000, 21236, 0, 0, 0
154000, 31125, 1, 0, 0
155000, 22201, 0, 0, 0
155000, 32432, 1, 0, 0
156000, 21564, 0, 0, 0
156000, 31984, 1, 0, 0
157000, 22040, 0, 0, 0
157000, 32473, 1, 0, 0
158000, 21924, 0, 0, 0
158000, 32889, 1, 0, 0
159000, 20672, 0, 0, 0
159000, 30312, 1, 0, 0
160000, 20714, 0, 0, 0
160000, 30569, 1, 0, 0
161000, 30828, 1, 0, 0
161000, 20957, 0, 0, 0
162000, 30254, 1, 0, 0
162000, 20607, 0, 0, 0
163000, 20790, 0, 0, 0
163000, 30312, 1, 0, 0
164000, 33096, 1, 0, 0
164000, 22432, 0, 0, 0
165000, 30368, 1, 0, 0
165000, 20808, 0, 0, 0
166000, 20821, 0, 0, 0
166000, 30262, 1, 0, 0
167000, 20066, 0, 0, 0
167000, 29581, 1, 0, 0
168000, 21003, 0, 0, 0
168000, 30706, 1, 0, 0
169000, 20088, 0, 0, 0
169000, 29465, 1, 0, 0
170000, 22010, 0, 0, 0
170000, 32479, 1, 0, 0
171000, 32941, 1, 0, 0
171000, 22167, 0, 0, 0
172000, 25476, 0, 0, 0
172000, 39715, 1, 0, 0
173000, 33140, 1, 0, 0
173000, 22349, 0, 0, 0
174000, 21553, 0, 0, 0
174000, 31896, 1, 0, 0
175000, 32404, 1, 0, 0
175000, 21990, 0, 0, 0
176000, 23472, 0, 0, 0
176000, 34635, 1, 0, 0
177000, 34593, 1, 0, 0
177000, 23640, 0, 0, 0
178000, 23479, 0, 0, 0
178000, 33930, 1, 0, 0
179000, 33591, 1, 0, 0
179000, 23023, 0, 0, 0
180000, 34382, 1, 0, 0
180000, 23694, 0, 0, 0
