1002, 116802, 0, 0, 0
1002, 49956, 1, 0, 0
2021, 100569, 0, 0, 0
2021, 43277, 1, 0, 0
3022, 106840, 0, 0, 0
3022, 45400, 1, 0, 0
4022, 116072, 0, 0, 0
4022, 49640, 1, 0, 0
5022, 104024, 0, 0, 0
5022, 44512, 1, 0, 0
6023, 115844, 0, 0, 0
6023, 49952, 1, 0, 0
7024, 112968, 0, 0, 0
7024, 49172, 1, 0, 0
8025, 114540, 0, 0, 0
8025, 49740, 1, 0, 0
9025, 117636, 0, 0, 0
9025, 49796, 1, 0, 0
10026, 131264, 0, 0, 0
10026, 57272, 1, 0, 0
11027, 128700, 0, 0, 0
11027, 54660, 1, 0, 0
12027, 127500, 0, 0, 0
12027, 55516, 1, 0, 0
13028, 126777, 0, 0, 0
13028, 54621, 1, 0, 0
14029, 115992, 0, 0, 0
14029, 48900, 1, 0, 0
15030, 115980, 0, 0, 0
15030, 49120, 1, 0, 0
16031, 100279, 0, 0, 0
16031, 42969, 1, 0, 0
17031, 114208, 0, 0, 0
17031, 48816, 1, 0, 0
18032, 124160, 0, 0, 0
18032, 53820, 1, 0, 0
19033, 129386, 0, 0, 0
19033, 56383, 1, 0, 0
20033, 129584, 0, 0, 0
20033, 55796, 1, 0, 0
21034, 128619, 0, 0, 0
21034, 54593, 1, 0, 0
22035, 113448, 0, 0, 0
22035, 47684, 1, 0, 0
23036, 99184, 0, 0, 0
23036, 42348, 1, 0, 0
24037, 115200, 0, 0, 0
24037, 49718, 1, 0, 0
25038, 117478, 0, 0, 0
25038, 49666, 1, 0, 0
26039, 127904, 0, 0, 0
26039, 54836, 1, 0, 0
27040, 128672, 0, 0, 0
27040, 54740, 1, 0, 0
28041, 129712, 0, 0, 0
28041, 55780, 1, 0, 0
29042, 126841, 0, 0, 0
29042, 54569, 1, 0, 0
30042, 117344, 0, 0, 0
30042, 50604, 1, 0, 0
31043, 114097, 0, 0, 0
31043, 49286, 1, 0, 0
32044, 114052, 0, 0, 0
32044, 48788, 1, 0, 0
33044, 117732, 0, 0, 0
33044, 49976, 1, 0, 0
34045, 132416, 0, 0, 0
34045, 56432, 1, 0, 0
35045, 121356, 0, 0, 0
35045, 51352, 1, 0, 0
36046, 117886, 0, 0, 0
36046, 50581, 1, 0, 0
37046, 116692, 0, 0, 0
37046, 50364, 1, 0, 0
38048, 104391, 0, 0, 0
38048, 44787, 1, 0, 0
39048, 100612, 0, 0, 0
39048, 43672, 1, 0, 0
40049, 103716, 0, 0, 0
40049, 44632, 1, 0, 0
41050, 97512, 0, 0, 0
41050, 41392, 1, 0, 0
42051, 103940, 0, 0, 0
42051, 44415, 1, 0, 0
43052, 100728, 0, 0, 0
43052, 43188, 1, 0, 0
44053, 111752, 0, 0, 0
44053, 47764, 1, 0, 0
45053, 115608, 0, 0, 0
45053, 51036, 1, 0, 0
46054, 123516, 0, 0, 0
46054, 53280, 1, 0, 0
47055, 123724, 0, 0, 0
47055, 53134, 1, 0, 0
48056, 130948, 0, 0, 0
48056, 56156, 1, 0, 0
49057, 106232, 0, 0, 0
49057, 44164, 1, 0, 0
50058, 115836, 0, 0, 0
50058, 50017, 1, 0, 0
51058, 108496, 0, 0, 0
51058, 47108, 1, 0, 0
52060, 113102, 0, 0, 0
52060, 49014, 1, 0, 0
53061, 111224, 0, 0, 0
53061, 47844, 1, 0, 0
54061, 122664, 0, 0, 0
54061, 52360, 1, 0, 0
55062, 130336, 0, 0, 0
55062, 56144, 1, 0, 0
56063, 127440, 0, 0, 0
56063, 53876, 1, 0, 0
57064, 109500, 0, 0, 0
57064, 47052, 1, 0, 0
58064, 115420, 0, 0, 0
58064, 49344, 1, 0, 0
59064, 112968, 0, 0, 0
59064, 47324, 1, 0, 0
60065, 115224, 0, 0, 0
60065, 49572, 1, 0, 0
61066, 113656, 0, 0, 0
61066, 49796, 1, 0, 0
62066, 135008, 0, 0, 0
62066, 56872, 1, 0, 0
63067, 130844, 0, 0, 0
63067, 55948, 1, 0, 0
64068, 135240, 0, 0, 0
64068, 57516, 1, 0, 0
65068, 131668, 0, 0, 0
65068, 56588, 1, 0, 0
66069, 116436, 0, 0, 0
66069, 49268, 1, 0, 0
67070, 115632, 0, 0, 0
67070, 50284, 1, 0, 0
68071, 118621, 0, 0, 0
68071, 50493, 1, 0, 0
69073, 117814, 0, 0, 0
69073, 51372, 1, 0, 0
70073, 118980, 0, 0, 0
70073, 51064, 1, 0, 0
71074, 130668, 0, 0, 0
71074, 55608, 1, 0, 0
72075, 126376, 0, 0, 0
72075, 54460, 1, 0, 0
73075, 125796, 0, 0, 0
73075, 54572, 1, 0, 0
74076, 112884, 0, 0, 0
74076, 47848, 1, 0, 0
75076, 112316, 0, 0, 0
75076, 49080, 1, 0, 0
76077, 113600, 0, 0, 0
76077, 49324, 1, 0, 0
77078, 119092, 0, 0, 0
77078, 50565, 1, 0, 0
78080, 129990, 0, 0, 0
78080, 55120, 1, 0, 0
79080, 127948, 0, 0, 0
79080, 54600, 1, 0, 0
80081, 132611, 0, 0, 0
80081, 57254, 1, 0, 0
81082, 128636, 0, 0, 0
81082, 54972, 1, 0, 0
82083, 106773, 0, 0, 0
82083, 45226, 1, 0, 0
83084, 113154, 0, 0, 0
83084, 48823, 1, 0, 0
84086, 108819, 0, 0, 0
84086, 46825, 1, 0, 0
85086, 118776, 0, 0, 0
85086, 50384, 1, 0, 0
86087, 129836, 0, 0, 0
86087, 56424, 1, 0, 0
87088, 128811, 0, 0, 0
87088, 54781, 1, 0, 0
88089, 131100, 0, 0, 0
88089, 55248, 1, 0, 0
89090, 114496, 0, 0, 0
89090, 49636, 1, 0, 0
90091, 114816, 0, 0, 0
90091, 48636, 1, 0, 0
91092, 113604, 0, 0, 0
91092, 47696, 1, 0, 0
92092, 115232, 0, 0, 0
92092, 49552, 1, 0, 0
93093, 120271, 0, 0, 0
93093, 51840, 1, 0, 0
94093, 124868, 0, 0, 0
94093, 53644, 1, 0, 0
95094, 133028, 0, 0, 0
95094, 55864, 1, 0, 0
96095, 128336, 0, 0, 0
96095, 54012, 1, 0, 0
97096, 127160, 0, 0, 0
97096, 55252, 1, 0, 0
98096, 112448, 0, 0, 0
98096, 48184, 1, 0, 0
99097, 112972, 0, 0, 0
99097, 49432, 1, 0, 0
100097, 112880, 0, 0, 0
100097, 47852, 1, 0, 0
101098, 99112, 0, 0, 0
101098, 43156, 1, 0, 0
102099, 115700, 0, 0, 0
102099, 49806, 1, 0, 0
103100, 114869, 0, 0, 0
103100, 49942, 1, 0, 0
104101, 113304, 0, 0, 0
104101, 48656, 1, 0, 0
105101, 113724, 0, 0, 0
105101, 48128, 1, 0, 0
106102, 130344, 0, 0, 0
106102, 56020, 1, 0, 0
107103, 114336, 0, 0, 0
107103, 49556, 1, 0, 0
108104, 133064, 0, 0, 0
108104, 57292, 1, 0, 0
109104, 128984, 0, 0, 0
109104, 55224, 1, 0, 0
110104, 105420, 0, 0, 0
110104, 45024, 1, 0, 0
111105, 114148, 0, 0, 0
111105, 49704, 1, 0, 0
112106, 116380, 0, 0, 0
112106, 50012, 1, 0, 0
113107, 117736, 0, 0, 0
113107, 49944, 1, 0, 0
114108, 133114, 0, 0, 0
114108, 56219, 1, 0, 0
115109, 119948, 0, 0, 0
115109, 52064, 1, 0, 0
116110, 124523, 0, 0, 0
116110, 53718, 1, 0, 0
117110, 125632, 0, 0, 0
117110, 54132, 1, 0, 0
118110, 117520, 0, 0, 0
118110, 50080, 1, 0, 0
119111, 115476, 0, 0, 0
119111, 49604, 1, 0, 0
120112, 116988, 0, 0, 0
120112, 49220, 1, 0, 0
121113, 119508, 0, 0, 0
121113, 51232, 1, 0, 0
122113, 128868, 0, 0, 0
122113, 56100, 1, 0, 0
123114, 127292, 0, 0, 0
123114, 54324, 1, 0, 0
124114, 131136, 0, 0, 0
124114, 56852, 1, 0, 0
125114, 128528, 0, 0, 0
125114, 54540, 1, 0, 0
126115, 115428, 0, 0, 0
126115, 48988, 1, 0, 0
127115, 113896, 0, 0, 0
127115, 49348, 1, 0, 0
128115, 118244, 0, 0, 0
128115, 50548, 1, 0, 0
129116, 118553, 0, 0, 0
129116, 50173, 1, 0, 0
130117, 113936, 0, 0, 0
130117, 48908, 1, 0, 0
131117, 127148, 0, 0, 0
131117, 54952, 1, 0, 0
132118, 124976, 0, 0, 0
132118, 54392, 1, 0, 0
133119, 130957, 0, 0, 0
133119, 56987, 1, 0, 0
134120, 114464, 0, 0, 0
134120, 49260, 1, 0, 0
135120, 111820, 0, 0, 0
135120, 48032, 1, 0, 0
136121, 113588, 0, 0, 0
136121, 48760, 1, 0, 0
137122, 116199, 0, 0, 0
137122, 50177, 1, 0, 0
138123, 130453, 0, 0, 0
138123, 57002, 1, 0, 0
139124, 133288, 0, 0, 0
139124, 56260, 1, 0, 0
140125, 128344, 0, 0, 0
140125, 55124, 1, 0, 0
141126, 127948, 0, 0, 0
141126, 54928, 1, 0, 0
142127, 114980, 0, 0, 0
142127, 49280, 1, 0, 0
143128, 113462, 0, 0, 0
143128, 49302, 1, 0, 0
144128, 117340, 0, 0, 0
144128, 50312, 1, 0, 0
145130, 116147, 0, 0, 0
145130, 49290, 1, 0, 0
146131, 112996, 0, 0, 0
146131, 49000, 1, 0, 0
147132, 116287, 0, 0, 0
147132, 49466, 1, 0, 0
148132, 96304, 0, 0, 0
148132, 41460, 1, 0, 0
149133, 117812, 0, 0, 0
149133, 50816, 1, 0, 0
150134, 113788, 0, 0, 0
150134, 49100, 1, 0, 0
151135, 114712, 0, 0, 0
151135, 48688, 1, 0, 0
152135, 105996, 0, 0, 0
152135, 44424, 1, 0, 0
153136, 120056, 0, 0, 0
153136, 51352, 1, 0, 0
154137, 105526, 0, 0, 0
154137, 45482, 1, 0, 0
155138, 101740, 0, 0, 0
155138, 43188, 1, 0, 0
156139, 104235, 0, 0, 0
156139, 45106, 1, 0, 0
157139, 93680, 0, 0, 0
157139, 40856, 1, 0, 0
158140, 102472, 0, 0, 0
158140, 42720, 1, 0, 0
159141, 108728, 0, 0, 0
159141, 46152, 1, 0, 0
160142, 109780, 0, 0, 0
160142, 46812, 1, 0, 0
161142, 108984, 0, 0, 0
161142, 45912, 1, 0, 0
162143, 106824, 0, 0, 0
162143, 46016, 1, 0, 0
163144, 107980, 0, 0, 0
163144, 47232, 1, 0, 0
164145, 95000, 0, 0, 0
164145, 40968, 1, 0, 0
165146, 108668, 0, 0, 0
165146, 46324, 1, 0, 0
166147, 105742, 0, 0, 0
166147, 45938, 1, 0, 0
167147, 113516, 0, 0, 0
167147, 48896, 1, 0, 0
168147, 106580, 0, 0, 0
168147, 45568, 1, 0, 0
169148, 110652, 0, 0, 0
169148, 46800, 1, 0, 0
170147, 103515, 0, 0, 0
170147, 43535, 1, 0, 0
171147, 99947, 0, 0, 0
171147, 42198, 1, 0, 0
172148, 81708, 0, 0, 0
172148, 35336, 1, 0, 0
173148, 99992, 0, 0, 0
173148, 42824, 1, 0, 0
174148, 106788, 0, 0, 0
174148, 45728, 1, 0, 0
175148, 100020, 0, 0, 0
175148, 42990, 1, 0, 0
176147, 95454, 0, 0, 0
176147, 40817, 1, 0, 0
177147, 93924, 0, 0, 0
177147, 40576, 1, 0, 0
178148, 95864, 0, 0, 0
178148, 41976, 1, 0, 0
179148, 97169, 0, 0, 0
179148, 42186, 1, 0, 0
180147, 81977, 0, 0, 0
180147, 35143, 1, 0, 0
