1003, 11136, 0, 0, 0
1004, 1222, 1, 0, 0
2004, 13775, 0, 0, 0
2004, 1539, 1, 0, 0
3030, 14373, 0, 0, 0
3030, 1652, 1, 0, 0
4030, 13488, 0, 0, 0
4030, 1474, 1, 0, 0
5031, 9981, 0, 0, 0
5031, 1106, 1, 0, 0
6031, 15040, 0, 0, 0
6031, 1610, 1, 0, 0
7046, 9737, 0, 0, 0
7046, 1067, 1, 0, 0
8047, 11355, 0, 0, 0
8047, 1231, 1, 0, 0
9047, 17560, 0, 0, 0
9047, 1941, 1, 0, 0
10047, 13623, 0, 0, 0
10047, 1438, 1, 0, 0
11048, 10878, 0, 0, 0
11048, 1251, 1, 0, 0
12048, 11747, 0, 0, 0
12048, 1291, 1, 0, 0
13049, 12653, 0, 0, 0
13049, 1403, 1, 0, 0
14050, 12989, 0, 0, 0
14050, 1489, 1, 0, 0
15051, 18547, 0, 0, 0
15051, 2110, 1, 0, 0
16051, 15569, 0, 0, 0
16051, 1680, 1, 0, 0
17053, 10742, 0, 0, 0
17053, 1161, 1, 0, 0
18055, 16022, 0, 0, 0
18055, 1806, 1, 0, 0
19056, 12515, 0, 0, 0
19056, 1437, 1, 0, 0
20057, 9449, 0, 0, 0
20057, 1064, 1, 0, 0
21057, 13241, 0, 0, 0
21057, 1540, 1, 0, 0
22058, 12445, 0, 0, 0
22058, 1351, 1, 0, 0
23059, 12449, 0, 0, 0
23059, 1373, 1, 0, 0
24059, 9252, 0, 0, 0
24059, 1039, 1, 0, 0
25060, 9033, 0, 0, 0
25060, 1048, 1, 0, 0
26060, 10203, 0, 0, 0
26060, 1174, 1, 0, 0
27062, 16040, 0, 0, 0
27062, 1787, 1, 0, 0
28085, 12546, 0, 0, 0
28085, 1447, 1, 0, 0
29085, 17666, 0, 0, 0
29085, 2010, 1, 0, 0
30086, 14595, 0, 0, 0
30086, 1560, 1, 0, 0
31087, 8082, 0, 0, 0
31087, 885, 1, 0, 0
32088, 15674, 0, 0, 0
32088, 1751, 1, 0, 0
33088, 10340, 0, 0, 0
33088, 1147, 1, 0, 0
34089, 8555, 0, 0, 0
34089, 991, 1, 0, 0
35090, 11909, 0, 0, 0
35090, 1374, 1, 0, 0
36091, 12778, 0, 0, 0
36091, 1427, 1, 0, 0
37091, 15767, 0, 0, 0
37091, 1780, 1, 0, 0
38092, 8735, 0, 0, 0
38092, 1035, 1, 0, 0
39093, 12242, 0, 0, 0
39093, 1395, 1, 0, 0
40094, 13435, 0, 0, 0
40094, 1459, 1, 0, 0
41094, 13496, 0, 0, 0
41094, 1478, 1, 0, 0
42095, 12420, 0, 0, 0
42095, 1432, 1, 0, 0
43095, 11858, 0, 0, 0
43095, 1351, 1, 0, 0
44097, 12780, 0, 0, 0
44097, 1394, 1, 0, 0
45097, 13821, 0, 0, 0
45097, 1553, 1, 0, 0
46098, 10125, 0, 0, 0
46098, 1047, 1, 0, 0
47099, 13526, 0, 0, 0
47099, 1527, 1, 0, 0
48100, 7196, 0, 0, 0
48100, 818, 1, 0, 0
49101, 9818, 0, 0, 0
49101, 1085, 1, 0, 0
50102, 13129, 0, 0, 0
50102, 1413, 1, 0, 0
51102, 17475, 0, 0, 0
51102, 1964, 1, 0, 0
52103, 14549, 0, 0, 0
52103, 1625, 1, 0, 0
53104, 12840, 0, 0, 0
53104, 1410, 1, 0, 0
54105, 12722, 0, 0, 0
54105, 1398, 1, 0, 0
55106, 11651, 0, 0, 0
55106, 1310, 1, 0, 0
56107, 7976, 0, 0, 0
56107, 943, 1, 0, 0
57108, 11215, 0, 0, 0
57108, 1186, 1, 0, 0
58109, 11263, 0, 0, 0
58109, 1221, 1, 0, 0
59110, 15662, 0, 0, 0
59110, 1752, 1, 0, 0
60110, 11795, 0, 0, 0
60110, 1353, 1, 0, 0
61111, 12416, 0, 0, 0
61111, 1366, 1, 0, 0
62112, 14924, 0, 0, 0
62112, 1623, 1, 0, 0
63112, 11784, 0, 0, 0
63112, 1296, 1, 0, 0
64113, 14526, 0, 0, 0
64113, 1644, 1, 0, 0
65114, 8933, 0, 0, 0
65114, 956, 1, 0, 0
66115, 8127, 0, 0, 0
66115, 910, 1, 0, 0
67116, 10656, 0, 0, 0
67116, 1163, 1, 0, 0
68117, 20895, 0, 0, 0
68117, 2368, 1, 0, 0
69117, 9409, 0, 0, 0
69117, 1101, 1, 0, 0
70118, 10434, 0, 0, 0
70118, 1181, 1, 0, 0
71118, 11808, 0, 0, 0
71118, 1282, 1, 0, 0
72119, 12770, 0, 0, 0
72119, 1408, 1, 0, 0
73120, 13209, 0, 0, 0
73120, 1454, 1, 0, 0
74121, 12019, 0, 0, 0
74121, 1303, 1, 0, 0
75121, 13096, 0, 0, 0
75121, 1410, 1, 0, 0
76122, 16993, 0, 0, 0
76122, 1897, 1, 0, 0
77123, 27661, 0, 0, 0
77123, 3059, 1, 0, 0
78124, 16035, 0, 0, 0
78124, 1792, 1, 0, 0
79125, 9528, 0, 0, 0
79125, 1052, 1, 0, 0
80126, 12297, 0, 0, 0
80126, 1359, 1, 0, 0
81127, 13155, 0, 0, 0
81127, 1504, 1, 0, 0
82128, 12984, 0, 0, 0
82128, 1468, 1, 0, 0
83128, 12573, 0, 0, 0
83128, 1369, 1, 0, 0
84129, 14566, 0, 0, 0
84129, 1585, 1, 0, 0
85130, 10163, 0, 0, 0
85130, 1104, 1, 0, 0
86131, 10702, 0, 0, 0
86131, 1145, 1, 0, 0
87132, 13772, 0, 0, 0
87132, 1565, 1, 0, 0
88133, 10442, 0, 0, 0
88133, 1122, 1, 0, 0
89134, 12193, 0, 0, 0
89134, 1449, 1, 0, 0
90135, 12940, 0, 0, 0
90135, 1436, 1, 0, 0
91136, 11355, 0, 0, 0
91136, 1248, 1, 0, 0
92137, 10042, 0, 0, 0
92137, 1129, 1, 0, 0
93138, 9171, 0, 0, 0
93138, 1017, 1, 0, 0
94139, 10787, 0, 0, 0
94139, 1228, 1, 0, 0
95140, 11605, 0, 0, 0
95140, 1271, 1, 0, 0
96141, 17274, 0, 0, 0
96141, 1911, 1, 0, 0
97142, 8295, 0, 0, 0
97142, 887, 1, 0, 0
98143, 10363, 0, 0, 0
98143, 1111, 1, 0, 0
99144, 11018, 0, 0, 0
99144, 1224, 1, 0, 0
100145, 10815, 0, 0, 0
100145, 1095, 1, 0, 0
101145, 12530, 0, 0, 0
101145, 1410, 1, 0, 0
102145, 13138, 0, 0, 0
102145, 1500, 1, 0, 0
103145, 14913, 0, 0, 0
103145, 1667, 1, 0, 0
104145, 15667, 0, 0, 0
104145, 1784, 1, 0, 0
105144, 13378, 0, 0, 0
105144, 1534, 1, 0, 0
106145, 14663, 0, 0, 0
106145, 1550, 1, 0, 0
107145, 13201, 0, 0, 0
107145, 1450, 1, 0, 0
108145, 7162, 0, 0, 0
108145, 837, 1, 0, 0
109145, 8442, 0, 0, 0
109145, 886, 1, 0, 0
110145, 14431, 0, 0, 0
110145, 1542, 1, 0, 0
111144, 12379, 0, 0, 0
111144, 1400, 1, 0, 0
112145, 10559, 0, 0, 0
112145, 1152, 1, 0, 0
113145, 11392, 0, 0, 0
113145, 1287, 1, 0, 0
114145, 14377, 0, 0, 0
114145, 1572, 1, 0, 0
115145, 13147, 0, 0, 0
115145, 1413, 1, 0, 0
116145, 17995, 0, 0, 0
116145, 2052, 1, 0, 0
117145, 7755, 0, 0, 0
117145, 879, 1, 0, 0
118145, 13372, 0, 0, 0
118145, 1442, 1, 0, 0
119145, 12994, 0, 0, 0
119145, 1503, 1, 0, 0
120145, 12232, 0, 0, 0
120145, 1418, 1, 0, 0
121145, 13018, 0, 0, 0
121145, 1448, 1, 0, 0
122145, 14433, 0, 0, 0
122145, 1581, 1, 0, 0
123144, 12189, 0, 0, 0
123144, 1324, 1, 0, 0
124145, 11848, 0, 0, 0
124145, 1362, 1, 0, 0
125145, 13177, 0, 0, 0
125145, 1516, 1, 0, 0
126145, 18231, 0, 0, 0
126145, 1970, 1, 0, 0
127144, 10340, 0, 0, 0
127144, 1124, 1, 0, 0
128145, 10335, 0, 0, 0
128145, 1115, 1, 0, 0
129144, 11387, 0, 0, 0
129144, 1288, 1, 0, 0
130144, 9237, 0, 0, 0
130144, 979, 1, 0, 0
131145, 16272, 0, 0, 0
131145, 1836, 1, 0, 0
132144, 26281, 0, 0, 0
132144, 3002, 1, 0, 0
133145, 8796, 0, 0, 0
133145, 979, 1, 0, 0
134145, 16008, 0, 0, 0
134145, 1771, 1, 0, 0
135145, 12334, 0, 0, 0
135145, 1386, 1, 0, 0
136145, 9436, 0, 0, 0
136145, 1099, 1, 0, 0
137145, 11137, 0, 0, 0
137145, 1213, 1, 0, 0
138145, 21323, 0, 0, 0
138145, 2426, 1, 0, 0
139145, 12000, 0, 0, 0
139145, 1361, 1, 0, 0
140145, 12457, 0, 0, 0
140145, 1385, 1, 0, 0
141147, 13682, 0, 0, 0
141147, 1521, 1, 0, 0
142147, 15369, 0, 0, 0
142147, 1726, 1, 0, 0
143147, 11033, 0, 0, 0
143147, 1220, 1, 0, 0
144147, 12699, 0, 0, 0
144147, 1409, 1, 0, 0
145147, 11718, 0, 0, 0
145147, 1324, 1, 0, 0
146146, 9593, 0, 0, 0
146146, 1075, 1, 0, 0
147146, 10337, 0, 0, 0
147146, 1134, 1, 0, 0
148147, 20577, 0, 0, 0
148147, 2290, 1, 0, 0
149146, 13586, 0, 0, 0
149146, 1558, 1, 0, 0
150147, 9273, 0, 0, 0
150147, 999, 1, 0, 0
151146, 16616, 0, 0, 0
151146, 1838, 1, 0, 0
152147, 12828, 0, 0, 0
152147, 1488, 1, 0, 0
153146, 12058, 0, 0, 0
153146, 1359, 1, 0, 0
154147, 12451, 0, 0, 0
154147, 1358, 1, 0, 0
155147, 8869, 0, 0, 0
155147, 933, 1, 0, 0
156147, 12564, 0, 0, 0
156147, 1430, 1, 0, 0
157147, 9350, 0, 0, 0
157147, 1050, 1, 0, 0
158147, 10238, 0, 0, 0
158147, 1176, 1, 0, 0
159147, 8221, 0, 0, 0
159147, 940, 1, 0, 0
160147, 10494, 0, 0, 0
160147, 1169, 1, 0, 0
161147, 14916, 0, 0, 0
161147, 1742, 1, 0, 0
162147, 11869, 0, 0, 0
162147, 1311, 1, 0, 0
163148, 11263, 0, 0, 0
163148, 1211, 1, 0, 0
164148, 9271, 0, 0, 0
164148, 1018, 1, 0, 0
165148, 10452, 0, 0, 0
165148, 1187, 1, 0, 0
166147, 9707, 0, 0, 0
166147, 1050, 1, 0, 0
167147, 12426, 0, 0, 0
167147, 1301, 1, 0, 0
168147, 12912, 0, 0, 0
168147, 1466, 1, 0, 0
169147, 12718, 0, 0, 0
169147, 1427, 1, 0, 0
170148, 14670, 0, 0, 0
170148, 1596, 1, 0, 0
171148, 8709, 0, 0, 0
171148, 974, 1, 0, 0
172147, 12697, 0, 0, 0
172147, 1352, 1, 0, 0
173147, 10469, 0, 0, 0
173147, 1220, 1, 0, 0
174148, 9986, 0, 0, 0
174148, 1150, 1, 0, 0
175147, 12415, 0, 0, 0
175147, 1303, 1, 0, 0
176147, 13275, 0, 0, 0
176147, 1407, 1, 0, 0
177147, 12379, 0, 0, 0
177147, 1388, 1, 0, 0
178147, 10020, 0, 0, 0
178147, 1063, 1, 0, 0
179147, 21665, 0, 0, 0
179147, 2500, 1, 0, 0
180147, 14651, 0, 0, 0
180147, 1643, 1, 0, 0
