1002, 50742, 0, 0, 0
1002, 50734, 1, 0, 0
2001, 67607, 0, 0, 0
2001, 67791, 1, 0, 0
3014, 65062, 0, 0, 0
3014, 63818, 1, 0, 0
4016, 68823, 0, 0, 0
4016, 68723, 1, 0, 0
5017, 66289, 0, 0, 0
5017, 65878, 1, 0, 0
6017, 63532, 0, 0, 0
6017, 64372, 1, 0, 0
7017, 69225, 0, 0, 0
7017, 68820, 1, 0, 0
8018, 62772, 0, 0, 0
8018, 64068, 1, 0, 0
9019, 65216, 0, 0, 0
9019, 65680, 1, 0, 0
10019, 66964, 0, 0, 0
10019, 66272, 1, 0, 0
11019, 67968, 0, 0, 0
11019, 66724, 1, 0, 0
12020, 66736, 0, 0, 0
12020, 67280, 1, 0, 0
13021, 67192, 0, 0, 0
13021, 67808, 1, 0, 0
14022, 65668, 0, 0, 0
14022, 66084, 1, 0, 0
15071, 48503, 0, 0, 0
15071, 48636, 1, 0, 0
16073, 53354, 0, 0, 0
16073, 54165, 1, 0, 0
17074, 69944, 0, 0, 0
17074, 70244, 1, 0, 0
18075, 66689, 0, 0, 0
18075, 64991, 1, 0, 0
19076, 65602, 0, 0, 0
19076, 65098, 1, 0, 0
20076, 69932, 0, 0, 0
20076, 69340, 1, 0, 0
21077, 67492, 0, 0, 0
21077, 66952, 1, 0, 0
22079, 68851, 0, 0, 0
22079, 68415, 1, 0, 0
23080, 65656, 0, 0, 0
23080, 65644, 1, 0, 0
24080, 68236, 0, 0, 0
24080, 68472, 1, 0, 0
25081, 69100, 0, 0, 0
25081, 68856, 1, 0, 0
26082, 67260, 0, 0, 0
26082, 67260, 1, 0, 0
27083, 68767, 0, 0, 0
27083, 69330, 1, 0, 0
28084, 47960, 0, 0, 0
28084, 47080, 1, 0, 0
29085, 19696, 0, 0, 0
29085, 19464, 1, 0, 0
30120, 17852, 0, 0, 0
30120, 18266, 1, 0, 0
31121, 47620, 0, 0, 0
31121, 47140, 1, 0, 0
32122, 47808, 0, 0, 0
32122, 47784, 1, 0, 0
33123, 69876, 0, 0, 0
33123, 69908, 1, 0, 0
34124, 65364, 0, 0, 0
34124, 65132, 1, 0, 0
35125, 64980, 0, 0, 0
35125, 65916, 1, 0, 0
36125, 65256, 0, 0, 0
36125, 64724, 1, 0, 0
37125, 70346, 0, 0, 0
37125, 69561, 1, 0, 0
38126, 65460, 0, 0, 0
38126, 66712, 1, 0, 0
39127, 64860, 0, 0, 0
39127, 64212, 1, 0, 0
40127, 67044, 0, 0, 0
40127, 67160, 1, 0, 0
41128, 49540, 0, 0, 0
41128, 50728, 1, 0, 0
42129, 68532, 0, 0, 0
42129, 67772, 1, 0, 0
43130, 66041, 0, 0, 0
43130, 65842, 1, 0, 0
44131, 66588, 0, 0, 0
44131, 65752, 1, 0, 0
45132, 66093, 0, 0, 0
45132, 64935, 1, 0, 0
46133, 67008, 0, 0, 0
46133, 67784, 1, 0, 0
47134, 70100, 0, 0, 0
47134, 69756, 1, 0, 0
48136, 68015, 0, 0, 0
48136, 66141, 1, 0, 0
49137, 67864, 0, 0, 0
49137, 68459, 1, 0, 0
50138, 63264, 0, 0, 0
50138, 63392, 1, 0, 0
51139, 65232, 0, 0, 0
51139, 65532, 1, 0, 0
52139, 67356, 0, 0, 0
52139, 68448, 1, 0, 0
53140, 67160, 0, 0, 0
53140, 66976, 1, 0, 0
54141, 66332, 0, 0, 0
54141, 65812, 1, 0, 0
55142, 67844, 0, 0, 0
55142, 67344, 1, 0, 0
56142, 67800, 0, 0, 0
56142, 67376, 1, 0, 0
57142, 64404, 0, 0, 0
57142, 64744, 1, 0, 0
58142, 64668, 0, 0, 0
58142, 64120, 1, 0, 0
59141, 63911, 0, 0, 0
59141, 63727, 1, 0, 0
60141, 60288, 0, 0, 0
60141, 61337, 1, 0, 0
61142, 66616, 0, 0, 0
61142, 66464, 1, 0, 0
62141, 66562, 0, 0, 0
62141, 66786, 1, 0, 0
63141, 67595, 0, 0, 0
63141, 67399, 1, 0, 0
64142, 69616, 0, 0, 0
64142, 68504, 1, 0, 0
65141, 66174, 0, 0, 0
65141, 66746, 1, 0, 0
66141, 67696, 0, 0, 0
66141, 68076, 1, 0, 0
67141, 67067, 0, 0, 0
67141, 68536, 1, 0, 0
68141, 55752, 0, 0, 0
68141, 56700, 1, 0, 0
69141, 66162, 0, 0, 0
69141, 67171, 1, 0, 0
70141, 67580, 0, 0, 0
70141, 67300, 1, 0, 0
71141, 63239, 0, 0, 0
71141, 63819, 1, 0, 0
72141, 67840, 0, 0, 0
72141, 67292, 1, 0, 0
73140, 66398, 0, 0, 0
73140, 66038, 1, 0, 0
74141, 64356, 0, 0, 0
74141, 64100, 1, 0, 0
75141, 62790, 0, 0, 0
75141, 62214, 1, 0, 0
76140, 67455, 0, 0, 0
76140, 67343, 1, 0, 0
77141, 67232, 0, 0, 0
77141, 66084, 1, 0, 0
78140, 66342, 0, 0, 0
78140, 66774, 1, 0, 0
79140, 67087, 0, 0, 0
79140, 66486, 1, 0, 0
80141, 69320, 0, 0, 0
80141, 69452, 1, 0, 0
81141, 55447, 0, 0, 0
81141, 54466, 1, 0, 0
82141, 70574, 0, 0, 0
82141, 69621, 1, 0, 0
83140, 65057, 0, 0, 0
83140, 65173, 1, 0, 0
84141, 66532, 0, 0, 0
84141, 65368, 1, 0, 0
85141, 64492, 0, 0, 0
85141, 64740, 1, 0, 0
86140, 66086, 0, 0, 0
86140, 67043, 1, 0, 0
87141, 67260, 0, 0, 0
87141, 66328, 1, 0, 0
88140, 65397, 0, 0, 0
88140, 65265, 1, 0, 0
89140, 65761, 0, 0, 0
89140, 66554, 1, 0, 0
90141, 66436, 0, 0, 0
90141, 67068, 1, 0, 0
91140, 67183, 0, 0, 0
91140, 66930, 1, 0, 0
92140, 66550, 0, 0, 0
92140, 65993, 1, 0, 0
93140, 68048, 0, 0, 0
93140, 67515, 1, 0, 0
94140, 68632, 0, 0, 0
94140, 67499, 1, 0, 0
95140, 68688, 0, 0, 0
95140, 69208, 1, 0, 0
96140, 67495, 0, 0, 0
96140, 67955, 1, 0, 0
97140, 67135, 0, 0, 0
97140, 66702, 1, 0, 0
98140, 67592, 0, 0, 0
98140, 68960, 1, 0, 0
99140, 66352, 0, 0, 0
99140, 66208, 1, 0, 0
100141, 65332, 0, 0, 0
100141, 66332, 1, 0, 0
101141, 69953, 0, 0, 0
101141, 69985, 1, 0, 0
102140, 69389, 0, 0, 0
102140, 68784, 1, 0, 0
103140, 68716, 0, 0, 0
103140, 69601, 1, 0, 0
104140, 66744, 0, 0, 0
104140, 66596, 1, 0, 0
105141, 54764, 0, 0, 0
105141, 54764, 1, 0, 0
106140, 25449, 0, 0, 0
106140, 25545, 1, 0, 0
107140, 61368, 0, 0, 0
107140, 61028, 1, 0, 0
108140, 68516, 0, 0, 0
108140, 67219, 1, 0, 0
109140, 53964, 0, 0, 0
109140, 53552, 1, 0, 0
110140, 67279, 0, 0, 0
110140, 67651, 1, 0, 0
111139, 66290, 0, 0, 0
111139, 65561, 1, 0, 0
112139, 65184, 0, 0, 0
112139, 64852, 1, 0, 0
113140, 67796, 0, 0, 0
113140, 68780, 1, 0, 0
114140, 67079, 0, 0, 0
114140, 66034, 1, 0, 0
115139, 67927, 0, 0, 0
115139, 69089, 1, 0, 0
116139, 67091, 0, 0, 0
116139, 65521, 1, 0, 0
117140, 64456, 0, 0, 0
117140, 64664, 1, 0, 0
118140, 68836, 0, 0, 0
118140, 69665, 1, 0, 0
119139, 67107, 0, 0, 0
119139, 65673, 1, 0, 0
120139, 66388, 0, 0, 0
120139, 66332, 1, 0, 0
121140, 63824, 0, 0, 0
121140, 64232, 1, 0, 0
122140, 51724, 0, 0, 0
122140, 52056, 1, 0, 0
123139, 66841, 0, 0, 0
123139, 67066, 1, 0, 0
124139, 68892, 0, 0, 0
124139, 68540, 1, 0, 0
125139, 68696, 0, 0, 0
125139, 67727, 1, 0, 0
126140, 67176, 0, 0, 0
126140, 66729, 1, 0, 0
127139, 66582, 0, 0, 0
127139, 66430, 1, 0, 0
128139, 67372, 0, 0, 0
128139, 66656, 1, 0, 0
129139, 68704, 0, 0, 0
129139, 68372, 1, 0, 0
130139, 63420, 0, 0, 0
130139, 64908, 1, 0, 0
131139, 66746, 0, 0, 0
131139, 66642, 1, 0, 0
132138, 66322, 0, 0, 0
132138, 65901, 1, 0, 0
133139, 66184, 0, 0, 0
133139, 66868, 1, 0, 0
134139, 68700, 0, 0, 0
134139, 69325, 1, 0, 0
135139, 66974, 0, 0, 0
135139, 67563, 1, 0, 0
136139, 64060, 0, 0, 0
136139, 63084, 1, 0, 0
137139, 66146, 0, 0, 0
137139, 65945, 1, 0, 0
138138, 65525, 0, 0, 0
138138, 66234, 1, 0, 0
139139, 66496, 0, 0, 0
139139, 66324, 1, 0, 0
140138, 63275, 0, 0, 0
140138, 64396, 1, 0, 0
141139, 64112, 0, 0, 0
141139, 64620, 1, 0, 0
142138, 67483, 0, 0, 0
142138, 66618, 1, 0, 0
143138, 65772, 0, 0, 0
143138, 66612, 1, 0, 0
144138, 64440, 0, 0, 0
144138, 64608, 1, 0, 0
145139, 66188, 0, 0, 0
145139, 67136, 1, 0, 0
146139, 60592, 0, 0, 0
146139, 60728, 1, 0, 0
147139, 40260, 0, 0, 0
147139, 40740, 1, 0, 0
148139, 50530, 0, 0, 0
148139, 49449, 1, 0, 0
149138, 49434, 0, 0, 0
149138, 47935, 1, 0, 0
150139, 46744, 0, 0, 0
150139, 46168, 1, 0, 0
151139, 47931, 0, 0, 0
151139, 48188, 1, 0, 0
152138, 50428, 0, 0, 0
152138, 50400, 1, 0, 0
153139, 61552, 0, 0, 0
153139, 62444, 1, 0, 0
154138, 75251, 0, 0, 0
154138, 75067, 1, 0, 0
155138, 69409, 0, 0, 0
155138, 70590, 1, 0, 0
156138, 75012, 0, 0, 0
156138, 74712, 1, 0, 0
157138, 77445, 0, 0, 0
157138, 76164, 1, 0, 0
158138, 76408, 0, 0, 0
158138, 75643, 1, 0, 0
159138, 76364, 0, 0, 0
159138, 76832, 1, 0, 0
160138, 77305, 0, 0, 0
160138, 78058, 1, 0, 0
161138, 73456, 0, 0, 0
161138, 74176, 1, 0, 0
162138, 55859, 0, 0, 0
162138, 55659, 1, 0, 0
163137, 70714, 0, 0, 0
163137, 70286, 1, 0, 0
164138, 84008, 0, 0, 0
164138, 84468, 1, 0, 0
165137, 76084, 0, 0, 0
165137, 74830, 1, 0, 0
166138, 71536, 0, 0, 0
166138, 70756, 1, 0, 0
167137, 61737, 0, 0, 0
167137, 62482, 1, 0, 0
168138, 64168, 0, 0, 0
168138, 63200, 1, 0, 0
169137, 61057, 0, 0, 0
169137, 60860, 1, 0, 0
170137, 63023, 0, 0, 0
170137, 62174, 1, 0, 0
171137, 81197, 0, 0, 0
171137, 82630, 1, 0, 0
172138, 77022, 0, 0, 0
172138, 78349, 1, 0, 0
173138, 76548, 0, 0, 0
173138, 77173, 1, 0, 0
174137, 85049, 0, 0, 0
174137, 86042, 1, 0, 0
175138, 86336, 0, 0, 0
175138, 86892, 1, 0, 0
176137, 86170, 0, 0, 0
176137, 85865, 1, 0, 0
177137, 82140, 0, 0, 0
177137, 81904, 1, 0, 0
178137, 77956, 0, 0, 0
178137, 78788, 1, 0, 0
179137, 83063, 0, 0, 0
179137, 84708, 1, 0, 0
180137, 75431, 0, 0, 0
180137, 73953, 1, 0, 0
