1003, 44546, 0, 0, 0
1003, 4889, 1, 0, 0
2004, 55100, 0, 0, 0
2004, 6156, 1, 0, 0
3030, 57493, 0, 0, 0
3030, 6608, 1, 0, 0
4030, 53953, 0, 0, 0
4030, 5897, 1, 0, 0
5031, 39924, 0, 0, 0
5031, 4427, 1, 0, 0
6031, 60160, 0, 0, 0
6031, 6440, 1, 0, 0
7046, 38950, 0, 0, 0
7046, 4268, 1, 0, 0
8047, 45420, 0, 0, 0
8047, 4924, 1, 0, 0
9047, 70240, 0, 0, 0
9047, 7764, 1, 0, 0
10047, 54492, 0, 0, 0
10047, 5752, 1, 0, 0
11048, 43512, 0, 0, 0
11048, 5004, 1, 0, 0
12048, 46988, 0, 0, 0
12048, 5164, 1, 0, 0
13049, 50613, 0, 0, 0
13049, 5614, 1, 0, 0
14050, 51956, 0, 0, 0
14050, 5958, 1, 0, 0
15051, 74188, 0, 0, 0
15051, 8440, 1, 0, 0
16051, 62276, 0, 0, 0
16051, 6720, 1, 0, 0
17053, 42969, 0, 0, 0
17053, 4647, 1, 0, 0
18055, 64091, 0, 0, 0
18055, 7225, 1, 0, 0
19056, 50060, 0, 0, 0
19056, 5748, 1, 0, 0
20057, 37796, 0, 0, 0
20057, 4256, 1, 0, 0
21057, 52964, 0, 0, 0
21057, 6160, 1, 0, 0
22058, 49780, 0, 0, 0
22058, 5404, 1, 0, 0
23059, 49796, 0, 0, 0
23059, 5492, 1, 0, 0
24059, 37008, 0, 0, 0
24059, 4156, 1, 0, 0
25060, 36132, 0, 0, 0
25060, 4192, 1, 0, 0
26060, 40812, 0, 0, 0
26060, 4696, 1, 0, 0
27062, 64163, 0, 0, 0
27062, 7148, 1, 0, 0
28085, 50187, 0, 0, 0
28085, 5788, 1, 0, 0
29085, 70664, 0, 0, 0
29085, 8040, 1, 0, 0
30086, 58380, 0, 0, 0
30086, 6240, 1, 0, 0
31087, 32328, 0, 0, 0
31087, 3540, 1, 0, 0
32088, 62697, 0, 0, 0
32088, 7004, 1, 0, 0
33088, 41360, 0, 0, 0
33088, 4588, 1, 0, 0
34089, 34220, 0, 0, 0
34089, 3964, 1, 0, 0
35090, 47636, 0, 0, 0
35090, 5496, 1, 0, 0
36091, 51112, 0, 0, 0
36091, 5708, 1, 0, 0
37091, 63068, 0, 0, 0
37091, 7120, 1, 0, 0
38092, 34941, 0, 0, 0
38092, 4143, 1, 0, 0
39093, 48968, 0, 0, 0
39093, 5580, 1, 0, 0
40094, 53742, 0, 0, 0
40094, 5838, 1, 0, 0
41094, 53984, 0, 0, 0
41094, 5912, 1, 0, 0
42095, 49682, 0, 0, 0
42095, 5730, 1, 0, 0
43095, 47432, 0, 0, 0
43095, 5404, 1, 0, 0
44097, 51120, 0, 0, 0
44097, 5578, 1, 0, 0
45097, 55284, 0, 0, 0
45097, 6212, 1, 0, 0
46098, 40500, 0, 0, 0
46098, 4188, 1, 0, 0
47099, 54105, 0, 0, 0
47099, 6109, 1, 0, 0
48100, 28784, 0, 0, 0
48100, 3272, 1, 0, 0
49101, 39272, 0, 0, 0
49101, 4340, 1, 0, 0
50102, 52516, 0, 0, 0
50102, 5652, 1, 0, 0
51102, 69900, 0, 0, 0
51102, 7856, 1, 0, 0
52103, 58196, 0, 0, 0
52103, 6500, 1, 0, 0
53104, 51360, 0, 0, 0
53104, 5640, 1, 0, 0
54105, 50888, 0, 0, 0
54105, 5592, 1, 0, 0
55106, 46605, 0, 0, 0
55106, 5242, 1, 0, 0
56107, 31904, 0, 0, 0
56107, 3772, 1, 0, 0
57108, 44860, 0, 0, 0
57108, 4744, 1, 0, 0
58109, 45052, 0, 0, 0
58109, 4884, 1, 0, 0
59110, 62649, 0, 0, 0
59110, 7008, 1, 0, 0
60110, 47180, 0, 0, 0
60110, 5412, 1, 0, 0
61111, 49664, 0, 0, 0
61111, 5464, 1, 0, 0
62112, 59696, 0, 0, 0
62112, 6492, 1, 0, 0
63112, 47136, 0, 0, 0
63112, 5184, 1, 0, 0
64113, 58105, 0, 0, 0
64113, 6577, 1, 0, 0
65114, 35732, 0, 0, 0
65114, 3824, 1, 0, 0
66115, 32508, 0, 0, 0
66115, 3640, 1, 0, 0
67116, 42624, 0, 0, 0
67116, 4652, 1, 0, 0
68117, 83580, 0, 0, 0
68117, 9474, 1, 0, 0
69117, 37636, 0, 0, 0
69117, 4404, 1, 0, 0
70118, 41736, 0, 0, 0
70118, 4724, 1, 0, 0
71118, 47232, 0, 0, 0
71118, 5128, 1, 0, 0
72119, 51080, 0, 0, 0
72119, 5632, 1, 0, 0
73120, 52839, 0, 0, 0
73120, 5818, 1, 0, 0
74121, 48076, 0, 0, 0
74121, 5212, 1, 0, 0
75121, 52384, 0, 0, 0
75121, 5640, 1, 0, 0
76122, 67972, 0, 0, 0
76122, 7588, 1, 0, 0
77123, 110645, 0, 0, 0
77123, 12239, 1, 0, 0
78124, 64143, 0, 0, 0
78124, 7168, 1, 0, 0
79125, 38112, 0, 0, 0
79125, 4208, 1, 0, 0
80126, 49190, 0, 0, 0
80126, 5438, 1, 0, 0
81127, 52620, 0, 0, 0
81127, 6016, 1, 0, 0
82128, 51936, 0, 0, 0
82128, 5872, 1, 0, 0
83128, 50292, 0, 0, 0
83128, 5476, 1, 0, 0
84129, 58265, 0, 0, 0
84129, 6341, 1, 0, 0
85130, 40652, 0, 0, 0
85130, 4416, 1, 0, 0
86131, 42808, 0, 0, 0
86131, 4580, 1, 0, 0
87132, 55088, 0, 0, 0
87132, 6261, 1, 0, 0
88133, 41768, 0, 0, 0
88133, 4488, 1, 0, 0
89134, 48772, 0, 0, 0
89134, 5796, 1, 0, 0
90135, 51760, 0, 0, 0
90135, 5746, 1, 0, 0
91136, 45420, 0, 0, 0
91136, 4992, 1, 0, 0
92137, 40171, 0, 0, 0
92137, 4519, 1, 0, 0
93138, 36684, 0, 0, 0
93138, 4068, 1, 0, 0
94139, 43148, 0, 0, 0
94139, 4915, 1, 0, 0
95140, 46421, 0, 0, 0
95140, 5086, 1, 0, 0
96141, 69098, 0, 0, 0
96141, 7644, 1, 0, 0
97142, 33180, 0, 0, 0
97142, 3548, 1, 0, 0
98143, 41454, 0, 0, 0
98143, 4447, 1, 0, 0
99144, 44075, 0, 0, 0
99144, 4899, 1, 0, 0
100145, 43260, 0, 0, 0
100145, 4380, 1, 0, 0
101145, 50120, 0, 0, 0
101145, 5640, 1, 0, 0
102145, 52552, 0, 0, 0
102145, 6000, 1, 0, 0
103145, 59655, 0, 0, 0
103145, 6670, 1, 0, 0
104145, 62668, 0, 0, 0
104145, 7136, 1, 0, 0
105144, 53513, 0, 0, 0
105144, 6138, 1, 0, 0
106145, 58652, 0, 0, 0
106145, 6200, 1, 0, 0
107145, 52804, 0, 0, 0
107145, 5801, 1, 0, 0
108145, 28648, 0, 0, 0
108145, 3351, 1, 0, 0
109145, 33768, 0, 0, 0
109145, 3544, 1, 0, 0
110145, 57724, 0, 0, 0
110145, 6168, 1, 0, 0
111144, 49517, 0, 0, 0
111144, 5601, 1, 0, 0
112145, 42237, 0, 0, 0
112145, 4611, 1, 0, 0
113145, 45569, 0, 0, 0
113145, 5149, 1, 0, 0
114145, 57508, 0, 0, 0
114145, 6288, 1, 0, 0
115145, 52588, 0, 0, 0
115145, 5653, 1, 0, 0
116145, 71980, 0, 0, 0
116145, 8208, 1, 0, 0
117145, 31020, 0, 0, 0
117145, 3516, 1, 0, 0
118145, 53489, 0, 0, 0
118145, 5769, 1, 0, 0
119145, 51979, 0, 0, 0
119145, 6014, 1, 0, 0
120145, 48928, 0, 0, 0
120145, 5672, 1, 0, 0
121145, 52072, 0, 0, 0
121145, 5793, 1, 0, 0
122145, 57732, 0, 0, 0
122145, 6324, 1, 0, 0
123144, 48756, 0, 0, 0
123144, 5297, 1, 0, 0
124145, 47392, 0, 0, 0
124145, 5448, 1, 0, 0
125145, 52708, 0, 0, 0
125145, 6064, 1, 0, 0
126145, 72924, 0, 0, 0
126145, 7880, 1, 0, 0
127144, 41361, 0, 0, 0
127144, 4496, 1, 0, 0
128145, 41340, 0, 0, 0
128145, 4460, 1, 0, 0
129144, 45549, 0, 0, 0
129144, 5153, 1, 0, 0
130144, 36948, 0, 0, 0
130144, 3919, 1, 0, 0
131145, 65088, 0, 0, 0
131145, 7344, 1, 0, 0
132144, 105125, 0, 0, 0
132144, 12008, 1, 0, 0
133145, 35184, 0, 0, 0
133145, 3916, 1, 0, 0
134145, 64032, 0, 0, 0
134145, 7087, 1, 0, 0
135145, 49336, 0, 0, 0
135145, 5544, 1, 0, 0
136145, 37744, 0, 0, 0
136145, 4396, 1, 0, 0
137145, 44548, 0, 0, 0
137145, 4852, 1, 0, 0
138145, 85292, 0, 0, 0
138145, 9704, 1, 0, 0
139145, 48000, 0, 0, 0
139145, 5445, 1, 0, 0
140145, 49828, 0, 0, 0
140145, 5540, 1, 0, 0
141147, 54729, 0, 0, 0
141147, 6085, 1, 0, 0
142147, 61461, 0, 0, 0
142147, 6906, 1, 0, 0
143147, 44140, 0, 0, 0
143147, 4880, 1, 0, 0
144147, 50798, 0, 0, 0
144147, 5637, 1, 0, 0
145147, 46872, 0, 0, 0
145147, 5296, 1, 0, 0
146146, 38374, 0, 0, 0
146146, 4300, 1, 0, 0
147146, 41348, 0, 0, 0
147146, 4536, 1, 0, 0
148147, 82308, 0, 0, 0
148147, 9160, 1, 0, 0
149146, 54346, 0, 0, 0
149146, 6234, 1, 0, 0
150147, 37092, 0, 0, 0
150147, 3996, 1, 0, 0
151146, 66466, 0, 0, 0
151146, 7355, 1, 0, 0
152147, 51312, 0, 0, 0
152147, 5954, 1, 0, 0
153146, 48232, 0, 0, 0
153146, 5437, 1, 0, 0
154147, 49804, 0, 0, 0
154147, 5432, 1, 0, 0
155147, 35479, 0, 0, 0
155147, 3735, 1, 0, 0
156147, 50258, 0, 0, 0
156147, 5721, 1, 0, 0
157147, 37400, 0, 0, 0
157147, 4200, 1, 0, 0
158147, 40952, 0, 0, 0
158147, 4704, 1, 0, 0
159147, 32884, 0, 0, 0
159147, 3763, 1, 0, 0
160147, 41976, 0, 0, 0
160147, 4676, 1, 0, 0
161147, 59667, 0, 0, 0
161147, 6970, 1, 0, 0
162147, 47479, 0, 0, 0
162147, 5245, 1, 0, 0
163148, 45052, 0, 0, 0
163148, 4844, 1, 0, 0
164148, 37084, 0, 0, 0
164148, 4072, 1, 0, 0
165148, 41808, 0, 0, 0
165148, 4748, 1, 0, 0
166147, 38830, 0, 0, 0
166147, 4200, 1, 0, 0
167147, 49705, 0, 0, 0
167147, 5205, 1, 0, 0
168147, 51651, 0, 0, 0
168147, 5865, 1, 0, 0
169147, 50872, 0, 0, 0
169147, 5708, 1, 0, 0
170147, 58680, 0, 0, 0
170148, 6384, 1, 0, 0
171148, 34836, 0, 0, 0
171148, 3896, 1, 0, 0
172147, 50789, 0, 0, 0
172147, 5410, 1, 0, 0
173147, 41876, 0, 0, 0
173147, 4880, 1, 0, 0
174148, 39944, 0, 0, 0
174148, 4603, 1, 0, 0
175147, 49661, 0, 0, 0
175147, 5213, 1, 0, 0
176147, 53100, 0, 0, 0
176147, 5628, 1, 0, 0
177147, 49517, 0, 0, 0
177147, 5553, 1, 0, 0
178147, 40080, 0, 0, 0
178147, 4252, 1, 0, 0
179147, 86662, 0, 0, 0
179147, 10002, 1, 0, 0
180147, 58604, 0, 0, 0
180147, 6572, 1, 0, 0
