1002, 137261, 1, 0, 0
2001, 140052, 1, 0, 0
3007, 128552, 1, 0, 0
4006, 120980, 1, 0, 0
5006, 120332, 1, 0, 0
6007, 130489, 1, 0, 0
7006, 134272, 1, 0, 0
8004, 127454, 1, 0, 0
9003, 152621, 1, 0, 0
10005, 137313, 1, 0, 0
11007, 114467, 1, 0, 0
12008, 120780, 1, 0, 0
13006, 119434, 1, 0, 0
14006, 124112, 1, 0, 0
15005, 133517, 1, 0, 0
16005, 148092, 1, 0, 0
17005, 149553, 1, 0, 0
18006, 156919, 1, 0, 0
19005, 139435, 1, 0, 0
20006, 152752, 1, 0, 0
21006, 150064, 1, 0, 0
22006, 149688, 1, 0, 0
23006, 157921, 1, 0, 0
24006, 143296, 1, 0, 0
25006, 153664, 1, 0, 0
26005, 140364, 1, 0, 0
27007, 129896, 1, 0, 0
28008, 127448, 1, 0, 0
29007, 126953, 1, 0, 0
30005, 125470, 1, 0, 0
31006, 151228, 1, 0, 0
32007, 159984, 1, 0, 0
33006, 149385, 1, 0, 0
34006, 150308, 1, 0, 0
35006, 157657, 1, 0, 0
36006, 147420, 1, 0, 0
37005, 151711, 1, 0, 0
38006, 151124, 1, 0, 0
39006, 112816, 1, 0, 0
40005, 111350, 1, 0, 0
41006, 122017, 1, 0, 0
42007, 122972, 1, 0, 0
43006, 146722, 1, 0, 0
44006, 154604, 1, 0, 0
45006, 153969, 1, 0, 0
46005, 152080, 1, 0, 0
47006, 150508, 1, 0, 0
48006, 151200, 1, 0, 0
49006, 154008, 1, 0, 0
50005, 150084, 1, 0, 0
51006, 144428, 1, 0, 0
52005, 140392, 1, 0, 0
53007, 144459, 1, 0, 0
54006, 146797, 1, 0, 0
55007, 132000, 1, 0, 0
56005, 127042, 1, 0, 0
57007, 122673, 1, 0, 0
58006, 130838, 1, 0, 0
59004, 148240, 1, 0, 0
60006, 152695, 1, 0, 0
61004, 150488, 1, 0, 0
62005, 154877, 1, 0, 0
63006, 146424, 1, 0, 0
64005, 150550, 1, 0, 0
65007, 123688, 1, 0, 0
66007, 119412, 1, 0, 0
67008, 105706, 1, 0, 0
68020, 101175, 1, 0, 0
69020, 90328, 1, 0, 0
70021, 95132, 1, 0, 0
71021, 110228, 1, 0, 0
72022, 109020, 1, 0, 0
73022, 115448, 1, 0, 0
74023, 122165, 1, 0, 0
75025, 149710, 1, 0, 0
76025, 147152, 1, 0, 0
77026, 152924, 1, 0, 0
78027, 145368, 1, 0, 0
79027, 116932, 1, 0, 0
80028, 129712, 1, 0, 0
81028, 125884, 1, 0, 0
82029, 121202, 1, 0, 0
83030, 149996, 1, 0, 0
84030, 138756, 1, 0, 0
85031, 154480, 1, 0, 0
86031, 142312, 1, 0, 0
87032, 130576, 1, 0, 0
88032, 126440, 1, 0, 0
89033, 120592, 1, 0, 0
90033, 115024, 1, 0, 0
91033, 151308, 1, 0, 0
92033, 162168, 1, 0, 0
93034, 150229, 1, 0, 0
94034, 153144, 1, 0, 0
95035, 145580, 1, 0, 0
96036, 133028, 1, 0, 0
97036, 140812, 1, 0, 0
98037, 132492, 1, 0, 0
99037, 106560, 1, 0, 0
100038, 111244, 1, 0, 0
101038, 99380, 1, 0, 0
102038, 107652, 1, 0, 0
103039, 130620, 1, 0, 0
104040, 144299, 1, 0, 0
105040, 143336, 1, 0, 0
106040, 136004, 1, 0, 0
107040, 123160, 1, 0, 0
108040, 133860, 1, 0, 0
109040, 127628, 1, 0, 0
110041, 126052, 1, 0, 0
111041, 139268, 1, 0, 0
112042, 132544, 1, 0, 0
113042, 130940, 1, 0, 0
114043, 140588, 1, 0, 0
115044, 119468, 1, 0, 0
116044, 118864, 1, 0, 0
117045, 116611, 1, 0, 0
118046, 116392, 1, 0, 0
119046, 141840, 1, 0, 0
120047, 138052, 1, 0, 0
121047, 155640, 1, 0, 0
122048, 153338, 1, 0, 0
123049, 149730, 1, 0, 0
124049, 152476, 1, 0, 0
125049, 148228, 1, 0, 0
126049, 155680, 1, 0, 0
127050, 152868, 1, 0, 0
128051, 132923, 1, 0, 0
129052, 110532, 1, 0, 0
130052, 130900, 1, 0, 0
131053, 104416, 1, 0, 0
132054, 120639, 1, 0, 0
133054, 131072, 1, 0, 0
134055, 119436, 1, 0, 0
135056, 147228, 1, 0, 0
136057, 151520, 1, 0, 0
137058, 144235, 1, 0, 0
138059, 147552, 1, 0, 0
139060, 146052, 1, 0, 0
140061, 152892, 1, 0, 0
141061, 153156, 1, 0, 0
142062, 157804, 1, 0, 0
143062, 125668, 1, 0, 0
144062, 127696, 1, 0, 0
145063, 125788, 1, 0, 0
146064, 141308, 1, 0, 0
147064, 133980, 1, 0, 0
148065, 131728, 1, 0, 0
149066, 124535, 1, 0, 0
150067, 131356, 1, 0, 0
151067, 147560, 1, 0, 0
152067, 145860, 1, 0, 0
153068, 149872, 1, 0, 0
154069, 155032, 1, 0, 0
155069, 145148, 1, 0, 0
156069, 142168, 1, 0, 0
157070, 145620, 1, 0, 0
158070, 138940, 1, 0, 0
159071, 121448, 1, 0, 0
160072, 117172, 1, 0, 0
161072, 122872, 1, 0, 0
162072, 129260, 1, 0, 0
163073, 151300, 1, 0, 0
164074, 150029, 1, 0, 0
165075, 156696, 1, 0, 0
166076, 152960, 1, 0, 0
167076, 124832, 1, 0, 0
168077, 122569, 1, 0, 0
169077, 124356, 1, 0, 0
170079, 124955, 1, 0, 0
171079, 150708, 1, 0, 0
172080, 146492, 1, 0, 0
173080, 135524, 1, 0, 0
174081, 149074, 1, 0, 0
175082, 131728, 1, 0, 0
176083, 116480, 1, 0, 0
177084, 119428, 1, 0, 0
178084, 136852, 1, 0, 0
179085, 137736, 1, 0, 0
180091, 76799, 1, 0, 0
