1001, 18816, 1, 0, 0
2005, 20804, 1, 0, 0
3018, 20036, 1, 0, 0
4023, 20985, 1, 0, 0
5023, 24246, 1, 0, 0
6023, 31324, 1, 0, 0
7024, 28395, 1, 0, 0
8025, 28200, 1, 0, 0
9026, 30773, 1, 0, 0
10026, 36344, 1, 0, 0
11027, 35901, 1, 0, 0
12028, 33642, 1, 0, 0
13029, 31340, 1, 0, 0
14030, 27518, 1, 0, 0
15031, 24805, 1, 0, 0
16031, 20288, 1, 0, 0
17032, 20089, 1, 0, 0
18033, 20656, 1, 0, 0
19034, 22327, 1, 0, 0
20035, 21011, 1, 0, 0
21035, 19895, 1, 0, 0
22036, 20561, 1, 0, 0
23036, 20729, 1, 0, 0
24038, 20504, 1, 0, 0
25120, 17491, 1, 0, 0
26120, 18328, 1, 0, 0
27121, 20098, 1, 0, 0
28121, 19529, 1, 0, 0
29121, 21036, 1, 0, 0
30121, 21051, 1, 0, 0
31121, 19852, 1, 0, 0
32121, 18674, 1, 0, 0
33122, 18740, 1, 0, 0
34123, 19519, 1, 0, 0
35123, 18903, 1, 0, 0
36124, 19858, 1, 0, 0
37125, 19724, 1, 0, 0
38126, 18884, 1, 0, 0
39127, 19806, 1, 0, 0
40127, 20630, 1, 0, 0
41128, 18653, 1, 0, 0
42129, 21920, 1, 0, 0
43130, 20283, 1, 0, 0
44130, 21074, 1, 0, 0
45131, 22662, 1, 0, 0
46131, 29497, 1, 0, 0
47131, 30148, 1, 0, 0
48133, 30093, 1, 0, 0
49133, 33070, 1, 0, 0
50134, 36209, 1, 0, 0
51133, 33005, 1, 0, 0
52133, 34751, 1, 0, 0
53133, 37250, 1, 0, 0
54134, 36199, 1, 0, 0
55133, 37115, 1, 0, 0
56134, 35260, 1, 0, 0
57133, 33006, 1, 0, 0
58133, 29033, 1, 0, 0
59134, 30173, 1, 0, 0
60133, 29504, 1, 0, 0
61134, 33412, 1, 0, 0
62133, 36573, 1, 0, 0
63134, 35037, 1, 0, 0
64134, 34986, 1, 0, 0
65133, 37419, 1, 0, 0
66134, 35481, 1, 0, 0
67134, 34230, 1, 0, 0
68134, 32633, 1, 0, 0
69133, 29486, 1, 0, 0
70133, 26397, 1, 0, 0
71134, 28605, 1, 0, 0
72134, 25486, 1, 0, 0
73134, 23537, 1, 0, 0
74134, 20045, 1, 0, 0
75134, 21710, 1, 0, 0
76134, 21470, 1, 0, 0
77134, 20990, 1, 0, 0
78134, 19906, 1, 0, 0
79134, 20498, 1, 0, 0
80134, 20903, 1, 0, 0
81134, 20802, 1, 0, 0
82134, 20719, 1, 0, 0
83134, 20256, 1, 0, 0
84134, 21211, 1, 0, 0
85133, 20265, 1, 0, 0
86134, 21287, 1, 0, 0
87134, 20073, 1, 0, 0
88134, 21165, 1, 0, 0
89133, 19828, 1, 0, 0
90134, 21222, 1, 0, 0
91133, 20874, 1, 0, 0
92133, 21062, 1, 0, 0
93134, 19471, 1, 0, 0
94134, 18725, 1, 0, 0
95135, 20458, 1, 0, 0
96134, 20006, 1, 0, 0
97134, 21570, 1, 0, 0
98134, 21677, 1, 0, 0
99134, 20647, 1, 0, 0
100134, 20312, 1, 0, 0
101134, 19896, 1, 0, 0
102134, 21104, 1, 0, 0
103133, 20240, 1, 0, 0
104134, 20037, 1, 0, 0
105134, 18867, 1, 0, 0
106134, 19575, 1, 0, 0
107134, 20522, 1, 0, 0
108134, 19430, 1, 0, 0
109135, 20263, 1, 0, 0
110134, 20200, 1, 0, 0
111134, 17899, 1, 0, 0
112134, 19051, 1, 0, 0
113134, 21475, 1, 0, 0
114134, 19388, 1, 0, 0
115135, 19893, 1, 0, 0
116135, 17693, 1, 0, 0
117134, 20049, 1, 0, 0
118134, 20760, 1, 0, 0
119135, 21840, 1, 0, 0
120134, 20725, 1, 0, 0
121134, 19376, 1, 0, 0
122134, 20686, 1, 0, 0
123134, 20697, 1, 0, 0
124134, 21667, 1, 0, 0
125135, 19742, 1, 0, 0
126134, 20237, 1, 0, 0
127134, 18066, 1, 0, 0
128135, 26408, 1, 0, 0
129135, 31823, 1, 0, 0
130135, 35887, 1, 0, 0
131134, 36911, 1, 0, 0
132134, 36177, 1, 0, 0
133134, 33267, 1, 0, 0
134134, 32557, 1, 0, 0
135135, 30109, 1, 0, 0
136134, 28395, 1, 0, 0
137135, 31875, 1, 0, 0
138135, 36520, 1, 0, 0
139134, 35379, 1, 0, 0
140134, 35923, 1, 0, 0
141135, 35720, 1, 0, 0
142135, 35339, 1, 0, 0
143134, 36120, 1, 0, 0
144135, 36205, 1, 0, 0
145134, 37300, 1, 0, 0
146134, 36288, 1, 0, 0
147135, 36130, 1, 0, 0
148135, 35708, 1, 0, 0
149135, 32444, 1, 0, 0
150135, 29979, 1, 0, 0
151134, 29870, 1, 0, 0
152135, 28269, 1, 0, 0
153135, 21412, 1, 0, 0
154135, 23219, 1, 0, 0
155135, 29549, 1, 0, 0
156135, 31073, 1, 0, 0
157136, 31747, 1, 0, 0
158135, 35386, 1, 0, 0
159136, 32179, 1, 0, 0
160135, 34602, 1, 0, 0
161135, 35677, 1, 0, 0
162135, 36509, 1, 0, 0
163136, 35797, 1, 0, 0
164135, 36512, 1, 0, 0
165135, 34129, 1, 0, 0
166134, 35761, 1, 0, 0
167135, 35179, 1, 0, 0
168135, 32616, 1, 0, 0
169135, 33548, 1, 0, 0
170135, 31824, 1, 0, 0
171135, 27168, 1, 0, 0
172135, 28345, 1, 0, 0
173134, 34397, 1, 0, 0
174135, 32648, 1, 0, 0
175135, 32538, 1, 0, 0
176135, 36209, 1, 0, 0
177136, 34922, 1, 0, 0
178135, 35533, 1, 0, 0
179135, 36008, 1, 0, 0
180135, 29488, 1, 0, 0
