1000, 269152, 1, 0, 0
2000, 265272, 1, 0, 0
3000, 286949, 1, 0, 0
4000, 303727, 1, 0, 0
5000, 305472, 1, 0, 0
6000, 284885, 1, 0, 0
7000, 275666, 1, 0, 0
8000, 289802, 1, 0, 0
9000, 245495, 1, 0, 0
10000, 270832, 1, 0, 0
11000, 321447, 1, 0, 0
12000, 306675, 1, 0, 0
13000, 313447, 1, 0, 0
14000, 300534, 1, 0, 0
15000, 280717, 1, 0, 0
16000, 252537, 1, 0, 0
17000, 249363, 1, 0, 0
18000, 238908, 1, 0, 0
19000, 266459, 1, 0, 0
20000, 245123, 1, 0, 0
21000, 250873, 1, 0, 0
22000, 253036, 1, 0, 0
23000, 240500, 1, 0, 0
24000, 260254, 1, 0, 0
25000, 243764, 1, 0, 0
26000, 265592, 1, 0, 0
27000, 284043, 1, 0, 0
28000, 289433, 1, 0, 0
29000, 290690, 1, 0, 0
30000, 293351, 1, 0, 0
31000, 247421, 1, 0, 0
32000, 235493, 1, 0, 0
33000, 250299, 1, 0, 0
34000, 248919, 1, 0, 0
35000, 237803, 1, 0, 0
36000, 253145, 1, 0, 0
37000, 246969, 1, 0, 0
38000, 247419, 1, 0, 0
39000, 323648, 1, 0, 0
40000, 327901, 1, 0, 0
41000, 300965, 1, 0, 0
42000, 299404, 1, 0, 0
43000, 254205, 1, 0, 0
44000, 243162, 1, 0, 0
45000, 243689, 1, 0, 0
46000, 245421, 1, 0, 0
47000, 248580, 1, 0, 0
48000, 247797, 1, 0, 0
49000, 243997, 1, 0, 0
50000, 248823, 1, 0, 0
51000, 258483, 1, 0, 0
52000, 264798, 1, 0, 0
53000, 257901, 1, 0, 0
54000, 253853, 1, 0, 0
55000, 279991, 1, 0, 0
56000, 290113, 1, 0, 0
57000, 300338, 1, 0, 0
58000, 282201, 1, 0, 0
59000, 251989, 1, 0, 0
60000, 244875, 1, 0, 0
61000, 249362, 1, 0, 0
62000, 242482, 1, 0, 0
63000, 254332, 1, 0, 0
64000, 248491, 1, 0, 0
65005, 300707, 1, 0, 0
66000, 309671, 1, 0, 0
67000, 348696, 1, 0, 0
68000, 361460, 1, 0, 0
69000, 397895, 1, 0, 0
70000, 384202, 1, 0, 0
71000, 334316, 1, 0, 0
72000, 336520, 1, 0, 0
73000, 319589, 1, 0, 0
74000, 301322, 1, 0, 0
75000, 250789, 1, 0, 0
76000, 254979, 1, 0, 0
77000, 245243, 1, 0, 0
78000, 255235, 1, 0, 0
79000, 314549, 1, 0, 0
80000, 284582, 1, 0, 0
81000, 293945, 1, 0, 0
82000, 301719, 1, 0, 0
83000, 251443, 1, 0, 0
84000, 267047, 1, 0, 0
85000, 242902, 1, 0, 0
86000, 260596, 1, 0, 0
87000, 280620, 1, 0, 0
88000, 292980, 1, 0, 0
89000, 305911, 1, 0, 0
90000, 327190, 1, 0, 0
91000, 249255, 1, 0, 0
92000, 232298, 1, 0, 0
93000, 247768, 1, 0, 0
94000, 246435, 1, 0, 0
95000, 255583, 1, 0, 0
96000, 279284, 1, 0, 0
97000, 264509, 1, 0, 0
98000, 277855, 1, 0, 0
99000, 343963, 1, 0, 0
100000, 332830, 1, 0, 0
101000, 367650, 1, 0, 0
102000, 357371, 1, 0, 0
103000, 287096, 1, 0, 0
104000, 258558, 1, 0, 0
105000, 261110, 1, 0, 0
106000, 274113, 1, 0, 0
107000, 298038, 1, 0, 0
108000, 275697, 1, 0, 0
109000, 292046, 1, 0, 0
110000, 289455, 1, 0, 0
111000, 267550, 1, 0, 0
112000, 283719, 1, 0, 0
113000, 282323, 1, 0, 0
114000, 263976, 1, 0, 0
115000, 307277, 1, 0, 0
116000, 309791, 1, 0, 0
117000, 315955, 1, 0, 0
118000, 315893, 1, 0, 0
119000, 264042, 1, 0, 0
120000, 279628, 1, 0, 0
121000, 241988, 1, 0, 0
122000, 241541, 1, 0, 0
123000, 251933, 1, 0, 0
124000, 243418, 1, 0, 0
125000, 253291, 1, 0, 0
126000, 242419, 1, 0, 0
127000, 246090, 1, 0, 0
128000, 273666, 1, 0, 0
129000, 352538, 1, 0, 0
130000, 285546, 1, 0, 0
131000, 349354, 1, 0, 0
132000, 308616, 1, 0, 0
133000, 280474, 1, 0, 0
134000, 312173, 1, 0, 0
135000, 255320, 1, 0, 0
136000, 248542, 1, 0, 0
137000, 258331, 1, 0, 0
138000, 253435, 1, 0, 0
139000, 256094, 1, 0, 0
140000, 242830, 1, 0, 0
141000, 246705, 1, 0, 0
142000, 239246, 1, 0, 0
143000, 279653, 1, 0, 0
144000, 294220, 1, 0, 0
145000, 290394, 1, 0, 0
146000, 265092, 1, 0, 0
147000, 275667, 1, 0, 0
148000, 277234, 1, 0, 0
149000, 294826, 1, 0, 0
150000, 285238, 1, 0, 0
151000, 257043, 1, 0, 0
152000, 255335, 1, 0, 0
153000, 247461, 1, 0, 0
154000, 243208, 1, 0, 0
155000, 253520, 1, 0, 0
156000, 270061, 1, 0, 0
157000, 256427, 1, 0, 0
158000, 267574, 1, 0, 0
159000, 299482, 1, 0, 0
160000, 313871, 1, 0, 0
161000, 298325, 1, 0, 0
162000, 285260, 1, 0, 0
163000, 249731, 1, 0, 0
164000, 249303, 1, 0, 0
165000, 241692, 1, 0, 0
166000, 242528, 1, 0, 0
167000, 290158, 1, 0, 0
168000, 302189, 1, 0, 0
169000, 301542, 1, 0, 0
170000, 294106, 1, 0, 0
171000, 251503, 1, 0, 0
172000, 251337, 1, 0, 0
173000, 277272, 1, 0, 0
174000, 253083, 1, 0, 0
175000, 276863, 1, 0, 0
176000, 323893, 1, 0, 0
177000, 319977, 1, 0, 0
178000, 271954, 1, 0, 0
179000, 265255, 1, 0, 0
180000, 429533, 1, 0, 0
180000, 92323, 1, 0, 0
