1000, 41599, 1, 0, 0
2000, 42966, 1, 0, 0
3000, 35201, 1, 0, 0
4000, 30213, 1, 0, 0
5000, 31642, 1, 0, 0
6000, 31702, 1, 0, 0
7000, 27103, 1, 0, 0
8000, 28846, 1, 0, 0
9000, 27337, 1, 0, 0
10000, 32015, 1, 0, 0
11000, 31215, 1, 0, 0
12000, 31497, 1, 0, 0
13000, 31703, 1, 0, 0
14000, 27967, 1, 0, 0
15000, 27223, 1, 0, 0
16000, 27853, 1, 0, 0
17000, 27474, 1, 0, 0
18000, 30196, 1, 0, 0
19000, 30163, 1, 0, 0
20000, 30786, 1, 0, 0
21000, 32190, 1, 0, 0
22000, 27701, 1, 0, 0
23000, 31046, 1, 0, 0
24000, 36093, 1, 0, 0
25000, 28140, 1, 0, 0
26000, 27846, 1, 0, 0
27000, 32212, 1, 0, 0
28000, 31598, 1, 0, 0
29000, 30983, 1, 0, 0
30000, 28321, 1, 0, 0
31000, 26255, 1, 0, 0
32000, 25827, 1, 0, 0
33000, 27091, 1, 0, 0
34000, 28534, 1, 0, 0
35000, 31641, 1, 0, 0
36000, 31044, 1, 0, 0
37000, 35493, 1, 0, 0
38000, 33246, 1, 0, 0
39000, 33957, 1, 0, 0
40000, 34942, 1, 0, 0
41000, 30451, 1, 0, 0
42000, 27660, 1, 0, 0
43000, 26331, 1, 0, 0
44000, 25253, 1, 0, 0
45000, 25943, 1, 0, 0
46000, 31471, 1, 0, 0
47000, 32924, 1, 0, 0
48000, 32295, 1, 0, 0
49000, 36100, 1, 0, 0
50000, 38363, 1, 0, 0
51000, 31700, 1, 0, 0
52000, 37483, 1, 0, 0
53000, 35437, 1, 0, 0
54000, 33695, 1, 0, 0
55000, 32658, 1, 0, 0
56000, 34593, 1, 0, 0
57000, 31499, 1, 0, 0
58000, 27014, 1, 0, 0
59000, 26737, 1, 0, 0
60000, 26147, 1, 0, 0
61000, 25995, 1, 0, 0
62000, 26710, 1, 0, 0
63000, 26574, 1, 0, 0
64000, 26526, 1, 0, 0
65000, 26991, 1, 0, 0
66000, 26121, 1, 0, 0
67000, 27285, 1, 0, 0
68000, 28293, 1, 0, 0
69000, 27110, 1, 0, 0
70000, 29777, 1, 0, 0
71000, 30919, 1, 0, 0
72000, 31328, 1, 0, 0
73000, 30518, 1, 0, 0
74000, 28275, 1, 0, 0
75000, 26292, 1, 0, 0
76000, 26156, 1, 0, 0
77000, 26414, 1, 0, 0
78000, 26642, 1, 0, 0
79000, 26879, 1, 0, 0
80000, 25279, 1, 0, 0
81000, 27757, 1, 0, 0
82000, 30227, 1, 0, 0
83000, 30196, 1, 0, 0
84000, 32564, 1, 0, 0
85000, 32753, 1, 0, 0
86000, 28688, 1, 0, 0
87000, 25449, 1, 0, 0
88004, 28461, 1, 0, 0
89000, 28318, 1, 0, 0
90000, 32509, 1, 0, 0
91000, 34685, 1, 0, 0
92000, 27400, 1, 0, 0
93000, 28203, 1, 0, 0
94000, 29098, 1, 0, 0
95000, 30917, 1, 0, 0
96000, 40610, 1, 0, 0
97000, 41638, 1, 0, 0
98000, 44762, 1, 0, 0
99000, 41064, 1, 0, 0
100000, 43361, 1, 0, 0
101000, 33849, 1, 0, 0
102000, 29751, 1, 0, 0
103000, 25213, 1, 0, 0
104000, 25913, 1, 0, 0
105000, 28330, 1, 0, 0
106000, 30156, 1, 0, 0
107000, 31822, 1, 0, 0
108000, 31734, 1, 0, 0
109000, 30259, 1, 0, 0
110000, 28164, 1, 0, 0
111000, 26997, 1, 0, 0
112000, 28640, 1, 0, 0
113000, 26176, 1, 0, 0
114000, 30305, 1, 0, 0
115000, 30510, 1, 0, 0
116000, 31204, 1, 0, 0
117000, 31536, 1, 0, 0
118000, 29835, 1, 0, 0
119000, 28362, 1, 0, 0
120000, 27811, 1, 0, 0
121000, 26184, 1, 0, 0
122000, 33154, 1, 0, 0
123000, 38633, 1, 0, 0
124000, 34124, 1, 0, 0
125000, 30782, 1, 0, 0
126000, 28426, 1, 0, 0
127000, 26047, 1, 0, 0
128000, 28647, 1, 0, 0
129000, 31067, 1, 0, 0
130000, 30725, 1, 0, 0
131000, 28614, 1, 0, 0
132000, 32998, 1, 0, 0
133000, 30918, 1, 0, 0
134000, 27836, 1, 0, 0
135000, 26041, 1, 0, 0
136000, 29838, 1, 0, 0
137000, 27918, 1, 0, 0
138000, 26357, 1, 0, 0
139000, 26413, 1, 0, 0
140000, 26067, 1, 0, 0
141000, 27526, 1, 0, 0
142000, 28049, 1, 0, 0
143000, 30449, 1, 0, 0
144000, 31888, 1, 0, 0
145000, 30202, 1, 0, 0
146000, 30120, 1, 0, 0
147000, 30945, 1, 0, 0
148000, 31725, 1, 0, 0
149000, 26575, 1, 0, 0
150000, 27590, 1, 0, 0
151000, 26712, 1, 0, 0
152000, 29533, 1, 0, 0
153000, 28305, 1, 0, 0
154000, 27694, 1, 0, 0
155000, 30816, 1, 0, 0
156000, 31691, 1, 0, 0
157000, 30370, 1, 0, 0
158000, 31336, 1, 0, 0
159000, 28504, 1, 0, 0
160000, 26952, 1, 0, 0
161000, 27513, 1, 0, 0
162000, 29061, 1, 0, 0
163000, 32188, 1, 0, 0
164000, 35268, 1, 0, 0
165000, 36551, 1, 0, 0
166000, 41653, 1, 0, 0
167000, 44462, 1, 0, 0
168000, 46511, 1, 0, 0
169000, 44296, 1, 0, 0
170000, 47088, 1, 0, 0
171000, 45162, 1, 0, 0
172000, 52718, 1, 0, 0
173000, 46767, 1, 0, 0
174000, 49955, 1, 0, 0
175000, 49714, 1, 0, 0
176000, 44538, 1, 0, 0
177000, 46602, 1, 0, 0
178000, 44888, 1, 0, 0
179000, 45312, 1, 0, 0
180000, 45708, 1, 0, 0
