1001, 138301, 1, 0, 0
2001, 161048, 1, 0, 0
3005, 162119, 1, 0, 0
4006, 163964, 1, 0, 0
5007, 156079, 1, 0, 0
6008, 164644, 1, 0, 0
7008, 163260, 1, 0, 0
8009, 166004, 1, 0, 0
9010, 165310, 1, 0, 0
10010, 165672, 1, 0, 0
11011, 140303, 1, 0, 0
12012, 162661, 1, 0, 0
13013, 162229, 1, 0, 0
14015, 153666, 1, 0, 0
15016, 163544, 1, 0, 0
16017, 162325, 1, 0, 0
17018, 162417, 1, 0, 0
18018, 166720, 1, 0, 0
19018, 164576, 1, 0, 0
20019, 162316, 1, 0, 0
21020, 155444, 1, 0, 0
22020, 155760, 1, 0, 0
23020, 160716, 1, 0, 0
24020, 164400, 1, 0, 0
25021, 162560, 1, 0, 0
26022, 160683, 1, 0, 0
27022, 165156, 1, 0, 0
28023, 163900, 1, 0, 0
29023, 161720, 1, 0, 0
30025, 164087, 1, 0, 0
31025, 165048, 1, 0, 0
32025, 163060, 1, 0, 0
33026, 165914, 1, 0, 0
34027, 165188, 1, 0, 0
35027, 164120, 1, 0, 0
36027, 168472, 1, 0, 0
37028, 162613, 1, 0, 0
38028, 165832, 1, 0, 0
39029, 164667, 1, 0, 0
40029, 165428, 1, 0, 0
41030, 162676, 1, 0, 0
42030, 160788, 1, 0, 0
43030, 166820, 1, 0, 0
44031, 163264, 1, 0, 0
45032, 165308, 1, 0, 0
46033, 154868, 1, 0, 0
47034, 164835, 1, 0, 0
48034, 158476, 1, 0, 0
49035, 162240, 1, 0, 0
50035, 156816, 1, 0, 0
51036, 148111, 1, 0, 0
52037, 158480, 1, 0, 0
53038, 155148, 1, 0, 0
54038, 162900, 1, 0, 0
55038, 165284, 1, 0, 0
56039, 161512, 1, 0, 0
57039, 163128, 1, 0, 0
58040, 160916, 1, 0, 0
59040, 164616, 1, 0, 0
60041, 164771, 1, 0, 0
61042, 166348, 1, 0, 0
62043, 167772, 1, 0, 0
63044, 165476, 1, 0, 0
64044, 164732, 1, 0, 0
65045, 164999, 1, 0, 0
66045, 165620, 1, 0, 0
67046, 154744, 1, 0, 0
68046, 147384, 1, 0, 0
69047, 156759, 1, 0, 0
70048, 162340, 1, 0, 0
71048, 161740, 1, 0, 0
72048, 164196, 1, 0, 0
73048, 163872, 1, 0, 0
74049, 152943, 1, 0, 0
75050, 162640, 1, 0, 0
76050, 163008, 1, 0, 0
77050, 163480, 1, 0, 0
78050, 164876, 1, 0, 0
79050, 167272, 1, 0, 0
80051, 162757, 1, 0, 0
81051, 151952, 1, 0, 0
82052, 158320, 1, 0, 0
83052, 161524, 1, 0, 0
84053, 165828, 1, 0, 0
85054, 163728, 1, 0, 0
86054, 162632, 1, 0, 0
87054, 165592, 1, 0, 0
88054, 163416, 1, 0, 0
89055, 163200, 1, 0, 0
90056, 163424, 1, 0, 0
91056, 165488, 1, 0, 0
92057, 165544, 1, 0, 0
93058, 154849, 1, 0, 0
94059, 165992, 1, 0, 0
95059, 164688, 1, 0, 0
96059, 167440, 1, 0, 0
97060, 165520, 1, 0, 0
98061, 164704, 1, 0, 0
99061, 165244, 1, 0, 0
100062, 165874, 1, 0, 0
101062, 164228, 1, 0, 0
102063, 167444, 1, 0, 0
103062, 147563, 1, 0, 0
109634, 31410, 1, 0, 0
110635, 130232, 1, 0, 0
111635, 132352, 1, 0, 0
112636, 140871, 1, 0, 0
113637, 159120, 1, 0, 0
114638, 165726, 1, 0, 0
115639, 162812, 1, 0, 0
116639, 163520, 1, 0, 0
117640, 167068, 1, 0, 0
118641, 168295, 1, 0, 0
119642, 164284, 1, 0, 0
120642, 164180, 1, 0, 0
121643, 165996, 1, 0, 0
122643, 165688, 1, 0, 0
123643, 166940, 1, 0, 0
124644, 165788, 1, 0, 0
125644, 164820, 1, 0, 0
126645, 160712, 1, 0, 0
127646, 165050, 1, 0, 0
128646, 163756, 1, 0, 0
129646, 167024, 1, 0, 0
130647, 163392, 1, 0, 0
131647, 167224, 1, 0, 0
132648, 164223, 1, 0, 0
133648, 158352, 1, 0, 0
134649, 161972, 1, 0, 0
135650, 166833, 1, 0, 0
136650, 164692, 1, 0, 0
137651, 165420, 1, 0, 0
138651, 162360, 1, 0, 0
139652, 163920, 1, 0, 0
140652, 152596, 1, 0, 0
141652, 151472, 1, 0, 0
142653, 164075, 1, 0, 0
143654, 163844, 1, 0, 0
144654, 164440, 1, 0, 0
145655, 166004, 1, 0, 0
146655, 166124, 1, 0, 0
147656, 164600, 1, 0, 0
154733, 4454, 1, 0, 0
155734, 138481, 1, 0, 0
156735, 140340, 1, 0, 0
157735, 156064, 1, 0, 0
158736, 162900, 1, 0, 0
159737, 162384, 1, 0, 0
160738, 163276, 1, 0, 0
161738, 165720, 1, 0, 0
162740, 165470, 1, 0, 0
163741, 164995, 1, 0, 0
164741, 164760, 1, 0, 0
165742, 165576, 1, 0, 0
166742, 166340, 1, 0, 0
167742, 160760, 1, 0, 0
168743, 163540, 1, 0, 0
169744, 163928, 1, 0, 0
170744, 153364, 1, 0, 0
171744, 157960, 1, 0, 0
172745, 161508, 1, 0, 0
173746, 164655, 1, 0, 0
174747, 162305, 1, 0, 0
175748, 164119, 1, 0, 0
176749, 167200, 1, 0, 0
177749, 164032, 1, 0, 0
178750, 157564, 1, 0, 0
179750, 155620, 1, 0, 0
180750, 155712, 1, 0, 0
181751, 156496, 1, 0, 0
182752, 161034, 1, 0, 0
183752, 157676, 1, 0, 0
184752, 158784, 1, 0, 0
185753, 158476, 1, 0, 0
186754, 158053, 1, 0, 0
187754, 143720, 1, 0, 0
188754, 157960, 1, 0, 0
189755, 160271, 1, 0, 0
190755, 156220, 1, 0, 0
191755, 155172, 1, 0, 0
192755, 159296, 1, 0, 0
193756, 151768, 1, 0, 0
194757, 155832, 1, 0, 0
195762, 158519, 1, 0, 0
196768, 157574, 1, 0, 0
197775, 156648, 1, 0, 0
198782, 156599, 1, 0, 0
199788, 159729, 1, 0, 0
200794, 153420, 1, 0, 0
201801, 141976, 1, 0, 0
202809, 137515, 1, 0, 0
203816, 138409, 1, 0, 0
204824, 142083, 1, 0, 0
205830, 152322, 1, 0, 0
206837, 159932, 1, 0, 0
207843, 159773, 1, 0, 0
208849, 159833, 1, 0, 0
209855, 161651, 1, 0, 0
210860, 159391, 1, 0, 0
211866, 159152, 1, 0, 0
212872, 159558, 1, 0, 0
213878, 160799, 1, 0, 0
214884, 158031, 1, 0, 0
215890, 159852, 1, 0, 0
216896, 156962, 1, 0, 0
217903, 158290, 1, 0, 0
218909, 162580, 1, 0, 0
219915, 159287, 1, 0, 0
220920, 158519, 1, 0, 0
221926, 162555, 1, 0, 0
222931, 160764, 1, 0, 0
223938, 159502, 1, 0, 0
224943, 160569, 1, 0, 0
225949, 160373, 1, 0, 0
226955, 158242, 1, 0, 0
227962, 158208, 1, 0, 0
228968, 161176, 1, 0, 0
229974, 161838, 1, 0, 0
230978, 155258, 1, 0, 0
231982, 152948, 1, 0, 0
232987, 157241, 1, 0, 0
233992, 161816, 1, 0, 0
234997, 160354, 1, 0, 0
236002, 157830, 1, 0, 0
237006, 158876, 1, 0, 0
238005, 159115, 1, 0, 0
239006, 160752, 1, 0, 0
240006, 159848, 1, 0, 0
241005, 156812, 1, 0, 0
242006, 157082, 1, 0, 0
243006, 158930, 1, 0, 0
244006, 161396, 1, 0, 0
245005, 159103, 1, 0, 0
246007, 154990, 1, 0, 0
247006, 157414, 1, 0, 0
248007, 154557, 1, 0, 0
249005, 157623, 1, 0, 0
250006, 154528, 1, 0, 0
251006, 158952, 1, 0, 0
252006, 159340, 1, 0, 0
253006, 158692, 1, 0, 0
254007, 151436, 1, 0, 0
255006, 156388, 1, 0, 0
256005, 157941, 1, 0, 0
257005, 157636, 1, 0, 0
258005, 158124, 1, 0, 0
259006, 160812, 1, 0, 0
260006, 161112, 1, 0, 0
261006, 154240, 1, 0, 0
262006, 142636, 1, 0, 0
263007, 142129, 1, 0, 0
264006, 142894, 1, 0, 0
265007, 143780, 1, 0, 0
266009, 155060, 1, 0, 0
267010, 162361, 1, 0, 0
268008, 158256, 1, 0, 0
269007, 160896, 1, 0, 0
270005, 160657, 1, 0, 0
271006, 161028, 1, 0, 0
272006, 158192, 1, 0, 0
273006, 155416, 1, 0, 0
274005, 159187, 1, 0, 0
275006, 158788, 1, 0, 0
276005, 156936, 1, 0, 0
277011, 160612, 1, 0, 0
278010, 157913, 1, 0, 0
279011, 153992, 1, 0, 0
280011, 158056, 1, 0, 0
281011, 159528, 1, 0, 0
282010, 160472, 1, 0, 0
283011, 160412, 1, 0, 0
284011, 159972, 1, 0, 0
285011, 157805, 1, 0, 0
286011, 161092, 1, 0, 0
287012, 159652, 1, 0, 0
288010, 157727, 1, 0, 0
289011, 158376, 1, 0, 0
290011, 159140, 1, 0, 0
291011, 151955, 1, 0, 0
292011, 153484, 1, 0, 0
293011, 158812, 1, 0, 0
294011, 158046, 1, 0, 0
295011, 160676, 1, 0, 0
296010, 158298, 1, 0, 0
297011, 160324, 1, 0, 0
298011, 159360, 1, 0, 0
299011, 161004, 1, 0, 0
300011, 157248, 1, 0, 0
