1000, 23208, 1, 0, 0
2000, 23776, 1, 0, 0
3000, 23666, 1, 0, 0
4000, 23281, 1, 0, 0
5000, 24042, 1, 0, 0
6000, 23345, 1, 0, 0
7000, 23516, 1, 0, 0
8000, 23158, 1, 0, 0
9000, 23185, 1, 0, 0
10000, 23188, 1, 0, 0
11000, 27032, 1, 0, 0
12000, 23595, 1, 0, 0
13000, 23613, 1, 0, 0
14000, 24829, 1, 0, 0
15000, 23472, 1, 0, 0
16000, 23668, 1, 0, 0
17000, 23603, 1, 0, 0
18000, 22970, 1, 0, 0
19000, 23375, 1, 0, 0
20000, 23628, 1, 0, 0
21000, 24506, 1, 0, 0
22000, 24534, 1, 0, 0
23000, 23852, 1, 0, 0
24000, 23376, 1, 0, 0
25000, 23573, 1, 0, 0
26000, 23826, 1, 0, 0
27000, 23301, 1, 0, 0
28000, 23404, 1, 0, 0
29000, 23713, 1, 0, 0
30000, 23395, 1, 0, 0
31000, 23241, 1, 0, 0
32000, 23469, 1, 0, 0
33000, 23216, 1, 0, 0
34000, 23242, 1, 0, 0
35000, 23370, 1, 0, 0
36000, 22771, 1, 0, 0
37000, 23645, 1, 0, 0
38000, 23093, 1, 0, 0
39000, 23359, 1, 0, 0
40000, 23138, 1, 0, 0
41000, 23608, 1, 0, 0
42000, 23734, 1, 0, 0
43000, 23060, 1, 0, 0
44000, 23233, 1, 0, 0
45000, 23258, 1, 0, 0
46000, 24717, 1, 0, 0
47000, 23265, 1, 0, 0
48000, 23970, 1, 0, 0
49000, 23525, 1, 0, 0
50000, 24258, 1, 0, 0
51000, 25399, 1, 0, 0
52000, 24146, 1, 0, 0
53000, 24546, 1, 0, 0
54000, 23423, 1, 0, 0
55000, 23282, 1, 0, 0
56000, 23544, 1, 0, 0
57000, 23501, 1, 0, 0
58000, 23621, 1, 0, 0
59000, 23326, 1, 0, 0
60000, 23180, 1, 0, 0
61000, 23004, 1, 0, 0
62000, 22866, 1, 0, 0
63000, 23088, 1, 0, 0
64000, 23306, 1, 0, 0
65000, 23239, 1, 0, 0
66000, 23134, 1, 0, 0
67000, 24540, 1, 0, 0
68000, 25879, 1, 0, 0
69000, 24480, 1, 0, 0
70000, 23541, 1, 0, 0
71000, 23682, 1, 0, 0
72000, 23246, 1, 0, 0
73000, 23203, 1, 0, 0
74000, 24938, 1, 0, 0
75000, 23552, 1, 0, 0
76000, 23448, 1, 0, 0
77000, 23485, 1, 0, 0
78000, 23204, 1, 0, 0
79000, 22888, 1, 0, 0
80000, 23448, 1, 0, 0
81000, 24803, 1, 0, 0
82000, 24027, 1, 0, 0
83000, 23877, 1, 0, 0
84000, 23062, 1, 0, 0
85000, 23262, 1, 0, 0
86000, 23476, 1, 0, 0
87000, 23094, 1, 0, 0
88000, 23469, 1, 0, 0
89000, 23465, 1, 0, 0
90000, 23367, 1, 0, 0
91000, 23183, 1, 0, 0
92000, 23123, 1, 0, 0
93000, 24572, 1, 0, 0
94000, 23073, 1, 0, 0
95000, 23361, 1, 0, 0
96000, 22950, 1, 0, 0
97000, 23129, 1, 0, 0
98000, 23290, 1, 0, 0
99000, 23264, 1, 0, 0
100000, 23149, 1, 0, 0
101000, 23377, 1, 0, 0
102000, 22946, 1, 0, 0
103031, 24912, 1, 0, 0
104012, 51634, 1, 0, 0
105000, 51655, 1, 0, 0
109617, 302096, 1, 0, 0
110000, 29002, 1, 0, 0
111000, 28917, 1, 0, 0
112000, 28179, 1, 0, 0
113000, 26844, 1, 0, 0
114000, 23314, 1, 0, 0
115000, 23203, 1, 0, 0
116000, 23480, 1, 0, 0
117000, 23325, 1, 0, 0
118000, 22785, 1, 0, 0
119000, 23154, 1, 0, 0
120000, 23138, 1, 0, 0
121000, 23386, 1, 0, 0
122000, 23192, 1, 0, 0
123000, 23064, 1, 0, 0
124000, 23136, 1, 0, 0
125000, 23099, 1, 0, 0
126000, 23818, 1, 0, 0
127000, 22942, 1, 0, 0
128000, 23466, 1, 0, 0
129000, 23177, 1, 0, 0
130000, 23037, 1, 0, 0
131000, 23474, 1, 0, 0
132000, 23157, 1, 0, 0
133000, 23400, 1, 0, 0
134000, 24470, 1, 0, 0
135000, 23175, 1, 0, 0
136000, 23050, 1, 0, 0
137000, 23157, 1, 0, 0
138000, 23603, 1, 0, 0
139000, 23473, 1, 0, 0
140000, 23672, 1, 0, 0
141000, 25021, 1, 0, 0
142000, 24782, 1, 0, 0
143000, 23031, 1, 0, 0
144000, 23838, 1, 0, 0
145000, 23007, 1, 0, 0
146000, 23305, 1, 0, 0
147000, 23226, 1, 0, 0
153522, 193255, 1, 0, 0
154714, 996751, 1, 0, 0
155000, 28769, 1, 0, 0
156000, 27464, 1, 0, 0
157000, 27058, 1, 0, 0
158000, 23857, 1, 0, 0
159000, 23495, 1, 0, 0
160000, 23749, 1, 0, 0
161000, 23190, 1, 0, 0
162000, 23262, 1, 0, 0
163000, 23301, 1, 0, 0
164000, 23227, 1, 0, 0
165000, 23358, 1, 0, 0
166000, 23060, 1, 0, 0
167000, 23288, 1, 0, 0
168000, 23863, 1, 0, 0
169000, 23348, 1, 0, 0
170000, 23691, 1, 0, 0
171000, 24677, 1, 0, 0
172000, 24253, 1, 0, 0
173000, 23441, 1, 0, 0
174000, 23384, 1, 0, 0
175000, 23616, 1, 0, 0
176000, 23197, 1, 0, 0
177000, 23090, 1, 0, 0
178000, 23542, 1, 0, 0
179000, 24334, 1, 0, 0
180000, 24783, 1, 0, 0
181000, 24538, 1, 0, 0
182000, 24363, 1, 0, 0
183000, 24055, 1, 0, 0
184000, 24155, 1, 0, 0
185000, 23941, 1, 0, 0
186000, 24488, 1, 0, 0
187000, 24612, 1, 0, 0
188000, 25159, 1, 0, 0
189000, 24094, 1, 0, 0
190000, 24054, 1, 0, 0
191000, 24471, 1, 0, 0
192000, 24747, 1, 0, 0
193000, 24058, 1, 0, 0
194000, 25311, 1, 0, 0
195000, 24422, 1, 0, 0
196000, 24422, 1, 0, 0
197000, 24250, 1, 0, 0
198000, 24326, 1, 0, 0
199000, 24471, 1, 0, 0
200000, 23869, 1, 0, 0
201000, 25144, 1, 0, 0
202000, 27378, 1, 0, 0
203000, 27793, 1, 0, 0
204000, 27641, 1, 0, 0
205000, 26711, 1, 0, 0
206000, 24757, 1, 0, 0
207000, 24087, 1, 0, 0
208000, 23959, 1, 0, 0
209000, 23966, 1, 0, 0
210000, 23921, 1, 0, 0
211000, 23951, 1, 0, 0
212000, 24331, 1, 0, 0
213000, 23917, 1, 0, 0
214000, 23747, 1, 0, 0
215000, 24322, 1, 0, 0
216000, 24064, 1, 0, 0
217000, 24365, 1, 0, 0
218000, 24113, 1, 0, 0
219000, 23751, 1, 0, 0
220000, 24126, 1, 0, 0
221000, 24166, 1, 0, 0
222000, 23597, 1, 0, 0
223000, 23891, 1, 0, 0
224000, 24051, 1, 0, 0
225000, 23892, 1, 0, 0
226000, 24037, 1, 0, 0
227000, 24118, 1, 0, 0
228000, 24273, 1, 0, 0
229000, 23754, 1, 0, 0
230000, 23781, 1, 0, 0
231000, 24589, 1, 0, 0
232000, 25050, 1, 0, 0
233000, 24378, 1, 0, 0
234000, 23741, 1, 0, 0
235000, 23926, 1, 0, 0
236000, 24166, 1, 0, 0
237000, 24158, 1, 0, 0
238000, 24127, 1, 0, 0
239000, 23879, 1, 0, 0
240000, 24054, 1, 0, 0
241000, 24336, 1, 0, 0
242000, 24473, 1, 0, 0
243000, 24148, 1, 0, 0
244000, 23770, 1, 0, 0
245000, 24136, 1, 0, 0
246000, 24722, 1, 0, 0
247000, 24416, 1, 0, 0
248000, 24771, 1, 0, 0
249000, 24337, 1, 0, 0
250000, 24820, 1, 0, 0
251000, 24129, 1, 0, 0
252000, 24076, 1, 0, 0
253000, 24178, 1, 0, 0
254000, 25164, 1, 0, 0
255000, 24541, 1, 0, 0
256000, 24257, 1, 0, 0
257000, 24329, 1, 0, 0
258000, 24211, 1, 0, 0
259000, 23888, 1, 0, 0
260000, 23820, 1, 0, 0
261000, 24839, 1, 0, 0
262000, 26736, 1, 0, 0
263000, 26890, 1, 0, 0
264000, 26741, 1, 0, 0
265000, 26554, 1, 0, 0
266000, 24735, 1, 0, 0
267000, 23626, 1, 0, 0
268000, 24233, 1, 0, 0
269000, 23852, 1, 0, 0
270000, 23879, 1, 0, 0
271000, 23869, 1, 0, 0
272000, 24195, 1, 0, 0
273000, 24679, 1, 0, 0
274000, 24102, 1, 0, 0
275000, 24212, 1, 0, 0
276000, 24446, 1, 0, 0
277000, 23897, 1, 0, 0
278000, 24301, 1, 0, 0
279000, 25019, 1, 0, 0
280000, 24252, 1, 0, 0
281000, 24033, 1, 0, 0
282000, 23924, 1, 0, 0
283000, 23952, 1, 0, 0
284000, 23967, 1, 0, 0
285000, 24320, 1, 0, 0
286000, 23818, 1, 0, 0
287000, 24034, 1, 0, 0
288000, 24294, 1, 0, 0
289000, 24221, 1, 0, 0
290000, 24116, 1, 0, 0
291000, 25057, 1, 0, 0
292000, 24921, 1, 0, 0
293000, 24144, 1, 0, 0
294000, 24246, 1, 0, 0
295000, 23929, 1, 0, 0
296000, 24235, 1, 0, 0
297000, 23967, 1, 0, 0
298000, 24065, 1, 0, 0
299000, 23790, 1, 0, 0
300000, 24166, 1, 0, 0
