1001, 31046, 0, 0, 0
1001, 13248, 1, 0, 0
2001, 33368, 0, 0, 0
2001, 14167, 1, 0, 0
3007, 29224, 0, 0, 0
3007, 12621, 1, 0, 0
4008, 33682, 0, 0, 0
4008, 14419, 1, 0, 0
5007, 32218, 0, 0, 0
5007, 13844, 1, 0, 0
6009, 19998, 0, 0, 0
6009, 8759, 1, 0, 0
7017, 14447, 0, 0, 0
7017, 6217, 1, 0, 0
8024, 15847, 0, 0, 0
8024, 6972, 1, 0, 0
9025, 15384, 0, 0, 0
9025, 6532, 1, 0, 0
10026, 18015, 0, 0, 0
10026, 7587, 1, 0, 0
11027, 18097, 0, 0, 0
11027, 7840, 1, 0, 0
12027, 24421, 0, 0, 0
12027, 10627, 1, 0, 0
13027, 28908, 0, 0, 0
13027, 12294, 1, 0, 0
14028, 19219, 0, 0, 0
14028, 8282, 1, 0, 0
15029, 22349, 0, 0, 0
15029, 9721, 1, 0, 0
16030, 20092, 0, 0, 0
16030, 8698, 1, 0, 0
17031, 23863, 0, 0, 0
17031, 10136, 1, 0, 0
18032, 25356, 0, 0, 0
18032, 10764, 1, 0, 0
19032, 24028, 0, 0, 0
19032, 10223, 1, 0, 0
20033, 23826, 0, 0, 0
20033, 10166, 1, 0, 0
21034, 24881, 0, 0, 0
21034, 10610, 1, 0, 0
22034, 27743, 0, 0, 0
22034, 12010, 1, 0, 0
23035, 31304, 0, 0, 0
23035, 13672, 1, 0, 0
24036, 29255, 0, 0, 0
24036, 12645, 1, 0, 0
25037, 26006, 0, 0, 0
25037, 11065, 1, 0, 0
26037, 27407, 0, 0, 0
26037, 11461, 1, 0, 0
27038, 26989, 0, 0, 0
27038, 11514, 1, 0, 0
28038, 26728, 0, 0, 0
28038, 11429, 1, 0, 0
29038, 29970, 0, 0, 0
29038, 12708, 1, 0, 0
30039, 30514, 0, 0, 0
30039, 13105, 1, 0, 0
31040, 31523, 0, 0, 0
31040, 13495, 1, 0, 0
32041, 28959, 0, 0, 0
32041, 12488, 1, 0, 0
33041, 19244, 0, 0, 0
33041, 8155, 1, 0, 0
34041, 15487, 0, 0, 0
34041, 6600, 1, 0, 0
35047, 17090, 0, 0, 0
35047, 7274, 1, 0, 0
36048, 19680, 0, 0, 0
36048, 8716, 1, 0, 0
37049, 19384, 0, 0, 0
37049, 8306, 1, 0, 0
38049, 14439, 0, 0, 0
38049, 6259, 1, 0, 0
39049, 20219, 0, 0, 0
39049, 8563, 1, 0, 0
40049, 24595, 0, 0, 0
40049, 10606, 1, 0, 0
41050, 28025, 0, 0, 0
41050, 11861, 1, 0, 0
42050, 25886, 0, 0, 0
42050, 11006, 1, 0, 0
43051, 29724, 0, 0, 0
43051, 12599, 1, 0, 0
44052, 30577, 0, 0, 0
44052, 13230, 1, 0, 0
45052, 26994, 0, 0, 0
45052, 11684, 1, 0, 0
46053, 24202, 0, 0, 0
46053, 10330, 1, 0, 0
47053, 24028, 0, 0, 0
47053, 10315, 1, 0, 0
49132, 12185, 0, 0, 0
49132, 5252, 1, 0, 0
50136, 14410, 0, 0, 0
50136, 6146, 1, 0, 0
51137, 9393, 0, 0, 0
51137, 3980, 1, 0, 0
52209, 12426, 0, 0, 0
52209, 5397, 1, 0, 0
53220, 15183, 0, 0, 0
53220, 6392, 1, 0, 0
54229, 10373, 0, 0, 0
54229, 4437, 1, 0, 0
55236, 14593, 0, 0, 0
55236, 6254, 1, 0, 0
56242, 20674, 0, 0, 0
56242, 8849, 1, 0, 0
57251, 23804, 0, 0, 0
57251, 10381, 1, 0, 0
58280, 19489, 0, 0, 0
58280, 8527, 1, 0, 0
59287, 18193, 0, 0, 0
59287, 7863, 1, 0, 0
60295, 21049, 0, 0, 0
60295, 9060, 1, 0, 0
61304, 31023, 0, 0, 0
61304, 13333, 1, 0, 0
62312, 28610, 0, 0, 0
62312, 11944, 1, 0, 0
63319, 29772, 0, 0, 0
63319, 12780, 1, 0, 0
64327, 27697, 0, 0, 0
64327, 12053, 1, 0, 0
65337, 28029, 0, 0, 0
65337, 12122, 1, 0, 0
66346, 27890, 0, 0, 0
66346, 12065, 1, 0, 0
67354, 24684, 0, 0, 0
67354, 10439, 1, 0, 0
68366, 21937, 0, 0, 0
68366, 9521, 1, 0, 0
69373, 25748, 0, 0, 0
69373, 11025, 1, 0, 0
70379, 25967, 0, 0, 0
70379, 10942, 1, 0, 0
71385, 27829, 0, 0, 0
71385, 11937, 1, 0, 0
72391, 28880, 0, 0, 0
72391, 12365, 1, 0, 0
73399, 27942, 0, 0, 0
73399, 11695, 1, 0, 0
74405, 23172, 0, 0, 0
74405, 10064, 1, 0, 0
75413, 23696, 0, 0, 0
75413, 10199, 1, 0, 0
76420, 26290, 0, 0, 0
76420, 11347, 1, 0, 0
77427, 29822, 0, 0, 0
77427, 12628, 1, 0, 0
78434, 31445, 0, 0, 0
78434, 13490, 1, 0, 0
79441, 24905, 0, 0, 0
79441, 10515, 1, 0, 0
80448, 28995, 0, 0, 0
80448, 12458, 1, 0, 0
81491, 15704, 0, 0, 0
81491, 6738, 1, 0, 0
82505, 15751, 0, 0, 0
82505, 6501, 1, 0, 0
83554, 11506, 0, 0, 0
83554, 5159, 1, 0, 0
84560, 18044, 0, 0, 0
84560, 7680, 1, 0, 0
85570, 21736, 0, 0, 0
85570, 9357, 1, 0, 0
86576, 18134, 0, 0, 0
86576, 7988, 1, 0, 0
87587, 14162, 0, 0, 0
87587, 6031, 1, 0, 0
88596, 22466, 0, 0, 0
88596, 9617, 1, 0, 0
89604, 23804, 0, 0, 0
89604, 10114, 1, 0, 0
90610, 22130, 0, 0, 0
90610, 9511, 1, 0, 0
91617, 21518, 0, 0, 0
91617, 9309, 1, 0, 0
92624, 23246, 0, 0, 0
92624, 10036, 1, 0, 0
93632, 22088, 0, 0, 0
93632, 9576, 1, 0, 0
94639, 22854, 0, 0, 0
94639, 9652, 1, 0, 0
95646, 21475, 0, 0, 0
95646, 9367, 1, 0, 0
96654, 22264, 0, 0, 0
96654, 9561, 1, 0, 0
97661, 22679, 0, 0, 0
97661, 9838, 1, 0, 0
98668, 19753, 0, 0, 0
98668, 8359, 1, 0, 0
99676, 19290, 0, 0, 0
99676, 8193, 1, 0, 0
100682, 21062, 0, 0, 0
100682, 8955, 1, 0, 0
101689, 22030, 0, 0, 0
101689, 9445, 1, 0, 0
102695, 22507, 0, 0, 0
102695, 9729, 1, 0, 0
103702, 23253, 0, 0, 0
103702, 9990, 1, 0, 0
104711, 24665, 0, 0, 0
104711, 10365, 1, 0, 0
105717, 21899, 0, 0, 0
105717, 9406, 1, 0, 0
106720, 21639, 0, 0, 0
106720, 9376, 1, 0, 0
107727, 23439, 0, 0, 0
107727, 10102, 1, 0, 0
108732, 21080, 0, 0, 0
108732, 8900, 1, 0, 0
109740, 22545, 0, 0, 0
109740, 9678, 1, 0, 0
110746, 21387, 0, 0, 0
110746, 9273, 1, 0, 0
111751, 21946, 0, 0, 0
111751, 9280, 1, 0, 0
112758, 24001, 0, 0, 0
112758, 10311, 1, 0, 0
113766, 22269, 0, 0, 0
113766, 9308, 1, 0, 0
114771, 22500, 0, 0, 0
114771, 9750, 1, 0, 0
115779, 24522, 0, 0, 0
115779, 10474, 1, 0, 0
116785, 23184, 0, 0, 0
116785, 9657, 1, 0, 0
117789, 22191, 0, 0, 0
117789, 9455, 1, 0, 0
118796, 23017, 0, 0, 0
118796, 10010, 1, 0, 0
119804, 23267, 0, 0, 0
119804, 10070, 1, 0, 0
120812, 22845, 0, 0, 0
120812, 9725, 1, 0, 0
121819, 23045, 0, 0, 0
121819, 9888, 1, 0, 0
122824, 22606, 0, 0, 0
122824, 9380, 1, 0, 0
123832, 24327, 0, 0, 0
123832, 10250, 1, 0, 0
124840, 22051, 0, 0, 0
124840, 9458, 1, 0, 0
125851, 22040, 0, 0, 0
125851, 9647, 1, 0, 0
126855, 23169, 0, 0, 0
126855, 9913, 1, 0, 0
127892, 21152, 0, 0, 0
127892, 9214, 1, 0, 0
128895, 20198, 0, 0, 0
128895, 8543, 1, 0, 0
129900, 19985, 0, 0, 0
129900, 8528, 1, 0, 0
130906, 22250, 0, 0, 0
130906, 9731, 1, 0, 0
131912, 22260, 0, 0, 0
131912, 9607, 1, 0, 0
132917, 22043, 0, 0, 0
132917, 9615, 1, 0, 0
133925, 24461, 0, 0, 0
133925, 10525, 1, 0, 0
134931, 22378, 0, 0, 0
134931, 9509, 1, 0, 0
135971, 21814, 0, 0, 0
135971, 9304, 1, 0, 0
136980, 23737, 0, 0, 0
136980, 10175, 1, 0, 0
137985, 22459, 0, 0, 0
137985, 9819, 1, 0, 0
138993, 22693, 0, 0, 0
138993, 9766, 1, 0, 0
139998, 22340, 0, 0, 0
139998, 9530, 1, 0, 0
141005, 20383, 0, 0, 0
141005, 8714, 1, 0, 0
142008, 21718, 0, 0, 0
142008, 9267, 1, 0, 0
143007, 22551, 0, 0, 0
143007, 9724, 1, 0, 0
144022, 21689, 0, 0, 0
144022, 9489, 1, 0, 0
145023, 22806, 0, 0, 0
145023, 9780, 1, 0, 0
146022, 19548, 0, 0, 0
146022, 8343, 1, 0, 0
147022, 16572, 0, 0, 0
147022, 7005, 1, 0, 0
148022, 21116, 0, 0, 0
148022, 8859, 1, 0, 0
149023, 21554, 0, 0, 0
149023, 9279, 1, 0, 0
150023, 23606, 0, 0, 0
150023, 10246, 1, 0, 0
151023, 21576, 0, 0, 0
151023, 9316, 1, 0, 0
152023, 21290, 0, 0, 0
152023, 9188, 1, 0, 0
153023, 22143, 0, 0, 0
153023, 9387, 1, 0, 0
154022, 22530, 0, 0, 0
154022, 9694, 1, 0, 0
155022, 22428, 0, 0, 0
155022, 9686, 1, 0, 0
156023, 22098, 0, 0, 0
156023, 9278, 1, 0, 0
157023, 22452, 0, 0, 0
157023, 9578, 1, 0, 0
158023, 21076, 0, 0, 0
158023, 9007, 1, 0, 0
159023, 19711, 0, 0, 0
159023, 8477, 1, 0, 0
160023, 18737, 0, 0, 0
160023, 8307, 1, 0, 0
161098, 18211, 0, 0, 0
161098, 7702, 1, 0, 0
162098, 18461, 0, 0, 0
162098, 7975, 1, 0, 0
163098, 21852, 0, 0, 0
163098, 9478, 1, 0, 0
164098, 23514, 0, 0, 0
164098, 9925, 1, 0, 0
165098, 24017, 0, 0, 0
165098, 10290, 1, 0, 0
166098, 21820, 0, 0, 0
166098, 9192, 1, 0, 0
167098, 21968, 0, 0, 0
167098, 9500, 1, 0, 0
168098, 23062, 0, 0, 0
168098, 9928, 1, 0, 0
169099, 22335, 0, 0, 0
169099, 9486, 1, 0, 0
170099, 22230, 0, 0, 0
170099, 9378, 1, 0, 0
171098, 22226, 0, 0, 0
171098, 9719, 1, 0, 0
172099, 22075, 0, 0, 0
172099, 9466, 1, 0, 0
173099, 23269, 0, 0, 0
173099, 10057, 1, 0, 0
174099, 22239, 0, 0, 0
174099, 9765, 1, 0, 0
175099, 22626, 0, 0, 0
175099, 9799, 1, 0, 0
176098, 23754, 0, 0, 0
176098, 10250, 1, 0, 0
177098, 22579, 0, 0, 0
177098, 9650, 1, 0, 0
178099, 21706, 0, 0, 0
178099, 9341, 1, 0, 0
179099, 23479, 0, 0, 0
179099, 10129, 1, 0, 0
180098, 21167, 0, 0, 0
180098, 9104, 1, 0, 0
