1001, 176011, 0, 0, 0
2001, 187375, 0, 0, 0
3005, 188123, 0, 0, 0
4005, 198656, 0, 0, 0
5005, 194758, 0, 0, 0
6006, 164303, 0, 0, 0
7007, 170801, 0, 0, 0
8008, 168023, 0, 0, 0
9009, 160128, 0, 0, 0
10009, 175124, 0, 0, 0
11010, 181100, 0, 0, 0
12010, 190408, 0, 0, 0
13011, 184571, 0, 0, 0
14011, 181120, 0, 0, 0
15012, 160255, 0, 0, 0
16013, 162440, 0, 0, 0
17013, 161932, 0, 0, 0
18013, 154992, 0, 0, 0
19014, 189964, 0, 0, 0
20014, 170788, 0, 0, 0
21018, 151282, 0, 0, 0
22019, 114165, 0, 0, 0
23019, 105204, 0, 0, 0
24020, 101646, 0, 0, 0
25021, 105048, 0, 0, 0
26022, 93008, 0, 0, 0
27026, 101856, 0, 0, 0
28027, 147680, 0, 0, 0
29027, 165336, 0, 0, 0
30028, 177776, 0, 0, 0
31028, 190412, 0, 0, 0
32028, 197916, 0, 0, 0
33029, 130400, 0, 0, 0
34142, 56176, 0, 0, 0
35143, 62464, 0, 0, 0
36143, 80032, 0, 0, 0
37144, 116475, 0, 0, 0
38145, 104955, 0, 0, 0
39146, 144536, 0, 0, 0
40146, 139052, 0, 0, 0
41146, 127404, 0, 0, 0
42146, 139008, 0, 0, 0
43147, 138336, 0, 0, 0
44147, 123348, 0, 0, 0
45148, 156059, 0, 0, 0
46149, 154272, 0, 0, 0
47148, 147703, 0, 0, 0
48149, 162440, 0, 0, 0
49147, 152873, 0, 0, 0
50148, 177038, 0, 0, 0
51148, 187572, 0, 0, 0
52148, 179300, 0, 0, 0
53149, 178752, 0, 0, 0
54148, 162182, 0, 0, 0
55148, 146808, 0, 0, 0
56148, 154122, 0, 0, 0
57148, 150096, 0, 0, 0
58148, 193760, 0, 0, 0
59148, 176160, 0, 0, 0
60149, 192748, 0, 0, 0
61149, 198130, 0, 0, 0
62149, 176316, 0, 0, 0
63148, 164604, 0, 0, 0
64148, 153848, 0, 0, 0
65148, 153732, 0, 0, 0
66149, 170692, 0, 0, 0
67148, 205749, 0, 0, 0
68149, 188248, 0, 0, 0
69148, 179711, 0, 0, 0
70149, 143300, 0, 0, 0
71149, 117856, 0, 0, 0
72150, 125498, 0, 0, 0
73151, 155196, 0, 0, 0
74152, 189930, 0, 0, 0
75152, 193176, 0, 0, 0
76153, 196476, 0, 0, 0
77153, 203964, 0, 0, 0
78154, 171932, 0, 0, 0
79155, 164144, 0, 0, 0
80155, 178516, 0, 0, 0
81156, 140860, 0, 0, 0
82156, 177412, 0, 0, 0
83157, 165712, 0, 0, 0
84157, 185884, 0, 0, 0
85158, 191896, 0, 0, 0
86158, 175300, 0, 0, 0
87159, 169108, 0, 0, 0
88159, 166184, 0, 0, 0
89160, 165046, 0, 0, 0
90162, 176083, 0, 0, 0
91162, 184864, 0, 0, 0
92163, 197900, 0, 0, 0
93164, 198116, 0, 0, 0
94164, 171064, 0, 0, 0
95164, 179856, 0, 0, 0
96164, 166896, 0, 0, 0
97164, 171148, 0, 0, 0
98165, 185430, 0, 0, 0
99166, 178937, 0, 0, 0
100167, 161328, 0, 0, 0
101168, 171176, 0, 0, 0
102168, 163716, 0, 0, 0
103169, 150073, 0, 0, 0
104170, 147240, 0, 0, 0
105170, 179040, 0, 0, 0
106170, 189268, 0, 0, 0
107171, 192687, 0, 0, 0
108171, 196136, 0, 0, 0
109172, 202328, 0, 0, 0
110172, 176352, 0, 0, 0
111173, 167532, 0, 0, 0
112173, 178084, 0, 0, 0
113175, 169730, 0, 0, 0
114175, 186228, 0, 0, 0
115176, 202440, 0, 0, 0
116177, 191744, 0, 0, 0
117178, 204708, 0, 0, 0
118178, 184764, 0, 0, 0
119178, 169336, 0, 0, 0
120179, 165844, 0, 0, 0
121179, 134340, 0, 0, 0
122179, 129288, 0, 0, 0
123179, 145348, 0, 0, 0
124180, 168928, 0, 0, 0
125180, 174680, 0, 0, 0
126181, 185260, 0, 0, 0
127182, 199772, 0, 0, 0
128182, 192724, 0, 0, 0
129183, 170756, 0, 0, 0
130183, 147044, 0, 0, 0
131183, 138748, 0, 0, 0
132184, 128827, 0, 0, 0
133185, 160220, 0, 0, 0
134185, 179040, 0, 0, 0
135185, 185476, 0, 0, 0
136186, 175856, 0, 0, 0
137187, 168256, 0, 0, 0
138187, 150392, 0, 0, 0
139188, 156776, 0, 0, 0
140187, 150290, 0, 0, 0
141188, 169970, 0, 0, 0
142188, 176128, 0, 0, 0
143188, 169716, 0, 0, 0
144188, 193668, 0, 0, 0
145187, 159691, 0, 0, 0
146187, 117108, 0, 0, 0
147187, 128024, 0, 0, 0
148187, 144264, 0, 0, 0
149187, 151660, 0, 0, 0
150187, 154470, 0, 0, 0
151188, 169432, 0, 0, 0
152188, 177912, 0, 0, 0
153187, 169673, 0, 0, 0
154187, 166182, 0, 0, 0
155188, 142332, 0, 0, 0
156188, 151932, 0, 0, 0
157187, 124140, 0, 0, 0
158187, 142670, 0, 0, 0
159188, 119004, 0, 0, 0
160187, 103819, 0, 0, 0
161187, 105845, 0, 0, 0
162188, 133660, 0, 0, 0
163187, 120500, 0, 0, 0
164187, 133320, 0, 0, 0
165187, 159572, 0, 0, 0
166187, 174272, 0, 0, 0
167187, 172652, 0, 0, 0
168187, 181420, 0, 0, 0
169187, 169277, 0, 0, 0
170187, 159200, 0, 0, 0
171187, 173376, 0, 0, 0
172188, 173712, 0, 0, 0
173187, 172408, 0, 0, 0
174187, 131523, 0, 0, 0
175187, 126056, 0, 0, 0
176187, 143508, 0, 0, 0
177187, 147431, 0, 0, 0
178187, 170228, 0, 0, 0
179188, 171148, 0, 0, 0
180188, 121789, 0, 0, 0
