1000, 147361, 1, 0, 0
1000, 251363, 0, 0, 0
2000, 249575, 0, 0, 0
2000, 153557, 1, 0, 0
3000, 160727, 1, 0, 0
3000, 265299, 0, 0, 0
4000, 249224, 0, 0, 0
4000, 136196, 1, 0, 0
5000, 143295, 1, 0, 0
5000, 250012, 0, 0, 0
6000, 241522, 0, 0, 0
6000, 134340, 1, 0, 0
7000, 251508, 0, 0, 0
7000, 139915, 1, 0, 0
8000, 257437, 0, 0, 0
8000, 151279, 1, 0, 0
9000, 264892, 0, 0, 0
9000, 160390, 1, 0, 0
10000, 311614, 0, 0, 0
10000, 212644, 1, 0, 0
11000, 188765, 1, 0, 0
11000, 296980, 0, 0, 0
12000, 276910, 0, 0, 0
12000, 172860, 1, 0, 0
13000, 259679, 0, 0, 0
13000, 154732, 1, 0, 0
14000, 154517, 1, 0, 0
14000, 258903, 0, 0, 0
15000, 142312, 1, 0, 0
15000, 250089, 0, 0, 0
16000, 255730, 0, 0, 0
16000, 147933, 1, 0, 0
17000, 151467, 1, 0, 0
17000, 256794, 0, 0, 0
18000, 269641, 0, 0, 0
18000, 167589, 1, 0, 0
19000, 282877, 0, 0, 0
19000, 179222, 1, 0, 0
20000, 165922, 1, 0, 0
20000, 270777, 0, 0, 0
21000, 154188, 1, 0, 0
21000, 259811, 0, 0, 0
22000, 271881, 0, 0, 0
22000, 160262, 1, 0, 0
23000, 248230, 0, 0, 0
23000, 142107, 1, 0, 0
24000, 134828, 1, 0, 0
24000, 246847, 0, 0, 0
25000, 142712, 1, 0, 0
25000, 254192, 0, 0, 0
26000, 249320, 0, 0, 0
26000, 135018, 1, 0, 0
27000, 251919, 0, 0, 0
27000, 144983, 1, 0, 0
28000, 256290, 0, 0, 0
28000, 142829, 1, 0, 0
29000, 245121, 0, 0, 0
29000, 134251, 1, 0, 0
30000, 252809, 0, 0, 0
30000, 140868, 1, 0, 0
31000, 245364, 0, 0, 0
31000, 135813, 1, 0, 0
32000, 242558, 0, 0, 0
32000, 135346, 1, 0, 0
33000, 254976, 0, 0, 0
33000, 151232, 1, 0, 0
34000, 275306, 0, 0, 0
34000, 173233, 1, 0, 0
35000, 278395, 0, 0, 0
35000, 171313, 1, 0, 0
36000, 274890, 0, 0, 0
36000, 172343, 1, 0, 0
37000, 163832, 1, 0, 0
37000, 265465, 0, 0, 0
38000, 135819, 1, 0, 0
38000, 245303, 0, 0, 0
39000, 186982, 1, 0, 0
39000, 289966, 0, 0, 0
40000, 259389, 0, 0, 0
40000, 154039, 1, 0, 0
41000, 259440, 0, 0, 0
41000, 157685, 1, 0, 0
42000, 287814, 0, 0, 0
42000, 182634, 1, 0, 0
43000, 163516, 1, 0, 0
43000, 268003, 0, 0, 0
44000, 279763, 0, 0, 0
44000, 178938, 1, 0, 0
45000, 168696, 1, 0, 0
45000, 271123, 0, 0, 0
46000, 258302, 0, 0, 0
46000, 157960, 1, 0, 0
47000, 246260, 0, 0, 0
47000, 134608, 1, 0, 0
48000, 254263, 0, 0, 0
48000, 143741, 1, 0, 0
49000, 246941, 0, 0, 0
49000, 132447, 1, 0, 0
50000, 246063, 0, 0, 0
50000, 139420, 1, 0, 0
51000, 250786, 0, 0, 0
51000, 139394, 1, 0, 0
52000, 246497, 0, 0, 0
52000, 134181, 1, 0, 0
53000, 260839, 0, 0, 0
53000, 150390, 1, 0, 0
54000, 270272, 0, 0, 0
54000, 169785, 1, 0, 0
55000, 279309, 0, 0, 0
55000, 174849, 1, 0, 0
56000, 178188, 1, 0, 0
56000, 284245, 0, 0, 0
57000, 160468, 1, 0, 0
57000, 266572, 0, 0, 0
58000, 133692, 1, 0, 0
58000, 239457, 0, 0, 0
59000, 142891, 1, 0, 0
59000, 252317, 0, 0, 0
60000, 249865, 0, 0, 0
60000, 137388, 1, 0, 0
61000, 138780, 1, 0, 0
61000, 249723, 0, 0, 0
62000, 140926, 1, 0, 0
62000, 249362, 0, 0, 0
63000, 140824, 1, 0, 0
63000, 254384, 0, 0, 0
64000, 259385, 0, 0, 0
64000, 148070, 1, 0, 0
65000, 243001, 0, 0, 0
65000, 130976, 1, 0, 0
66000, 142987, 1, 0, 0
66000, 253120, 0, 0, 0
67000, 249440, 0, 0, 0
67000, 135317, 1, 0, 0
68000, 142338, 1, 0, 0
68000, 253614, 0, 0, 0
69000, 277573, 0, 0, 0
69000, 169402, 1, 0, 0
70000, 209886, 1, 0, 0
70000, 315093, 0, 0, 0
71000, 184274, 1, 0, 0
71000, 291487, 0, 0, 0
72000, 278899, 0, 0, 0
72000, 173114, 1, 0, 0
73000, 273348, 0, 0, 0
73000, 166841, 1, 0, 0
74000, 242369, 0, 0, 0
74000, 128024, 1, 0, 0
75000, 141012, 1, 0, 0
75000, 248153, 0, 0, 0
76000, 142037, 1, 0, 0
76000, 251785, 0, 0, 0
77000, 132302, 1, 0, 0
77000, 245928, 0, 0, 0
78000, 254387, 0, 0, 0
78000, 144390, 1, 0, 0
79000, 240188, 0, 0, 0
79000, 131505, 1, 0, 0
80000, 254116, 0, 0, 0
80000, 140527, 1, 0, 0
81000, 258995, 0, 0, 0
81000, 150135, 1, 0, 0
82000, 191364, 1, 0, 0
82000, 296644, 0, 0, 0
83000, 298527, 0, 0, 0
83000, 199266, 1, 0, 0
84000, 297838, 0, 0, 0
84000, 189863, 1, 0, 0
85000, 266027, 0, 0, 0
85000, 160835, 1, 0, 0
86000, 249434, 0, 0, 0
86000, 137535, 1, 0, 0
87000, 250660, 0, 0, 0
87000, 139829, 1, 0, 0
88000, 242571, 0, 0, 0
88000, 128856, 1, 0, 0
89000, 138286, 1, 0, 0
89000, 249588, 0, 0, 0
90000, 246194, 0, 0, 0
90000, 133354, 1, 0, 0
91000, 135977, 1, 0, 0
91000, 245775, 0, 0, 0
92000, 250325, 0, 0, 0
92000, 139967, 1, 0, 0
93000, 261190, 0, 0, 0
93000, 149858, 1, 0, 0
94000, 170379, 1, 0, 0
94000, 279738, 0, 0, 0
95000, 278457, 0, 0, 0
95000, 176764, 1, 0, 0
96000, 277599, 0, 0, 0
96000, 171479, 1, 0, 0
97000, 268806, 0, 0, 0
97000, 160753, 1, 0, 0
98000, 257306, 0, 0, 0
98000, 142704, 1, 0, 0
99000, 253280, 0, 0, 0
99000, 146523, 1, 0, 0
100000, 261937, 0, 0, 0
100000, 152627, 1, 0, 0
101000, 269084, 0, 0, 0
101000, 157945, 1, 0, 0
102000, 171338, 1, 0, 0
102000, 277078, 0, 0, 0
103000, 279398, 0, 0, 0
103000, 171368, 1, 0, 0
104000, 281886, 0, 0, 0
104000, 181796, 1, 0, 0
105000, 162912, 1, 0, 0
105000, 273362, 0, 0, 0
106000, 139329, 1, 0, 0
106000, 249299, 0, 0, 0
107000, 141534, 1, 0, 0
107000, 250742, 0, 0, 0
108000, 131716, 1, 0, 0
108000, 244217, 0, 0, 0
109000, 146094, 1, 0, 0
109000, 255244, 0, 0, 0
110000, 246430, 0, 0, 0
110000, 134896, 1, 0, 0
111000, 244519, 0, 0, 0
111000, 134391, 1, 0, 0
112000, 252309, 0, 0, 0
112000, 141740, 1, 0, 0
113000, 249478, 0, 0, 0
113000, 138178, 1, 0, 0
114000, 247324, 0, 0, 0
114000, 134471, 1, 0, 0
115000, 252998, 0, 0, 0
115000, 144635, 1, 0, 0
116000, 246055, 0, 0, 0
116000, 133574, 1, 0, 0
117000, 135729, 1, 0, 0
117000, 249324, 0, 0, 0
118000, 253808, 0, 0, 0
118000, 139810, 1, 0, 0
119000, 248618, 0, 0, 0
119000, 140142, 1, 0, 0
120000, 139199, 1, 0, 0
120000, 250025, 0, 0, 0
121000, 129513, 1, 0, 0
121000, 244294, 0, 0, 0
122000, 245983, 0, 0, 0
122000, 143326, 1, 0, 0
123000, 141531, 1, 0, 0
123000, 253207, 0, 0, 0
124000, 149568, 1, 0, 0
124000, 260343, 0, 0, 0
125000, 139928, 1, 0, 0
125000, 246717, 0, 0, 0
126000, 254305, 0, 0, 0
126000, 145442, 1, 0, 0
127000, 133796, 1, 0, 0
127000, 245803, 0, 0, 0
128000, 254118, 0, 0, 0
128000, 141404, 1, 0, 0
129000, 263253, 0, 0, 0
129000, 156836, 1, 0, 0
130000, 295146, 0, 0, 0
130000, 189000, 1, 0, 0
131000, 296760, 0, 0, 0
131000, 186316, 1, 0, 0
132000, 161335, 1, 0, 0
132000, 267705, 0, 0, 0
133000, 269505, 0, 0, 0
133000, 161932, 1, 0, 0
134000, 254620, 0, 0, 0
134000, 145938, 1, 0, 0
135000, 307306, 0, 0, 0
135000, 111756, 1, 0, 0
136000, 324949, 0, 0, 0
136000, 105894, 1, 0, 0
137000, 117906, 1, 0, 0
137000, 332194, 0, 0, 0
138000, 347792, 0, 0, 0
138000, 139173, 1, 0, 0
139000, 143031, 1, 0, 0
139000, 346679, 0, 0, 0
140000, 349089, 0, 0, 0
140000, 145593, 1, 0, 0
141000, 333387, 0, 0, 0
141000, 122413, 1, 0, 0
142000, 332733, 0, 0, 0
142000, 114566, 1, 0, 0
143000, 128367, 1, 0, 0
143000, 340087, 0, 0, 0
144000, 320908, 0, 0, 0
144000, 101075, 1, 0, 0
145000, 331619, 0, 0, 0
145000, 116223, 1, 0, 0
146000, 102676, 1, 0, 0
146000, 326035, 0, 0, 0
147000, 106197, 1, 0, 0
147000, 324884, 0, 0, 0
148000, 328907, 0, 0, 0
148000, 110927, 1, 0, 0
149000, 113458, 1, 0, 0
149000, 330648, 0, 0, 0
150000, 136614, 1, 0, 0
150000, 339445, 0, 0, 0
151000, 142079, 1, 0, 0
151000, 343548, 0, 0, 0
152000, 340743, 0, 0, 0
152000, 134532, 1, 0, 0
153000, 336937, 0, 0, 0
153000, 127455, 1, 0, 0
154000, 106704, 1, 0, 0
154000, 323606, 0, 0, 0
155000, 95242, 1, 0, 0
155000, 317132, 0, 0, 0
156000, 323578, 0, 0, 0
156000, 105979, 1, 0, 0
157000, 104313, 1, 0, 0
157000, 322034, 0, 0, 0
158000, 103141, 1, 0, 0
158000, 322765, 0, 0, 0
159000, 119511, 1, 0, 0
159000, 335039, 0, 0, 0
160000, 336477, 0, 0, 0
160000, 124262, 1, 0, 0
161000, 326897, 0, 0, 0
161000, 107953, 1, 0, 0
162000, 324678, 0, 0, 0
162000, 106204, 1, 0, 0
163000, 108655, 1, 0, 0
163000, 329505, 0, 0, 0
164000, 108043, 1, 0, 0
164000, 326939, 0, 0, 0
165000, 331919, 0, 0, 0
165000, 117353, 1, 0, 0
166000, 337566, 0, 0, 0
166000, 128389, 1, 0, 0
167000, 340385, 0, 0, 0
167000, 133388, 1, 0, 0
168000, 348579, 0, 0, 0
168000, 141913, 1, 0, 0
169000, 130679, 1, 0, 0
169000, 336335, 0, 0, 0
170000, 321962, 0, 0, 0
170000, 99100, 1, 0, 0
171000, 325932, 0, 0, 0
171000, 107047, 1, 0, 0
172000, 323222, 0, 0, 0
172000, 103149, 1, 0, 0
173000, 333146, 0, 0, 0
173000, 113746, 1, 0, 0
174000, 346340, 0, 0, 0
174000, 142521, 1, 0, 0
175000, 128410, 1, 0, 0
175000, 334166, 0, 0, 0
176000, 346848, 0, 0, 0
176000, 141434, 1, 0, 0
177000, 340486, 0, 0, 0
177000, 130992, 1, 0, 0
178000, 322321, 0, 0, 0
178000, 100675, 1, 0, 0
179000, 326376, 0, 0, 0
179000, 108123, 1, 0, 0
180000, 330130, 0, 0, 0
180000, 98515, 1, 0, 0
180000, 771971, 0, 0, 0
180000, 551932, 1, 0, 0
