1024, 77125, 1, 0, 0
2025, 69700, 1, 0, 0
3061, 68803, 1, 0, 0
4062, 63748, 1, 0, 0
5062, 70940, 1, 0, 0
6063, 92936, 1, 0, 0
7064, 92299, 1, 0, 0
8064, 72652, 1, 0, 0
9065, 84688, 1, 0, 0
10142, 66436, 1, 0, 0
11142, 73072, 1, 0, 0
12142, 83651, 1, 0, 0
13142, 82304, 1, 0, 0
14141, 81101, 1, 0, 0
15142, 74632, 1, 0, 0
16142, 81488, 1, 0, 0
17142, 76516, 1, 0, 0
18141, 77337, 1, 0, 0
19142, 76404, 1, 0, 0
20141, 97629, 1, 0, 0
21142, 100616, 1, 0, 0
22142, 81504, 1, 0, 0
23142, 76456, 1, 0, 0
24142, 78336, 1, 0, 0
25142, 74576, 1, 0, 0
26141, 77961, 1, 0, 0
27142, 82152, 1, 0, 0
28141, 82050, 1, 0, 0
29141, 79744, 1, 0, 0
30141, 79568, 1, 0, 0
31142, 75700, 1, 0, 0
32142, 75672, 1, 0, 0
33143, 76692, 1, 0, 0
34142, 72772, 1, 0, 0
35142, 81093, 1, 0, 0
36142, 78212, 1, 0, 0
37142, 113944, 1, 0, 0
38142, 111259, 1, 0, 0
39142, 120128, 1, 0, 0
40142, 145605, 1, 0, 0
41142, 143440, 1, 0, 0
42142, 149132, 1, 0, 0
43142, 139736, 1, 0, 0
44142, 129448, 1, 0, 0
45142, 133257, 1, 0, 0
46142, 133852, 1, 0, 0
47141, 122026, 1, 0, 0
48142, 103396, 1, 0, 0
49142, 69225, 1, 0, 0
50143, 82560, 1, 0, 0
51142, 80956, 1, 0, 0
52142, 79160, 1, 0, 0
53143, 79220, 1, 0, 0
54142, 80120, 1, 0, 0
55143, 78156, 1, 0, 0
56142, 83283, 1, 0, 0
57142, 81457, 1, 0, 0
58143, 84324, 1, 0, 0
59142, 76896, 1, 0, 0
60143, 74613, 1, 0, 0
61151, 66359, 1, 0, 0
62151, 69936, 1, 0, 0
63162, 69831, 1, 0, 0
64162, 84828, 1, 0, 0
65162, 111764, 1, 0, 0
66162, 106514, 1, 0, 0
67163, 111980, 1, 0, 0
68162, 140340, 1, 0, 0
69162, 143860, 1, 0, 0
70162, 135107, 1, 0, 0
71162, 117992, 1, 0, 0
72163, 104163, 1, 0, 0
73163, 88596, 1, 0, 0
74163, 80548, 1, 0, 0
75162, 76608, 1, 0, 0
76162, 83228, 1, 0, 0
77162, 86148, 1, 0, 0
78162, 82604, 1, 0, 0
79162, 67603, 1, 0, 0
80163, 78565, 1, 0, 0
81162, 75583, 1, 0, 0
82162, 71996, 1, 0, 0
83162, 79016, 1, 0, 0
84162, 68724, 1, 0, 0
85162, 75108, 1, 0, 0
86162, 80480, 1, 0, 0
87162, 74356, 1, 0, 0
88162, 85012, 1, 0, 0
89162, 85801, 1, 0, 0
90162, 108332, 1, 0, 0
91163, 85358, 1, 0, 0
92163, 78684, 1, 0, 0
93162, 89033, 1, 0, 0
94162, 115564, 1, 0, 0
95162, 114252, 1, 0, 0
96162, 144184, 1, 0, 0
97162, 137000, 1, 0, 0
98162, 137961, 1, 0, 0
99162, 136600, 1, 0, 0
100162, 123416, 1, 0, 0
101162, 124980, 1, 0, 0
102162, 119784, 1, 0, 0
103162, 123151, 1, 0, 0
104162, 148208, 1, 0, 0
105163, 145264, 1, 0, 0
106163, 144080, 1, 0, 0
107162, 140640, 1, 0, 0
108162, 100384, 1, 0, 0
109163, 117436, 1, 0, 0
110163, 101860, 1, 0, 0
111162, 100572, 1, 0, 0
112163, 89032, 1, 0, 0
113162, 82186, 1, 0, 0
114162, 85421, 1, 0, 0
115162, 74060, 1, 0, 0
116162, 77589, 1, 0, 0
117163, 78209, 1, 0, 0
118163, 83524, 1, 0, 0
119163, 79559, 1, 0, 0
120163, 79192, 1, 0, 0
121163, 80808, 1, 0, 0
122164, 74928, 1, 0, 0
123165, 78773, 1, 0, 0
124165, 74084, 1, 0, 0
125165, 83431, 1, 0, 0
126165, 84836, 1, 0, 0
127165, 93905, 1, 0, 0
128165, 117232, 1, 0, 0
129165, 104884, 1, 0, 0
130164, 113805, 1, 0, 0
131164, 124280, 1, 0, 0
132165, 141864, 1, 0, 0
133165, 147708, 1, 0, 0
134164, 145449, 1, 0, 0
135165, 132912, 1, 0, 0
136165, 126260, 1, 0, 0
137164, 122925, 1, 0, 0
138165, 122808, 1, 0, 0
139164, 130666, 1, 0, 0
140165, 146152, 1, 0, 0
141165, 141080, 1, 0, 0
142165, 134914, 1, 0, 0
143165, 145916, 1, 0, 0
144165, 129880, 1, 0, 0
145164, 116572, 1, 0, 0
146165, 103196, 1, 0, 0
147165, 99204, 1, 0, 0
148165, 76128, 1, 0, 0
149165, 85724, 1, 0, 0
150165, 75611, 1, 0, 0
151165, 78244, 1, 0, 0
152165, 70002, 1, 0, 0
153165, 79239, 1, 0, 0
154164, 81301, 1, 0, 0
155165, 84344, 1, 0, 0
156164, 83127, 1, 0, 0
157165, 78328, 1, 0, 0
158164, 67847, 1, 0, 0
159165, 83656, 1, 0, 0
160165, 81104, 1, 0, 0
161164, 88729, 1, 0, 0
162165, 108804, 1, 0, 0
163165, 120844, 1, 0, 0
164165, 145536, 1, 0, 0
165165, 133920, 1, 0, 0
166166, 145572, 1, 0, 0
167165, 141877, 1, 0, 0
168166, 108975, 1, 0, 0
169165, 119207, 1, 0, 0
170165, 130758, 1, 0, 0
171165, 125144, 1, 0, 0
172165, 145129, 1, 0, 0
173165, 141780, 1, 0, 0
174165, 144212, 1, 0, 0
175165, 140764, 1, 0, 0
176165, 121552, 1, 0, 0
177165, 115823, 1, 0, 0
178166, 111604, 1, 0, 0
179165, 125933, 1, 0, 0
180166, 136412, 1, 0, 0
181165, 129473, 1, 0, 0
182166, 145564, 1, 0, 0
183165, 141401, 1, 0, 0
184165, 115976, 1, 0, 0
185165, 127547, 1, 0, 0
186165, 121664, 1, 0, 0
187165, 122738, 1, 0, 0
188165, 145765, 1, 0, 0
189166, 148931, 1, 0, 0
190165, 141577, 1, 0, 0
191165, 139284, 1, 0, 0
192165, 108804, 1, 0, 0
193165, 121244, 1, 0, 0
194166, 108260, 1, 0, 0
195166, 104868, 1, 0, 0
196165, 88376, 1, 0, 0
197166, 71268, 1, 0, 0
198165, 89505, 1, 0, 0
199165, 96352, 1, 0, 0
200165, 78328, 1, 0, 0
201165, 82382, 1, 0, 0
202165, 82192, 1, 0, 0
203165, 77921, 1, 0, 0
204165, 79556, 1, 0, 0
205165, 79324, 1, 0, 0
206165, 79408, 1, 0, 0
207165, 79287, 1, 0, 0
208165, 78062, 1, 0, 0
209166, 79436, 1, 0, 0
210166, 82524, 1, 0, 0
211165, 79259, 1, 0, 0
212165, 79832, 1, 0, 0
213165, 77841, 1, 0, 0
214166, 103228, 1, 0, 0
215166, 112576, 1, 0, 0
216165, 139374, 1, 0, 0
217165, 134732, 1, 0, 0
218166, 127604, 1, 0, 0
219166, 135783, 1, 0, 0
220166, 105609, 1, 0, 0
221166, 96468, 1, 0, 0
222165, 110178, 1, 0, 0
223166, 111496, 1, 0, 0
224166, 117356, 1, 0, 0
225166, 113456, 1, 0, 0
226165, 118450, 1, 0, 0
227165, 123079, 1, 0, 0
228166, 147060, 1, 0, 0
229166, 143219, 1, 0, 0
230166, 135779, 1, 0, 0
231166, 147008, 1, 0, 0
232166, 147043, 1, 0, 0
233166, 143208, 1, 0, 0
234166, 144272, 1, 0, 0
235166, 149364, 1, 0, 0
236166, 144500, 1, 0, 0
237165, 146630, 1, 0, 0
238166, 144436, 1, 0, 0
239166, 104956, 1, 0, 0
240166, 76760, 1, 0, 0
241166, 96836, 1, 0, 0
242166, 112296, 1, 0, 0
243166, 115476, 1, 0, 0
244166, 134442, 1, 0, 0
245166, 148836, 1, 0, 0
246165, 138750, 1, 0, 0
247165, 128240, 1, 0, 0
248165, 117604, 1, 0, 0
249165, 117493, 1, 0, 0
250166, 121628, 1, 0, 0
251166, 123843, 1, 0, 0
252166, 142862, 1, 0, 0
253166, 143168, 1, 0, 0
254166, 134912, 1, 0, 0
255166, 138240, 1, 0, 0
256166, 126796, 1, 0, 0
257166, 121765, 1, 0, 0
258166, 128288, 1, 0, 0
259166, 120604, 1, 0, 0
260166, 149029, 1, 0, 0
261166, 143224, 1, 0, 0
262165, 146869, 1, 0, 0
263166, 149648, 1, 0, 0
264166, 143583, 1, 0, 0
265166, 146948, 1, 0, 0
266166, 135112, 1, 0, 0
267165, 141569, 1, 0, 0
268166, 108560, 1, 0, 0
269166, 95912, 1, 0, 0
270166, 86088, 1, 0, 0
271166, 79963, 1, 0, 0
272175, 63163, 1, 0, 0
273174, 78930, 1, 0, 0
274175, 73976, 1, 0, 0
275175, 77596, 1, 0, 0
276175, 82708, 1, 0, 0
277175, 79736, 1, 0, 0
278175, 75824, 1, 0, 0
279176, 85032, 1, 0, 0
280176, 78272, 1, 0, 0
281174, 79571, 1, 0, 0
282175, 80875, 1, 0, 0
283175, 85909, 1, 0, 0
284175, 81700, 1, 0, 0
285175, 81548, 1, 0, 0
286174, 81170, 1, 0, 0
287175, 115260, 1, 0, 0
288175, 121800, 1, 0, 0
289175, 124472, 1, 0, 0
290175, 124016, 1, 0, 0
291175, 119184, 1, 0, 0
292175, 127215, 1, 0, 0
293175, 120088, 1, 0, 0
294174, 107099, 1, 0, 0
295175, 121994, 1, 0, 0
296175, 143948, 1, 0, 0
297175, 148784, 1, 0, 0
298175, 150974, 1, 0, 0
299175, 141016, 1, 0, 0
300175, 97564, 1, 0, 0
