1000, 48528, 1, 0, 0
2002, 53849, 1, 0, 0
3000, 54915, 1, 0, 0
4002, 58304, 1, 0, 0
5000, 54335, 1, 0, 0
6000, 41397, 1, 0, 0
7000, 40681, 1, 0, 0
8000, 52056, 1, 0, 0
9000, 44614, 1, 0, 0
10017, 55472, 1, 0, 0
11003, 51059, 1, 0, 0
12000, 45597, 1, 0, 0
13000, 45196, 1, 0, 0
14000, 45850, 1, 0, 0
15000, 48125, 1, 0, 0
16000, 46902, 1, 0, 0
17000, 47979, 1, 0, 0
18000, 48281, 1, 0, 0
19000, 46458, 1, 0, 0
20000, 42057, 1, 0, 0
21000, 36709, 1, 0, 0
22000, 45384, 1, 0, 0
23000, 48888, 1, 0, 0
24000, 48957, 1, 0, 0
25000, 50546, 1, 0, 0
26000, 48194, 1, 0, 0
27000, 46454, 1, 0, 0
28000, 46341, 1, 0, 0
29000, 46842, 1, 0, 0
30000, 47674, 1, 0, 0
31000, 49109, 1, 0, 0
32000, 49617, 1, 0, 0
33000, 50081, 1, 0, 0
34000, 50552, 1, 0, 0
35000, 47431, 1, 0, 0
36000, 48370, 1, 0, 0
37000, 34706, 1, 0, 0
38000, 34323, 1, 0, 0
39000, 32001, 1, 0, 0
40000, 26463, 1, 0, 0
41000, 26515, 1, 0, 0
42000, 26180, 1, 0, 0
43000, 26727, 1, 0, 0
44000, 28959, 1, 0, 0
45000, 29581, 1, 0, 0
46000, 28306, 1, 0, 0
47000, 30411, 1, 0, 0
48000, 34693, 1, 0, 0
49000, 54137, 1, 0, 0
50000, 46412, 1, 0, 0
51000, 46890, 1, 0, 0
52000, 47422, 1, 0, 0
53000, 48147, 1, 0, 0
54000, 46072, 1, 0, 0
55000, 48695, 1, 0, 0
56000, 46480, 1, 0, 0
57000, 45172, 1, 0, 0
58000, 45946, 1, 0, 0
59000, 47460, 1, 0, 0
60000, 51569, 1, 0, 0
61000, 56406, 1, 0, 0
62000, 53183, 1, 0, 0
63000, 53750, 1, 0, 0
64000, 48405, 1, 0, 0
65000, 33341, 1, 0, 0
66000, 36198, 1, 0, 0
67000, 32511, 1, 0, 0
68000, 27698, 1, 0, 0
69000, 25659, 1, 0, 0
70000, 28868, 1, 0, 0
71000, 31232, 1, 0, 0
72000, 36180, 1, 0, 0
73000, 41537, 1, 0, 0
74000, 46382, 1, 0, 0
75000, 48848, 1, 0, 0
76000, 45326, 1, 0, 0
77000, 43824, 1, 0, 0
78000, 45922, 1, 0, 0
79000, 53204, 1, 0, 0
80000, 49645, 1, 0, 0
81002, 48889, 1, 0, 0
82000, 52451, 1, 0, 0
83000, 48608, 1, 0, 0
84000, 54957, 1, 0, 0
85003, 50823, 1, 0, 0
86000, 46798, 1, 0, 0
87000, 50114, 1, 0, 0
88000, 45854, 1, 0, 0
89000, 44323, 1, 0, 0
90000, 35091, 1, 0, 0
91000, 41923, 1, 0, 0
92000, 47536, 1, 0, 0
93000, 44399, 1, 0, 0
94000, 32937, 1, 0, 0
95000, 35070, 1, 0, 0
96000, 26616, 1, 0, 0
97000, 27365, 1, 0, 0
98000, 27946, 1, 0, 0
99000, 28134, 1, 0, 0
100000, 29927, 1, 0, 0
101000, 30669, 1, 0, 0
102000, 31282, 1, 0, 0
103000, 31167, 1, 0, 0
104000, 26323, 1, 0, 0
105000, 26339, 1, 0, 0
106000, 26122, 1, 0, 0
107000, 26627, 1, 0, 0
108000, 37124, 1, 0, 0
109000, 32517, 1, 0, 0
110000, 36152, 1, 0, 0
111000, 37881, 1, 0, 0
112000, 41700, 1, 0, 0
113000, 46054, 1, 0, 0
114000, 44235, 1, 0, 0
115000, 49485, 1, 0, 0
116001, 50532, 1, 0, 0
117000, 47265, 1, 0, 0
118000, 46016, 1, 0, 0
119000, 45688, 1, 0, 0
120000, 49605, 1, 0, 0
121000, 46749, 1, 0, 0
122000, 50454, 1, 0, 0
123000, 47822, 1, 0, 0
124000, 50268, 1, 0, 0
125000, 46340, 1, 0, 0
126000, 45055, 1, 0, 0
127000, 42426, 1, 0, 0
128000, 31738, 1, 0, 0
129000, 36505, 1, 0, 0
130000, 33827, 1, 0, 0
131000, 31070, 1, 0, 0
132000, 27270, 1, 0, 0
133000, 26449, 1, 0, 0
134000, 25839, 1, 0, 0
135000, 28356, 1, 0, 0
136000, 29276, 1, 0, 0
137000, 30976, 1, 0, 0
138000, 31075, 1, 0, 0
139000, 29393, 1, 0, 0
140000, 26340, 1, 0, 0
141000, 26605, 1, 0, 0
142000, 27762, 1, 0, 0
143000, 27121, 1, 0, 0
144000, 28454, 1, 0, 0
145000, 32181, 1, 0, 0
146000, 36132, 1, 0, 0
147000, 37774, 1, 0, 0
148000, 47865, 1, 0, 0
149000, 44608, 1, 0, 0
150000, 48328, 1, 0, 0
151001, 48705, 1, 0, 0
152000, 54160, 1, 0, 0
153000, 46588, 1, 0, 0
154000, 48212, 1, 0, 0
155000, 45106, 1, 0, 0
156000, 44974, 1, 0, 0
157000, 47014, 1, 0, 0
158000, 56654, 1, 0, 0
159000, 45775, 1, 0, 0
160000, 46505, 1, 0, 0
161000, 44863, 1, 0, 0
162000, 33957, 1, 0, 0
163000, 31124, 1, 0, 0
164000, 27084, 1, 0, 0
165000, 28140, 1, 0, 0
166000, 26463, 1, 0, 0
167000, 26754, 1, 0, 0
168000, 34203, 1, 0, 0
169000, 31784, 1, 0, 0
170000, 29814, 1, 0, 0
171000, 30314, 1, 0, 0
172000, 26943, 1, 0, 0
173000, 26608, 1, 0, 0
174000, 26558, 1, 0, 0
175000, 26711, 1, 0, 0
176000, 30973, 1, 0, 0
177000, 32246, 1, 0, 0
178000, 32928, 1, 0, 0
179000, 30721, 1, 0, 0
180000, 27922, 1, 0, 0
181000, 29354, 1, 0, 0
182000, 27006, 1, 0, 0
183000, 26649, 1, 0, 0
184000, 31990, 1, 0, 0
185000, 29586, 1, 0, 0
186000, 31616, 1, 0, 0
187000, 30882, 1, 0, 0
188000, 26865, 1, 0, 0
189000, 25756, 1, 0, 0
190000, 26600, 1, 0, 0
191000, 26858, 1, 0, 0
192000, 33964, 1, 0, 0
193000, 31497, 1, 0, 0
194000, 34867, 1, 0, 0
195000, 36351, 1, 0, 0
196000, 40087, 1, 0, 0
197000, 53121, 1, 0, 0
198000, 42313, 1, 0, 0
199000, 39362, 1, 0, 0
200000, 46789, 1, 0, 0
201000, 46462, 1, 0, 0
202000, 46004, 1, 0, 0
203000, 47818, 1, 0, 0
204000, 47239, 1, 0, 0
205000, 48021, 1, 0, 0
206000, 46497, 1, 0, 0
207000, 47843, 1, 0, 0
208000, 48040, 1, 0, 0
209000, 47676, 1, 0, 0
210000, 45626, 1, 0, 0
211000, 49069, 1, 0, 0
212007, 46121, 1, 0, 0
213000, 49635, 1, 0, 0
214000, 38980, 1, 0, 0
215000, 34282, 1, 0, 0
216000, 28071, 1, 0, 0
217000, 27934, 1, 0, 0
218000, 29396, 1, 0, 0
219000, 29031, 1, 0, 0
220000, 33584, 1, 0, 0
221000, 38830, 1, 0, 0
222000, 34805, 1, 0, 0
223000, 33954, 1, 0, 0
224000, 32292, 1, 0, 0
225000, 34207, 1, 0, 0
226000, 31193, 1, 0, 0
227000, 31186, 1, 0, 0
228000, 27226, 1, 0, 0
229000, 25873, 1, 0, 0
230000, 28071, 1, 0, 0
231000, 26464, 1, 0, 0
232000, 26104, 1, 0, 0
233000, 26812, 1, 0, 0
234000, 26345, 1, 0, 0
235000, 25780, 1, 0, 0
236000, 26190, 1, 0, 0
237000, 26008, 1, 0, 0
238000, 26687, 1, 0, 0
239000, 32771, 1, 0, 0
240000, 49596, 1, 0, 0
241000, 41797, 1, 0, 0
242000, 33416, 1, 0, 0
243000, 33315, 1, 0, 0
244000, 28582, 1, 0, 0
245000, 26167, 1, 0, 0
246000, 27215, 1, 0, 0
247000, 29271, 1, 0, 0
248000, 32430, 1, 0, 0
249000, 32301, 1, 0, 0
250000, 31330, 1, 0, 0
251000, 29249, 1, 0, 0
252000, 27343, 1, 0, 0
253000, 26660, 1, 0, 0
254000, 27829, 1, 0, 0
255000, 28300, 1, 0, 0
256000, 29452, 1, 0, 0
257000, 31119, 1, 0, 0
258000, 29540, 1, 0, 0
259000, 31297, 1, 0, 0
260000, 26351, 1, 0, 0
261000, 26629, 1, 0, 0
262000, 26067, 1, 0, 0
263000, 25145, 1, 0, 0
264000, 26415, 1, 0, 0
265000, 26449, 1, 0, 0
266000, 27706, 1, 0, 0
267000, 27241, 1, 0, 0
268000, 32712, 1, 0, 0
269000, 39696, 1, 0, 0
270000, 40921, 1, 0, 0
271000, 49650, 1, 0, 0
272004, 53986, 1, 0, 0
273000, 50993, 1, 0, 0
274000, 50649, 1, 0, 0
275000, 48524, 1, 0, 0
276000, 45539, 1, 0, 0
277000, 43834, 1, 0, 0
278000, 51611, 1, 0, 0
279000, 44933, 1, 0, 0
280001, 46044, 1, 0, 0
281000, 49675, 1, 0, 0
282000, 46673, 1, 0, 0
283000, 43907, 1, 0, 0
284000, 46302, 1, 0, 0
285000, 46103, 1, 0, 0
286000, 44825, 1, 0, 0
287000, 36102, 1, 0, 0
288000, 31018, 1, 0, 0
289000, 30371, 1, 0, 0
290000, 31173, 1, 0, 0
291000, 31258, 1, 0, 0
292000, 29771, 1, 0, 0
293000, 31855, 1, 0, 0
294000, 32424, 1, 0, 0
295000, 32631, 1, 0, 0
296000, 26857, 1, 0, 0
297000, 25957, 1, 0, 0
298000, 25240, 1, 0, 0
299000, 26819, 1, 0, 0
300000, 30969, 1, 0, 0
