1024, 19281, 1, 0, 0
2025, 17425, 1, 0, 0
3061, 17200, 1, 0, 0
4062, 15937, 1, 0, 0
5062, 17735, 1, 0, 0
6063, 23234, 1, 0, 0
7064, 23074, 1, 0, 0
8064, 18163, 1, 0, 0
9065, 21172, 1, 0, 0
10142, 16609, 1, 0, 0
11142, 18268, 1, 0, 0
12142, 20912, 1, 0, 0
13142, 20576, 1, 0, 0
14141, 20275, 1, 0, 0
15142, 18658, 1, 0, 0
16142, 20372, 1, 0, 0
17142, 19129, 1, 0, 0
18141, 19334, 1, 0, 0
19142, 19101, 1, 0, 0
20141, 24407, 1, 0, 0
21142, 25154, 1, 0, 0
22142, 20376, 1, 0, 0
23142, 19114, 1, 0, 0
24142, 19584, 1, 0, 0
25142, 18644, 1, 0, 0
26141, 19490, 1, 0, 0
27142, 20538, 1, 0, 0
28141, 20512, 1, 0, 0
29141, 19936, 1, 0, 0
30141, 19892, 1, 0, 0
31142, 18925, 1, 0, 0
32142, 18918, 1, 0, 0
33143, 19173, 1, 0, 0
34142, 18193, 1, 0, 0
35142, 20273, 1, 0, 0
36142, 19553, 1, 0, 0
37142, 28486, 1, 0, 0
38142, 27814, 1, 0, 0
39142, 30032, 1, 0, 0
40142, 36401, 1, 0, 0
41142, 35860, 1, 0, 0
42142, 37283, 1, 0, 0
43142, 34934, 1, 0, 0
44142, 32362, 1, 0, 0
45142, 33314, 1, 0, 0
46142, 33463, 1, 0, 0
47141, 30506, 1, 0, 0
48142, 25849, 1, 0, 0
49142, 17306, 1, 0, 0
50143, 20640, 1, 0, 0
51142, 20239, 1, 0, 0
52142, 19790, 1, 0, 0
53143, 19805, 1, 0, 0
54142, 20030, 1, 0, 0
55143, 19539, 1, 0, 0
56142, 20820, 1, 0, 0
57142, 20364, 1, 0, 0
58143, 21081, 1, 0, 0
59142, 19224, 1, 0, 0
60143, 18653, 1, 0, 0
61151, 16589, 1, 0, 0
62151, 17484, 1, 0, 0
63162, 17457, 1, 0, 0
64162, 21207, 1, 0, 0
65162, 27941, 1, 0, 0
66162, 26628, 1, 0, 0
67163, 27995, 1, 0, 0
68162, 35085, 1, 0, 0
69162, 35965, 1, 0, 0
70162, 33776, 1, 0, 0
71162, 29498, 1, 0, 0
72163, 26040, 1, 0, 0
73163, 22149, 1, 0, 0
74163, 20137, 1, 0, 0
75162, 19152, 1, 0, 0
76162, 20807, 1, 0, 0
77162, 21537, 1, 0, 0
78162, 20651, 1, 0, 0
79162, 16900, 1, 0, 0
80163, 19641, 1, 0, 0
81162, 18895, 1, 0, 0
82162, 17999, 1, 0, 0
83162, 19754, 1, 0, 0
84162, 17181, 1, 0, 0
85162, 18777, 1, 0, 0
86162, 20120, 1, 0, 0
87162, 18589, 1, 0, 0
88162, 21253, 1, 0, 0
89162, 21450, 1, 0, 0
90162, 27083, 1, 0, 0
91163, 21339, 1, 0, 0
92163, 19671, 1, 0, 0
93162, 22258, 1, 0, 0
94162, 28891, 1, 0, 0
95162, 28563, 1, 0, 0
96162, 36046, 1, 0, 0
97162, 34250, 1, 0, 0
98162, 34490, 1, 0, 0
99162, 34150, 1, 0, 0
100162, 30854, 1, 0, 0
101162, 31245, 1, 0, 0
102162, 29946, 1, 0, 0
103162, 30787, 1, 0, 0
104162, 37052, 1, 0, 0
105163, 36316, 1, 0, 0
106163, 36020, 1, 0, 0
107162, 35160, 1, 0, 0
108162, 25096, 1, 0, 0
109163, 29359, 1, 0, 0
110163, 25465, 1, 0, 0
111162, 25143, 1, 0, 0
112163, 22258, 1, 0, 0
113162, 20546, 1, 0, 0
114162, 21355, 1, 0, 0
115162, 18515, 1, 0, 0
116162, 19397, 1, 0, 0
117163, 19552, 1, 0, 0
118163, 20881, 1, 0, 0
119163, 19889, 1, 0, 0
120163, 19798, 1, 0, 0
121163, 20202, 1, 0, 0
122164, 18732, 1, 0, 0
123165, 19693, 1, 0, 0
124165, 18521, 1, 0, 0
125165, 20857, 1, 0, 0
126165, 21209, 1, 0, 0
127165, 23476, 1, 0, 0
128165, 29308, 1, 0, 0
129165, 26221, 1, 0, 0
130164, 28451, 1, 0, 0
131164, 31070, 1, 0, 0
132165, 35466, 1, 0, 0
133165, 36927, 1, 0, 0
134164, 36362, 1, 0, 0
135165, 33228, 1, 0, 0
136165, 31565, 1, 0, 0
137164, 30731, 1, 0, 0
138165, 30702, 1, 0, 0
139164, 32666, 1, 0, 0
140165, 36538, 1, 0, 0
141165, 35270, 1, 0, 0
142165, 33728, 1, 0, 0
143165, 36479, 1, 0, 0
144165, 32470, 1, 0, 0
145164, 29143, 1, 0, 0
146165, 25799, 1, 0, 0
147165, 24801, 1, 0, 0
148165, 19032, 1, 0, 0
149165, 21431, 1, 0, 0
150165, 18902, 1, 0, 0
151165, 19561, 1, 0, 0
152165, 17500, 1, 0, 0
153165, 19809, 1, 0, 0
154164, 20325, 1, 0, 0
155165, 21086, 1, 0, 0
156164, 20781, 1, 0, 0
157165, 19582, 1, 0, 0
158164, 16961, 1, 0, 0
159165, 20914, 1, 0, 0
160166, 20276, 1, 0, 0
161164, 22182, 1, 0, 0
162165, 27201, 1, 0, 0
163165, 30211, 1, 0, 0
164165, 36384, 1, 0, 0
165165, 33480, 1, 0, 0
166166, 36393, 1, 0, 0
167165, 35469, 1, 0, 0
168166, 27243, 1, 0, 0
169165, 29801, 1, 0, 0
170165, 32689, 1, 0, 0
171165, 31286, 1, 0, 0
172165, 36282, 1, 0, 0
173165, 35445, 1, 0, 0
174165, 36053, 1, 0, 0
175165, 35191, 1, 0, 0
176165, 30388, 1, 0, 0
177165, 28955, 1, 0, 0
178166, 27901, 1, 0, 0
179165, 31483, 1, 0, 0
180166, 34103, 1, 0, 0
181165, 32368, 1, 0, 0
182166, 36391, 1, 0, 0
183165, 35350, 1, 0, 0
184165, 28994, 1, 0, 0
185165, 31886, 1, 0, 0
186165, 30422, 1, 0, 0
187165, 30682, 1, 0, 0
188165, 36441, 1, 0, 0
189166, 37232, 1, 0, 0
190165, 35394, 1, 0, 0
191165, 34821, 1, 0, 0
192165, 27201, 1, 0, 0
193165, 30311, 1, 0, 0
194166, 27065, 1, 0, 0
195166, 26217, 1, 0, 0
196165, 22094, 1, 0, 0
197166, 17817, 1, 0, 0
198165, 22376, 1, 0, 0
199165, 24088, 1, 0, 0
200165, 19582, 1, 0, 0
201165, 20595, 1, 0, 0
202165, 20548, 1, 0, 0
203165, 19480, 1, 0, 0
204165, 19889, 1, 0, 0
205165, 19831, 1, 0, 0
206165, 19852, 1, 0, 0
207165, 19821, 1, 0, 0
208165, 19515, 1, 0, 0
209166, 19859, 1, 0, 0
210166, 20631, 1, 0, 0
211165, 19814, 1, 0, 0
212165, 19958, 1, 0, 0
213165, 19460, 1, 0, 0
214166, 25807, 1, 0, 0
215166, 28144, 1, 0, 0
216165, 34843, 1, 0, 0
217165, 33683, 1, 0, 0
218166, 31901, 1, 0, 0
219166, 33945, 1, 0, 0
220166, 26402, 1, 0, 0
221166, 24117, 1, 0, 0
222165, 27544, 1, 0, 0
223166, 27874, 1, 0, 0
224166, 29339, 1, 0, 0
225166, 28364, 1, 0, 0
226165, 29612, 1, 0, 0
227165, 30769, 1, 0, 0
228166, 36765, 1, 0, 0
229166, 35804, 1, 0, 0
230166, 33944, 1, 0, 0
231166, 36752, 1, 0, 0
232166, 36760, 1, 0, 0
233166, 35802, 1, 0, 0
234166, 36068, 1, 0, 0
235166, 37341, 1, 0, 0
236166, 36125, 1, 0, 0
237165, 36657, 1, 0, 0
238166, 36109, 1, 0, 0
239166, 26239, 1, 0, 0
240166, 19190, 1, 0, 0
241166, 24209, 1, 0, 0
242166, 28074, 1, 0, 0
243166, 28869, 1, 0, 0
244166, 33610, 1, 0, 0
245166, 37209, 1, 0, 0
246165, 34687, 1, 0, 0
247165, 32060, 1, 0, 0
248165, 29401, 1, 0, 0
249165, 29373, 1, 0, 0
250166, 30407, 1, 0, 0
251166, 30960, 1, 0, 0
252166, 35715, 1, 0, 0
253166, 35792, 1, 0, 0
254166, 33728, 1, 0, 0
255166, 34560, 1, 0, 0
256166, 31699, 1, 0, 0
257166, 30441, 1, 0, 0
258166, 32072, 1, 0, 0
259166, 30151, 1, 0, 0
260166, 37257, 1, 0, 0
261166, 35806, 1, 0, 0
262165, 36717, 1, 0, 0
263166, 37412, 1, 0, 0
264166, 35895, 1, 0, 0
265166, 36737, 1, 0, 0
266166, 33778, 1, 0, 0
267165, 35392, 1, 0, 0
268166, 27140, 1, 0, 0
269166, 23978, 1, 0, 0
270166, 21522, 1, 0, 0
271166, 19990, 1, 0, 0
272175, 15790, 1, 0, 0
273174, 19732, 1, 0, 0
274175, 18494, 1, 0, 0
275175, 19399, 1, 0, 0
276175, 20677, 1, 0, 0
277175, 19934, 1, 0, 0
278175, 18956, 1, 0, 0
279176, 21258, 1, 0, 0
280176, 19568, 1, 0, 0
281174, 19892, 1, 0, 0
282175, 20218, 1, 0, 0
283175, 21477, 1, 0, 0
284175, 20425, 1, 0, 0
285175, 20387, 1, 0, 0
286174, 20292, 1, 0, 0
287175, 28815, 1, 0, 0
288175, 30450, 1, 0, 0
289175, 31118, 1, 0, 0
290175, 31004, 1, 0, 0
291175, 29796, 1, 0, 0
292175, 31803, 1, 0, 0
293175, 30022, 1, 0, 0
294174, 26774, 1, 0, 0
295175, 30498, 1, 0, 0
296175, 35987, 1, 0, 0
297175, 37196, 1, 0, 0
298175, 37743, 1, 0, 0
299175, 35254, 1, 0, 0
300175, 24391, 1, 0, 0
