1002, 25641, 0, 0, 0
1002, 10975, 1, 0, 0
2001, 26163, 0, 0, 0
2001, 11261, 1, 0, 0
3007, 26919, 0, 0, 0
3007, 11310, 1, 0, 0
4007, 29619, 0, 0, 0
4007, 12802, 1, 0, 0
5009, 28740, 0, 0, 0
5009, 12276, 1, 0, 0
6011, 25033, 0, 0, 0
6011, 10822, 1, 0, 0
7011, 25428, 0, 0, 0
7011, 11064, 1, 0, 0
8012, 21445, 0, 0, 0
8012, 9334, 1, 0, 0
9013, 24617, 0, 0, 0
9013, 10460, 1, 0, 0
10014, 25667, 0, 0, 0
10014, 11054, 1, 0, 0
11015, 24101, 0, 0, 0
11015, 10478, 1, 0, 0
12015, 24943, 0, 0, 0
12015, 10523, 1, 0, 0
13015, 26517, 0, 0, 0
13015, 11494, 1, 0, 0
14016, 29928, 0, 0, 0
14016, 13013, 1, 0, 0
15016, 29063, 0, 0, 0
15016, 12353, 1, 0, 0
16017, 28676, 0, 0, 0
16017, 12258, 1, 0, 0
17018, 28635, 0, 0, 0
17018, 12098, 1, 0, 0
18018, 24467, 0, 0, 0
18018, 10495, 1, 0, 0
19019, 25298, 0, 0, 0
19019, 10874, 1, 0, 0
20019, 26811, 0, 0, 0
20019, 11557, 1, 0, 0
21020, 26340, 0, 0, 0
21020, 11527, 1, 0, 0
22020, 30147, 0, 0, 0
22020, 13010, 1, 0, 0
23021, 31743, 0, 0, 0
23021, 13505, 1, 0, 0
24022, 21422, 0, 0, 0
24022, 8924, 1, 0, 0
25022, 23241, 0, 0, 0
25022, 9892, 1, 0, 0
26023, 24176, 0, 0, 0
26023, 10294, 1, 0, 0
27023, 22149, 0, 0, 0
27023, 9610, 1, 0, 0
28024, 20744, 0, 0, 0
28024, 8708, 1, 0, 0
29025, 19006, 0, 0, 0
29025, 8184, 1, 0, 0
30026, 17842, 0, 0, 0
30026, 7671, 1, 0, 0
31026, 16086, 0, 0, 0
31026, 6841, 1, 0, 0
32027, 20489, 0, 0, 0
32027, 8747, 1, 0, 0
33028, 20290, 0, 0, 0
33028, 8729, 1, 0, 0
34029, 25071, 0, 0, 0
34029, 10739, 1, 0, 0
35030, 23507, 0, 0, 0
35030, 10036, 1, 0, 0
36030, 24335, 0, 0, 0
36030, 10688, 1, 0, 0
37031, 24439, 0, 0, 0
37031, 10469, 1, 0, 0
38032, 19670, 0, 0, 0
38032, 8366, 1, 0, 0
39033, 18698, 0, 0, 0
39033, 8087, 1, 0, 0
40034, 14076, 0, 0, 0
40034, 5890, 1, 0, 0
41061, 8723, 0, 0, 0
41061, 3671, 1, 0, 0
42936, 12107, 0, 0, 0
42936, 5178, 1, 0, 0
43937, 15733, 0, 0, 0
43937, 6720, 1, 0, 0
44936, 17382, 0, 0, 0
44936, 7377, 1, 0, 0
45936, 14335, 0, 0, 0
45936, 6035, 1, 0, 0
46936, 16584, 0, 0, 0
46936, 7177, 1, 0, 0
47936, 15147, 0, 0, 0
47936, 6586, 1, 0, 0
48936, 16061, 0, 0, 0
48936, 6874, 1, 0, 0
49936, 18588, 0, 0, 0
49936, 7996, 1, 0, 0
50936, 17596, 0, 0, 0
50936, 7662, 1, 0, 0
51936, 13845, 0, 0, 0
51936, 5934, 1, 0, 0
52936, 13826, 0, 0, 0
52936, 5867, 1, 0, 0
53936, 14998, 0, 0, 0
53936, 6534, 1, 0, 0
54936, 14334, 0, 0, 0
54936, 6117, 1, 0, 0
55937, 11799, 0, 0, 0
55937, 4929, 1, 0, 0
56938, 13924, 0, 0, 0
56938, 6063, 1, 0, 0
57939, 16571, 0, 0, 0
57939, 7024, 1, 0, 0
58939, 18641, 0, 0, 0
58939, 7982, 1, 0, 0
59939, 16664, 0, 0, 0
59939, 7172, 1, 0, 0
60940, 17703, 0, 0, 0
60940, 7618, 1, 0, 0
61941, 15826, 0, 0, 0
61941, 6868, 1, 0, 0
62941, 14315, 0, 0, 0
62941, 6294, 1, 0, 0
63942, 16934, 0, 0, 0
63942, 7318, 1, 0, 0
64942, 15581, 0, 0, 0
64942, 6668, 1, 0, 0
65944, 13476, 0, 0, 0
65944, 5836, 1, 0, 0
66944, 17674, 0, 0, 0
66944, 7648, 1, 0, 0
67945, 14863, 0, 0, 0
67945, 6315, 1, 0, 0
68945, 14415, 0, 0, 0
68945, 6057, 1, 0, 0
69946, 13520, 0, 0, 0
69946, 5642, 1, 0, 0
70947, 20897, 0, 0, 0
70947, 8994, 1, 0, 0
71947, 17110, 0, 0, 0
71947, 7333, 1, 0, 0
72948, 21933, 0, 0, 0
72948, 9518, 1, 0, 0
73950, 18069, 0, 0, 0
73950, 7954, 1, 0, 0
74950, 19031, 0, 0, 0
74950, 8206, 1, 0, 0
75951, 20718, 0, 0, 0
75951, 8838, 1, 0, 0
76953, 17416, 0, 0, 0
76953, 7395, 1, 0, 0
77954, 14831, 0, 0, 0
77954, 6430, 1, 0, 0
78954, 19587, 0, 0, 0
78954, 8408, 1, 0, 0
79956, 26231, 0, 0, 0
79956, 11221, 1, 0, 0
80956, 26744, 0, 0, 0
80956, 11389, 1, 0, 0
81957, 18805, 0, 0, 0
81957, 7943, 1, 0, 0
82957, 15783, 0, 0, 0
82957, 6719, 1, 0, 0
83958, 26572, 0, 0, 0
83958, 11339, 1, 0, 0
84959, 25271, 0, 0, 0
84959, 10727, 1, 0, 0
85960, 18126, 0, 0, 0
85960, 7881, 1, 0, 0
86961, 21636, 0, 0, 0
86961, 9325, 1, 0, 0
87961, 23136, 0, 0, 0
87961, 9926, 1, 0, 0
88962, 25551, 0, 0, 0
88962, 10786, 1, 0, 0
89963, 29838, 0, 0, 0
89963, 12775, 1, 0, 0
90963, 30812, 0, 0, 0
90963, 13102, 1, 0, 0
91964, 26692, 0, 0, 0
91964, 11431, 1, 0, 0
92964, 26877, 0, 0, 0
92964, 11464, 1, 0, 0
93964, 21977, 0, 0, 0
93964, 9473, 1, 0, 0
94965, 18122, 0, 0, 0
94965, 7782, 1, 0, 0
95965, 21223, 0, 0, 0
95965, 9086, 1, 0, 0
96965, 21951, 0, 0, 0
96965, 9615, 1, 0, 0
97966, 22099, 0, 0, 0
97966, 9487, 1, 0, 0
98967, 22630, 0, 0, 0
98967, 9692, 1, 0, 0
99967, 22121, 0, 0, 0
99967, 9334, 1, 0, 0
100967, 22568, 0, 0, 0
100967, 9684, 1, 0, 0
101968, 21399, 0, 0, 0
101968, 9327, 1, 0, 0
102968, 22724, 0, 0, 0
102968, 9821, 1, 0, 0
103969, 21691, 0, 0, 0
103969, 9227, 1, 0, 0
104970, 21752, 0, 0, 0
104970, 9442, 1, 0, 0
105971, 23550, 0, 0, 0
105971, 10123, 1, 0, 0
106972, 22149, 0, 0, 0
106972, 9722, 1, 0, 0
107972, 21804, 0, 0, 0
107972, 9273, 1, 0, 0
108972, 23359, 0, 0, 0
108972, 9818, 1, 0, 0
109972, 23183, 0, 0, 0
109972, 9850, 1, 0, 0
110973, 22459, 0, 0, 0
110973, 9626, 1, 0, 0
111973, 21686, 0, 0, 0
111973, 9408, 1, 0, 0
112973, 22778, 0, 0, 0
112973, 9774, 1, 0, 0
113973, 21529, 0, 0, 0
113973, 9171, 1, 0, 0
114973, 21076, 0, 0, 0
114973, 8875, 1, 0, 0
115974, 19497, 0, 0, 0
115974, 8406, 1, 0, 0
116975, 20866, 0, 0, 0
116975, 9025, 1, 0, 0
117975, 21054, 0, 0, 0
117975, 9020, 1, 0, 0
118976, 21262, 0, 0, 0
118976, 9019, 1, 0, 0
119976, 22753, 0, 0, 0
119976, 9868, 1, 0, 0
120977, 21905, 0, 0, 0
120977, 9369, 1, 0, 0
121978, 24683, 0, 0, 0
121978, 10537, 1, 0, 0
122978, 22097, 0, 0, 0
122978, 9419, 1, 0, 0
123979, 21502, 0, 0, 0
123979, 9038, 1, 0, 0
124979, 23732, 0, 0, 0
124979, 10249, 1, 0, 0
125980, 23588, 0, 0, 0
125980, 10031, 1, 0, 0
126981, 22513, 0, 0, 0
126981, 9487, 1, 0, 0
127981, 22351, 0, 0, 0
127981, 9536, 1, 0, 0
128981, 22555, 0, 0, 0
128981, 9742, 1, 0, 0
129982, 23328, 0, 0, 0
129982, 10036, 1, 0, 0
130982, 22054, 0, 0, 0
130982, 9426, 1, 0, 0
131983, 22041, 0, 0, 0
131983, 9529, 1, 0, 0
132983, 21665, 0, 0, 0
132983, 8924, 1, 0, 0
133985, 23355, 0, 0, 0
133985, 9813, 1, 0, 0
134986, 21042, 0, 0, 0
134986, 9052, 1, 0, 0
135986, 21718, 0, 0, 0
135986, 9461, 1, 0, 0
136987, 23984, 0, 0, 0
136987, 10272, 1, 0, 0
137987, 22393, 0, 0, 0
137987, 9771, 1, 0, 0
138987, 22060, 0, 0, 0
138987, 9415, 1, 0, 0
139988, 23633, 0, 0, 0
139988, 10063, 1, 0, 0
140988, 23464, 0, 0, 0
140988, 10352, 1, 0, 0
141989, 21769, 0, 0, 0
141989, 9226, 1, 0, 0
142989, 20703, 0, 0, 0
142989, 9078, 1, 0, 0
143990, 19525, 0, 0, 0
143990, 8384, 1, 0, 0
144990, 17511, 0, 0, 0
144990, 7464, 1, 0, 0
145990, 17888, 0, 0, 0
145990, 7589, 1, 0, 0
146990, 16222, 0, 0, 0
146990, 6935, 1, 0, 0
147990, 16893, 0, 0, 0
147990, 7253, 1, 0, 0
148991, 16516, 0, 0, 0
148991, 7119, 1, 0, 0
149992, 17127, 0, 0, 0
149992, 7506, 1, 0, 0
150992, 16475, 0, 0, 0
150992, 7160, 1, 0, 0
151993, 17819, 0, 0, 0
151993, 7594, 1, 0, 0
152993, 16141, 0, 0, 0
152993, 6848, 1, 0, 0
153994, 14348, 0, 0, 0
153994, 6205, 1, 0, 0
154995, 16519, 0, 0, 0
154995, 6913, 1, 0, 0
155996, 14586, 0, 0, 0
155996, 6415, 1, 0, 0
156996, 15799, 0, 0, 0
156996, 6902, 1, 0, 0
157998, 15123, 0, 0, 0
157998, 6402, 1, 0, 0
158998, 16880, 0, 0, 0
158998, 7353, 1, 0, 0
160000, 17108, 0, 0, 0
160000, 7292, 1, 0, 0
161000, 15883, 0, 0, 0
161000, 6710, 1, 0, 0
162000, 17225, 0, 0, 0
162000, 7187, 1, 0, 0
163000, 16395, 0, 0, 0
163000, 7016, 1, 0, 0
164000, 15323, 0, 0, 0
164000, 6669, 1, 0, 0
165000, 17143, 0, 0, 0
165000, 7416, 1, 0, 0
166000, 17403, 0, 0, 0
166000, 7486, 1, 0, 0
167025, 14611, 0, 0, 0
167025, 6262, 1, 0, 0
168069, 17288, 0, 0, 0
168069, 7538, 1, 0, 0
169070, 15905, 0, 0, 0
169070, 6760, 1, 0, 0
170070, 16809, 0, 0, 0
170070, 7187, 1, 0, 0
171070, 15165, 0, 0, 0
171070, 6462, 1, 0, 0
172072, 14699, 0, 0, 0
172072, 6370, 1, 0, 0
173072, 17179, 0, 0, 0
173072, 7347, 1, 0, 0
174072, 17230, 0, 0, 0
174072, 7241, 1, 0, 0
175073, 16060, 0, 0, 0
175073, 6817, 1, 0, 0
176074, 15441, 0, 0, 0
176074, 6611, 1, 0, 0
177075, 15005, 0, 0, 0
177075, 6390, 1, 0, 0
178075, 17206, 0, 0, 0
178075, 7632, 1, 0, 0
179076, 17565, 0, 0, 0
179076, 7632, 1, 0, 0
180076, 15048, 0, 0, 0
180076, 6295, 1, 0, 0
