1000, 523873, 0, 0, 0
1000, 301540, 1, 0, 0
2000, 543246, 0, 0, 0
2000, 322533, 1, 0, 0
3001, 320731, 1, 0, 0
3001, 539810, 0, 0, 0
4000, 257210, 1, 0, 0
4000, 470464, 0, 0, 0
5000, 391109, 0, 0, 0
5000, 197727, 1, 0, 0
6000, 197838, 1, 0, 0
6000, 385483, 0, 0, 0
7000, 386495, 0, 0, 0
7000, 198145, 1, 0, 0
8000, 177627, 1, 0, 0
8000, 368331, 0, 0, 0
9000, 376769, 0, 0, 0
9000, 183745, 1, 0, 0
10000, 402977, 0, 0, 0
10000, 199608, 1, 0, 0
11000, 190435, 1, 0, 0
11000, 378661, 0, 0, 0
12000, 186029, 1, 0, 0
12000, 379714, 0, 0, 0
13000, 384991, 0, 0, 0
13000, 194789, 1, 0, 0
14000, 384461, 0, 0, 0
14000, 190946, 1, 0, 0
15000, 199170, 1, 0, 0
15000, 391157, 0, 0, 0
16000, 382154, 0, 0, 0
16000, 190670, 1, 0, 0
17000, 381777, 0, 0, 0
17000, 190090, 1, 0, 0
18000, 389343, 0, 0, 0
18000, 196364, 1, 0, 0
19000, 379922, 0, 0, 0
19000, 184073, 1, 0, 0
20000, 387363, 0, 0, 0
20000, 196890, 1, 0, 0
21000, 377684, 0, 0, 0
21000, 186622, 1, 0, 0
22000, 387085, 0, 0, 0
22000, 191806, 1, 0, 0
23000, 374502, 0, 0, 0
23000, 179591, 1, 0, 0
24000, 379032, 0, 0, 0
24000, 182747, 1, 0, 0
25000, 200970, 1, 0, 0
25000, 389209, 0, 0, 0
26000, 380243, 0, 0, 0
26000, 188625, 1, 0, 0
27000, 203168, 1, 0, 0
27000, 390918, 0, 0, 0
28000, 380659, 0, 0, 0
28000, 187247, 1, 0, 0
29000, 393255, 0, 0, 0
29000, 197259, 1, 0, 0
30000, 189269, 1, 0, 0
30000, 379297, 0, 0, 0
31000, 388053, 0, 0, 0
31000, 198084, 1, 0, 0
32000, 381967, 0, 0, 0
32000, 191548, 1, 0, 0
33000, 388839, 0, 0, 0
33000, 196593, 1, 0, 0
34000, 394524, 0, 0, 0
34000, 200086, 1, 0, 0
35000, 189025, 1, 0, 0
35000, 379462, 0, 0, 0
36000, 196204, 1, 0, 0
36000, 388506, 0, 0, 0
37000, 393316, 0, 0, 0
37000, 200455, 1, 0, 0
38000, 383148, 0, 0, 0
38000, 193310, 1, 0, 0
39000, 179523, 1, 0, 0
39000, 374114, 0, 0, 0
40000, 200940, 1, 0, 0
40000, 388747, 0, 0, 0
41000, 398428, 0, 0, 0
41000, 208051, 1, 0, 0
42000, 371004, 0, 0, 0
42000, 178094, 1, 0, 0
43000, 390498, 0, 0, 0
43000, 201295, 1, 0, 0
44000, 385935, 0, 0, 0
44000, 194656, 1, 0, 0
45000, 381503, 0, 0, 0
45000, 192863, 1, 0, 0
46000, 385373, 0, 0, 0
46000, 196787, 1, 0, 0
47000, 182655, 1, 0, 0
47000, 372288, 0, 0, 0
48000, 391258, 0, 0, 0
48000, 203680, 1, 0, 0
49000, 390868, 0, 0, 0
49000, 196806, 1, 0, 0
50000, 372792, 0, 0, 0
50000, 181749, 1, 0, 0
51000, 185664, 1, 0, 0
51000, 375528, 0, 0, 0
52000, 379840, 0, 0, 0
52000, 191422, 1, 0, 0
53000, 409807, 0, 0, 0
53000, 214103, 1, 0, 0
54000, 188542, 1, 0, 0
54000, 381319, 0, 0, 0
55000, 194200, 1, 0, 0
55000, 383501, 0, 0, 0
56000, 198862, 1, 0, 0
56000, 390039, 0, 0, 0
57000, 176485, 1, 0, 0
57000, 371150, 0, 0, 0
58000, 190643, 1, 0, 0
58000, 383209, 0, 0, 0
59000, 379924, 0, 0, 0
59000, 188563, 1, 0, 0
60000, 389306, 0, 0, 0
60000, 201908, 1, 0, 0
61000, 443486, 0, 0, 0
61000, 235547, 1, 0, 0
62000, 375230, 0, 0, 0
62000, 185024, 1, 0, 0
63000, 384589, 0, 0, 0
63000, 193720, 1, 0, 0
64000, 387388, 0, 0, 0
64000, 196767, 1, 0, 0
65000, 187153, 1, 0, 0
65000, 376327, 0, 0, 0
66000, 385997, 0, 0, 0
66000, 195485, 1, 0, 0
67000, 386812, 0, 0, 0
67000, 197789, 1, 0, 0
68000, 375114, 0, 0, 0
68000, 181550, 1, 0, 0
69000, 175906, 1, 0, 0
69000, 367065, 0, 0, 0
70000, 201205, 1, 0, 0
70000, 387115, 0, 0, 0
71000, 388930, 0, 0, 0
71000, 201167, 1, 0, 0
72000, 188660, 1, 0, 0
72000, 376856, 0, 0, 0
73000, 381132, 0, 0, 0
73000, 186870, 1, 0, 0
74000, 378662, 0, 0, 0
74000, 189395, 1, 0, 0
75000, 390236, 0, 0, 0
75000, 204985, 1, 0, 0
76000, 381366, 0, 0, 0
76000, 191253, 1, 0, 0
77000, 183903, 1, 0, 0
77000, 373691, 0, 0, 0
78000, 191104, 1, 0, 0
78000, 381656, 0, 0, 0
79000, 384432, 0, 0, 0
79000, 195060, 1, 0, 0
80000, 374988, 0, 0, 0
80000, 186123, 1, 0, 0
81000, 377042, 0, 0, 0
81000, 187782, 1, 0, 0
82000, 396667, 0, 0, 0
82000, 211353, 1, 0, 0
83000, 378356, 0, 0, 0
83000, 185029, 1, 0, 0
84000, 366275, 0, 0, 0
84000, 176770, 1, 0, 0
85000, 197702, 1, 0, 0
85000, 385774, 0, 0, 0
86000, 189048, 1, 0, 0
86000, 378818, 0, 0, 0
87000, 174161, 1, 0, 0
87000, 368953, 0, 0, 0
88000, 151357, 1, 0, 0
88000, 348001, 0, 0, 0
89000, 350757, 0, 0, 0
89000, 154775, 1, 0, 0
90000, 351133, 0, 0, 0
90000, 155055, 1, 0, 0
91000, 173956, 1, 0, 0
91000, 363935, 0, 0, 0
92000, 379288, 0, 0, 0
92000, 181012, 1, 0, 0
93000, 363139, 0, 0, 0
93000, 169989, 1, 0, 0
94000, 182010, 1, 0, 0
94000, 372125, 0, 0, 0
95000, 189229, 1, 0, 0
95000, 378293, 0, 0, 0
96000, 190634, 1, 0, 0
96000, 384275, 0, 0, 0
97000, 385140, 0, 0, 0
97000, 194806, 1, 0, 0
98000, 380261, 0, 0, 0
98000, 190104, 1, 0, 0
99000, 381567, 0, 0, 0
99000, 186258, 1, 0, 0
100000, 221771, 1, 0, 0
100000, 412208, 0, 0, 0
101000, 530017, 0, 0, 0
101000, 319676, 1, 0, 0
102000, 539655, 1, 0, 0
102000, 885113, 0, 0, 0
103005, 644029, 0, 0, 0
103005, 367726, 1, 0, 0
104000, 531974, 0, 0, 0
104000, 315123, 1, 0, 0
105000, 441193, 0, 0, 0
105000, 252725, 1, 0, 0
106001, 547277, 0, 0, 0
106001, 326563, 1, 0, 0
107009, 502244, 0, 0, 0
107009, 310546, 1, 0, 0
108000, 358696, 1, 0, 0
108000, 583775, 0, 0, 0
109000, 298010, 1, 0, 0
109000, 493703, 0, 0, 0
110001, 245905, 1, 0, 0
110001, 433371, 0, 0, 0
111000, 351181, 1, 0, 0
111000, 573837, 0, 0, 0
112000, 514638, 0, 0, 0
112000, 311394, 1, 0, 0
113000, 324350, 1, 0, 0
113000, 522961, 0, 0, 0
114000, 511291, 0, 0, 0
114000, 308341, 1, 0, 0
115000, 261588, 1, 0, 0
115000, 463223, 0, 0, 0
116000, 443357, 0, 0, 0
116000, 243401, 1, 0, 0
117000, 247538, 1, 0, 0
117000, 444844, 0, 0, 0
118004, 433820, 0, 0, 0
118004, 238046, 1, 0, 0
119000, 463309, 0, 0, 0
119000, 271224, 1, 0, 0
120000, 430368, 0, 0, 0
120000, 238538, 1, 0, 0
121000, 252686, 1, 0, 0
121000, 439245, 0, 0, 0
122001, 508557, 0, 0, 0
122001, 307328, 1, 0, 0
123000, 574475, 0, 0, 0
123000, 354218, 1, 0, 0
124000, 309040, 1, 0, 0
124000, 506180, 0, 0, 0
125000, 457009, 0, 0, 0
125000, 271817, 1, 0, 0
126000, 472823, 0, 0, 0
126000, 280421, 1, 0, 0
127000, 532790, 0, 0, 0
127000, 338743, 1, 0, 0
128001, 375805, 1, 0, 0
128001, 591813, 0, 0, 0
129000, 597121, 0, 0, 0
129000, 364528, 1, 0, 0
130000, 523587, 0, 0, 0
130000, 324876, 1, 0, 0
131000, 551535, 0, 0, 0
131000, 342735, 1, 0, 0
132000, 543242, 1, 0, 0
132000, 909838, 0, 0, 0
133000, 559072, 0, 0, 0
133000, 354276, 1, 0, 0
134001, 455724, 0, 0, 0
134001, 273088, 1, 0, 0
135002, 656746, 0, 0, 0
135002, 412810, 1, 0, 0
136000, 502860, 0, 0, 0
136000, 300672, 1, 0, 0
137000, 438188, 0, 0, 0
137000, 251952, 1, 0, 0
138000, 432648, 0, 0, 0
138000, 240162, 1, 0, 0
139000, 436520, 0, 0, 0
139000, 254196, 1, 0, 0
140000, 475748, 0, 0, 0
140000, 291316, 1, 0, 0
141000, 220269, 1, 0, 0
141000, 407453, 0, 0, 0
142000, 345927, 0, 0, 0
142000, 147834, 1, 0, 0
143000, 151529, 1, 0, 0
143000, 352517, 0, 0, 0
144000, 328129, 0, 0, 0
144000, 119457, 1, 0, 0
145000, 322785, 0, 0, 0
145000, 110398, 1, 0, 0
146000, 331547, 0, 0, 0
146000, 119414, 1, 0, 0
147000, 324790, 0, 0, 0
147000, 114532, 1, 0, 0
148000, 349992, 0, 0, 0
148000, 148178, 1, 0, 0
149000, 350549, 0, 0, 0
149000, 154464, 1, 0, 0
150000, 174353, 1, 0, 0
150000, 375502, 0, 0, 0
151000, 351629, 0, 0, 0
151000, 148638, 1, 0, 0
152000, 112089, 1, 0, 0
152000, 322912, 0, 0, 0
153000, 124884, 1, 0, 0
153000, 332464, 0, 0, 0
154000, 142767, 1, 0, 0
154000, 351991, 0, 0, 0
155000, 433146, 0, 0, 0
155000, 230898, 1, 0, 0
156000, 304671, 1, 0, 0
156000, 493529, 0, 0, 0
157000, 542159, 0, 0, 0
157000, 331704, 1, 0, 0
158009, 482722, 0, 0, 0
158009, 286182, 1, 0, 0
159000, 407958, 1, 0, 0
159000, 624282, 0, 0, 0
160000, 576376, 0, 0, 0
160000, 366709, 1, 0, 0
161000, 409145, 1, 0, 0
161000, 638410, 0, 0, 0
162000, 451764, 1, 0, 0
162000, 693024, 0, 0, 0
163001, 547940, 0, 0, 0
163001, 315637, 1, 0, 0
164000, 260873, 1, 0, 0
164000, 456309, 0, 0, 0
165000, 255221, 1, 0, 0
165000, 454896, 0, 0, 0
166000, 453007, 0, 0, 0
166000, 259619, 1, 0, 0
167000, 477362, 0, 0, 0
167000, 286102, 1, 0, 0
168000, 462173, 0, 0, 0
168000, 261212, 1, 0, 0
169000, 473230, 0, 0, 0
169000, 282365, 1, 0, 0
170000, 461273, 0, 0, 0
170000, 260936, 1, 0, 0
171000, 539061, 0, 0, 0
171000, 325728, 1, 0, 0
172000, 476293, 0, 0, 0
172000, 276522, 1, 0, 0
173000, 561563, 0, 0, 0
173000, 347160, 1, 0, 0
174000, 285896, 1, 0, 0
174000, 477295, 0, 0, 0
175000, 456751, 0, 0, 0
175000, 260865, 1, 0, 0
176000, 447595, 0, 0, 0
176000, 254962, 1, 0, 0
177000, 479322, 0, 0, 0
177000, 278974, 1, 0, 0
178000, 477712, 0, 0, 0
178000, 289307, 1, 0, 0
179000, 284701, 1, 0, 0
179000, 498696, 0, 0, 0
180000, 284061, 1, 0, 0
180000, 484416, 0, 0, 0
180000, 334128, 0, 0, 0
180000, 153846, 1, 0, 0
