1010, 15860, 0, 0, 0
1010, 6734, 1, 0, 0
2010, 16044, 0, 0, 0
2010, 6863, 1, 0, 0
3040, 15186, 0, 0, 0
3040, 6551, 1, 0, 0
4040, 15798, 0, 0, 0
4040, 6627, 1, 0, 0
5053, 15641, 0, 0, 0
5053, 6734, 1, 0, 0
6053, 15634, 0, 0, 0
6053, 6736, 1, 0, 0
7054, 15657, 0, 0, 0
7054, 6723, 1, 0, 0
8055, 16574, 0, 0, 0
8055, 7088, 1, 0, 0
9061, 15721, 0, 0, 0
9061, 6733, 1, 0, 0
10062, 16038, 0, 0, 0
10062, 6882, 1, 0, 0
11063, 17120, 0, 0, 0
11063, 7557, 1, 0, 0
12063, 17161, 0, 0, 0
12063, 7372, 1, 0, 0
13065, 15175, 0, 0, 0
13065, 6666, 1, 0, 0
14066, 15562, 0, 0, 0
14066, 6681, 1, 0, 0
15076, 16459, 0, 0, 0
15076, 6930, 1, 0, 0
16076, 15766, 0, 0, 0
16076, 6786, 1, 0, 0
17077, 16575, 0, 0, 0
17077, 7139, 1, 0, 0
18078, 16217, 0, 0, 0
18078, 7022, 1, 0, 0
19078, 16545, 0, 0, 0
19078, 7066, 1, 0, 0
20078, 18410, 0, 0, 0
20078, 7847, 1, 0, 0
21091, 13842, 0, 0, 0
21091, 6074, 1, 0, 0
22118, 11539, 0, 0, 0
22118, 5069, 1, 0, 0
23248, 11914, 0, 0, 0
23248, 5042, 1, 0, 0
24430, 9400, 0, 0, 0
24430, 4211, 1, 0, 0
26590, 10987, 0, 0, 0
26590, 4601, 1, 0, 0
27591, 11727, 0, 0, 0
27591, 4983, 1, 0, 0
28591, 13039, 0, 0, 0
28591, 5594, 1, 0, 0
29642, 13556, 0, 0, 0
29642, 5638, 1, 0, 0
30664, 15341, 0, 0, 0
30664, 6562, 1, 0, 0
31719, 14534, 0, 0, 0
31719, 6290, 1, 0, 0
32729, 16966, 0, 0, 0
32729, 7179, 1, 0, 0
33814, 15195, 0, 0, 0
33814, 6652, 1, 0, 0
34843, 15621, 0, 0, 0
34843, 6709, 1, 0, 0
35850, 13571, 0, 0, 0
35850, 5740, 1, 0, 0
36858, 14306, 0, 0, 0
36858, 6414, 1, 0, 0
37893, 17197, 0, 0, 0
37893, 7381, 1, 0, 0
38935, 16555, 0, 0, 0
38935, 7215, 1, 0, 0
39975, 16549, 0, 0, 0
39975, 6950, 1, 0, 0
40996, 16781, 0, 0, 0
40996, 7216, 1, 0, 0
42010, 17554, 0, 0, 0
42010, 7308, 1, 0, 0
43015, 16199, 0, 0, 0
43015, 6863, 1, 0, 0
44015, 18666, 0, 0, 0
44015, 7999, 1, 0, 0
45063, 17291, 0, 0, 0
45063, 7338, 1, 0, 0
46538, 12177, 0, 0, 0
46538, 5302, 1, 0, 0
47537, 14223, 0, 0, 0
47537, 5926, 1, 0, 0
48537, 14438, 0, 0, 0
48537, 6166, 1, 0, 0
49537, 16633, 0, 0, 0
49537, 7118, 1, 0, 0
50539, 18996, 0, 0, 0
50539, 8228, 1, 0, 0
51540, 22383, 0, 0, 0
51540, 9499, 1, 0, 0
52540, 21904, 0, 0, 0
52540, 9389, 1, 0, 0
53541, 20805, 0, 0, 0
53541, 8863, 1, 0, 0
54541, 20500, 0, 0, 0
54541, 8870, 1, 0, 0
55542, 22042, 0, 0, 0
55542, 9423, 1, 0, 0
56543, 21304, 0, 0, 0
56543, 9395, 1, 0, 0
57544, 18805, 0, 0, 0
57544, 8053, 1, 0, 0
58545, 20602, 0, 0, 0
58545, 8731, 1, 0, 0
59545, 15464, 0, 0, 0
59545, 6677, 1, 0, 0
60546, 15517, 0, 0, 0
60546, 6628, 1, 0, 0
61547, 21488, 0, 0, 0
61547, 8988, 1, 0, 0
62548, 22791, 0, 0, 0
62548, 9708, 1, 0, 0
63549, 22247, 0, 0, 0
63549, 9529, 1, 0, 0
64550, 23519, 0, 0, 0
64550, 10123, 1, 0, 0
65551, 22046, 0, 0, 0
65551, 9465, 1, 0, 0
66552, 21602, 0, 0, 0
66552, 9290, 1, 0, 0
67553, 23783, 0, 0, 0
67553, 10161, 1, 0, 0
68554, 21772, 0, 0, 0
68554, 9465, 1, 0, 0
69555, 22869, 0, 0, 0
69555, 9834, 1, 0, 0
70555, 22093, 0, 0, 0
70555, 9443, 1, 0, 0
71556, 21209, 0, 0, 0
71556, 9084, 1, 0, 0
72556, 21993, 0, 0, 0
72556, 9336, 1, 0, 0
73556, 18046, 0, 0, 0
73556, 7693, 1, 0, 0
74557, 15480, 0, 0, 0
74557, 6712, 1, 0, 0
75558, 14891, 0, 0, 0
75558, 6399, 1, 0, 0
76558, 17335, 0, 0, 0
76558, 7524, 1, 0, 0
77559, 17502, 0, 0, 0
77559, 7654, 1, 0, 0
78559, 17676, 0, 0, 0
78559, 7667, 1, 0, 0
79560, 17126, 0, 0, 0
79560, 7353, 1, 0, 0
80561, 15884, 0, 0, 0
80561, 6836, 1, 0, 0
81562, 17563, 0, 0, 0
81562, 7580, 1, 0, 0
82562, 17436, 0, 0, 0
82562, 7382, 1, 0, 0
83563, 16622, 0, 0, 0
83563, 6829, 1, 0, 0
84564, 16171, 0, 0, 0
84564, 6892, 1, 0, 0
85565, 15198, 0, 0, 0
85565, 6613, 1, 0, 0
86566, 15666, 0, 0, 0
86566, 6810, 1, 0, 0
87567, 16141, 0, 0, 0
87567, 7005, 1, 0, 0
88568, 16373, 0, 0, 0
88568, 7149, 1, 0, 0
89569, 17200, 0, 0, 0
89569, 7432, 1, 0, 0
90569, 17258, 0, 0, 0
90569, 7382, 1, 0, 0
91570, 17486, 0, 0, 0
91570, 7421, 1, 0, 0
92570, 15546, 0, 0, 0
92570, 6653, 1, 0, 0
93571, 17174, 0, 0, 0
93571, 7505, 1, 0, 0
94572, 16487, 0, 0, 0
94572, 7030, 1, 0, 0
95573, 16524, 0, 0, 0
95573, 7057, 1, 0, 0
96574, 17108, 0, 0, 0
96574, 7151, 1, 0, 0
97574, 16071, 0, 0, 0
97574, 6987, 1, 0, 0
98575, 16420, 0, 0, 0
98575, 6912, 1, 0, 0
99575, 16477, 0, 0, 0
99575, 7015, 1, 0, 0
100576, 16114, 0, 0, 0
100576, 7026, 1, 0, 0
101577, 16525, 0, 0, 0
101577, 6862, 1, 0, 0
102578, 15930, 0, 0, 0
102578, 6799, 1, 0, 0
103579, 15696, 0, 0, 0
103579, 6715, 1, 0, 0
104580, 16450, 0, 0, 0
104580, 7123, 1, 0, 0
105580, 15462, 0, 0, 0
105580, 6761, 1, 0, 0
106582, 16479, 0, 0, 0
106582, 7032, 1, 0, 0
107582, 15050, 0, 0, 0
107582, 6277, 1, 0, 0
108583, 16315, 0, 0, 0
108583, 6975, 1, 0, 0
109584, 16514, 0, 0, 0
109584, 7056, 1, 0, 0
110584, 17846, 0, 0, 0
110584, 7716, 1, 0, 0
111584, 17067, 0, 0, 0
111584, 7166, 1, 0, 0
112584, 17015, 0, 0, 0
112584, 7243, 1, 0, 0
113584, 13343, 0, 0, 0
113584, 5798, 1, 0, 0
114585, 15047, 0, 0, 0
114585, 6493, 1, 0, 0
115586, 20541, 0, 0, 0
115586, 8671, 1, 0, 0
116586, 22333, 0, 0, 0
116586, 9667, 1, 0, 0
117587, 21609, 0, 0, 0
117587, 9215, 1, 0, 0
118589, 18533, 0, 0, 0
118589, 8074, 1, 0, 0
119590, 18419, 0, 0, 0
119590, 7977, 1, 0, 0
120590, 14563, 0, 0, 0
120590, 6273, 1, 0, 0
121591, 15047, 0, 0, 0
121591, 6430, 1, 0, 0
122591, 16915, 0, 0, 0
122591, 7150, 1, 0, 0
123591, 15960, 0, 0, 0
123591, 6809, 1, 0, 0
124591, 18310, 0, 0, 0
124591, 7850, 1, 0, 0
125592, 15780, 0, 0, 0
125592, 6851, 1, 0, 0
126592, 16998, 0, 0, 0
126592, 7375, 1, 0, 0
127593, 16323, 0, 0, 0
127593, 7131, 1, 0, 0
128593, 16423, 0, 0, 0
128593, 6912, 1, 0, 0
129593, 16169, 0, 0, 0
129593, 6949, 1, 0, 0
130594, 16050, 0, 0, 0
130594, 7077, 1, 0, 0
131594, 16316, 0, 0, 0
131594, 6888, 1, 0, 0
132595, 14741, 0, 0, 0
132595, 6499, 1, 0, 0
133596, 16383, 0, 0, 0
133596, 7070, 1, 0, 0
134596, 16194, 0, 0, 0
134596, 6771, 1, 0, 0
135597, 15801, 0, 0, 0
135597, 6743, 1, 0, 0
136597, 16124, 0, 0, 0
136597, 6834, 1, 0, 0
137598, 14722, 0, 0, 0
137598, 6262, 1, 0, 0
138598, 16271, 0, 0, 0
138598, 6977, 1, 0, 0
139599, 16267, 0, 0, 0
139599, 7039, 1, 0, 0
140599, 14693, 0, 0, 0
140599, 6345, 1, 0, 0
141600, 15914, 0, 0, 0
141600, 6812, 1, 0, 0
142600, 16436, 0, 0, 0
142600, 7030, 1, 0, 0
143601, 16849, 0, 0, 0
143601, 6973, 1, 0, 0
144601, 16606, 0, 0, 0
144601, 7187, 1, 0, 0
145602, 16280, 0, 0, 0
145602, 7024, 1, 0, 0
146603, 14811, 0, 0, 0
146603, 6426, 1, 0, 0
147604, 16728, 0, 0, 0
147604, 7203, 1, 0, 0
148604, 16378, 0, 0, 0
148604, 6939, 1, 0, 0
149605, 17661, 0, 0, 0
149605, 7494, 1, 0, 0
150605, 15016, 0, 0, 0
150605, 6551, 1, 0, 0
151606, 15580, 0, 0, 0
151606, 6747, 1, 0, 0
152607, 15437, 0, 0, 0
152607, 6491, 1, 0, 0
153608, 17080, 0, 0, 0
153608, 7314, 1, 0, 0
154609, 15902, 0, 0, 0
154609, 6792, 1, 0, 0
155609, 18038, 0, 0, 0
155609, 7540, 1, 0, 0
156610, 16662, 0, 0, 0
156610, 7199, 1, 0, 0
157611, 15476, 0, 0, 0
157611, 6665, 1, 0, 0
158611, 16224, 0, 0, 0
158611, 6915, 1, 0, 0
159612, 17375, 0, 0, 0
159612, 7252, 1, 0, 0
160613, 19243, 0, 0, 0
160613, 8145, 1, 0, 0
161614, 22171, 0, 0, 0
161614, 9449, 1, 0, 0
162614, 21902, 0, 0, 0
162614, 9636, 1, 0, 0
163615, 22295, 0, 0, 0
163615, 9657, 1, 0, 0
164616, 23277, 0, 0, 0
164616, 9839, 1, 0, 0
165617, 22014, 0, 0, 0
165617, 9342, 1, 0, 0
166617, 22283, 0, 0, 0
166617, 9263, 1, 0, 0
167618, 22875, 0, 0, 0
167618, 9728, 1, 0, 0
168618, 22274, 0, 0, 0
168618, 9651, 1, 0, 0
169619, 21822, 0, 0, 0
169619, 9410, 1, 0, 0
170619, 22281, 0, 0, 0
170619, 9637, 1, 0, 0
171619, 22187, 0, 0, 0
171619, 9587, 1, 0, 0
172620, 22765, 0, 0, 0
172620, 9659, 1, 0, 0
173621, 20970, 0, 0, 0
173621, 9051, 1, 0, 0
174622, 20806, 0, 0, 0
174622, 9073, 1, 0, 0
175622, 20830, 0, 0, 0
175622, 8898, 1, 0, 0
176622, 20422, 0, 0, 0
176622, 8972, 1, 0, 0
177623, 22149, 0, 0, 0
177623, 9408, 1, 0, 0
178624, 22202, 0, 0, 0
178624, 9500, 1, 0, 0
179625, 22336, 0, 0, 0
179625, 9558, 1, 0, 0
