1000, 34447, 0, 0, 0
1000, 53557, 1, 0, 0
2000, 36608, 0, 0, 0
2000, 57360, 1, 0, 0
3001, 52024, 1, 0, 0
3001, 38207, 0, 0, 0
4000, 47514, 1, 0, 0
4000, 31829, 0, 0, 0
5000, 25811, 0, 0, 0
5000, 37437, 1, 0, 0
6000, 25770, 0, 0, 0
6000, 37510, 1, 0, 0
7000, 25685, 0, 0, 0
7000, 37437, 1, 0, 0
8000, 23905, 0, 0, 0
8000, 34280, 1, 0, 0
9000, 35045, 1, 0, 0
9000, 24211, 0, 0, 0
10000, 26078, 0, 0, 0
10000, 38668, 1, 0, 0
11000, 24930, 0, 0, 0
11000, 36190, 1, 0, 0
12000, 35867, 1, 0, 0
12000, 24597, 0, 0, 0
13000, 25321, 0, 0, 0
13000, 36736, 1, 0, 0
14000, 35982, 1, 0, 0
14000, 24734, 0, 0, 0
15000, 25818, 0, 0, 0
15000, 38183, 1, 0, 0
16000, 36042, 1, 0, 0
16000, 24887, 0, 0, 0
17000, 35817, 1, 0, 0
17000, 25009, 0, 0, 0
18000, 25397, 0, 0, 0
18000, 37294, 1, 0, 0
19000, 24398, 0, 0, 0
19000, 35205, 1, 0, 0
20000, 25600, 0, 0, 0
20000, 37570, 1, 0, 0
21000, 35729, 1, 0, 0
21000, 24670, 0, 0, 0
22000, 36792, 1, 0, 0
22000, 25217, 0, 0, 0
23000, 23779, 0, 0, 0
23000, 34595, 1, 0, 0
24000, 24001, 0, 0, 0
24000, 35394, 1, 0, 0
25000, 37734, 1, 0, 0
25000, 26011, 0, 0, 0
26000, 35361, 1, 0, 0
26000, 24672, 0, 0, 0
27000, 38137, 1, 0, 0
27000, 25854, 0, 0, 0
28000, 24815, 0, 0, 0
28000, 36044, 1, 0, 0
29000, 25797, 0, 0, 0
29000, 37818, 1, 0, 0
30000, 25049, 0, 0, 0
30000, 36289, 1, 0, 0
31000, 25709, 0, 0, 0
31000, 37219, 1, 0, 0
32000, 36123, 1, 0, 0
32000, 24973, 0, 0, 0
33000, 25554, 0, 0, 0
33000, 37322, 1, 0, 0
34000, 26097, 0, 0, 0
34000, 37414, 1, 0, 0
35000, 24900, 0, 0, 0
35000, 36093, 1, 0, 0
36000, 25796, 0, 0, 0
36000, 36516, 1, 0, 0
37000, 25799, 0, 0, 0
37000, 38385, 1, 0, 0
38000, 36327, 1, 0, 0
38000, 25148, 0, 0, 0
39000, 34632, 1, 0, 0
39000, 23884, 0, 0, 0
40000, 26015, 0, 0, 0
40000, 38214, 1, 0, 0
41000, 26241, 0, 0, 0
41000, 38684, 1, 0, 0
42000, 23671, 0, 0, 0
42000, 34398, 1, 0, 0
43000, 25614, 0, 0, 0
43000, 37329, 1, 0, 0
44000, 25261, 0, 0, 0
44000, 36679, 1, 0, 0
45000, 36649, 1, 0, 0
45000, 25040, 0, 0, 0
46000, 25685, 0, 0, 0
46000, 37413, 1, 0, 0
47000, 24162, 0, 0, 0
47000, 35281, 1, 0, 0
48000, 26077, 0, 0, 0
48000, 37639, 1, 0, 0
49000, 37334, 1, 0, 0
49000, 25519, 0, 0, 0
50000, 34926, 1, 0, 0
50000, 24058, 0, 0, 0
51000, 35583, 1, 0, 0
51000, 24558, 0, 0, 0
52000, 36446, 1, 0, 0
52000, 25087, 0, 0, 0
53000, 27003, 0, 0, 0
53000, 40161, 1, 0, 0
54000, 35904, 1, 0, 0
54000, 24656, 0, 0, 0
55000, 25403, 0, 0, 0
55000, 36525, 1, 0, 0
56000, 25724, 0, 0, 0
56000, 37098, 1, 0, 0
57000, 23613, 0, 0, 0
57000, 34110, 1, 0, 0
58000, 36118, 1, 0, 0
58000, 24883, 0, 0, 0
59000, 24500, 0, 0, 0
59000, 35677, 1, 0, 0
60000, 25832, 0, 0, 0
60000, 38355, 1, 0, 0
61000, 43593, 1, 0, 0
61000, 30574, 0, 0, 0
62000, 24397, 0, 0, 0
62000, 35715, 1, 0, 0
63000, 36827, 1, 0, 0
63000, 25364, 0, 0, 0
64000, 37239, 1, 0, 0
64000, 25671, 0, 0, 0
65000, 24653, 0, 0, 0
65000, 35957, 1, 0, 0
66000, 36969, 1, 0, 0
66000, 25318, 0, 0, 0
67000, 25754, 0, 0, 0
67000, 37556, 1, 0, 0
68000, 24129, 0, 0, 0
68000, 35247, 1, 0, 0
69000, 23657, 0, 0, 0
69000, 33988, 1, 0, 0
70000, 38332, 1, 0, 0
70000, 25941, 0, 0, 0
71000, 26169, 0, 0, 0
71000, 38295, 1, 0, 0
72000, 35799, 1, 0, 0
72000, 24787, 0, 0, 0
73000, 35844, 1, 0, 0
73000, 24856, 0, 0, 0
74000, 24842, 0, 0, 0
74000, 36465, 1, 0, 0
75000, 26431, 0, 0, 0
75000, 38703, 1, 0, 0
76000, 25386, 0, 0, 0
76000, 36778, 1, 0, 0
77000, 35352, 1, 0, 0
77000, 24207, 0, 0, 0
78000, 25021, 0, 0, 0
78000, 36086, 1, 0, 0
79000, 37067, 1, 0, 0
79000, 25456, 0, 0, 0
80000, 24558, 0, 0, 0
80000, 35676, 1, 0, 0
81000, 24901, 0, 0, 0
81000, 36057, 1, 0, 0
82000, 38485, 1, 0, 0
82000, 26931, 0, 0, 0
83000, 24568, 0, 0, 0
83000, 35639, 1, 0, 0
84000, 23487, 0, 0, 0
84000, 34392, 1, 0, 0
85000, 37217, 1, 0, 0
85000, 25997, 0, 0, 0
86000, 24902, 0, 0, 0
86000, 36308, 1, 0, 0
87000, 33964, 1, 0, 0
87000, 23574, 0, 0, 0
88000, 21114, 0, 0, 0
88000, 30533, 1, 0, 0
89000, 31502, 1, 0, 0
89000, 21401, 0, 0, 0
90000, 31278, 1, 0, 0
90000, 21415, 0, 0, 0
91000, 23249, 0, 0, 0
91000, 33870, 1, 0, 0
92000, 23804, 0, 0, 0
92000, 34367, 1, 0, 0
93000, 33691, 1, 0, 0
93000, 22881, 0, 0, 0
94000, 24031, 0, 0, 0
94000, 35451, 1, 0, 0
95000, 24777, 0, 0, 0
95000, 36161, 1, 0, 0
96000, 36605, 1, 0, 0
96000, 25212, 0, 0, 0
97000, 25314, 0, 0, 0
97000, 36864, 1, 0, 0
98000, 36008, 1, 0, 0
98000, 25088, 0, 0, 0
99000, 24017, 0, 0, 0
99000, 35245, 1, 0, 0
100000, 28229, 0, 0, 0
100000, 40729, 1, 0, 0
101000, 38110, 0, 0, 0
101000, 51774, 1, 0, 0
102000, 62387, 0, 0, 0
102000, 73147, 1, 0, 0
103005, 78315, 1, 0, 0
103006, 42750, 0, 0, 0
104000, 54988, 1, 0, 0
104000, 37109, 0, 0, 0
105000, 44482, 1, 0, 0
105000, 30273, 0, 0, 0
106000, 40958, 0, 0, 0
106000, 55468, 1, 0, 0
107009, 36241, 0, 0, 0
107009, 50763, 1, 0, 0
108000, 59350, 1, 0, 0
108000, 41449, 0, 0, 0
109000, 35204, 0, 0, 0
109000, 53238, 1, 0, 0
110000, 30902, 0, 0, 0
110000, 43685, 1, 0, 0
111000, 67377, 1, 0, 0
111000, 41842, 0, 0, 0
112000, 52726, 1, 0, 0
112000, 36311, 0, 0, 0
113000, 53450, 1, 0, 0
113000, 39356, 0, 0, 0
114000, 53867, 1, 0, 0
114000, 37327, 0, 0, 0
115000, 48078, 1, 0, 0
115000, 32175, 0, 0, 0
116000, 45275, 1, 0, 0
116000, 30950, 0, 0, 0
117000, 45401, 1, 0, 0
117000, 31137, 0, 0, 0
118003, 44800, 1, 0, 0
118003, 30328, 0, 0, 0
119000, 32789, 0, 0, 0
119000, 44798, 1, 0, 0
120000, 30407, 0, 0, 0
120000, 44763, 1, 0, 0
121000, 31111, 0, 0, 0
121000, 44734, 1, 0, 0
122001, 53519, 1, 0, 0
122001, 36352, 0, 0, 0
123000, 62619, 1, 0, 0
123000, 36765, 0, 0, 0
124000, 52418, 1, 0, 0
124000, 35419, 0, 0, 0
125000, 32150, 0, 0, 0
125000, 47679, 1, 0, 0
126000, 33347, 0, 0, 0
126000, 50067, 1, 0, 0
127000, 59797, 1, 0, 0
127000, 38538, 0, 0, 0
128001, 39855, 0, 0, 0
128001, 67031, 1, 0, 0
129000, 41424, 0, 0, 0
129000, 64672, 1, 0, 0
130000, 37766, 0, 0, 0
130000, 54847, 1, 0, 0
131000, 57488, 1, 0, 0
131000, 37826, 0, 0, 0
132000, 72911, 1, 0, 0
132000, 71831, 0, 0, 0
133000, 59689, 1, 0, 0
133000, 38338, 0, 0, 0
134001, 47065, 1, 0, 0
134001, 32720, 0, 0, 0
135000, 47747, 0, 0, 0
135002, 67584, 1, 0, 0
136000, 50819, 1, 0, 0
136000, 35304, 0, 0, 0
137000, 30962, 0, 0, 0
137000, 45373, 1, 0, 0
138000, 43081, 1, 0, 0
138000, 30196, 0, 0, 0
139000, 30769, 0, 0, 0
139000, 44961, 1, 0, 0
140000, 45757, 1, 0, 0
140000, 33319, 0, 0, 0
141000, 40425, 1, 0, 0
141000, 27756, 0, 0, 0
142000, 30343, 1, 0, 0
142000, 20790, 0, 0, 0
143000, 21162, 0, 0, 0
143000, 30617, 1, 0, 0
144000, 26474, 1, 0, 0
144000, 18075, 0, 0, 0
145000, 25095, 1, 0, 0
145000, 16993, 0, 0, 0
146000, 18028, 0, 0, 0
146000, 26422, 1, 0, 0
147000, 17659, 0, 0, 0
147000, 25762, 1, 0, 0
148000, 20951, 0, 0, 0
148000, 29978, 1, 0, 0
149000, 31028, 1, 0, 0
149000, 21413, 0, 0, 0
150000, 30217, 1, 0, 0
150000, 21026, 0, 0, 0
151000, 20643, 0, 0, 0
151000, 30065, 1, 0, 0
152000, 17273, 0, 0, 0
152000, 25251, 1, 0, 0
153000, 18501, 0, 0, 0
153000, 27171, 1, 0, 0
154000, 28814, 1, 0, 0
154000, 19754, 0, 0, 0
155000, 27898, 0, 0, 0
155000, 42848, 1, 0, 0
156000, 52715, 1, 0, 0
156000, 35361, 0, 0, 0
157000, 38489, 0, 0, 0
157000, 55083, 1, 0, 0
158006, 50539, 1, 0, 0
158009, 33880, 0, 0, 0
159000, 42995, 0, 0, 0
159000, 68457, 1, 0, 0
160000, 38470, 0, 0, 0
160000, 57805, 1, 0, 0
161000, 66987, 1, 0, 0
161000, 44025, 0, 0, 0
162000, 71801, 1, 0, 0
162000, 50173, 0, 0, 0
163001, 58368, 1, 0, 0
163001, 35734, 0, 0, 0
164000, 31584, 0, 0, 0
164000, 46022, 1, 0, 0
165000, 30838, 0, 0, 0
165000, 44353, 1, 0, 0
166000, 31214, 0, 0, 0
166000, 45838, 1, 0, 0
167000, 49620, 1, 0, 0
167000, 34153, 0, 0, 0
168000, 31454, 0, 0, 0
168000, 47143, 1, 0, 0
169000, 34554, 0, 0, 0
169000, 46823, 1, 0, 0
170000, 32433, 0, 0, 0
170000, 47116, 1, 0, 0
171000, 36955, 0, 0, 0
171000, 49935, 1, 0, 0
172000, 50743, 1, 0, 0
172000, 32817, 0, 0, 0
173000, 40487, 0, 0, 0
173000, 58192, 1, 0, 0
174000, 34326, 0, 0, 0
174000, 49144, 1, 0, 0
175000, 45580, 1, 0, 0
175000, 32192, 0, 0, 0
176000, 31267, 0, 0, 0
176000, 44726, 1, 0, 0
177000, 33969, 0, 0, 0
177000, 47984, 1, 0, 0
178000, 33980, 0, 0, 0
178000, 51793, 1, 0, 0
179000, 34659, 0, 0, 0
179000, 49923, 1, 0, 0
180000, 49796, 1, 0, 0
180000, 33290, 0, 0, 0
