1000, 385866, 0, 0, 0
1000, 189220, 1, 0, 0
2000, 385273, 0, 0, 0
2000, 190265, 1, 0, 0
3000, 374547, 0, 0, 0
3000, 180047, 1, 0, 0
4000, 359612, 0, 0, 0
4000, 157185, 1, 0, 0
5000, 362423, 0, 0, 0
5000, 164282, 1, 0, 0
6000, 385794, 0, 0, 0
6000, 199608, 1, 0, 0
7000, 383523, 0, 0, 0
7000, 195520, 1, 0, 0
8000, 427862, 0, 0, 0
8000, 243506, 1, 0, 0
9000, 391755, 0, 0, 0
9000, 203645, 1, 0, 0
10000, 381887, 0, 0, 0
10000, 193045, 1, 0, 0
11000, 397120, 0, 0, 0
11000, 211058, 1, 0, 0
12000, 201556, 1, 0, 0
12000, 389277, 0, 0, 0
13000, 379348, 0, 0, 0
13000, 182416, 1, 0, 0
14000, 355724, 0, 0, 0
14000, 154148, 1, 0, 0
15000, 360718, 0, 0, 0
15000, 160192, 1, 0, 0
16000, 163720, 1, 0, 0
16000, 366418, 0, 0, 0
17000, 365037, 0, 0, 0
17000, 164644, 1, 0, 0
18000, 205081, 1, 0, 0
18000, 394767, 0, 0, 0
19000, 389137, 0, 0, 0
19000, 198627, 1, 0, 0
20000, 373921, 0, 0, 0
20000, 181233, 1, 0, 0
21000, 185135, 1, 0, 0
21000, 376336, 0, 0, 0
22000, 151405, 1, 0, 0
22000, 354407, 0, 0, 0
23000, 347855, 0, 0, 0
23000, 139957, 1, 0, 0
24000, 464471, 0, 0, 0
24000, 256828, 1, 0, 0
25001, 408261, 0, 0, 0
25001, 218488, 1, 0, 0
26000, 209984, 1, 0, 0
26000, 403396, 0, 0, 0
27000, 421045, 0, 0, 0
27000, 239388, 1, 0, 0
28000, 450189, 0, 0, 0
28000, 256679, 1, 0, 0
29000, 463094, 0, 0, 0
29000, 279773, 1, 0, 0
30000, 486137, 0, 0, 0
30000, 302886, 1, 0, 0
31000, 545360, 0, 0, 0
31000, 362118, 1, 0, 0
32000, 445386, 0, 0, 0
32000, 263121, 1, 0, 0
33000, 463614, 0, 0, 0
33000, 273496, 1, 0, 0
34000, 392080, 0, 0, 0
34000, 198064, 1, 0, 0
35000, 214225, 1, 0, 0
35000, 410893, 0, 0, 0
36000, 204481, 1, 0, 0
36000, 393809, 0, 0, 0
37000, 394861, 0, 0, 0
37000, 208026, 1, 0, 0
38000, 267182, 1, 0, 0
38000, 451842, 0, 0, 0
39000, 286186, 1, 0, 0
39000, 464869, 0, 0, 0
40006, 587169, 0, 0, 0
40006, 396592, 1, 0, 0
41000, 757105, 1, 0, 0
41000, 951793, 0, 0, 0
42001, 447018, 1, 0, 0
42001, 798552, 0, 0, 0
43007, 421667, 1, 0, 0
43007, 641990, 0, 0, 0
44000, 346430, 1, 0, 0
44000, 526920, 0, 0, 0
45000, 489244, 0, 0, 0
45000, 310268, 1, 0, 0
46000, 667916, 0, 0, 0
46000, 390864, 1, 0, 0
47001, 501488, 0, 0, 0
47001, 322446, 1, 0, 0
48000, 538047, 0, 0, 0
48000, 360002, 1, 0, 0
49000, 531714, 0, 0, 0
49000, 339318, 1, 0, 0
50000, 291930, 1, 0, 0
50000, 465877, 0, 0, 0
51000, 490711, 0, 0, 0
51000, 308677, 1, 0, 0
52000, 609649, 0, 0, 0
52000, 416390, 1, 0, 0
53000, 609795, 0, 0, 0
53000, 409562, 1, 0, 0
54000, 366331, 1, 0, 0
54000, 555862, 0, 0, 0
55004, 594935, 0, 0, 0
55004, 406995, 1, 0, 0
56000, 486562, 1, 0, 0
56000, 685629, 0, 0, 0
57000, 417943, 1, 0, 0
57000, 624471, 0, 0, 0
58000, 495708, 0, 0, 0
58000, 316327, 1, 0, 0
59000, 470760, 0, 0, 0
59000, 295318, 1, 0, 0
60000, 333069, 1, 0, 0
60000, 509752, 0, 0, 0
61000, 480503, 0, 0, 0
61000, 306209, 1, 0, 0
62000, 551338, 0, 0, 0
62000, 348191, 1, 0, 0
63000, 563545, 0, 0, 0
63000, 381568, 1, 0, 0
64000, 503965, 0, 0, 0
64000, 319101, 1, 0, 0
65000, 361933, 1, 0, 0
65000, 543426, 0, 0, 0
66000, 595717, 0, 0, 0
66000, 398862, 1, 0, 0
67000, 492373, 0, 0, 0
67000, 305888, 1, 0, 0
68000, 574931, 0, 0, 0
68000, 381142, 1, 0, 0
69000, 594879, 0, 0, 0
69000, 403172, 1, 0, 0
70000, 603256, 0, 0, 0
70000, 414693, 1, 0, 0
71000, 424115, 0, 0, 0
71000, 235993, 1, 0, 0
72000, 518679, 0, 0, 0
72000, 334657, 1, 0, 0
73000, 420119, 0, 0, 0
73000, 248332, 1, 0, 0
74000, 477427, 0, 0, 0
74000, 296018, 1, 0, 0
75000, 451846, 0, 0, 0
75000, 268898, 1, 0, 0
76000, 258897, 1, 0, 0
76000, 441889, 0, 0, 0
77000, 490083, 0, 0, 0
77000, 310402, 1, 0, 0
78002, 580342, 0, 0, 0
78002, 362500, 1, 0, 0
79000, 444905, 0, 0, 0
79000, 268928, 1, 0, 0
80000, 181491, 1, 0, 0
80000, 373670, 0, 0, 0
81000, 184635, 1, 0, 0
81000, 374588, 0, 0, 0
82000, 518570, 0, 0, 0
82000, 275717, 1, 0, 0
83000, 546946, 0, 0, 0
83000, 361688, 1, 0, 0
84000, 375082, 0, 0, 0
84000, 181280, 1, 0, 0
85000, 404517, 0, 0, 0
85000, 206992, 1, 0, 0
86000, 309171, 1, 0, 0
86000, 488813, 0, 0, 0
87000, 423140, 0, 0, 0
87000, 238915, 1, 0, 0
88000, 404887, 0, 0, 0
88000, 218405, 1, 0, 0
89000, 384762, 0, 0, 0
89000, 192423, 1, 0, 0
90000, 358767, 0, 0, 0
90000, 154665, 1, 0, 0
91000, 349690, 0, 0, 0
91000, 144551, 1, 0, 0
92000, 379393, 0, 0, 0
92000, 184242, 1, 0, 0
93000, 378022, 0, 0, 0
93000, 179870, 1, 0, 0
94000, 239187, 1, 0, 0
94000, 414070, 0, 0, 0
95000, 280643, 1, 0, 0
95000, 484202, 0, 0, 0
96000, 420983, 0, 0, 0
96000, 245220, 1, 0, 0
97000, 234111, 1, 0, 0
97000, 413293, 0, 0, 0
98000, 233250, 1, 0, 0
98000, 412792, 0, 0, 0
99000, 406970, 0, 0, 0
99000, 226839, 1, 0, 0
100000, 414494, 0, 0, 0
100000, 235506, 1, 0, 0
101000, 226718, 1, 0, 0
101000, 405591, 0, 0, 0
102000, 422712, 0, 0, 0
102000, 241378, 1, 0, 0
103000, 404546, 0, 0, 0
103000, 225116, 1, 0, 0
104000, 239703, 1, 0, 0
104000, 416608, 0, 0, 0
105000, 414225, 0, 0, 0
105000, 240622, 1, 0, 0
106000, 217651, 1, 0, 0
106000, 396224, 0, 0, 0
107000, 413031, 0, 0, 0
107000, 231892, 1, 0, 0
108000, 418008, 0, 0, 0
108000, 239074, 1, 0, 0
109000, 401855, 0, 0, 0
109000, 220308, 1, 0, 0
110000, 399921, 0, 0, 0
110000, 221790, 1, 0, 0
111000, 410232, 0, 0, 0
111000, 231614, 1, 0, 0
112000, 417340, 0, 0, 0
112000, 238662, 1, 0, 0
113000, 223704, 1, 0, 0
113000, 405878, 0, 0, 0
114000, 238953, 1, 0, 0
114000, 420408, 0, 0, 0
115000, 428852, 0, 0, 0
115000, 253244, 1, 0, 0
116000, 277206, 1, 0, 0
116000, 448880, 0, 0, 0
117000, 428857, 0, 0, 0
117000, 250081, 1, 0, 0
118000, 425970, 0, 0, 0
118000, 249105, 1, 0, 0
119000, 422366, 0, 0, 0
119000, 247146, 1, 0, 0
120000, 405151, 0, 0, 0
120000, 224699, 1, 0, 0
121000, 413930, 0, 0, 0
121000, 236927, 1, 0, 0
122000, 389476, 0, 0, 0
122000, 202769, 1, 0, 0
123000, 413968, 0, 0, 0
123000, 235689, 1, 0, 0
124000, 420910, 0, 0, 0
124000, 243166, 1, 0, 0
125000, 396363, 0, 0, 0
125000, 215792, 1, 0, 0
126000, 397177, 0, 0, 0
126000, 218119, 1, 0, 0
127000, 410758, 0, 0, 0
127000, 229011, 1, 0, 0
128000, 408465, 0, 0, 0
128000, 231033, 1, 0, 0
129000, 407293, 0, 0, 0
129000, 228812, 1, 0, 0
130000, 219906, 1, 0, 0
130000, 398927, 0, 0, 0
131000, 413075, 0, 0, 0
131000, 235705, 1, 0, 0
132000, 413710, 0, 0, 0
132000, 232688, 1, 0, 0
133000, 421285, 0, 0, 0
133000, 244177, 1, 0, 0
134001, 221453, 1, 0, 0
134001, 401216, 0, 0, 0
135000, 424922, 0, 0, 0
135000, 246946, 1, 0, 0
136000, 416121, 0, 0, 0
136000, 236919, 1, 0, 0
137000, 397726, 0, 0, 0
137000, 209259, 1, 0, 0
138000, 409041, 0, 0, 0
138000, 229732, 1, 0, 0
139000, 412095, 0, 0, 0
139000, 235685, 1, 0, 0
140000, 396124, 0, 0, 0
140000, 216528, 1, 0, 0
141000, 399552, 0, 0, 0
141000, 214528, 1, 0, 0
142000, 419960, 0, 0, 0
142000, 237687, 1, 0, 0
143000, 429275, 0, 0, 0
143000, 255338, 1, 0, 0
144000, 448238, 0, 0, 0
144000, 271428, 1, 0, 0
145000, 495117, 0, 0, 0
145000, 296177, 1, 0, 0
146000, 297084, 1, 0, 0
146000, 499660, 0, 0, 0
147000, 319020, 1, 0, 0
147000, 523103, 0, 0, 0
148000, 512622, 0, 0, 0
148000, 314683, 1, 0, 0
149000, 520620, 0, 0, 0
149000, 334268, 1, 0, 0
150000, 507833, 0, 0, 0
150000, 319828, 1, 0, 0
151000, 515274, 0, 0, 0
151000, 327035, 1, 0, 0
152003, 487858, 0, 0, 0
152003, 295411, 1, 0, 0
153000, 524920, 0, 0, 0
153000, 335390, 1, 0, 0
154000, 364808, 1, 0, 0
154000, 605511, 0, 0, 0
155000, 533535, 0, 0, 0
155000, 317858, 1, 0, 0
156000, 587547, 0, 0, 0
156000, 377067, 1, 0, 0
157000, 339759, 1, 0, 0
157000, 550073, 0, 0, 0
158000, 571228, 0, 0, 0
158000, 370293, 1, 0, 0
159000, 518637, 0, 0, 0
159000, 316677, 1, 0, 0
160000, 319557, 1, 0, 0
160000, 510030, 0, 0, 0
161000, 558259, 0, 0, 0
161000, 346092, 1, 0, 0
162000, 513607, 0, 0, 0
162000, 311118, 1, 0, 0
163000, 543924, 0, 0, 0
163000, 317534, 1, 0, 0
164000, 561978, 0, 0, 0
164000, 342510, 1, 0, 0
165002, 513550, 0, 0, 0
165002, 304856, 1, 0, 0
166000, 500782, 0, 0, 0
166000, 310035, 1, 0, 0
167001, 578634, 0, 0, 0
167001, 343984, 1, 0, 0
168000, 298928, 1, 0, 0
168000, 496789, 0, 0, 0
169000, 343658, 1, 0, 0
169000, 553899, 0, 0, 0
170000, 520079, 0, 0, 0
170000, 318925, 1, 0, 0
171000, 553388, 0, 0, 0
171000, 333930, 1, 0, 0
172000, 595602, 0, 0, 0
172000, 383272, 1, 0, 0
173000, 316792, 1, 0, 0
173000, 518584, 0, 0, 0
174003, 508803, 0, 0, 0
174003, 325637, 1, 0, 0
175000, 539057, 0, 0, 0
175000, 342215, 1, 0, 0
176001, 344938, 1, 0, 0
176001, 550815, 0, 0, 0
177000, 572274, 0, 0, 0
177000, 354086, 1, 0, 0
178000, 334742, 1, 0, 0
178000, 514665, 0, 0, 0
179000, 491923, 0, 0, 0
179000, 306587, 1, 0, 0
180000, 522180, 0, 0, 0
180000, 319880, 1, 0, 0
180000, 457794, 0, 0, 0
180000, 373940, 1, 0, 0
