1002, 102566, 0, 0, 0
1002, 43896, 1, 0, 0
2001, 104660, 0, 0, 0
2001, 45049, 1, 0, 0
3007, 107677, 0, 0, 0
3007, 45241, 1, 0, 0
4007, 118476, 0, 0, 0
4007, 51208, 1, 0, 0
5009, 114962, 0, 0, 0
5009, 49105, 1, 0, 0
6011, 100135, 0, 0, 0
6011, 43288, 1, 0, 0
7011, 101712, 0, 0, 0
7011, 44256, 1, 0, 0
8012, 85782, 0, 0, 0
8012, 37338, 1, 0, 0
9013, 98469, 0, 0, 0
9013, 41842, 1, 0, 0
10014, 102668, 0, 0, 0
10014, 44216, 1, 0, 0
11015, 96404, 0, 0, 0
11015, 41912, 1, 0, 0
12015, 99772, 0, 0, 0
12015, 42092, 1, 0, 0
13015, 106068, 0, 0, 0
13015, 45976, 1, 0, 0
14016, 119712, 0, 0, 0
14016, 52052, 1, 0, 0
15016, 116252, 0, 0, 0
15016, 49412, 1, 0, 0
16017, 114705, 0, 0, 0
16017, 49034, 1, 0, 0
17018, 114541, 0, 0, 0
17018, 48395, 1, 0, 0
18018, 97868, 0, 0, 0
18018, 41980, 1, 0, 0
19019, 101194, 0, 0, 0
19019, 43496, 1, 0, 0
20019, 107244, 0, 0, 0
20019, 46228, 1, 0, 0
21020, 105360, 0, 0, 0
21020, 46108, 1, 0, 0
22020, 120588, 0, 0, 0
22020, 52040, 1, 0, 0
23021, 126972, 0, 0, 0
23021, 54020, 1, 0, 0
24022, 85688, 0, 0, 0
24022, 35696, 1, 0, 0
25022, 92964, 0, 0, 0
25022, 39568, 1, 0, 0
26023, 96707, 0, 0, 0
26023, 41178, 1, 0, 0
27023, 88596, 0, 0, 0
27023, 38440, 1, 0, 0
28024, 82976, 0, 0, 0
28024, 34832, 1, 0, 0
29025, 76027, 0, 0, 0
29025, 32739, 1, 0, 0
30026, 71368, 0, 0, 0
30026, 30684, 1, 0, 0
31026, 64344, 0, 0, 0
31026, 27364, 1, 0, 0
32027, 81958, 0, 0, 0
32027, 34989, 1, 0, 0
33028, 81162, 0, 0, 0
33028, 34917, 1, 0, 0
34029, 100287, 0, 0, 0
34029, 42957, 1, 0, 0
35030, 94028, 0, 0, 0
35030, 40144, 1, 0, 0
36030, 97340, 0, 0, 0
36030, 42752, 1, 0, 0
37031, 97758, 0, 0, 0
37031, 41878, 1, 0, 0
38032, 78680, 0, 0, 0
38032, 33464, 1, 0, 0
39033, 74793, 0, 0, 0
39033, 32351, 1, 0, 0
40034, 56304, 0, 0, 0
40034, 23560, 1, 0, 0
41061, 34893, 0, 0, 0
41061, 14687, 1, 0, 0
42936, 48430, 0, 0, 0
42936, 20712, 1, 0, 0
43937, 62932, 0, 0, 0
43937, 26880, 1, 0, 0
44936, 69529, 0, 0, 0
44936, 29509, 1, 0, 0
45936, 57340, 0, 0, 0
45936, 24140, 1, 0, 0
46936, 66338, 0, 0, 0
46936, 28708, 1, 0, 0
47936, 60588, 0, 0, 0
47936, 26344, 1, 0, 0
48936, 64244, 0, 0, 0
48936, 27496, 1, 0, 0
49936, 74354, 0, 0, 0
49936, 31987, 1, 0, 0
50936, 70384, 0, 0, 0
50936, 30648, 1, 0, 0
51936, 55380, 0, 0, 0
51936, 23736, 1, 0, 0
52936, 55307, 0, 0, 0
52936, 23471, 1, 0, 0
53936, 59992, 0, 0, 0
53936, 26136, 1, 0, 0
54936, 57336, 0, 0, 0
54936, 24468, 1, 0, 0
55937, 47196, 0, 0, 0
55937, 19716, 1, 0, 0
56938, 55696, 0, 0, 0
56938, 24255, 1, 0, 0
57939, 66285, 0, 0, 0
57939, 28099, 1, 0, 0
58939, 74564, 0, 0, 0
58939, 31928, 1, 0, 0
59939, 66656, 0, 0, 0
59939, 28688, 1, 0, 0
60940, 70812, 0, 0, 0
60940, 30472, 1, 0, 0
61941, 63304, 0, 0, 0
61941, 27472, 1, 0, 0
62941, 57260, 0, 0, 0
62941, 25176, 1, 0, 0
63942, 67736, 0, 0, 0
63942, 29272, 1, 0, 0
64942, 62324, 0, 0, 0
64942, 26672, 1, 0, 0
65944, 53906, 0, 0, 0
65944, 23344, 1, 0, 0
66944, 70696, 0, 0, 0
66944, 30592, 1, 0, 0
67945, 59452, 0, 0, 0
67945, 25262, 1, 0, 0
68945, 57660, 0, 0, 0
68945, 24228, 1, 0, 0
69946, 54081, 0, 0, 0
69946, 22569, 1, 0, 0
70947, 83588, 0, 0, 0
70947, 35976, 1, 0, 0
71947, 68440, 0, 0, 0
71947, 29332, 1, 0, 0
72948, 87732, 0, 0, 0
72948, 38073, 1, 0, 0
73950, 72279, 0, 0, 0
73950, 31816, 1, 0, 0
74950, 76124, 0, 0, 0
74950, 32824, 1, 0, 0
75951, 82873, 0, 0, 0
75951, 35352, 1, 0, 0
76953, 69666, 0, 0, 0
76953, 29582, 1, 0, 0
77954, 59324, 0, 0, 0
77954, 25722, 1, 0, 0
78954, 78348, 0, 0, 0
78954, 33632, 1, 0, 0
79956, 104927, 0, 0, 0
79956, 44887, 1, 0, 0
80956, 106976, 0, 0, 0
80956, 45556, 1, 0, 0
81957, 75220, 0, 0, 0
81957, 31772, 1, 0, 0
82957, 63132, 0, 0, 0
82957, 26876, 1, 0, 0
83958, 106288, 0, 0, 0
83958, 45356, 1, 0, 0
84959, 101084, 0, 0, 0
84959, 42908, 1, 0, 0
85960, 72504, 0, 0, 0
85960, 31524, 1, 0, 0
86961, 86545, 0, 0, 0
86961, 37302, 1, 0, 0
87961, 92544, 0, 0, 0
87961, 39704, 1, 0, 0
88962, 102205, 0, 0, 0
88962, 43144, 1, 0, 0
89963, 119348, 0, 0, 0
89963, 51100, 1, 0, 0
90963, 123248, 0, 0, 0
90963, 52412, 1, 0, 0
91964, 106768, 0, 0, 0
91964, 45724, 1, 0, 0
92964, 107508, 0, 0, 0
92964, 45856, 1, 0, 0
93964, 87908, 0, 0, 0
93964, 37892, 1, 0, 0
94965, 72488, 0, 0, 0
94965, 31128, 1, 0, 0
95965, 84892, 0, 0, 0
95965, 36344, 1, 0, 0
96965, 87804, 0, 0, 0
96965, 38460, 1, 0, 0
97966, 88399, 0, 0, 0
97966, 37950, 1, 0, 0
98967, 90520, 0, 0, 0
98967, 38768, 1, 0, 0
99967, 88484, 0, 0, 0
99967, 37336, 1, 0, 0
100967, 90272, 0, 0, 0
100967, 38736, 1, 0, 0
101968, 85596, 0, 0, 0
101968, 37308, 1, 0, 0
102968, 90896, 0, 0, 0
102968, 39284, 1, 0, 0
103969, 86764, 0, 0, 0
103969, 36908, 1, 0, 0
104970, 87008, 0, 0, 0
104970, 37770, 1, 0, 0
105971, 94200, 0, 0, 0
105971, 40492, 1, 0, 0
106972, 88596, 0, 0, 0
106972, 38888, 1, 0, 0
107972, 87216, 0, 0, 0
107972, 37092, 1, 0, 0
108972, 93436, 0, 0, 0
108972, 39272, 1, 0, 0
109972, 92732, 0, 0, 0
109972, 39400, 1, 0, 0
110973, 89836, 0, 0, 0
110973, 38504, 1, 0, 0
111973, 86744, 0, 0, 0
111973, 37632, 1, 0, 0
112973, 91112, 0, 0, 0
112973, 39096, 1, 0, 0
113973, 86116, 0, 0, 0
113973, 36684, 1, 0, 0
114973, 84304, 0, 0, 0
114973, 35500, 1, 0, 0
115974, 77988, 0, 0, 0
115974, 33624, 1, 0, 0
116975, 83464, 0, 0, 0
116975, 36100, 1, 0, 0
117975, 84216, 0, 0, 0
117975, 36080, 1, 0, 0
118976, 85048, 0, 0, 0
118976, 36076, 1, 0, 0
119976, 91012, 0, 0, 0
119976, 39472, 1, 0, 0
120977, 87620, 0, 0, 0
120977, 37476, 1, 0, 0
121978, 98732, 0, 0, 0
121978, 42148, 1, 0, 0
122978, 88388, 0, 0, 0
122978, 37676, 1, 0, 0
123979, 86008, 0, 0, 0
123979, 36152, 1, 0, 0
124979, 94928, 0, 0, 0
124979, 40996, 1, 0, 0
125980, 94352, 0, 0, 0
125980, 40124, 1, 0, 0
126981, 90052, 0, 0, 0
126981, 37948, 1, 0, 0
127981, 89404, 0, 0, 0
127981, 38144, 1, 0, 0
128981, 90220, 0, 0, 0
128981, 38968, 1, 0, 0
129982, 93312, 0, 0, 0
129982, 40144, 1, 0, 0
130982, 88216, 0, 0, 0
130982, 37704, 1, 0, 0
131983, 88164, 0, 0, 0
131983, 38116, 1, 0, 0
132983, 86660, 0, 0, 0
132983, 35696, 1, 0, 0
133985, 93422, 0, 0, 0
133985, 39252, 1, 0, 0
134986, 84171, 0, 0, 0
134986, 36211, 1, 0, 0
135986, 86872, 0, 0, 0
135986, 37844, 1, 0, 0
136987, 95936, 0, 0, 0
136987, 41088, 1, 0, 0
137987, 89572, 0, 0, 0
137987, 39084, 1, 0, 0
138987, 88240, 0, 0, 0
138987, 37660, 1, 0, 0
139988, 94532, 0, 0, 0
139988, 40252, 1, 0, 0
140988, 93856, 0, 0, 0
140988, 41408, 1, 0, 0
141989, 87076, 0, 0, 0
141989, 36904, 1, 0, 0
142989, 82812, 0, 0, 0
142989, 36312, 1, 0, 0
143990, 78100, 0, 0, 0
143990, 33536, 1, 0, 0
144990, 70044, 0, 0, 0
144990, 29856, 1, 0, 0
145990, 71552, 0, 0, 0
145990, 30356, 1, 0, 0
146990, 64888, 0, 0, 0
146990, 27740, 1, 0, 0
147990, 67572, 0, 0, 0
147990, 29012, 1, 0, 0
148991, 66064, 0, 0, 0
148991, 28476, 1, 0, 0
149992, 68511, 0, 0, 0
149992, 30025, 1, 0, 0
150992, 65900, 0, 0, 0
150992, 28640, 1, 0, 0
151993, 71276, 0, 0, 0
151993, 30376, 1, 0, 0
152993, 64564, 0, 0, 0
152993, 27392, 1, 0, 0
153994, 57394, 0, 0, 0
153994, 24823, 1, 0, 0
154995, 66076, 0, 0, 0
154995, 27652, 1, 0, 0
155996, 58345, 0, 0, 0
155996, 25662, 1, 0, 0
156996, 63196, 0, 0, 0
156996, 27608, 1, 0, 0
157998, 60495, 0, 0, 0
157998, 25610, 1, 0, 0
158998, 67520, 0, 0, 0
158998, 29412, 1, 0, 0
160000, 68435, 0, 0, 0
160000, 29170, 1, 0, 0
161000, 63532, 0, 0, 0
161000, 26840, 1, 0, 0
162000, 68900, 0, 0, 0
162000, 28748, 1, 0, 0
163000, 65580, 0, 0, 0
163000, 28064, 1, 0, 0
164000, 61292, 0, 0, 0
164000, 26676, 1, 0, 0
165000, 68572, 0, 0, 0
165000, 29664, 1, 0, 0
166000, 69612, 0, 0, 0
166000, 29944, 1, 0, 0
167025, 58445, 0, 0, 0
167025, 25050, 1, 0, 0
168069, 69153, 0, 0, 0
168069, 30153, 1, 0, 0
169070, 63620, 0, 0, 0
169070, 27040, 1, 0, 0
170070, 67236, 0, 0, 0
170070, 28748, 1, 0, 0
171070, 60660, 0, 0, 0
171070, 25848, 1, 0, 0
172072, 58797, 0, 0, 0
172072, 25482, 1, 0, 0
173072, 68716, 0, 0, 0
173072, 29388, 1, 0, 0
174072, 68920, 0, 0, 0
174072, 28964, 1, 0, 0
175073, 64243, 0, 0, 0
175073, 27268, 1, 0, 0
176074, 61764, 0, 0, 0
176074, 26444, 1, 0, 0
177075, 60020, 0, 0, 0
177075, 25560, 1, 0, 0
178075, 68824, 0, 0, 0
178075, 30528, 1, 0, 0
179076, 70260, 0, 0, 0
179076, 30528, 1, 0, 0
180076, 60192, 0, 0, 0
180076, 25180, 1, 0, 0
