1000, 445015, 1, 0, 0
2000, 560039, 1, 0, 0
3002, 711894, 1, 0, 0
4000, 712058, 1, 0, 0
5000, 475958, 1, 0, 0
6000, 491911, 1, 0, 0
7000, 476939, 1, 0, 0
8000, 441399, 1, 0, 0
9000, 431564, 1, 0, 0
10000, 422837, 1, 0, 0
11000, 491990, 1, 0, 0
12000, 492897, 1, 0, 0
13000, 521500, 1, 0, 0
14000, 484354, 1, 0, 0
15000, 465589, 1, 0, 0
16000, 406260, 1, 0, 0
17000, 436534, 1, 0, 0
18002, 597217, 1, 0, 0
19000, 755631, 1, 0, 0
20001, 701389, 1, 0, 0
21001, 884752, 1, 0, 0
22000, 752703, 1, 0, 0
23000, 905069, 1, 0, 0
24000, 705660, 1, 0, 0
25001, 658051, 1, 0, 0
26000, 667066, 1, 0, 0
27000, 516197, 1, 0, 0
28000, 398621, 1, 0, 0
29000, 393627, 1, 0, 0
30000, 403277, 1, 0, 0
31000, 406414, 1, 0, 0
32000, 393807, 1, 0, 0
33000, 398627, 1, 0, 0
34000, 433604, 1, 0, 0
35000, 414001, 1, 0, 0
36000, 397563, 1, 0, 0
37000, 410748, 1, 0, 0
38000, 405642, 1, 0, 0
39001, 407338, 1, 0, 0
40000, 407060, 1, 0, 0
41001, 405971, 1, 0, 0
42000, 412548, 1, 0, 0
43000, 410552, 1, 0, 0
44000, 399962, 1, 0, 0
45000, 409167, 1, 0, 0
46000, 401754, 1, 0, 0
47000, 398986, 1, 0, 0
48000, 406627, 1, 0, 0
49000, 411148, 1, 0, 0
50000, 417864, 1, 0, 0
51001, 433185, 1, 0, 0
52000, 486776, 1, 0, 0
53000, 481325, 1, 0, 0
54000, 461873, 1, 0, 0
55000, 452206, 1, 0, 0
56000, 405796, 1, 0, 0
57000, 406456, 1, 0, 0
58000, 412309, 1, 0, 0
59000, 408193, 1, 0, 0
60000, 416744, 1, 0, 0
61000, 414474, 1, 0, 0
62000, 425337, 1, 0, 0
63000, 438165, 1, 0, 0
64000, 410881, 1, 0, 0
65000, 397984, 1, 0, 0
66000, 406236, 1, 0, 0
67000, 407189, 1, 0, 0
68000, 411735, 1, 0, 0
69000, 401204, 1, 0, 0
70000, 418743, 1, 0, 0
71000, 405318, 1, 0, 0
72000, 431915, 1, 0, 0
73000, 449485, 1, 0, 0
74000, 409431, 1, 0, 0
75000, 413194, 1, 0, 0
76000, 414417, 1, 0, 0
77000, 423768, 1, 0, 0
78000, 416197, 1, 0, 0
79000, 438975, 1, 0, 0
80000, 491714, 1, 0, 0
81000, 517281, 1, 0, 0
82000, 508746, 1, 0, 0
83000, 462052, 1, 0, 0
84000, 413895, 1, 0, 0
85000, 406977, 1, 0, 0
86000, 405036, 1, 0, 0
87000, 406061, 1, 0, 0
88000, 400238, 1, 0, 0
89000, 403732, 1, 0, 0
90000, 403280, 1, 0, 0
91000, 404210, 1, 0, 0
92000, 413904, 1, 0, 0
93000, 402729, 1, 0, 0
94000, 412547, 1, 0, 0
95000, 412668, 1, 0, 0
96000, 404574, 1, 0, 0
97000, 404888, 1, 0, 0
98000, 415146, 1, 0, 0
99000, 400599, 1, 0, 0
100000, 406455, 1, 0, 0
101000, 407815, 1, 0, 0
102000, 403244, 1, 0, 0
103000, 404838, 1, 0, 0
104000, 407966, 1, 0, 0
105000, 408634, 1, 0, 0
106000, 404081, 1, 0, 0
107000, 424035, 1, 0, 0
108000, 418006, 1, 0, 0
109000, 406267, 1, 0, 0
110000, 420492, 1, 0, 0
111000, 426143, 1, 0, 0
112000, 467466, 1, 0, 0
113000, 456798, 1, 0, 0
114000, 457048, 1, 0, 0
115000, 460983, 1, 0, 0
116000, 407495, 1, 0, 0
117000, 406683, 1, 0, 0
118000, 408659, 1, 0, 0
119000, 399636, 1, 0, 0
120000, 411369, 1, 0, 0
121000, 410998, 1, 0, 0
122000, 430767, 1, 0, 0
123000, 418547, 1, 0, 0
124000, 424250, 1, 0, 0
125000, 464974, 1, 0, 0
126000, 390550, 1, 0, 0
127000, 399933, 1, 0, 0
128000, 401838, 1, 0, 0
129000, 398248, 1, 0, 0
130000, 398762, 1, 0, 0
131000, 398062, 1, 0, 0
132000, 403200, 1, 0, 0
133000, 396608, 1, 0, 0
134000, 396202, 1, 0, 0
135000, 405833, 1, 0, 0
136000, 397001, 1, 0, 0
137000, 397793, 1, 0, 0
138000, 410586, 1, 0, 0
139000, 402512, 1, 0, 0
140000, 412899, 1, 0, 0
141000, 431814, 1, 0, 0
142000, 411746, 1, 0, 0
143000, 405015, 1, 0, 0
144000, 408531, 1, 0, 0
145000, 412084, 1, 0, 0
146000, 413308, 1, 0, 0
147000, 412075, 1, 0, 0
148000, 405754, 1, 0, 0
149000, 414824, 1, 0, 0
150000, 414790, 1, 0, 0
151000, 412017, 1, 0, 0
152000, 409826, 1, 0, 0
153000, 408138, 1, 0, 0
154000, 403589, 1, 0, 0
155000, 409823, 1, 0, 0
156000, 405096, 1, 0, 0
157000, 412307, 1, 0, 0
158000, 409283, 1, 0, 0
159000, 409686, 1, 0, 0
160000, 411864, 1, 0, 0
161000, 404222, 1, 0, 0
162000, 412488, 1, 0, 0
163000, 411006, 1, 0, 0
164000, 413939, 1, 0, 0
165000, 403384, 1, 0, 0
166000, 409844, 1, 0, 0
167000, 406373, 1, 0, 0
168000, 400220, 1, 0, 0
169000, 404932, 1, 0, 0
170000, 414642, 1, 0, 0
171000, 424068, 1, 0, 0
172000, 461669, 1, 0, 0
173000, 458099, 1, 0, 0
174000, 452218, 1, 0, 0
175000, 457208, 1, 0, 0
176000, 411369, 1, 0, 0
177000, 406685, 1, 0, 0
178000, 403660, 1, 0, 0
179000, 410165, 1, 0, 0
180000, 403468, 1, 0, 0
181000, 413047, 1, 0, 0
182000, 421007, 1, 0, 0
183000, 418449, 1, 0, 0
184000, 405026, 1, 0, 0
185000, 408108, 1, 0, 0
186000, 400291, 1, 0, 0
187000, 400831, 1, 0, 0
188000, 412800, 1, 0, 0
189000, 412328, 1, 0, 0
190000, 401464, 1, 0, 0
191000, 411491, 1, 0, 0
192000, 404464, 1, 0, 0
193000, 412125, 1, 0, 0
194000, 400529, 1, 0, 0
195000, 404127, 1, 0, 0
196000, 404514, 1, 0, 0
197000, 408278, 1, 0, 0
198000, 405183, 1, 0, 0
199000, 403808, 1, 0, 0
200000, 411840, 1, 0, 0
201000, 423790, 1, 0, 0
202000, 411418, 1, 0, 0
203000, 405487, 1, 0, 0
204000, 402254, 1, 0, 0
205000, 412115, 1, 0, 0
206000, 393240, 1, 0, 0
207000, 397021, 1, 0, 0
208000, 404978, 1, 0, 0
209000, 407414, 1, 0, 0
210000, 388002, 1, 0, 0
211000, 402320, 1, 0, 0
212000, 414008, 1, 0, 0
213000, 418229, 1, 0, 0
214000, 420280, 1, 0, 0
215000, 401621, 1, 0, 0
216000, 410193, 1, 0, 0
217000, 402547, 1, 0, 0
218000, 404878, 1, 0, 0
219000, 402623, 1, 0, 0
220000, 399619, 1, 0, 0
221000, 417872, 1, 0, 0
222000, 406668, 1, 0, 0
223000, 398713, 1, 0, 0
224000, 398184, 1, 0, 0
225000, 400028, 1, 0, 0
226000, 413603, 1, 0, 0
227000, 419967, 1, 0, 0
228000, 399822, 1, 0, 0
229000, 398614, 1, 0, 0
230000, 411968, 1, 0, 0
231000, 420727, 1, 0, 0
232000, 453611, 1, 0, 0
233000, 449546, 1, 0, 0
234000, 446361, 1, 0, 0
235000, 443801, 1, 0, 0
236000, 400365, 1, 0, 0
237000, 398929, 1, 0, 0
238000, 409503, 1, 0, 0
239000, 406803, 1, 0, 0
240000, 399295, 1, 0, 0
241000, 405341, 1, 0, 0
242000, 426952, 1, 0, 0
243000, 418138, 1, 0, 0
244000, 402196, 1, 0, 0
245000, 392468, 1, 0, 0
246000, 401995, 1, 0, 0
247000, 397078, 1, 0, 0
248000, 397282, 1, 0, 0
249000, 413162, 1, 0, 0
250000, 406921, 1, 0, 0
251000, 399727, 1, 0, 0
252000, 398929, 1, 0, 0
253000, 404401, 1, 0, 0
254000, 400077, 1, 0, 0
255000, 401855, 1, 0, 0
256000, 403899, 1, 0, 0
257000, 400022, 1, 0, 0
258000, 405153, 1, 0, 0
259000, 401712, 1, 0, 0
260000, 409378, 1, 0, 0
261000, 412879, 1, 0, 0
262000, 405669, 1, 0, 0
263000, 400288, 1, 0, 0
264000, 396127, 1, 0, 0
265000, 410151, 1, 0, 0
266000, 398133, 1, 0, 0
267000, 399026, 1, 0, 0
268000, 403151, 1, 0, 0
269000, 410155, 1, 0, 0
270000, 401666, 1, 0, 0
271000, 396738, 1, 0, 0
272000, 404454, 1, 0, 0
273000, 407660, 1, 0, 0
274000, 404505, 1, 0, 0
275000, 392066, 1, 0, 0
276000, 400447, 1, 0, 0
277000, 394405, 1, 0, 0
278000, 396825, 1, 0, 0
279000, 410855, 1, 0, 0
280000, 400438, 1, 0, 0
281000, 397801, 1, 0, 0
282000, 402892, 1, 0, 0
283000, 401089, 1, 0, 0
284000, 402379, 1, 0, 0
285000, 400907, 1, 0, 0
286000, 395606, 1, 0, 0
287000, 409204, 1, 0, 0
288000, 405707, 1, 0, 0
289000, 402608, 1, 0, 0
290000, 404972, 1, 0, 0
291000, 423320, 1, 0, 0
292000, 470780, 1, 0, 0
293000, 452769, 1, 0, 0
294000, 458196, 1, 0, 0
295000, 458753, 1, 0, 0
296000, 401737, 1, 0, 0
297000, 432316, 1, 0, 0
298000, 407015, 1, 0, 0
299000, 413856, 1, 0, 0
300000, 401611, 1, 0, 0
300000, 212126, 1, 0, 0
