1001, 145990, 1, 0, 0
2001, 118750, 1, 0, 0
3107, 85136, 1, 0, 0
4108, 104595, 1, 0, 0
5109, 137626, 1, 0, 0
6110, 131144, 1, 0, 0
7111, 139324, 1, 0, 0
8112, 147080, 1, 0, 0
9112, 154116, 1, 0, 0
10112, 156692, 1, 0, 0
11113, 128507, 1, 0, 0
12114, 131944, 1, 0, 0
13115, 125120, 1, 0, 0
14115, 136948, 1, 0, 0
15116, 144824, 1, 0, 0
16116, 161320, 1, 0, 0
17118, 150381, 1, 0, 0
18181, 91872, 1, 0, 0
19180, 106750, 1, 0, 0
20181, 86416, 1, 0, 0
21181, 74264, 1, 0, 0
22181, 89356, 1, 0, 0
23181, 69748, 1, 0, 0
24180, 92984, 1, 0, 0
25181, 99416, 1, 0, 0
26181, 97124, 1, 0, 0
27181, 137876, 1, 0, 0
28180, 166502, 1, 0, 0
29181, 165116, 1, 0, 0
30181, 167028, 1, 0, 0
31181, 162574, 1, 0, 0
32181, 165852, 1, 0, 0
33181, 166860, 1, 0, 0
34181, 149981, 1, 0, 0
35181, 160724, 1, 0, 0
36181, 164460, 1, 0, 0
37181, 160448, 1, 0, 0
38181, 162072, 1, 0, 0
39181, 160636, 1, 0, 0
40181, 164180, 1, 0, 0
41181, 159524, 1, 0, 0
42181, 160256, 1, 0, 0
43181, 160288, 1, 0, 0
44181, 164932, 1, 0, 0
45181, 160476, 1, 0, 0
46182, 164144, 1, 0, 0
47181, 164948, 1, 0, 0
48182, 162196, 1, 0, 0
49181, 159963, 1, 0, 0
50181, 154196, 1, 0, 0
51181, 147208, 1, 0, 0
52181, 134864, 1, 0, 0
53182, 136892, 1, 0, 0
54181, 138418, 1, 0, 0
55182, 149760, 1, 0, 0
56181, 162190, 1, 0, 0
57182, 161240, 1, 0, 0
58182, 160124, 1, 0, 0
59181, 159991, 1, 0, 0
60182, 158792, 1, 0, 0
61181, 158262, 1, 0, 0
62181, 150588, 1, 0, 0
63182, 151992, 1, 0, 0
64182, 161213, 1, 0, 0
65182, 165728, 1, 0, 0
66181, 162226, 1, 0, 0
67181, 160368, 1, 0, 0
68181, 161209, 1, 0, 0
69182, 161872, 1, 0, 0
70182, 159456, 1, 0, 0
71182, 161112, 1, 0, 0
72182, 147227, 1, 0, 0
73181, 159179, 1, 0, 0
74182, 161056, 1, 0, 0
75182, 158496, 1, 0, 0
76182, 160316, 1, 0, 0
77182, 154000, 1, 0, 0
78182, 153260, 1, 0, 0
79182, 146372, 1, 0, 0
80182, 128640, 1, 0, 0
81182, 124552, 1, 0, 0
82182, 132152, 1, 0, 0
83182, 143476, 1, 0, 0
84182, 160416, 1, 0, 0
85183, 161788, 1, 0, 0
86182, 162278, 1, 0, 0
87182, 162240, 1, 0, 0
88182, 163619, 1, 0, 0
89182, 163860, 1, 0, 0
90182, 163052, 1, 0, 0
91182, 161320, 1, 0, 0
92182, 158454, 1, 0, 0
93183, 163512, 1, 0, 0
94182, 159491, 1, 0, 0
95182, 158580, 1, 0, 0
96183, 161846, 1, 0, 0
97183, 162794, 1, 0, 0
98182, 158086, 1, 0, 0
99183, 164395, 1, 0, 0
100182, 161821, 1, 0, 0
101183, 162488, 1, 0, 0
102183, 160608, 1, 0, 0
103183, 162646, 1, 0, 0
104183, 161928, 1, 0, 0
105183, 160464, 1, 0, 0
106183, 162684, 1, 0, 0
107183, 156856, 1, 0, 0
108183, 156592, 1, 0, 0
109183, 162124, 1, 0, 0
110183, 154634, 1, 0, 0
111183, 150220, 1, 0, 0
112183, 141497, 1, 0, 0
113182, 142746, 1, 0, 0
114182, 140596, 1, 0, 0
115183, 146224, 1, 0, 0
116183, 159880, 1, 0, 0
117183, 163316, 1, 0, 0
118183, 160828, 1, 0, 0
119183, 163107, 1, 0, 0
120183, 160536, 1, 0, 0
121183, 159924, 1, 0, 0
122183, 151744, 1, 0, 0
123183, 158812, 1, 0, 0
124183, 154598, 1, 0, 0
125183, 146328, 1, 0, 0
126184, 169588, 1, 0, 0
127184, 162984, 1, 0, 0
128182, 166264, 1, 0, 0
129183, 166304, 1, 0, 0
130183, 163612, 1, 0, 0
131183, 162778, 1, 0, 0
132183, 165588, 1, 0, 0
133184, 166813, 1, 0, 0
134183, 164504, 1, 0, 0
135184, 163324, 1, 0, 0
136183, 166922, 1, 0, 0
137184, 163952, 1, 0, 0
138183, 161397, 1, 0, 0
139184, 163368, 1, 0, 0
140184, 156616, 1, 0, 0
141184, 153824, 1, 0, 0
142184, 159740, 1, 0, 0
143184, 162420, 1, 0, 0
144184, 160672, 1, 0, 0
145184, 161089, 1, 0, 0
146184, 158798, 1, 0, 0
147184, 161580, 1, 0, 0
148184, 161441, 1, 0, 0
149184, 157320, 1, 0, 0
150183, 158498, 1, 0, 0
151184, 160944, 1, 0, 0
152184, 161576, 1, 0, 0
153184, 162230, 1, 0, 0
154183, 162482, 1, 0, 0
155184, 161158, 1, 0, 0
156184, 161889, 1, 0, 0
157183, 159431, 1, 0, 0
158184, 162932, 1, 0, 0
159184, 158752, 1, 0, 0
160185, 161132, 1, 0, 0
161184, 162790, 1, 0, 0
162184, 160528, 1, 0, 0
163185, 159920, 1, 0, 0
164185, 160828, 1, 0, 0
165184, 160644, 1, 0, 0
166184, 162566, 1, 0, 0
167184, 163008, 1, 0, 0
168184, 164000, 1, 0, 0
169184, 163072, 1, 0, 0
170184, 155099, 1, 0, 0
171184, 153921, 1, 0, 0
172184, 141932, 1, 0, 0
173185, 143200, 1, 0, 0
174184, 143159, 1, 0, 0
175185, 146752, 1, 0, 0
176184, 160140, 1, 0, 0
177184, 161140, 1, 0, 0
178184, 164456, 1, 0, 0
179184, 160344, 1, 0, 0
180185, 162212, 1, 0, 0
181185, 161020, 1, 0, 0
182185, 154390, 1, 0, 0
183185, 158754, 1, 0, 0
184185, 164172, 1, 0, 0
185185, 160260, 1, 0, 0
186185, 165709, 1, 0, 0
187185, 161444, 1, 0, 0
188185, 161029, 1, 0, 0
189185, 160412, 1, 0, 0
190184, 164196, 1, 0, 0
191185, 160299, 1, 0, 0
192185, 160264, 1, 0, 0
193185, 161496, 1, 0, 0
194185, 164196, 1, 0, 0
195185, 163136, 1, 0, 0
196185, 162706, 1, 0, 0
197184, 162614, 1, 0, 0
198184, 162084, 1, 0, 0
199185, 162360, 1, 0, 0
200185, 158784, 1, 0, 0
201185, 155796, 1, 0, 0
202185, 160820, 1, 0, 0
203185, 163180, 1, 0, 0
204185, 162044, 1, 0, 0
205185, 160004, 1, 0, 0
206185, 169764, 1, 0, 0
207185, 165228, 1, 0, 0
208185, 161529, 1, 0, 0
209185, 163620, 1, 0, 0
210185, 168580, 1, 0, 0
211185, 162454, 1, 0, 0
212185, 159516, 1, 0, 0
213185, 156252, 1, 0, 0
214185, 157845, 1, 0, 0
215185, 164748, 1, 0, 0
216185, 162314, 1, 0, 0
217185, 163204, 1, 0, 0
218185, 161968, 1, 0, 0
219185, 163587, 1, 0, 0
220185, 164296, 1, 0, 0
221185, 157052, 1, 0, 0
222185, 163416, 1, 0, 0
223185, 165272, 1, 0, 0
224185, 165553, 1, 0, 0
225186, 162980, 1, 0, 0
226185, 159031, 1, 0, 0
227186, 159004, 1, 0, 0
228185, 164076, 1, 0, 0
229185, 166084, 1, 0, 0
230185, 156376, 1, 0, 0
231186, 156248, 1, 0, 0
232186, 144052, 1, 0, 0
233185, 145893, 1, 0, 0
234186, 145186, 1, 0, 0
235185, 151727, 1, 0, 0
236185, 161800, 1, 0, 0
237185, 165880, 1, 0, 0
238186, 161528, 1, 0, 0
239186, 163236, 1, 0, 0
240186, 164000, 1, 0, 0
241186, 163004, 1, 0, 0
242186, 152528, 1, 0, 0
243186, 157657, 1, 0, 0
244185, 166050, 1, 0, 0
245185, 166632, 1, 0, 0
246185, 163668, 1, 0, 0
247185, 165732, 1, 0, 0
248186, 164652, 1, 0, 0
249186, 159596, 1, 0, 0
250186, 162340, 1, 0, 0
251186, 164916, 1, 0, 0
252186, 164372, 1, 0, 0
253186, 164212, 1, 0, 0
254186, 163847, 1, 0, 0
255187, 163192, 1, 0, 0
256187, 164408, 1, 0, 0
257186, 162018, 1, 0, 0
258186, 164220, 1, 0, 0
259187, 164548, 1, 0, 0
260186, 158522, 1, 0, 0
261187, 161108, 1, 0, 0
262186, 162350, 1, 0, 0
263187, 163264, 1, 0, 0
264186, 166466, 1, 0, 0
265187, 162360, 1, 0, 0
266187, 165680, 1, 0, 0
267187, 162384, 1, 0, 0
268186, 163503, 1, 0, 0
269186, 161836, 1, 0, 0
270186, 164424, 1, 0, 0
271186, 164320, 1, 0, 0
272186, 165244, 1, 0, 0
273187, 160764, 1, 0, 0
274187, 163504, 1, 0, 0
275186, 168084, 1, 0, 0
276187, 164576, 1, 0, 0
277187, 167464, 1, 0, 0
278187, 165233, 1, 0, 0
279187, 159956, 1, 0, 0
280186, 165989, 1, 0, 0
281187, 165256, 1, 0, 0
282187, 164168, 1, 0, 0
283187, 165137, 1, 0, 0
284187, 163224, 1, 0, 0
285187, 163988, 1, 0, 0
286187, 165657, 1, 0, 0
287187, 163067, 1, 0, 0
288187, 160964, 1, 0, 0
289187, 164968, 1, 0, 0
290186, 159291, 1, 0, 0
291187, 152676, 1, 0, 0
292186, 139575, 1, 0, 0
293187, 145584, 1, 0, 0
294187, 139920, 1, 0, 0
295187, 146440, 1, 0, 0
296187, 164172, 1, 0, 0
297187, 154276, 1, 0, 0
298188, 160816, 1, 0, 0
299187, 160380, 1, 0, 0
300187, 133732, 1, 0, 0
