1000, 292079, 0, 0, 0
1000, 193036, 1, 0, 0
2000, 317164, 0, 0, 0
2000, 234270, 1, 0, 0
3000, 341763, 0, 0, 0
3000, 251567, 1, 0, 0
4000, 308024, 0, 0, 0
4000, 218006, 1, 0, 0
5000, 307748, 0, 0, 0
5000, 214301, 1, 0, 0
6000, 200932, 1, 0, 0
6000, 297709, 0, 0, 0
7000, 267590, 0, 0, 0
7000, 172931, 1, 0, 0
8000, 271558, 0, 0, 0
8000, 173095, 1, 0, 0
9000, 265222, 0, 0, 0
9000, 162803, 1, 0, 0
10000, 281425, 0, 0, 0
10000, 184305, 1, 0, 0
11001, 264701, 1, 0, 0
11001, 345958, 0, 0, 0
12000, 300974, 0, 0, 0
12000, 205873, 1, 0, 0
13000, 181274, 1, 0, 0
13000, 281251, 0, 0, 0
14000, 204229, 1, 0, 0
14000, 301132, 0, 0, 0
15000, 279088, 1, 0, 0
15000, 369396, 0, 0, 0
16000, 268718, 1, 0, 0
16000, 359121, 0, 0, 0
17000, 298324, 1, 0, 0
17000, 388675, 0, 0, 0
18000, 365051, 0, 0, 0
18000, 274002, 1, 0, 0
19000, 278520, 0, 0, 0
19000, 178978, 1, 0, 0
20000, 280898, 0, 0, 0
20000, 181971, 1, 0, 0
21000, 291216, 0, 0, 0
21000, 195284, 1, 0, 0
22000, 276361, 0, 0, 0
22000, 179021, 1, 0, 0
23000, 279826, 0, 0, 0
23000, 182695, 1, 0, 0
24000, 296683, 0, 0, 0
24000, 197659, 1, 0, 0
25000, 282854, 0, 0, 0
25000, 185060, 1, 0, 0
26000, 272189, 0, 0, 0
26000, 170788, 1, 0, 0
27000, 281869, 0, 0, 0
27000, 178389, 1, 0, 0
28000, 180535, 1, 0, 0
28000, 283310, 0, 0, 0
29000, 281818, 0, 0, 0
29000, 183715, 1, 0, 0
30000, 281420, 0, 0, 0
30000, 183967, 1, 0, 0
31000, 205385, 1, 0, 0
31000, 303495, 0, 0, 0
32000, 392087, 0, 0, 0
32000, 286831, 1, 0, 0
33000, 328760, 0, 0, 0
33000, 231856, 1, 0, 0
34000, 201024, 1, 0, 0
34000, 296214, 0, 0, 0
35000, 295877, 0, 0, 0
35000, 201381, 1, 0, 0
36000, 192498, 1, 0, 0
36000, 290931, 0, 0, 0
37000, 180156, 1, 0, 0
37000, 273770, 0, 0, 0
38000, 278745, 0, 0, 0
38000, 181714, 1, 0, 0
39000, 277322, 0, 0, 0
39000, 178949, 1, 0, 0
40000, 281648, 0, 0, 0
40000, 181871, 1, 0, 0
41000, 285045, 0, 0, 0
41000, 191909, 1, 0, 0
42000, 194547, 1, 0, 0
42000, 289000, 0, 0, 0
43000, 328434, 0, 0, 0
43000, 232528, 1, 0, 0
44000, 317623, 0, 0, 0
44000, 228820, 1, 0, 0
45000, 322650, 0, 0, 0
45000, 229277, 1, 0, 0
46000, 331534, 0, 0, 0
46000, 246282, 1, 0, 0
47000, 277246, 0, 0, 0
47000, 177633, 1, 0, 0
48000, 307810, 0, 0, 0
48000, 209123, 1, 0, 0
49000, 177448, 1, 0, 0
49000, 276042, 0, 0, 0
50000, 278893, 0, 0, 0
50000, 182314, 1, 0, 0
51000, 286610, 0, 0, 0
51000, 189618, 1, 0, 0
52000, 280432, 0, 0, 0
52000, 179986, 1, 0, 0
53000, 177151, 1, 0, 0
53000, 278559, 0, 0, 0
54000, 173988, 1, 0, 0
54000, 276240, 0, 0, 0
55000, 237947, 1, 0, 0
55000, 327870, 0, 0, 0
56000, 219355, 1, 0, 0
56000, 314191, 0, 0, 0
57000, 329986, 0, 0, 0
57000, 235844, 1, 0, 0
58000, 229818, 1, 0, 0
58000, 324803, 0, 0, 0
59000, 185083, 1, 0, 0
59000, 289014, 0, 0, 0
60000, 273777, 0, 0, 0
60000, 177412, 1, 0, 0
61000, 193494, 1, 0, 0
61000, 290309, 0, 0, 0
62000, 281896, 0, 0, 0
62000, 181147, 1, 0, 0
63000, 301143, 0, 0, 0
63000, 201124, 1, 0, 0
64000, 256292, 1, 0, 0
64000, 342967, 0, 0, 0
65000, 327550, 0, 0, 0
65000, 234898, 1, 0, 0
66000, 213914, 1, 0, 0
66000, 308259, 0, 0, 0
67000, 292991, 0, 0, 0
67000, 191608, 1, 0, 0
68000, 276310, 0, 0, 0
68000, 172682, 1, 0, 0
69000, 289238, 0, 0, 0
69000, 192552, 1, 0, 0
70000, 280178, 0, 0, 0
70001, 177647, 1, 0, 0
71000, 306355, 0, 0, 0
71000, 208858, 1, 0, 0
72000, 251598, 1, 0, 0
72000, 345720, 0, 0, 0
73000, 271001, 1, 0, 0
73000, 378020, 0, 0, 0
74000, 305376, 0, 0, 0
74000, 215271, 1, 0, 0
75000, 173434, 1, 0, 0
75000, 278302, 0, 0, 0
76000, 274456, 0, 0, 0
76000, 171202, 1, 0, 0
77000, 262119, 0, 0, 0
77000, 156692, 1, 0, 0
78000, 261273, 0, 0, 0
78000, 157823, 1, 0, 0
79000, 263799, 0, 0, 0
79000, 159894, 1, 0, 0
80000, 270855, 0, 0, 0
80000, 166878, 1, 0, 0
81000, 154714, 1, 0, 0
81000, 261673, 0, 0, 0
82000, 260031, 0, 0, 0
82000, 159878, 1, 0, 0
83000, 274957, 0, 0, 0
83000, 174029, 1, 0, 0
84000, 162349, 1, 0, 0
84000, 264736, 0, 0, 0
85000, 279281, 0, 0, 0
85000, 171041, 1, 0, 0
86000, 176044, 1, 0, 0
86000, 274060, 0, 0, 0
87000, 303427, 0, 0, 0
87000, 206587, 1, 0, 0
88000, 286369, 0, 0, 0
88000, 186267, 1, 0, 0
89000, 290681, 0, 0, 0
89000, 195622, 1, 0, 0
90000, 208120, 1, 0, 0
90000, 299443, 0, 0, 0
91000, 278280, 0, 0, 0
91000, 177727, 1, 0, 0
92000, 272099, 0, 0, 0
92000, 168523, 1, 0, 0
93000, 262268, 0, 0, 0
93000, 158415, 1, 0, 0
94000, 256641, 0, 0, 0
94000, 156262, 1, 0, 0
95000, 262195, 0, 0, 0
95000, 153767, 1, 0, 0
96000, 163508, 1, 0, 0
96000, 265635, 0, 0, 0
97000, 260307, 0, 0, 0
97000, 155246, 1, 0, 0
98000, 152694, 1, 0, 0
98000, 257633, 0, 0, 0
99000, 161053, 1, 0, 0
99000, 264632, 0, 0, 0
100000, 262234, 0, 0, 0
100000, 156029, 1, 0, 0
101000, 153828, 1, 0, 0
101000, 263624, 0, 0, 0
102000, 262737, 0, 0, 0
102000, 165078, 1, 0, 0
103000, 277475, 0, 0, 0
103000, 173840, 1, 0, 0
104000, 272439, 0, 0, 0
104000, 170444, 1, 0, 0
105000, 273633, 0, 0, 0
105000, 169138, 1, 0, 0
106000, 298900, 0, 0, 0
106000, 206230, 1, 0, 0
107000, 348622, 0, 0, 0
107000, 255728, 1, 0, 0
108000, 221189, 1, 0, 0
108000, 315964, 0, 0, 0
109000, 361678, 0, 0, 0
109000, 264550, 1, 0, 0
110000, 330175, 0, 0, 0
110000, 236628, 1, 0, 0
111000, 174029, 1, 0, 0
111000, 271695, 0, 0, 0
112000, 276607, 0, 0, 0
112000, 175323, 1, 0, 0
113000, 273431, 0, 0, 0
113000, 170462, 1, 0, 0
114000, 274535, 0, 0, 0
114000, 171176, 1, 0, 0
115000, 260902, 0, 0, 0
115000, 162376, 1, 0, 0
116000, 277901, 0, 0, 0
116000, 175004, 1, 0, 0
117000, 159831, 1, 0, 0
117000, 265382, 0, 0, 0
118000, 290247, 0, 0, 0
118000, 189105, 1, 0, 0
119000, 343766, 0, 0, 0
119000, 255591, 1, 0, 0
120000, 359775, 0, 0, 0
120000, 268571, 1, 0, 0
121000, 252979, 1, 0, 0
121000, 345033, 0, 0, 0
122000, 256319, 1, 0, 0
122000, 354363, 0, 0, 0
123000, 362714, 0, 0, 0
123000, 266272, 1, 0, 0
124000, 320363, 0, 0, 0
124000, 224449, 1, 0, 0
125000, 344812, 0, 0, 0
125000, 253777, 1, 0, 0
126000, 358758, 0, 0, 0
126000, 262427, 1, 0, 0
127000, 317798, 0, 0, 0
127000, 223770, 1, 0, 0
128000, 302157, 0, 0, 0
128000, 202477, 1, 0, 0
129000, 214970, 1, 0, 0
129000, 318034, 0, 0, 0
130000, 293163, 0, 0, 0
130000, 199927, 1, 0, 0
131000, 216299, 1, 0, 0
131000, 314622, 0, 0, 0
132000, 342297, 0, 0, 0
132000, 248620, 1, 0, 0
133000, 236132, 1, 0, 0
133000, 335833, 0, 0, 0
134000, 305776, 0, 0, 0
134000, 220191, 1, 0, 0
135000, 186735, 1, 0, 0
135000, 286551, 0, 0, 0
136000, 287244, 0, 0, 0
136000, 185339, 1, 0, 0
137000, 283242, 0, 0, 0
137000, 183437, 1, 0, 0
138000, 206671, 1, 0, 0
138000, 307723, 0, 0, 0
139000, 354176, 0, 0, 0
139000, 259596, 1, 0, 0
140000, 339521, 0, 0, 0
140000, 246674, 1, 0, 0
141000, 224493, 1, 0, 0
141000, 325597, 0, 0, 0
142000, 316413, 0, 0, 0
142000, 225609, 1, 0, 0
143000, 190582, 1, 0, 0
143000, 288547, 0, 0, 0
144000, 161413, 1, 0, 0
144000, 264478, 0, 0, 0
145000, 172950, 1, 0, 0
145000, 276899, 0, 0, 0
146000, 290082, 0, 0, 0
146000, 191001, 1, 0, 0
147000, 346798, 0, 0, 0
147000, 252866, 1, 0, 0
148000, 371551, 0, 0, 0
148000, 280617, 1, 0, 0
149000, 375886, 0, 0, 0
149000, 188935, 1, 0, 0
150000, 354559, 0, 0, 0
150000, 160874, 1, 0, 0
151000, 362326, 0, 0, 0
151000, 167558, 1, 0, 0
152000, 145522, 1, 0, 0
152000, 349166, 0, 0, 0
153000, 356325, 0, 0, 0
153000, 155085, 1, 0, 0
154000, 338878, 0, 0, 0
154000, 132187, 1, 0, 0
155000, 337439, 0, 0, 0
155000, 129372, 1, 0, 0
156000, 341612, 0, 0, 0
156000, 134391, 1, 0, 0
157000, 124140, 1, 0, 0
157000, 336215, 0, 0, 0
158000, 151636, 1, 0, 0
158000, 383001, 0, 0, 0
159000, 150971, 1, 0, 0
159000, 359784, 0, 0, 0
160000, 396918, 0, 0, 0
160000, 203736, 1, 0, 0
161000, 366965, 0, 0, 0
161000, 174188, 1, 0, 0
162000, 141042, 1, 0, 0
162000, 346085, 0, 0, 0
163000, 420474, 0, 0, 0
163000, 238018, 1, 0, 0
164000, 205245, 1, 0, 0
164000, 393808, 0, 0, 0
165000, 375534, 0, 0, 0
165000, 185986, 1, 0, 0
166000, 214500, 1, 0, 0
166000, 397971, 0, 0, 0
167000, 145300, 1, 0, 0
167000, 346322, 0, 0, 0
168000, 404434, 0, 0, 0
168000, 203642, 1, 0, 0
169000, 359963, 0, 0, 0
169000, 159999, 1, 0, 0
170000, 189079, 1, 0, 0
170000, 390745, 0, 0, 0
171000, 348709, 0, 0, 0
171000, 147880, 1, 0, 0
172000, 344870, 0, 0, 0
172000, 139769, 1, 0, 0
173000, 359742, 0, 0, 0
173000, 164445, 1, 0, 0
174000, 156855, 1, 0, 0
174000, 356193, 0, 0, 0
175000, 355858, 0, 0, 0
175000, 154893, 1, 0, 0
176000, 145939, 1, 0, 0
176000, 349682, 0, 0, 0
177000, 150341, 1, 0, 0
177000, 350815, 0, 0, 0
178000, 365505, 0, 0, 0
178000, 172613, 1, 0, 0
179000, 392471, 0, 0, 0
179000, 206668, 1, 0, 0
180000, 183044, 1, 0, 0
180000, 376454, 0, 0, 0
180000, 449732, 0, 0, 0
180000, 329875, 1, 0, 0
