1000, 16598, 0, 0, 0
2000, 16157, 0, 0, 0
3000, 16816, 0, 0, 0
4000, 15890, 0, 0, 0
5000, 15777, 0, 0, 0
6000, 15680, 0, 0, 0
7000, 15629, 0, 0, 0
8000, 15966, 0, 0, 0
9000, 15855, 0, 0, 0
10000, 16067, 0, 0, 0
11000, 15811, 0, 0, 0
12000, 15965, 0, 0, 0
13000, 15727, 0, 0, 0
14000, 15755, 0, 0, 0
15000, 15829, 0, 0, 0
16000, 15777, 0, 0, 0
17000, 15670, 0, 0, 0
18000, 15776, 0, 0, 0
19000, 15775, 0, 0, 0
20000, 15856, 0, 0, 0
21000, 15928, 0, 0, 0
22000, 15814, 0, 0, 0
23000, 15675, 0, 0, 0
24000, 15626, 0, 0, 0
25000, 15752, 0, 0, 0
26000, 15770, 0, 0, 0
27000, 15616, 0, 0, 0
28000, 15744, 0, 0, 0
29000, 15694, 0, 0, 0
30000, 16103, 0, 0, 0
31000, 15740, 0, 0, 0
32000, 15768, 0, 0, 0
33000, 15717, 0, 0, 0
34000, 15942, 0, 0, 0
35000, 15891, 0, 0, 0
36000, 15919, 0, 0, 0
37000, 16021, 0, 0, 0
38000, 16057, 0, 0, 0
39000, 15988, 0, 0, 0
40000, 15493, 0, 0, 0
41000, 16484, 0, 0, 0
42000, 16596, 0, 0, 0
43000, 16538, 0, 0, 0
44000, 16220, 0, 0, 0
45000, 15661, 0, 0, 0
46000, 15666, 0, 0, 0
47000, 15558, 0, 0, 0
48000, 15490, 0, 0, 0
49000, 15729, 0, 0, 0
50000, 15640, 0, 0, 0
51000, 15687, 0, 0, 0
52000, 15698, 0, 0, 0
53000, 15892, 0, 0, 0
54000, 16121, 0, 0, 0
55000, 15817, 0, 0, 0
56000, 15698, 0, 0, 0
57000, 15753, 0, 0, 0
58000, 15876, 0, 0, 0
59000, 15702, 0, 0, 0
60000, 15701, 0, 0, 0
61000, 15666, 0, 0, 0
62000, 15743, 0, 0, 0
63000, 16526, 0, 0, 0
64000, 18036, 0, 0, 0
65000, 15792, 0, 0, 0
66000, 15712, 0, 0, 0
67000, 15679, 0, 0, 0
68000, 16001, 0, 0, 0
69000, 15738, 0, 0, 0
70000, 15943, 0, 0, 0
71000, 15704, 0, 0, 0
72000, 16295, 0, 0, 0
73000, 16090, 0, 0, 0
74000, 15659, 0, 0, 0
75000, 16030, 0, 0, 0
76000, 15847, 0, 0, 0
77000, 15633, 0, 0, 0
78000, 15846, 0, 0, 0
79000, 15770, 0, 0, 0
80000, 15856, 0, 0, 0
81000, 15830, 0, 0, 0
82000, 15929, 0, 0, 0
83000, 16116, 0, 0, 0
84000, 15807, 0, 0, 0
85000, 15833, 0, 0, 0
86000, 15813, 0, 0, 0
87000, 15576, 0, 0, 0
88000, 15603, 0, 0, 0
89000, 15700, 0, 0, 0
90000, 15730, 0, 0, 0
91000, 15619, 0, 0, 0
92000, 15486, 0, 0, 0
93000, 16291, 0, 0, 0
94000, 18973, 0, 0, 0
95000, 19469, 0, 0, 0
96000, 19025, 0, 0, 0
97000, 19107, 0, 0, 0
98000, 17198, 0, 0, 0
99000, 15872, 0, 0, 0
100000, 15903, 0, 0, 0
101000, 15704, 0, 0, 0
102000, 15762, 0, 0, 0
103000, 15678, 0, 0, 0
104000, 16163, 0, 0, 0
105000, 15695, 0, 0, 0
106000, 15836, 0, 0, 0
107000, 15909, 0, 0, 0
108000, 15633, 0, 0, 0
109000, 15827, 0, 0, 0
110000, 15633, 0, 0, 0
111000, 15685, 0, 0, 0
112000, 15562, 0, 0, 0
113000, 15552, 0, 0, 0
114000, 15646, 0, 0, 0
115000, 15633, 0, 0, 0
116000, 15647, 0, 0, 0
117000, 15840, 0, 0, 0
118000, 15538, 0, 0, 0
119000, 15709, 0, 0, 0
120000, 15521, 0, 0, 0
121000, 15625, 0, 0, 0
122000, 15698, 0, 0, 0
123000, 15762, 0, 0, 0
124000, 15617, 0, 0, 0
125000, 15534, 0, 0, 0
126000, 15726, 0, 0, 0
127000, 15704, 0, 0, 0
128000, 15722, 0, 0, 0
129000, 15747, 0, 0, 0
130000, 15823, 0, 0, 0
131000, 15601, 0, 0, 0
132000, 15681, 0, 0, 0
133000, 15581, 0, 0, 0
134000, 15814, 0, 0, 0
135000, 15616, 0, 0, 0
136000, 15570, 0, 0, 0
137000, 15681, 0, 0, 0
138000, 16140, 0, 0, 0
139000, 15746, 0, 0, 0
140000, 15707, 0, 0, 0
141000, 15703, 0, 0, 0
142000, 15614, 0, 0, 0
143000, 15625, 0, 0, 0
144000, 15751, 0, 0, 0
145000, 15600, 0, 0, 0
146000, 15715, 0, 0, 0
147000, 15863, 0, 0, 0
148000, 15867, 0, 0, 0
149000, 15593, 0, 0, 0
150000, 15653, 0, 0, 0
151000, 15570, 0, 0, 0
152000, 15669, 0, 0, 0
153000, 15718, 0, 0, 0
154000, 16072, 0, 0, 0
155000, 15588, 0, 0, 0
156000, 15745, 0, 0, 0
157000, 15826, 0, 0, 0
158000, 16216, 0, 0, 0
159000, 15712, 0, 0, 0
160000, 15693, 0, 0, 0
161000, 15601, 0, 0, 0
162000, 15613, 0, 0, 0
163000, 15749, 0, 0, 0
164000, 16214, 0, 0, 0
165000, 15906, 0, 0, 0
166000, 15789, 0, 0, 0
167000, 15704, 0, 0, 0
168000, 15608, 0, 0, 0
169000, 15772, 0, 0, 0
170000, 15664, 0, 0, 0
171000, 15669, 0, 0, 0
172000, 15572, 0, 0, 0
173000, 15679, 0, 0, 0
174000, 15796, 0, 0, 0
175000, 15939, 0, 0, 0
176000, 15798, 0, 0, 0
177000, 15841, 0, 0, 0
178000, 15700, 0, 0, 0
179000, 15692, 0, 0, 0
180000, 15755, 0, 0, 0
