1001, 34705, 0, 0, 0
1001, 14880, 1, 0, 0
2002, 35036, 0, 0, 0
2002, 14813, 1, 0, 0
3010, 32990, 0, 0, 0
3010, 14151, 1, 0, 0
4011, 35882, 0, 0, 0
4011, 15491, 1, 0, 0
5011, 36344, 0, 0, 0
5011, 15714, 1, 0, 0
6012, 35861, 0, 0, 0
6012, 15595, 1, 0, 0
7013, 36457, 0, 0, 0
7013, 15489, 1, 0, 0
8014, 35619, 0, 0, 0
8014, 15493, 1, 0, 0
9014, 35721, 0, 0, 0
9014, 15188, 1, 0, 0
10015, 35084, 0, 0, 0
10015, 15242, 1, 0, 0
11016, 36036, 0, 0, 0
11016, 15354, 1, 0, 0
12017, 36047, 0, 0, 0
12017, 15422, 1, 0, 0
13017, 35236, 0, 0, 0
13017, 14916, 1, 0, 0
14017, 35249, 0, 0, 0
14017, 15210, 1, 0, 0
15018, 35718, 0, 0, 0
15018, 15262, 1, 0, 0
16018, 36752, 0, 0, 0
16018, 16035, 1, 0, 0
17018, 36343, 0, 0, 0
17018, 15612, 1, 0, 0
18019, 35995, 0, 0, 0
18019, 15162, 1, 0, 0
19021, 36841, 0, 0, 0
19021, 15765, 1, 0, 0
20021, 36332, 0, 0, 0
20021, 15501, 1, 0, 0
21022, 32567, 0, 0, 0
21022, 13902, 1, 0, 0
22022, 36575, 0, 0, 0
22022, 15612, 1, 0, 0
23023, 36320, 0, 0, 0
23023, 15629, 1, 0, 0
24024, 35804, 0, 0, 0
24024, 15367, 1, 0, 0
25025, 36295, 0, 0, 0
25025, 15655, 1, 0, 0
26025, 36359, 0, 0, 0
26025, 15669, 1, 0, 0
27026, 35979, 0, 0, 0
27026, 15434, 1, 0, 0
28026, 35188, 0, 0, 0
28026, 14805, 1, 0, 0
29027, 34211, 0, 0, 0
29027, 14588, 1, 0, 0
30028, 35500, 0, 0, 0
30028, 15197, 1, 0, 0
31028, 35525, 0, 0, 0
31028, 15423, 1, 0, 0
32028, 36527, 0, 0, 0
32028, 15616, 1, 0, 0
33029, 35766, 0, 0, 0
33029, 15449, 1, 0, 0
34029, 36160, 0, 0, 0
34029, 15442, 1, 0, 0
35029, 36288, 0, 0, 0
35029, 15436, 1, 0, 0
36030, 35446, 0, 0, 0
36030, 15251, 1, 0, 0
37031, 35930, 0, 0, 0
37031, 15675, 1, 0, 0
38031, 36243, 0, 0, 0
38031, 15665, 1, 0, 0
39032, 35521, 0, 0, 0
39032, 15247, 1, 0, 0
40033, 36624, 0, 0, 0
40033, 15362, 1, 0, 0
41033, 36131, 0, 0, 0
41033, 15550, 1, 0, 0
42034, 35719, 0, 0, 0
42034, 15635, 1, 0, 0
43034, 34941, 0, 0, 0
43034, 15008, 1, 0, 0
44035, 34650, 0, 0, 0
44035, 14766, 1, 0, 0
45036, 35435, 0, 0, 0
45036, 15217, 1, 0, 0
46037, 36478, 0, 0, 0
46037, 15584, 1, 0, 0
47037, 36278, 0, 0, 0
47037, 15389, 1, 0, 0
48038, 36146, 0, 0, 0
48038, 15361, 1, 0, 0
49039, 35446, 0, 0, 0
49039, 15277, 1, 0, 0
50040, 35831, 0, 0, 0
50040, 15398, 1, 0, 0
51040, 36590, 0, 0, 0
51040, 15529, 1, 0, 0
52041, 36087, 0, 0, 0
52041, 15457, 1, 0, 0
53041, 36204, 0, 0, 0
53041, 15374, 1, 0, 0
54041, 35937, 0, 0, 0
54041, 15391, 1, 0, 0
55042, 35750, 0, 0, 0
55042, 15393, 1, 0, 0
56042, 36389, 0, 0, 0
56042, 15598, 1, 0, 0
57043, 35366, 0, 0, 0
57043, 15360, 1, 0, 0
58044, 35868, 0, 0, 0
58044, 15291, 1, 0, 0
59044, 35979, 0, 0, 0
59044, 15366, 1, 0, 0
60045, 35203, 0, 0, 0
60045, 15271, 1, 0, 0
61045, 36523, 0, 0, 0
61045, 15625, 1, 0, 0
62046, 35785, 0, 0, 0
62046, 15492, 1, 0, 0
63047, 35511, 0, 0, 0
63047, 15348, 1, 0, 0
64048, 36125, 0, 0, 0
64048, 15349, 1, 0, 0
65048, 36214, 0, 0, 0
65048, 15475, 1, 0, 0
66049, 35314, 0, 0, 0
66049, 15166, 1, 0, 0
67049, 35878, 0, 0, 0
67049, 15346, 1, 0, 0
68050, 36190, 0, 0, 0
68050, 15454, 1, 0, 0
69051, 35536, 0, 0, 0
69051, 15296, 1, 0, 0
70051, 36266, 0, 0, 0
70051, 15366, 1, 0, 0
71052, 36246, 0, 0, 0
71052, 15747, 1, 0, 0
72052, 36988, 0, 0, 0
72052, 15803, 1, 0, 0
73052, 36515, 0, 0, 0
73052, 15371, 1, 0, 0
74053, 35642, 0, 0, 0
74053, 15307, 1, 0, 0
75053, 35729, 0, 0, 0
75053, 15034, 1, 0, 0
76054, 36351, 0, 0, 0
76054, 15636, 1, 0, 0
77054, 35781, 0, 0, 0
77054, 15566, 1, 0, 0
78055, 36379, 0, 0, 0
78055, 15467, 1, 0, 0
79056, 35926, 0, 0, 0
79056, 14938, 1, 0, 0
80056, 35550, 0, 0, 0
80056, 15253, 1, 0, 0
81056, 35491, 0, 0, 0
81056, 15241, 1, 0, 0
82057, 35313, 0, 0, 0
82057, 15428, 1, 0, 0
83057, 35575, 0, 0, 0
83057, 15062, 1, 0, 0
84058, 35047, 0, 0, 0
84058, 15372, 1, 0, 0
85058, 35723, 0, 0, 0
85058, 15421, 1, 0, 0
86058, 35893, 0, 0, 0
86058, 15326, 1, 0, 0
87059, 35540, 0, 0, 0
87059, 15142, 1, 0, 0
88060, 36045, 0, 0, 0
88060, 15592, 1, 0, 0
89061, 36155, 0, 0, 0
89061, 15702, 1, 0, 0
90061, 36627, 0, 0, 0
90061, 15553, 1, 0, 0
91062, 35824, 0, 0, 0
91062, 15406, 1, 0, 0
92063, 36158, 0, 0, 0
92063, 15520, 1, 0, 0
93063, 35974, 0, 0, 0
93063, 15497, 1, 0, 0
94063, 36141, 0, 0, 0
94063, 15226, 1, 0, 0
95064, 35657, 0, 0, 0
95064, 15460, 1, 0, 0
96064, 36339, 0, 0, 0
96064, 15589, 1, 0, 0
97065, 35707, 0, 0, 0
97065, 15330, 1, 0, 0
98066, 36052, 0, 0, 0
98066, 15409, 1, 0, 0
99066, 35599, 0, 0, 0
99066, 15164, 1, 0, 0
100067, 35286, 0, 0, 0
100067, 15088, 1, 0, 0
101067, 35212, 0, 0, 0
101067, 15277, 1, 0, 0
102067, 35755, 0, 0, 0
102067, 15277, 1, 0, 0
103067, 34734, 0, 0, 0
103067, 15086, 1, 0, 0
104068, 36035, 0, 0, 0
104068, 15298, 1, 0, 0
105069, 36143, 0, 0, 0
105069, 15442, 1, 0, 0
106070, 35307, 0, 0, 0
106070, 15213, 1, 0, 0
107070, 36251, 0, 0, 0
107070, 15334, 1, 0, 0
108070, 36446, 0, 0, 0
108070, 15738, 1, 0, 0
109071, 36332, 0, 0, 0
109071, 15592, 1, 0, 0
110072, 35910, 0, 0, 0
110072, 15704, 1, 0, 0
111072, 35670, 0, 0, 0
111072, 15379, 1, 0, 0
112073, 35481, 0, 0, 0
112073, 15276, 1, 0, 0
113073, 35630, 0, 0, 0
113073, 15363, 1, 0, 0
114074, 35650, 0, 0, 0
114074, 15476, 1, 0, 0
115075, 35678, 0, 0, 0
115075, 15307, 1, 0, 0
116076, 35309, 0, 0, 0
116076, 14916, 1, 0, 0
117076, 35985, 0, 0, 0
117076, 15549, 1, 0, 0
118076, 36541, 0, 0, 0
118076, 15627, 1, 0, 0
119077, 35652, 0, 0, 0
119077, 15445, 1, 0, 0
120078, 35205, 0, 0, 0
120078, 15136, 1, 0, 0
121079, 35081, 0, 0, 0
121079, 15050, 1, 0, 0
122079, 35359, 0, 0, 0
122079, 15064, 1, 0, 0
123080, 35301, 0, 0, 0
123080, 15179, 1, 0, 0
124080, 35017, 0, 0, 0
124080, 15113, 1, 0, 0
125080, 35062, 0, 0, 0
125080, 14999, 1, 0, 0
126081, 35305, 0, 0, 0
126081, 14894, 1, 0, 0
127082, 34752, 0, 0, 0
127082, 14885, 1, 0, 0
128082, 34766, 0, 0, 0
128082, 14932, 1, 0, 0
129083, 35418, 0, 0, 0
129083, 15205, 1, 0, 0
130084, 35106, 0, 0, 0
130084, 15080, 1, 0, 0
131085, 35505, 0, 0, 0
131085, 15005, 1, 0, 0
132085, 35112, 0, 0, 0
132085, 14946, 1, 0, 0
133085, 35453, 0, 0, 0
133085, 15006, 1, 0, 0
134085, 35297, 0, 0, 0
134085, 15293, 1, 0, 0
135085, 35635, 0, 0, 0
135085, 15394, 1, 0, 0
136086, 35407, 0, 0, 0
136086, 15181, 1, 0, 0
137086, 35403, 0, 0, 0
137086, 15277, 1, 0, 0
138086, 35492, 0, 0, 0
138086, 15254, 1, 0, 0
139086, 35687, 0, 0, 0
139086, 15120, 1, 0, 0
140087, 35332, 0, 0, 0
140087, 14777, 1, 0, 0
141087, 35607, 0, 0, 0
141087, 15307, 1, 0, 0
142088, 35184, 0, 0, 0
142088, 15063, 1, 0, 0
143088, 35354, 0, 0, 0
143088, 15141, 1, 0, 0
144089, 35097, 0, 0, 0
144089, 15152, 1, 0, 0
145089, 34712, 0, 0, 0
145089, 15125, 1, 0, 0
146090, 34764, 0, 0, 0
146090, 15033, 1, 0, 0
147090, 34971, 0, 0, 0
147090, 14982, 1, 0, 0
148091, 34911, 0, 0, 0
148091, 14992, 1, 0, 0
149091, 35508, 0, 0, 0
149091, 15074, 1, 0, 0
150092, 35499, 0, 0, 0
150092, 15076, 1, 0, 0
151093, 35370, 0, 0, 0
151093, 15174, 1, 0, 0
152094, 35715, 0, 0, 0
152094, 15277, 1, 0, 0
153094, 35533, 0, 0, 0
153094, 15072, 1, 0, 0
154095, 35694, 0, 0, 0
154095, 15204, 1, 0, 0
155095, 34967, 0, 0, 0
155095, 15093, 1, 0, 0
156096, 34835, 0, 0, 0
156096, 14765, 1, 0, 0
157097, 34485, 0, 0, 0
157097, 14858, 1, 0, 0
158097, 35455, 0, 0, 0
158097, 14973, 1, 0, 0
159098, 35276, 0, 0, 0
159098, 14894, 1, 0, 0
160098, 35182, 0, 0, 0
160098, 15087, 1, 0, 0
161099, 34880, 0, 0, 0
161099, 15190, 1, 0, 0
162100, 34840, 0, 0, 0
162100, 14650, 1, 0, 0
163101, 33879, 0, 0, 0
163101, 14763, 1, 0, 0
164101, 34453, 0, 0, 0
164101, 14877, 1, 0, 0
165102, 34971, 0, 0, 0
165102, 15044, 1, 0, 0
166102, 35804, 0, 0, 0
166102, 15288, 1, 0, 0
167102, 35507, 0, 0, 0
167102, 14875, 1, 0, 0
168102, 35523, 0, 0, 0
168102, 15168, 1, 0, 0
169103, 35344, 0, 0, 0
169103, 15314, 1, 0, 0
170103, 36079, 0, 0, 0
170103, 15562, 1, 0, 0
171103, 35448, 0, 0, 0
171103, 15049, 1, 0, 0
172104, 35145, 0, 0, 0
172104, 15365, 1, 0, 0
173104, 31349, 0, 0, 0
173104, 13293, 1, 0, 0
174105, 30306, 0, 0, 0
174105, 12917, 1, 0, 0
175105, 30853, 0, 0, 0
175105, 13136, 1, 0, 0
176106, 30773, 0, 0, 0
176106, 13265, 1, 0, 0
177107, 30677, 0, 0, 0
177107, 13101, 1, 0, 0
178108, 26621, 0, 0, 0
178108, 11577, 1, 0, 0
179108, 27206, 0, 0, 0
179108, 11622, 1, 0, 0
180109, 23433, 0, 0, 0
180109, 9980, 1, 0, 0
