1001, 116563, 0, 0, 0
1001, 49894, 1, 0, 0
2015, 100343, 0, 0, 0
2015, 43088, 1, 0, 0
3016, 93802, 0, 0, 0
3016, 39512, 1, 0, 0
4016, 105704, 0, 0, 0
4016, 45228, 1, 0, 0
5017, 106924, 0, 0, 0
5017, 45908, 1, 0, 0
6017, 113128, 0, 0, 0
6017, 48828, 1, 0, 0
7018, 130117, 0, 0, 0
7018, 56311, 1, 0, 0
8019, 129772, 0, 0, 0
8019, 56508, 1, 0, 0
9019, 135520, 0, 0, 0
9019, 57852, 1, 0, 0
10020, 121728, 0, 0, 0
10020, 52616, 1, 0, 0
11020, 91160, 0, 0, 0
11020, 38580, 1, 0, 0
12020, 112580, 0, 0, 0
12020, 49108, 1, 0, 0
13020, 123364, 0, 0, 0
13020, 53276, 1, 0, 0
14020, 113564, 0, 0, 0
14020, 48268, 1, 0, 0
15020, 83264, 0, 0, 0
15020, 35512, 1, 0, 0
16020, 86876, 0, 0, 0
16020, 36888, 1, 0, 0
17020, 80944, 0, 0, 0
17020, 34196, 1, 0, 0
18020, 85616, 0, 0, 0
18020, 36840, 1, 0, 0
19021, 125940, 0, 0, 0
19021, 54464, 1, 0, 0
20022, 122637, 0, 0, 0
20022, 53306, 1, 0, 0
21022, 115408, 0, 0, 0
21022, 49904, 1, 0, 0
22022, 127712, 0, 0, 0
22022, 54316, 1, 0, 0
23022, 122964, 0, 0, 0
23022, 51984, 1, 0, 0
24023, 115864, 0, 0, 0
24023, 49360, 1, 0, 0
25024, 122141, 0, 0, 0
25024, 52263, 1, 0, 0
26024, 131364, 0, 0, 0
26024, 55712, 1, 0, 0
27024, 124876, 0, 0, 0
27024, 53576, 1, 0, 0
28025, 124284, 0, 0, 0
28025, 53088, 1, 0, 0
29025, 122356, 0, 0, 0
29025, 52592, 1, 0, 0
30026, 123224, 0, 0, 0
30026, 53002, 1, 0, 0
31027, 109714, 0, 0, 0
31027, 47076, 1, 0, 0
32028, 79512, 0, 0, 0
32028, 34705, 1, 0, 0
33029, 100632, 0, 0, 0
33029, 43080, 1, 0, 0
34029, 113936, 0, 0, 0
34029, 48828, 1, 0, 0
35030, 113214, 0, 0, 0
35030, 47836, 1, 0, 0
36030, 117360, 0, 0, 0
36030, 49928, 1, 0, 0
37031, 127004, 0, 0, 0
37031, 53940, 1, 0, 0
38031, 125240, 0, 0, 0
38031, 54040, 1, 0, 0
39032, 125300, 0, 0, 0
39032, 54332, 1, 0, 0
40032, 123468, 0, 0, 0
40032, 53080, 1, 0, 0
41032, 117816, 0, 0, 0
41032, 50444, 1, 0, 0
42032, 117048, 0, 0, 0
42032, 50020, 1, 0, 0
43033, 98292, 0, 0, 0
43033, 42252, 1, 0, 0
44034, 102585, 0, 0, 0
44034, 43332, 1, 0, 0
45034, 100516, 0, 0, 0
45034, 43200, 1, 0, 0
46035, 94445, 0, 0, 0
46035, 40615, 1, 0, 0
47036, 126757, 0, 0, 0
47036, 55648, 1, 0, 0
48036, 108852, 0, 0, 0
48036, 46972, 1, 0, 0
49037, 127208, 0, 0, 0
49037, 54801, 1, 0, 0
50038, 125004, 0, 0, 0
50038, 52412, 1, 0, 0
51038, 120544, 0, 0, 0
51038, 51536, 1, 0, 0
52038, 123592, 0, 0, 0
52038, 53536, 1, 0, 0
53039, 126516, 0, 0, 0
53039, 54780, 1, 0, 0
54039, 127220, 0, 0, 0
54039, 54884, 1, 0, 0
55039, 97336, 0, 0, 0
55039, 41368, 1, 0, 0
56040, 104899, 0, 0, 0
56040, 45402, 1, 0, 0
57040, 98028, 0, 0, 0
57040, 42032, 1, 0, 0
58041, 99732, 0, 0, 0
58041, 42228, 1, 0, 0
59041, 122548, 0, 0, 0
59041, 52272, 1, 0, 0
60042, 126352, 0, 0, 0
60042, 53864, 1, 0, 0
61043, 120152, 0, 0, 0
61043, 50872, 1, 0, 0
62044, 123448, 0, 0, 0
62044, 53242, 1, 0, 0
63044, 110596, 0, 0, 0
63044, 47680, 1, 0, 0
64044, 92092, 0, 0, 0
64044, 39012, 1, 0, 0
65045, 98708, 0, 0, 0
65045, 42248, 1, 0, 0
66046, 107352, 0, 0, 0
66046, 46069, 1, 0, 0
67046, 118108, 0, 0, 0
67046, 49872, 1, 0, 0
68048, 128971, 0, 0, 0
68048, 55532, 1, 0, 0
69048, 117296, 0, 0, 0
69048, 50208, 1, 0, 0
70049, 127948, 0, 0, 0
70049, 54704, 1, 0, 0
71049, 108480, 0, 0, 0
71049, 47500, 1, 0, 0
72054, 89560, 0, 0, 0
72054, 38380, 1, 0, 0
73054, 86108, 0, 0, 0
73054, 37024, 1, 0, 0
74055, 109310, 0, 0, 0
74055, 46169, 1, 0, 0
75056, 128663, 0, 0, 0
75056, 55648, 1, 0, 0
76056, 129308, 0, 0, 0
76056, 55908, 1, 0, 0
77056, 141204, 0, 0, 0
77056, 60340, 1, 0, 0
78057, 139884, 0, 0, 0
78057, 60312, 1, 0, 0
79057, 137596, 0, 0, 0
79057, 59548, 1, 0, 0
80058, 133276, 0, 0, 0
80058, 56696, 1, 0, 0
81059, 140476, 0, 0, 0
81059, 59764, 1, 0, 0
82060, 139468, 0, 0, 0
82060, 59976, 1, 0, 0
83060, 129356, 0, 0, 0
83060, 55744, 1, 0, 0
84060, 136996, 0, 0, 0
84060, 57688, 1, 0, 0
85061, 128083, 0, 0, 0
85061, 55568, 1, 0, 0
86061, 125572, 0, 0, 0
86061, 53704, 1, 0, 0
87061, 111712, 0, 0, 0
87061, 47616, 1, 0, 0
88062, 120468, 0, 0, 0
88062, 51592, 1, 0, 0
89062, 116424, 0, 0, 0
89062, 50224, 1, 0, 0
90063, 111952, 0, 0, 0
90063, 47116, 1, 0, 0
91064, 126097, 0, 0, 0
91064, 54333, 1, 0, 0
92065, 132612, 0, 0, 0
92065, 56080, 1, 0, 0
93065, 141100, 0, 0, 0
93065, 59868, 1, 0, 0
94066, 141170, 0, 0, 0
94066, 61426, 1, 0, 0
95067, 141498, 0, 0, 0
95067, 60067, 1, 0, 0
96068, 136464, 0, 0, 0
96068, 57788, 1, 0, 0
97069, 141510, 0, 0, 0
97069, 59568, 1, 0, 0
98070, 141628, 0, 0, 0
98070, 61336, 1, 0, 0
99070, 138304, 0, 0, 0
99070, 59764, 1, 0, 0
100071, 139120, 0, 0, 0
100071, 59568, 1, 0, 0
101072, 140687, 0, 0, 0
101072, 60671, 1, 0, 0
102073, 136088, 0, 0, 0
102073, 58792, 1, 0, 0
103073, 125392, 0, 0, 0
103073, 54620, 1, 0, 0
104074, 129272, 0, 0, 0
104074, 54984, 1, 0, 0
105075, 131204, 0, 0, 0
105075, 56031, 1, 0, 0
106075, 110140, 0, 0, 0
106075, 47264, 1, 0, 0
107076, 91816, 0, 0, 0
107076, 39824, 1, 0, 0
108076, 102440, 0, 0, 0
108076, 44460, 1, 0, 0
109077, 88560, 0, 0, 0
109077, 37480, 1, 0, 0
110077, 98868, 0, 0, 0
110077, 42144, 1, 0, 0
111078, 130209, 0, 0, 0
111078, 56695, 1, 0, 0
112079, 125724, 0, 0, 0
112079, 54088, 1, 0, 0
113080, 131988, 0, 0, 0
113080, 56091, 1, 0, 0
114080, 129468, 0, 0, 0
114080, 54748, 1, 0, 0
115081, 134885, 0, 0, 0
115081, 58553, 1, 0, 0
116082, 127556, 0, 0, 0
116082, 54908, 1, 0, 0
117082, 138700, 0, 0, 0
117082, 59748, 1, 0, 0
118083, 115380, 0, 0, 0
118083, 49322, 1, 0, 0
119085, 89502, 0, 0, 0
119085, 38257, 1, 0, 0
120085, 88756, 0, 0, 0
120085, 37484, 1, 0, 0
121086, 93642, 0, 0, 0
121086, 39880, 1, 0, 0
122087, 88232, 0, 0, 0
122087, 37820, 1, 0, 0
123087, 88288, 0, 0, 0
123087, 38084, 1, 0, 0
124088, 100183, 0, 0, 0
124088, 43968, 1, 0, 0
125089, 91504, 0, 0, 0
125089, 38465, 1, 0, 0
126089, 89848, 0, 0, 0
126089, 39052, 1, 0, 0
127090, 103516, 0, 0, 0
127090, 44236, 1, 0, 0
128091, 113114, 0, 0, 0
128091, 48191, 1, 0, 0
129091, 109648, 0, 0, 0
129091, 46648, 1, 0, 0
130091, 111040, 0, 0, 0
130091, 47860, 1, 0, 0
131091, 105816, 0, 0, 0
131091, 45044, 1, 0, 0
132092, 92875, 0, 0, 0
132092, 39368, 1, 0, 0
133093, 98301, 0, 0, 0
133093, 42765, 1, 0, 0
134093, 106168, 0, 0, 0
134093, 45548, 1, 0, 0
135093, 122504, 0, 0, 0
135093, 53304, 1, 0, 0
136094, 121470, 0, 0, 0
136094, 52511, 1, 0, 0
137095, 123428, 0, 0, 0
137095, 53548, 1, 0, 0
138096, 109082, 0, 0, 0
138096, 46721, 1, 0, 0
139097, 88443, 0, 0, 0
139097, 38125, 1, 0, 0
140098, 93722, 0, 0, 0
140098, 40511, 1, 0, 0
141099, 101802, 0, 0, 0
141099, 44243, 1, 0, 0
142100, 101164, 0, 0, 0
142100, 43548, 1, 0, 0
143100, 121720, 0, 0, 0
143100, 51624, 1, 0, 0
144100, 137764, 0, 0, 0
144100, 59208, 1, 0, 0
145100, 125460, 0, 0, 0
145100, 53796, 1, 0, 0
146102, 115692, 0, 0, 0
146102, 49718, 1, 0, 0
147102, 91072, 0, 0, 0
147102, 39684, 1, 0, 0
148103, 83932, 0, 0, 0
148103, 36164, 1, 0, 0
149103, 107196, 0, 0, 0
149103, 45728, 1, 0, 0
150104, 117700, 0, 0, 0
150104, 50436, 1, 0, 0
151105, 113438, 0, 0, 0
151105, 48727, 1, 0, 0
152105, 125628, 0, 0, 0
152105, 53348, 1, 0, 0
153105, 119836, 0, 0, 0
153105, 51620, 1, 0, 0
154105, 133461, 0, 0, 0
154105, 57717, 1, 0, 0
155105, 133508, 0, 0, 0
155105, 56676, 1, 0, 0
156107, 132519, 0, 0, 0
156107, 56031, 1, 0, 0
157108, 138785, 0, 0, 0
157108, 59264, 1, 0, 0
158109, 118609, 0, 0, 0
158109, 51344, 1, 0, 0
159109, 118380, 0, 0, 0
159109, 50652, 1, 0, 0
160110, 98768, 0, 0, 0
160110, 42944, 1, 0, 0
161110, 116076, 0, 0, 0
161110, 48528, 1, 0, 0
162111, 126208, 0, 0, 0
162111, 53648, 1, 0, 0
163111, 82596, 0, 0, 0
163111, 35496, 1, 0, 0
164111, 102304, 0, 0, 0
164111, 42504, 1, 0, 0
165112, 104228, 0, 0, 0
165112, 45040, 1, 0, 0
166112, 95432, 0, 0, 0
166112, 41584, 1, 0, 0
167112, 126204, 0, 0, 0
167112, 54748, 1, 0, 0
168113, 100867, 0, 0, 0
168113, 42989, 1, 0, 0
169113, 115396, 0, 0, 0
169113, 50104, 1, 0, 0
170114, 110336, 0, 0, 0
170114, 47460, 1, 0, 0
171114, 125960, 0, 0, 0
171114, 53660, 1, 0, 0
172115, 126941, 0, 0, 0
172115, 53870, 1, 0, 0
173115, 112864, 0, 0, 0
173115, 47012, 1, 0, 0
174116, 120300, 0, 0, 0
174116, 51800, 1, 0, 0
175116, 119248, 0, 0, 0
175116, 51188, 1, 0, 0
176116, 125441, 0, 0, 0
176116, 53933, 1, 0, 0
177117, 119528, 0, 0, 0
177117, 51100, 1, 0, 0
178117, 110988, 0, 0, 0
178117, 47176, 1, 0, 0
179118, 96427, 0, 0, 0
179118, 42213, 1, 0, 0
180119, 93938, 0, 0, 0
180119, 41474, 1, 0, 0
