1000, 244126, 0, 0, 0
1000, 137553, 1, 0, 0
2000, 240666, 0, 0, 0
2000, 138343, 1, 0, 0
3000, 144940, 1, 0, 0
3000, 252946, 0, 0, 0
4000, 131448, 1, 0, 0
4000, 241160, 0, 0, 0
5000, 238227, 0, 0, 0
5000, 130284, 1, 0, 0
6000, 131458, 1, 0, 0
6000, 241060, 0, 0, 0
7000, 238755, 0, 0, 0
7000, 129175, 1, 0, 0
8000, 244516, 0, 0, 0
8000, 130452, 1, 0, 0
9000, 239764, 0, 0, 0
9000, 134759, 1, 0, 0
10000, 243073, 0, 0, 0
10000, 135158, 1, 0, 0
11000, 130357, 1, 0, 0
11000, 241174, 0, 0, 0
12000, 131595, 1, 0, 0
12000, 240486, 0, 0, 0
13000, 243173, 0, 0, 0
13000, 134895, 1, 0, 0
14000, 132721, 1, 0, 0
14000, 245422, 0, 0, 0
15000, 243396, 0, 0, 0
15000, 132873, 1, 0, 0
16000, 236095, 0, 0, 0
16000, 128221, 1, 0, 0
17000, 127811, 1, 0, 0
17000, 241537, 0, 0, 0
18000, 130625, 1, 0, 0
18000, 239903, 0, 0, 0
19000, 238314, 0, 0, 0
19000, 125384, 1, 0, 0
20000, 129894, 1, 0, 0
20000, 241151, 0, 0, 0
21000, 158561, 1, 0, 0
21000, 256190, 0, 0, 0
22000, 242138, 0, 0, 0
22000, 127539, 1, 0, 0
23000, 127645, 1, 0, 0
23000, 241166, 0, 0, 0
24000, 131273, 1, 0, 0
24000, 243176, 0, 0, 0
25000, 242525, 0, 0, 0
25000, 128298, 1, 0, 0
26000, 129512, 1, 0, 0
26000, 242578, 0, 0, 0
27000, 243332, 0, 0, 0
27000, 130087, 1, 0, 0
28000, 244518, 0, 0, 0
28000, 134300, 1, 0, 0
29000, 245758, 0, 0, 0
29000, 141629, 1, 0, 0
30000, 244982, 0, 0, 0
30000, 133518, 1, 0, 0
31000, 130891, 1, 0, 0
31000, 247075, 0, 0, 0
32000, 240202, 0, 0, 0
32000, 128601, 1, 0, 0
33000, 240494, 0, 0, 0
33000, 131584, 1, 0, 0
34000, 241462, 0, 0, 0
34000, 130212, 1, 0, 0
35000, 129691, 1, 0, 0
35000, 239893, 0, 0, 0
36000, 244182, 0, 0, 0
36000, 133980, 1, 0, 0
37000, 239994, 0, 0, 0
37000, 130670, 1, 0, 0
38000, 239604, 0, 0, 0
38000, 129091, 1, 0, 0
39000, 243457, 0, 0, 0
39000, 132846, 1, 0, 0
40000, 235972, 0, 0, 0
40000, 129938, 1, 0, 0
41000, 242323, 0, 0, 0
41000, 129480, 1, 0, 0
42000, 246632, 0, 0, 0
42000, 128718, 1, 0, 0
43000, 247044, 0, 0, 0
43000, 132073, 1, 0, 0
44000, 246779, 0, 0, 0
44000, 136850, 1, 0, 0
45000, 131736, 1, 0, 0
45000, 247852, 0, 0, 0
46000, 127532, 1, 0, 0
46000, 242118, 0, 0, 0
47000, 242009, 0, 0, 0
47000, 129265, 1, 0, 0
48000, 241655, 0, 0, 0
48000, 129493, 1, 0, 0
49000, 241622, 0, 0, 0
49000, 128293, 1, 0, 0
50000, 128624, 1, 0, 0
50000, 241257, 0, 0, 0
51000, 127218, 1, 0, 0
51000, 237090, 0, 0, 0
52000, 127522, 1, 0, 0
52000, 240224, 0, 0, 0
53000, 239317, 0, 0, 0
53000, 127899, 1, 0, 0
54000, 242094, 0, 0, 0
54000, 127684, 1, 0, 0
55000, 238818, 0, 0, 0
55000, 129955, 1, 0, 0
56000, 125558, 1, 0, 0
56000, 239457, 0, 0, 0
57000, 129701, 1, 0, 0
57000, 244322, 0, 0, 0
58000, 240386, 0, 0, 0
58000, 128884, 1, 0, 0
59000, 128263, 1, 0, 0
59000, 238543, 0, 0, 0
60000, 244939, 0, 0, 0
60000, 129645, 1, 0, 0
61000, 239140, 0, 0, 0
61000, 125558, 1, 0, 0
62000, 238260, 0, 0, 0
62000, 129460, 1, 0, 0
63000, 129633, 1, 0, 0
63000, 245245, 0, 0, 0
64000, 244142, 0, 0, 0
64000, 130839, 1, 0, 0
65000, 243168, 0, 0, 0
65000, 128138, 1, 0, 0
66000, 242416, 0, 0, 0
66000, 132867, 1, 0, 0
67000, 244129, 0, 0, 0
67000, 130495, 1, 0, 0
68000, 241220, 0, 0, 0
68000, 128024, 1, 0, 0
69000, 244794, 0, 0, 0
69000, 131252, 1, 0, 0
70000, 241804, 0, 0, 0
70000, 131233, 1, 0, 0
71000, 127497, 1, 0, 0
71000, 242963, 0, 0, 0
72000, 239710, 0, 0, 0
72000, 126892, 1, 0, 0
73000, 239701, 0, 0, 0
73000, 128230, 1, 0, 0
74000, 240984, 0, 0, 0
74000, 129463, 1, 0, 0
75000, 129161, 1, 0, 0
75000, 242200, 0, 0, 0
76000, 241019, 0, 0, 0
76000, 124615, 1, 0, 0
77000, 238973, 0, 0, 0
77000, 130675, 1, 0, 0
78000, 241230, 0, 0, 0
78000, 128225, 1, 0, 0
79000, 243041, 0, 0, 0
79000, 128710, 1, 0, 0
80000, 129003, 1, 0, 0
80000, 241400, 0, 0, 0
81000, 130430, 1, 0, 0
81000, 246167, 0, 0, 0
82000, 246310, 0, 0, 0
82000, 130646, 1, 0, 0
83000, 245089, 0, 0, 0
83000, 131906, 1, 0, 0
84000, 244678, 0, 0, 0
84000, 136176, 1, 0, 0
85000, 244110, 0, 0, 0
85000, 128886, 1, 0, 0
86000, 245529, 0, 0, 0
86000, 130702, 1, 0, 0
87000, 245472, 0, 0, 0
87000, 134092, 1, 0, 0
88000, 239866, 0, 0, 0
88000, 130236, 1, 0, 0
89000, 128499, 1, 0, 0
89000, 241109, 0, 0, 0
90000, 240281, 0, 0, 0
90000, 128217, 1, 0, 0
91000, 245121, 0, 0, 0
91000, 129990, 1, 0, 0
92000, 130930, 1, 0, 0
92000, 239885, 0, 0, 0
93000, 242062, 0, 0, 0
93000, 129783, 1, 0, 0
94000, 241895, 0, 0, 0
94000, 128683, 1, 0, 0
95000, 132904, 1, 0, 0
95000, 240841, 0, 0, 0
96000, 242080, 0, 0, 0
96000, 129379, 1, 0, 0
97000, 245495, 0, 0, 0
97000, 130433, 1, 0, 0
98000, 130554, 1, 0, 0
98000, 241249, 0, 0, 0
99000, 244260, 0, 0, 0
99000, 132007, 1, 0, 0
100000, 132994, 1, 0, 0
100000, 248945, 0, 0, 0
101000, 247226, 0, 0, 0
101000, 132297, 1, 0, 0
102000, 133026, 1, 0, 0
102000, 240671, 0, 0, 0
103000, 248613, 0, 0, 0
103000, 134005, 1, 0, 0
104000, 243768, 0, 0, 0
104000, 130023, 1, 0, 0
105000, 128807, 1, 0, 0
105000, 241647, 0, 0, 0
106000, 243483, 0, 0, 0
106000, 132165, 1, 0, 0
107000, 243725, 0, 0, 0
107000, 131807, 1, 0, 0
108000, 239357, 0, 0, 0
108000, 128033, 1, 0, 0
109000, 128263, 1, 0, 0
109000, 235397, 0, 0, 0
110000, 239930, 0, 0, 0
110000, 127271, 1, 0, 0
111000, 238065, 0, 0, 0
111000, 129233, 1, 0, 0
112000, 244595, 0, 0, 0
112000, 129276, 1, 0, 0
113000, 242617, 0, 0, 0
113000, 128551, 1, 0, 0
114000, 240866, 0, 0, 0
114000, 127464, 1, 0, 0
115000, 131520, 1, 0, 0
115000, 241791, 0, 0, 0
116000, 247041, 0, 0, 0
116000, 132691, 1, 0, 0
117000, 130662, 1, 0, 0
117000, 243159, 0, 0, 0
118000, 240644, 0, 0, 0
118000, 127851, 1, 0, 0
119000, 130393, 1, 0, 0
119000, 245851, 0, 0, 0
120000, 288336, 0, 0, 0
120000, 111825, 1, 0, 0
121000, 318791, 0, 0, 0
121000, 99046, 1, 0, 0
122000, 96666, 1, 0, 0
122000, 320080, 0, 0, 0
123000, 97121, 1, 0, 0
123000, 318475, 0, 0, 0
124000, 317766, 0, 0, 0
124000, 99128, 1, 0, 0
125000, 320893, 0, 0, 0
125000, 96988, 1, 0, 0
126000, 317887, 0, 0, 0
126000, 98641, 1, 0, 0
127000, 319302, 0, 0, 0
127000, 98409, 1, 0, 0
128000, 321806, 0, 0, 0
128000, 99862, 1, 0, 0
129000, 317144, 0, 0, 0
129000, 95788, 1, 0, 0
130000, 318468, 0, 0, 0
130000, 98900, 1, 0, 0
131000, 95704, 1, 0, 0
131000, 318852, 0, 0, 0
132000, 318483, 0, 0, 0
132000, 97001, 1, 0, 0
133000, 317709, 0, 0, 0
133000, 98278, 1, 0, 0
134000, 314387, 0, 0, 0
134000, 94436, 1, 0, 0
135000, 314131, 0, 0, 0
135000, 94341, 1, 0, 0
136000, 317540, 0, 0, 0
136000, 97238, 1, 0, 0
137000, 318368, 0, 0, 0
137000, 95143, 1, 0, 0
138000, 96269, 1, 0, 0
138000, 316869, 0, 0, 0
139000, 96710, 1, 0, 0
139000, 315388, 0, 0, 0
140000, 317955, 0, 0, 0
140000, 97124, 1, 0, 0
141000, 96796, 1, 0, 0
141000, 315208, 0, 0, 0
142000, 98368, 1, 0, 0
142000, 317314, 0, 0, 0
143000, 316815, 0, 0, 0
143000, 96928, 1, 0, 0
144000, 96724, 1, 0, 0
144000, 321946, 0, 0, 0
145000, 319061, 0, 0, 0
145000, 99772, 1, 0, 0
146000, 100435, 1, 0, 0
146000, 319151, 0, 0, 0
147000, 98292, 1, 0, 0
147000, 320440, 0, 0, 0
148000, 100663, 1, 0, 0
148000, 319309, 0, 0, 0
149000, 314107, 0, 0, 0
149000, 94116, 1, 0, 0
150000, 94435, 1, 0, 0
150000, 315640, 0, 0, 0
151000, 96475, 1, 0, 0
151000, 316014, 0, 0, 0
152000, 317478, 0, 0, 0
152000, 95952, 1, 0, 0
153000, 95616, 1, 0, 0
153000, 317900, 0, 0, 0
154000, 313814, 0, 0, 0
154000, 94099, 1, 0, 0
155000, 317139, 0, 0, 0
155000, 98502, 1, 0, 0
156000, 321179, 0, 0, 0
156000, 98946, 1, 0, 0
157000, 320975, 0, 0, 0
157000, 101176, 1, 0, 0
158000, 317823, 0, 0, 0
158000, 96682, 1, 0, 0
159000, 320181, 0, 0, 0
159000, 97468, 1, 0, 0
160000, 97225, 1, 0, 0
160000, 318598, 0, 0, 0
161000, 322384, 0, 0, 0
161000, 99830, 1, 0, 0
162000, 322615, 0, 0, 0
162000, 99803, 1, 0, 0
163000, 325812, 0, 0, 0
163000, 102906, 1, 0, 0
164000, 321592, 0, 0, 0
164000, 99870, 1, 0, 0
165000, 102064, 1, 0, 0
165000, 317214, 0, 0, 0
166000, 290731, 0, 0, 0
166000, 109488, 1, 0, 0
167000, 110161, 1, 0, 0
167000, 289872, 0, 0, 0
168000, 293408, 0, 0, 0
168000, 109560, 1, 0, 0
169000, 108388, 1, 0, 0
169000, 288422, 0, 0, 0
170000, 285973, 0, 0, 0
170000, 106823, 1, 0, 0
171000, 109022, 1, 0, 0
171000, 291843, 0, 0, 0
172000, 291332, 0, 0, 0
172000, 109668, 1, 0, 0
173000, 306174, 0, 0, 0
173000, 132018, 1, 0, 0
174000, 309464, 0, 0, 0
174000, 133836, 1, 0, 0
175000, 312176, 0, 0, 0
175000, 139103, 1, 0, 0
176000, 135499, 1, 0, 0
176000, 308107, 0, 0, 0
177000, 305555, 0, 0, 0
177000, 133882, 1, 0, 0
178000, 330704, 0, 0, 0
178000, 164191, 1, 0, 0
179000, 326436, 0, 0, 0
179000, 164941, 1, 0, 0
180000, 329864, 0, 0, 0
180000, 167004, 1, 0, 0
180000, 384473, 0, 0, 0
