1000, 33480, 1, 0, 0
2000, 30559, 1, 0, 0
3000, 30615, 1, 0, 0
4000, 33681, 1, 0, 0
5000, 29711, 1, 0, 0
6000, 26386, 1, 0, 0
7000, 27901, 1, 0, 0
8000, 30128, 1, 0, 0
9018, 40398, 1, 0, 0
10005, 48588, 1, 0, 0
11000, 64407, 1, 0, 0
12000, 51079, 1, 0, 0
13000, 38752, 1, 0, 0
14000, 41335, 1, 0, 0
15000, 36730, 1, 0, 0
16000, 37262, 1, 0, 0
17000, 35026, 1, 0, 0
18000, 32274, 1, 0, 0
19000, 34068, 1, 0, 0
20000, 32934, 1, 0, 0
21000, 33058, 1, 0, 0
22000, 32956, 1, 0, 0
23000, 32548, 1, 0, 0
24000, 33392, 1, 0, 0
25000, 33213, 1, 0, 0
26000, 32743, 1, 0, 0
27000, 36621, 1, 0, 0
28000, 33064, 1, 0, 0
29000, 32021, 1, 0, 0
30000, 31021, 1, 0, 0
31000, 32363, 1, 0, 0
32000, 31612, 1, 0, 0
33000, 32479, 1, 0, 0
34000, 31937, 1, 0, 0
35000, 32213, 1, 0, 0
36000, 32506, 1, 0, 0
37000, 32514, 1, 0, 0
38000, 32911, 1, 0, 0
39000, 32427, 1, 0, 0
40000, 32830, 1, 0, 0
41000, 34594, 1, 0, 0
42000, 31732, 1, 0, 0
43000, 31920, 1, 0, 0
44000, 31803, 1, 0, 0
45000, 30781, 1, 0, 0
46000, 32391, 1, 0, 0
47000, 32739, 1, 0, 0
48000, 31963, 1, 0, 0
49000, 31998, 1, 0, 0
50000, 32137, 1, 0, 0
51000, 31662, 1, 0, 0
52000, 33358, 1, 0, 0
53000, 32580, 1, 0, 0
54000, 32914, 1, 0, 0
55000, 32278, 1, 0, 0
56000, 33028, 1, 0, 0
57000, 32591, 1, 0, 0
58000, 31082, 1, 0, 0
59000, 31519, 1, 0, 0
60000, 31425, 1, 0, 0
61000, 31758, 1, 0, 0
62000, 31219, 1, 0, 0
63000, 31254, 1, 0, 0
64000, 31822, 1, 0, 0
65000, 32216, 1, 0, 0
66000, 31709, 1, 0, 0
67000, 31548, 1, 0, 0
68000, 32799, 1, 0, 0
69000, 32984, 1, 0, 0
70000, 33394, 1, 0, 0
71000, 34590, 1, 0, 0
72000, 36341, 1, 0, 0
73000, 32795, 1, 0, 0
74000, 32292, 1, 0, 0
75000, 35397, 1, 0, 0
76000, 31476, 1, 0, 0
77000, 31946, 1, 0, 0
78000, 30466, 1, 0, 0
79000, 32379, 1, 0, 0
80000, 32525, 1, 0, 0
81000, 32181, 1, 0, 0
82000, 32748, 1, 0, 0
83000, 33088, 1, 0, 0
84000, 31881, 1, 0, 0
85000, 32806, 1, 0, 0
86000, 33213, 1, 0, 0
87000, 31945, 1, 0, 0
88000, 31269, 1, 0, 0
89000, 31358, 1, 0, 0
90000, 32311, 1, 0, 0
91000, 31257, 1, 0, 0
92000, 32010, 1, 0, 0
93000, 32630, 1, 0, 0
94000, 31085, 1, 0, 0
95000, 31861, 1, 0, 0
96000, 32113, 1, 0, 0
97000, 32362, 1, 0, 0
98000, 31960, 1, 0, 0
99000, 31822, 1, 0, 0
100000, 33071, 1, 0, 0
101000, 32049, 1, 0, 0
102000, 32011, 1, 0, 0
103000, 31824, 1, 0, 0
104000, 32364, 1, 0, 0
105000, 31488, 1, 0, 0
106000, 30651, 1, 0, 0
107000, 32173, 1, 0, 0
108000, 32681, 1, 0, 0
109000, 32985, 1, 0, 0
110000, 31800, 1, 0, 0
111000, 32242, 1, 0, 0
112000, 31710, 1, 0, 0
113000, 31598, 1, 0, 0
114000, 32030, 1, 0, 0
115000, 33040, 1, 0, 0
116000, 33369, 1, 0, 0
117000, 31089, 1, 0, 0
118000, 32535, 1, 0, 0
119000, 32830, 1, 0, 0
120000, 31855, 1, 0, 0
121000, 32735, 1, 0, 0
122000, 31588, 1, 0, 0
123000, 32883, 1, 0, 0
124000, 31059, 1, 0, 0
125000, 31806, 1, 0, 0
126000, 32148, 1, 0, 0
127000, 32865, 1, 0, 0
128000, 33999, 1, 0, 0
129000, 32791, 1, 0, 0
130000, 32292, 1, 0, 0
131000, 34301, 1, 0, 0
132000, 32713, 1, 0, 0
133000, 31985, 1, 0, 0
134000, 32298, 1, 0, 0
135000, 32105, 1, 0, 0
136000, 32220, 1, 0, 0
137000, 31720, 1, 0, 0
138000, 31426, 1, 0, 0
139000, 32431, 1, 0, 0
140000, 33034, 1, 0, 0
141000, 32516, 1, 0, 0
142000, 32716, 1, 0, 0
143000, 33448, 1, 0, 0
144000, 32035, 1, 0, 0
145000, 33588, 1, 0, 0
146000, 31722, 1, 0, 0
147000, 31855, 1, 0, 0
148000, 31171, 1, 0, 0
149000, 31793, 1, 0, 0
150000, 33238, 1, 0, 0
151000, 32369, 1, 0, 0
152000, 31814, 1, 0, 0
153000, 31127, 1, 0, 0
154000, 31523, 1, 0, 0
155000, 31414, 1, 0, 0
156000, 31360, 1, 0, 0
157000, 32261, 1, 0, 0
158000, 31753, 1, 0, 0
159000, 32008, 1, 0, 0
160000, 30925, 1, 0, 0
161000, 30874, 1, 0, 0
162000, 31819, 1, 0, 0
163000, 30433, 1, 0, 0
164000, 31562, 1, 0, 0
165000, 31553, 1, 0, 0
166000, 31543, 1, 0, 0
167000, 32491, 1, 0, 0
168000, 30816, 1, 0, 0
169000, 32107, 1, 0, 0
170000, 33291, 1, 0, 0
171000, 32188, 1, 0, 0
172000, 32662, 1, 0, 0
173000, 32676, 1, 0, 0
174000, 32725, 1, 0, 0
175000, 32319, 1, 0, 0
176000, 32304, 1, 0, 0
177000, 32718, 1, 0, 0
178000, 32565, 1, 0, 0
179000, 31379, 1, 0, 0
180000, 33482, 1, 0, 0
181000, 31560, 1, 0, 0
182000, 31599, 1, 0, 0
183000, 32680, 1, 0, 0
184000, 32253, 1, 0, 0
185000, 32376, 1, 0, 0
186000, 33470, 1, 0, 0
187000, 29534, 1, 0, 0
188017, 32112, 1, 0, 0
189000, 34670, 1, 0, 0
190000, 24408, 1, 0, 0
191000, 25214, 1, 0, 0
192000, 24623, 1, 0, 0
193000, 23645, 1, 0, 0
194000, 23788, 1, 0, 0
195000, 23780, 1, 0, 0
196000, 24070, 1, 0, 0
197000, 24592, 1, 0, 0
198000, 24090, 1, 0, 0
199000, 23797, 1, 0, 0
200000, 24365, 1, 0, 0
201000, 24420, 1, 0, 0
202000, 23814, 1, 0, 0
203000, 23615, 1, 0, 0
204000, 23966, 1, 0, 0
205000, 23897, 1, 0, 0
206000, 23962, 1, 0, 0
207000, 23938, 1, 0, 0
208000, 23370, 1, 0, 0
209000, 23853, 1, 0, 0
210000, 24520, 1, 0, 0
211000, 24057, 1, 0, 0
212000, 24421, 1, 0, 0
213000, 23459, 1, 0, 0
214000, 24296, 1, 0, 0
215000, 25447, 1, 0, 0
216000, 24263, 1, 0, 0
217000, 24749, 1, 0, 0
218000, 25212, 1, 0, 0
219000, 24836, 1, 0, 0
220000, 25388, 1, 0, 0
221000, 26580, 1, 0, 0
222000, 25659, 1, 0, 0
223000, 25251, 1, 0, 0
224000, 25049, 1, 0, 0
225000, 26169, 1, 0, 0
226000, 25129, 1, 0, 0
227000, 27993, 1, 0, 0
228000, 26232, 1, 0, 0
229000, 33055, 1, 0, 0
230000, 31700, 1, 0, 0
231000, 28163, 1, 0, 0
232000, 27519, 1, 0, 0
233000, 28653, 1, 0, 0
234000, 31149, 1, 0, 0
235000, 27515, 1, 0, 0
236000, 25046, 1, 0, 0
237000, 25811, 1, 0, 0
238000, 25433, 1, 0, 0
239000, 25710, 1, 0, 0
240000, 27162, 1, 0, 0
241000, 25995, 1, 0, 0
242000, 26928, 1, 0, 0
243000, 26580, 1, 0, 0
244000, 26634, 1, 0, 0
245000, 27020, 1, 0, 0
246000, 28805, 1, 0, 0
247000, 29784, 1, 0, 0
248000, 27889, 1, 0, 0
249000, 27317, 1, 0, 0
250000, 25198, 1, 0, 0
251000, 27050, 1, 0, 0
252000, 26247, 1, 0, 0
253000, 24796, 1, 0, 0
254000, 27763, 1, 0, 0
255000, 24379, 1, 0, 0
256000, 24544, 1, 0, 0
257000, 25186, 1, 0, 0
258000, 24546, 1, 0, 0
259000, 24588, 1, 0, 0
260000, 26872, 1, 0, 0
261000, 24327, 1, 0, 0
262000, 24668, 1, 0, 0
263000, 25479, 1, 0, 0
264000, 25128, 1, 0, 0
265000, 25276, 1, 0, 0
266000, 24491, 1, 0, 0
267000, 25326, 1, 0, 0
268000, 24607, 1, 0, 0
269000, 24926, 1, 0, 0
270000, 24999, 1, 0, 0
271000, 24751, 1, 0, 0
272000, 26561, 1, 0, 0
273000, 25547, 1, 0, 0
274000, 28691, 1, 0, 0
275000, 32779, 1, 0, 0
276000, 47726, 1, 0, 0
277000, 38995, 1, 0, 0
278000, 38526, 1, 0, 0
279000, 40015, 1, 0, 0
280000, 37859, 1, 0, 0
281000, 46983, 1, 0, 0
282000, 52556, 1, 0, 0
283000, 50294, 1, 0, 0
284000, 66022, 1, 0, 0
285000, 56328, 1, 0, 0
286000, 50719, 1, 0, 0
287000, 45367, 1, 0, 0
288000, 48284, 1, 0, 0
289000, 41143, 1, 0, 0
290000, 41078, 1, 0, 0
291000, 41241, 1, 0, 0
292000, 39466, 1, 0, 0
293000, 32850, 1, 0, 0
294000, 25524, 1, 0, 0
295000, 25419, 1, 0, 0
296000, 25142, 1, 0, 0
297000, 25710, 1, 0, 0
298000, 27455, 1, 0, 0
299000, 39895, 1, 0, 0
300000, 40400, 1, 0, 0
