1000, 620319, 1, 0, 0
2000, 552976, 1, 0, 0
3000, 554044, 1, 0, 0
4000, 608852, 1, 0, 0
5000, 542698, 1, 0, 0
6000, 486634, 1, 0, 0
7002, 488480, 1, 0, 0
8001, 616752, 1, 0, 0
9020, 732496, 1, 0, 0
10005, 921024, 1, 0, 0
11000, 1250522, 1, 0, 0
12001, 917754, 1, 0, 0
13000, 712710, 1, 0, 0
14000, 781301, 1, 0, 0
15000, 684025, 1, 0, 0
16000, 706569, 1, 0, 0
17000, 651900, 1, 0, 0
18000, 602896, 1, 0, 0
19000, 630637, 1, 0, 0
20000, 591247, 1, 0, 0
21000, 598305, 1, 0, 0
22000, 592762, 1, 0, 0
23001, 590286, 1, 0, 0
24000, 600971, 1, 0, 0
25000, 596973, 1, 0, 0
26001, 590460, 1, 0, 0
27000, 657361, 1, 0, 0
28000, 595718, 1, 0, 0
29000, 575049, 1, 0, 0
30000, 555745, 1, 0, 0
31000, 581989, 1, 0, 0
32000, 569263, 1, 0, 0
33000, 587813, 1, 0, 0
34000, 575045, 1, 0, 0
35000, 581371, 1, 0, 0
36000, 586243, 1, 0, 0
37000, 586971, 1, 0, 0
38000, 595862, 1, 0, 0
39000, 587312, 1, 0, 0
40000, 589219, 1, 0, 0
41000, 619835, 1, 0, 0
42000, 573274, 1, 0, 0
43001, 573179, 1, 0, 0
44000, 573831, 1, 0, 0
45000, 556598, 1, 0, 0
46000, 582623, 1, 0, 0
47000, 587141, 1, 0, 0
48000, 577324, 1, 0, 0
49001, 578991, 1, 0, 0
50000, 576011, 1, 0, 0
51000, 575510, 1, 0, 0
52000, 602364, 1, 0, 0
53000, 587613, 1, 0, 0
54000, 617466, 1, 0, 0
55000, 607592, 1, 0, 0
56000, 614155, 1, 0, 0
57000, 612024, 1, 0, 0
58000, 571701, 1, 0, 0
59000, 573830, 1, 0, 0
60000, 570243, 1, 0, 0
61000, 575707, 1, 0, 0
62000, 567764, 1, 0, 0
63000, 563496, 1, 0, 0
64000, 576076, 1, 0, 0
65000, 580105, 1, 0, 0
66000, 576540, 1, 0, 0
67000, 571093, 1, 0, 0
68000, 595476, 1, 0, 0
69000, 595439, 1, 0, 0
70000, 605802, 1, 0, 0
71000, 628111, 1, 0, 0
72000, 672490, 1, 0, 0
73000, 610251, 1, 0, 0
74001, 584090, 1, 0, 0
75000, 650331, 1, 0, 0
76000, 566723, 1, 0, 0
77000, 578882, 1, 0, 0
78000, 554032, 1, 0, 0
79000, 585757, 1, 0, 0
80000, 588609, 1, 0, 0
81000, 584428, 1, 0, 0
82000, 586681, 1, 0, 0
83000, 595243, 1, 0, 0
84000, 574387, 1, 0, 0
85000, 592518, 1, 0, 0
86000, 598079, 1, 0, 0
87000, 579396, 1, 0, 0
88000, 560492, 1, 0, 0
89000, 567740, 1, 0, 0
90000, 582317, 1, 0, 0
91000, 569867, 1, 0, 0
92000, 578814, 1, 0, 0
93000, 588670, 1, 0, 0
94000, 566266, 1, 0, 0
95001, 574476, 1, 0, 0
96000, 576416, 1, 0, 0
97000, 582989, 1, 0, 0
98000, 583825, 1, 0, 0
99000, 574969, 1, 0, 0
100000, 594915, 1, 0, 0
101000, 576015, 1, 0, 0
102000, 574330, 1, 0, 0
103000, 576573, 1, 0, 0
104000, 580431, 1, 0, 0
105000, 569233, 1, 0, 0
106000, 556072, 1, 0, 0
107001, 579376, 1, 0, 0
108000, 585515, 1, 0, 0
109000, 593841, 1, 0, 0
110000, 577416, 1, 0, 0
111000, 587886, 1, 0, 0
112000, 575431, 1, 0, 0
113000, 575387, 1, 0, 0
114000, 578209, 1, 0, 0
115000, 599437, 1, 0, 0
116000, 599121, 1, 0, 0
117000, 560757, 1, 0, 0
118000, 586250, 1, 0, 0
119001, 590310, 1, 0, 0
120000, 578539, 1, 0, 0
121000, 588280, 1, 0, 0
122000, 567336, 1, 0, 0
123000, 588043, 1, 0, 0
124000, 561447, 1, 0, 0
125000, 574827, 1, 0, 0
126000, 587432, 1, 0, 0
127000, 589553, 1, 0, 0
128000, 609385, 1, 0, 0
129000, 592581, 1, 0, 0
130000, 585452, 1, 0, 0
131000, 615853, 1, 0, 0
132000, 587923, 1, 0, 0
133000, 576584, 1, 0, 0
134000, 580651, 1, 0, 0
135000, 580864, 1, 0, 0
136000, 580140, 1, 0, 0
137000, 572156, 1, 0, 0
138000, 571046, 1, 0, 0
139000, 589567, 1, 0, 0
140000, 593217, 1, 0, 0
141000, 585016, 1, 0, 0
142000, 588615, 1, 0, 0
143000, 604367, 1, 0, 0
144000, 582025, 1, 0, 0
145000, 605317, 1, 0, 0
146000, 570049, 1, 0, 0
147000, 573038, 1, 0, 0
148000, 561799, 1, 0, 0
149000, 573119, 1, 0, 0
150000, 597845, 1, 0, 0
151000, 583644, 1, 0, 0
152000, 571874, 1, 0, 0
153000, 564088, 1, 0, 0
154000, 572166, 1, 0, 0
155000, 571278, 1, 0, 0
156000, 570566, 1, 0, 0
157000, 588532, 1, 0, 0
158000, 577444, 1, 0, 0
159000, 578749, 1, 0, 0
160000, 560671, 1, 0, 0
161000, 558225, 1, 0, 0
162000, 577962, 1, 0, 0
163000, 551682, 1, 0, 0
164000, 575194, 1, 0, 0
165000, 571010, 1, 0, 0
166000, 567660, 1, 0, 0
167000, 587039, 1, 0, 0
168000, 553902, 1, 0, 0
169000, 579386, 1, 0, 0
170000, 600325, 1, 0, 0
171000, 584233, 1, 0, 0
172001, 592452, 1, 0, 0
173000, 586576, 1, 0, 0
174001, 591828, 1, 0, 0
175000, 583166, 1, 0, 0
176000, 581995, 1, 0, 0
177000, 585976, 1, 0, 0
178000, 587761, 1, 0, 0
179000, 565747, 1, 0, 0
180000, 603556, 1, 0, 0
181000, 568468, 1, 0, 0
182000, 570640, 1, 0, 0
183000, 586818, 1, 0, 0
184000, 584379, 1, 0, 0
185000, 585648, 1, 0, 0
186000, 600519, 1, 0, 0
187000, 538647, 1, 0, 0
188024, 560330, 1, 0, 0
189000, 637784, 1, 0, 0
190000, 441086, 1, 0, 0
191000, 456818, 1, 0, 0
192000, 447100, 1, 0, 0
193000, 428775, 1, 0, 0
194000, 430985, 1, 0, 0
195000, 430768, 1, 0, 0
196000, 436728, 1, 0, 0
197001, 445546, 1, 0, 0
198000, 437135, 1, 0, 0
199000, 432001, 1, 0, 0
200000, 441738, 1, 0, 0
201000, 442849, 1, 0, 0
202000, 432133, 1, 0, 0
203000, 428131, 1, 0, 0
204000, 434538, 1, 0, 0
205000, 433116, 1, 0, 0
206000, 434463, 1, 0, 0
207000, 435034, 1, 0, 0
208000, 423657, 1, 0, 0
209000, 433051, 1, 0, 0
210000, 445319, 1, 0, 0
211000, 439884, 1, 0, 0
212000, 444424, 1, 0, 0
213000, 425761, 1, 0, 0
214000, 440294, 1, 0, 0
215000, 462217, 1, 0, 0
216000, 440767, 1, 0, 0
217000, 447918, 1, 0, 0
218000, 457258, 1, 0, 0
219000, 451676, 1, 0, 0
220000, 462570, 1, 0, 0
221000, 484023, 1, 0, 0
222000, 466810, 1, 0, 0
223000, 459456, 1, 0, 0
224000, 455549, 1, 0, 0
225000, 476723, 1, 0, 0
226000, 454817, 1, 0, 0
227000, 509797, 1, 0, 0
228000, 477952, 1, 0, 0
229000, 646253, 1, 0, 0
230000, 575953, 1, 0, 0
231000, 512149, 1, 0, 0
232000, 496709, 1, 0, 0
233000, 522460, 1, 0, 0
234000, 639383, 1, 0, 0
235000, 526555, 1, 0, 0
236000, 454481, 1, 0, 0
237000, 468086, 1, 0, 0
238000, 462477, 1, 0, 0
239001, 467478, 1, 0, 0
240000, 494969, 1, 0, 0
241000, 473302, 1, 0, 0
242000, 487287, 1, 0, 0
243000, 483838, 1, 0, 0
244000, 485843, 1, 0, 0
245000, 489112, 1, 0, 0
246001, 573055, 1, 0, 0
247000, 540134, 1, 0, 0
248000, 505900, 1, 0, 0
249000, 492681, 1, 0, 0
250000, 457357, 1, 0, 0
251000, 494223, 1, 0, 0
252000, 478502, 1, 0, 0
253000, 452163, 1, 0, 0
254000, 503539, 1, 0, 0
255000, 442504, 1, 0, 0
256000, 444801, 1, 0, 0
257000, 458707, 1, 0, 0
258000, 446135, 1, 0, 0
259000, 447307, 1, 0, 0
260000, 495261, 1, 0, 0
261000, 442017, 1, 0, 0
262000, 449614, 1, 0, 0
263000, 461945, 1, 0, 0
264000, 456322, 1, 0, 0
265001, 459667, 1, 0, 0
266000, 444322, 1, 0, 0
267000, 459262, 1, 0, 0
268000, 448156, 1, 0, 0
269000, 453063, 1, 0, 0
270000, 452166, 1, 0, 0
271000, 450262, 1, 0, 0
272000, 476912, 1, 0, 0
273000, 464968, 1, 0, 0
274000, 521467, 1, 0, 0
275000, 593276, 1, 0, 0
276000, 864423, 1, 0, 0
277000, 722336, 1, 0, 0
278000, 707759, 1, 0, 0
279001, 730821, 1, 0, 0
280000, 688152, 1, 0, 0
281000, 862520, 1, 0, 0
282000, 962210, 1, 0, 0
283000, 903915, 1, 0, 0
284000, 1233248, 1, 0, 0
285004, 1066828, 1, 0, 0
286000, 962164, 1, 0, 0
287001, 826270, 1, 0, 0
288001, 865959, 1, 0, 0
289000, 755257, 1, 0, 0
290000, 748784, 1, 0, 0
291000, 764518, 1, 0, 0
292001, 715172, 1, 0, 0
293000, 650615, 1, 0, 0
294000, 463436, 1, 0, 0
295000, 461331, 1, 0, 0
296000, 457274, 1, 0, 0
297000, 466402, 1, 0, 0
298001, 497685, 1, 0, 0
299000, 734036, 1, 0, 0
300000, 761453, 1, 0, 0
300000, 351540, 1, 0, 0
