1002, 191544, 0, 0, 0
2002, 195828, 0, 0, 0
3006, 187673, 0, 0, 0
4005, 189069, 0, 0, 0
5005, 184332, 0, 0, 0
6004, 183054, 0, 0, 0
7005, 191424, 0, 0, 0
8005, 195188, 0, 0, 0
9006, 196320, 0, 0, 0
10007, 194861, 0, 0, 0
11010, 194456, 0, 0, 0
12011, 194340, 0, 0, 0
13012, 196000, 0, 0, 0
14013, 198140, 0, 0, 0
15013, 202888, 0, 0, 0
16013, 199768, 0, 0, 0
17014, 195968, 0, 0, 0
18015, 194717, 0, 0, 0
19015, 192948, 0, 0, 0
20016, 186325, 0, 0, 0
21017, 195676, 0, 0, 0
22017, 194600, 0, 0, 0
23018, 194620, 0, 0, 0
24019, 194201, 0, 0, 0
25019, 194092, 0, 0, 0
26020, 194889, 0, 0, 0
27020, 194684, 0, 0, 0
28021, 198672, 0, 0, 0
29022, 194864, 0, 0, 0
30023, 194341, 0, 0, 0
31023, 194020, 0, 0, 0
32023, 194284, 0, 0, 0
33024, 196084, 0, 0, 0
34024, 195784, 0, 0, 0
35025, 187016, 0, 0, 0
36025, 183328, 0, 0, 0
37026, 189134, 0, 0, 0
38027, 197372, 0, 0, 0
39027, 195008, 0, 0, 0
40028, 195440, 0, 0, 0
41029, 198705, 0, 0, 0
42029, 192988, 0, 0, 0
43030, 193748, 0, 0, 0
44030, 194388, 0, 0, 0
45031, 194812, 0, 0, 0
46031, 194744, 0, 0, 0
47032, 194236, 0, 0, 0
48032, 196028, 0, 0, 0
49032, 187000, 0, 0, 0
50032, 189877, 0, 0, 0
51033, 194413, 0, 0, 0
52034, 194440, 0, 0, 0
53034, 196696, 0, 0, 0
54035, 197632, 0, 0, 0
55036, 194445, 0, 0, 0
56036, 194284, 0, 0, 0
57036, 194052, 0, 0, 0
58037, 194664, 0, 0, 0
59037, 193724, 0, 0, 0
60038, 191176, 0, 0, 0
61038, 194184, 0, 0, 0
62038, 193724, 0, 0, 0
63039, 197300, 0, 0, 0
64040, 197732, 0, 0, 0
65040, 187228, 0, 0, 0
66041, 185606, 0, 0, 0
67042, 194744, 0, 0, 0
68042, 196716, 0, 0, 0
69043, 197850, 0, 0, 0
70043, 198000, 0, 0, 0
71044, 191948, 0, 0, 0
72044, 195328, 0, 0, 0
73044, 194972, 0, 0, 0
74045, 197404, 0, 0, 0
75045, 197924, 0, 0, 0
76046, 198224, 0, 0, 0
77047, 198481, 0, 0, 0
78048, 198137, 0, 0, 0
79048, 195724, 0, 0, 0
80049, 198772, 0, 0, 0
81049, 194296, 0, 0, 0
82049, 194916, 0, 0, 0
83049, 193688, 0, 0, 0
84050, 197264, 0, 0, 0
85050, 196008, 0, 0, 0
86051, 195668, 0, 0, 0
87052, 195864, 0, 0, 0
88052, 194116, 0, 0, 0
89053, 196087, 0, 0, 0
90054, 194352, 0, 0, 0
91055, 194725, 0, 0, 0
92055, 196036, 0, 0, 0
93056, 197400, 0, 0, 0
94056, 197220, 0, 0, 0
95057, 182169, 0, 0, 0
96058, 183492, 0, 0, 0
97058, 190100, 0, 0, 0
98059, 194528, 0, 0, 0
99060, 193828, 0, 0, 0
100060, 195656, 0, 0, 0
101061, 194524, 0, 0, 0
102061, 193804, 0, 0, 0
103061, 191936, 0, 0, 0
104062, 197898, 0, 0, 0
105063, 195732, 0, 0, 0
106063, 198784, 0, 0, 0
107063, 194948, 0, 0, 0
108063, 194056, 0, 0, 0
109064, 187260, 0, 0, 0
110064, 175716, 0, 0, 0
111065, 172792, 0, 0, 0
112065, 178168, 0, 0, 0
113066, 178764, 0, 0, 0
114067, 183884, 0, 0, 0
115068, 188971, 0, 0, 0
116069, 189250, 0, 0, 0
117069, 189952, 0, 0, 0
118070, 190152, 0, 0, 0
119070, 193172, 0, 0, 0
120070, 192144, 0, 0, 0
121070, 189632, 0, 0, 0
122071, 188556, 0, 0, 0
123071, 190028, 0, 0, 0
124072, 189020, 0, 0, 0
125072, 181580, 0, 0, 0
126072, 179136, 0, 0, 0
127073, 184712, 0, 0, 0
128074, 188403, 0, 0, 0
129075, 188891, 0, 0, 0
130076, 188623, 0, 0, 0
131076, 187736, 0, 0, 0
132077, 189216, 0, 0, 0
133077, 189156, 0, 0, 0
134078, 191852, 0, 0, 0
135078, 193276, 0, 0, 0
136079, 193140, 0, 0, 0
137079, 192556, 0, 0, 0
138079, 191040, 0, 0, 0
139080, 188340, 0, 0, 0
140080, 188740, 0, 0, 0
141081, 188643, 0, 0, 0
142081, 189956, 0, 0, 0
143082, 187596, 0, 0, 0
144083, 189622, 0, 0, 0
145084, 189058, 0, 0, 0
146086, 189166, 0, 0, 0
147086, 188908, 0, 0, 0
148086, 190012, 0, 0, 0
149086, 189760, 0, 0, 0
150087, 189188, 0, 0, 0
151087, 189596, 0, 0, 0
152088, 189226, 0, 0, 0
153089, 188612, 0, 0, 0
154090, 189374, 0, 0, 0
155091, 181046, 0, 0, 0
156092, 180567, 0, 0, 0
157092, 183932, 0, 0, 0
158092, 189720, 0, 0, 0
159093, 188396, 0, 0, 0
160093, 190024, 0, 0, 0
161094, 189088, 0, 0, 0
162094, 188876, 0, 0, 0
163094, 189796, 0, 0, 0
164094, 192120, 0, 0, 0
165095, 188888, 0, 0, 0
166095, 184864, 0, 0, 0
167097, 185526, 0, 0, 0
168098, 188867, 0, 0, 0
169098, 182280, 0, 0, 0
170099, 183000, 0, 0, 0
171099, 188844, 0, 0, 0
172100, 190141, 0, 0, 0
173100, 188632, 0, 0, 0
174101, 188959, 0, 0, 0
175102, 192083, 0, 0, 0
176103, 189280, 0, 0, 0
177104, 189542, 0, 0, 0
178105, 191080, 0, 0, 0
179105, 192560, 0, 0, 0
180106, 172772, 0, 0, 0
