1002, 27226, 0, 0, 0
2039, 26478, 0, 0, 0
3040, 28026, 0, 0, 0
4040, 21917, 0, 0, 0
5077, 19326, 0, 0, 0
6260, 20401, 0, 0, 0
7261, 18424, 0, 0, 0
8262, 22050, 0, 0, 0
9263, 24480, 0, 0, 0
10263, 26133, 0, 0, 0
11264, 28717, 0, 0, 0
12264, 28396, 0, 0, 0
13266, 26263, 0, 0, 0
14267, 23797, 0, 0, 0
15267, 26628, 0, 0, 0
16268, 37721, 0, 0, 0
17268, 39206, 0, 0, 0
18269, 42746, 0, 0, 0
19270, 41625, 0, 0, 0
20271, 44815, 0, 0, 0
21271, 42961, 0, 0, 0
22272, 36882, 0, 0, 0
23273, 35493, 0, 0, 0
24273, 40517, 0, 0, 0
25274, 38946, 0, 0, 0
26275, 40731, 0, 0, 0
27275, 46037, 0, 0, 0
28275, 42366, 0, 0, 0
29276, 43203, 0, 0, 0
30277, 42147, 0, 0, 0
31277, 40938, 0, 0, 0
32278, 37587, 0, 0, 0
33278, 37454, 0, 0, 0
34279, 41326, 0, 0, 0
35280, 43772, 0, 0, 0
36281, 43106, 0, 0, 0
37282, 41409, 0, 0, 0
38283, 38505, 0, 0, 0
39284, 35093, 0, 0, 0
40285, 33635, 0, 0, 0
41285, 23599, 0, 0, 0
42286, 26137, 0, 0, 0
43287, 28336, 0, 0, 0
44287, 32366, 0, 0, 0
45289, 32444, 0, 0, 0
46289, 32631, 0, 0, 0
47290, 29906, 0, 0, 0
48291, 27351, 0, 0, 0
49291, 31692, 0, 0, 0
50292, 32185, 0, 0, 0
51294, 28414, 0, 0, 0
52294, 26646, 0, 0, 0
53296, 31324, 0, 0, 0
54297, 37811, 0, 0, 0
55298, 40054, 0, 0, 0
56299, 35797, 0, 0, 0
57299, 40064, 0, 0, 0
58300, 37401, 0, 0, 0
59301, 41196, 0, 0, 0
60301, 40309, 0, 0, 0
61302, 40668, 0, 0, 0
62303, 37292, 0, 0, 0
63303, 29727, 0, 0, 0
64304, 32067, 0, 0, 0
65305, 34437, 0, 0, 0
66306, 30200, 0, 0, 0
67307, 30504, 0, 0, 0
68307, 29701, 0, 0, 0
69308, 25719, 0, 0, 0
70308, 24551, 0, 0, 0
71309, 39198, 0, 0, 0
72310, 36907, 0, 0, 0
73312, 37379, 0, 0, 0
74312, 37007, 0, 0, 0
75313, 36406, 0, 0, 0
76314, 37653, 0, 0, 0
77314, 36911, 0, 0, 0
78315, 36990, 0, 0, 0
79316, 37212, 0, 0, 0
80316, 39262, 0, 0, 0
81317, 38937, 0, 0, 0
82318, 38949, 0, 0, 0
83319, 39576, 0, 0, 0
84319, 39263, 0, 0, 0
85320, 39083, 0, 0, 0
86321, 38890, 0, 0, 0
87322, 39197, 0, 0, 0
88323, 40569, 0, 0, 0
89324, 39072, 0, 0, 0
90325, 43973, 0, 0, 0
91326, 49235, 0, 0, 0
92328, 50055, 0, 0, 0
93329, 49429, 0, 0, 0
94330, 49448, 0, 0, 0
95331, 48580, 0, 0, 0
96331, 46571, 0, 0, 0
97333, 48083, 0, 0, 0
98333, 49155, 0, 0, 0
99335, 49595, 0, 0, 0
100336, 49839, 0, 0, 0
101336, 49751, 0, 0, 0
102337, 49400, 0, 0, 0
103339, 49835, 0, 0, 0
104340, 49022, 0, 0, 0
105341, 50842, 0, 0, 0
106342, 49784, 0, 0, 0
107343, 49864, 0, 0, 0
108344, 49900, 0, 0, 0
109345, 49292, 0, 0, 0
110345, 45820, 0, 0, 0
111347, 49837, 0, 0, 0
112348, 49128, 0, 0, 0
113349, 49187, 0, 0, 0
114350, 49253, 0, 0, 0
115350, 49920, 0, 0, 0
116351, 49922, 0, 0, 0
117352, 49739, 0, 0, 0
118353, 50824, 0, 0, 0
119353, 49970, 0, 0, 0
120353, 49746, 0, 0, 0
121354, 49730, 0, 0, 0
122355, 49022, 0, 0, 0
123356, 48659, 0, 0, 0
124356, 47839, 0, 0, 0
125357, 46923, 0, 0, 0
126358, 46308, 0, 0, 0
127360, 47004, 0, 0, 0
128360, 48121, 0, 0, 0
129361, 48879, 0, 0, 0
130362, 49663, 0, 0, 0
131362, 50941, 0, 0, 0
132363, 49167, 0, 0, 0
133364, 49177, 0, 0, 0
134364, 47783, 0, 0, 0
135365, 47641, 0, 0, 0
136366, 47553, 0, 0, 0
137366, 47534, 0, 0, 0
138367, 47436, 0, 0, 0
139368, 47546, 0, 0, 0
140369, 47446, 0, 0, 0
141370, 47537, 0, 0, 0
142370, 47375, 0, 0, 0
143370, 47482, 0, 0, 0
144371, 47473, 0, 0, 0
145372, 47539, 0, 0, 0
146372, 47442, 0, 0, 0
147372, 46094, 0, 0, 0
148373, 47505, 0, 0, 0
149374, 47442, 0, 0, 0
150375, 47480, 0, 0, 0
151376, 47323, 0, 0, 0
152377, 47640, 0, 0, 0
153377, 47427, 0, 0, 0
154378, 47584, 0, 0, 0
155379, 47054, 0, 0, 0
156379, 44967, 0, 0, 0
157380, 44419, 0, 0, 0
158381, 47846, 0, 0, 0
159382, 47557, 0, 0, 0
160383, 47863, 0, 0, 0
161383, 47599, 0, 0, 0
162384, 44767, 0, 0, 0
163385, 47434, 0, 0, 0
164386, 46918, 0, 0, 0
165387, 47440, 0, 0, 0
166387, 47866, 0, 0, 0
167388, 47423, 0, 0, 0
168388, 47155, 0, 0, 0
169389, 46833, 0, 0, 0
170390, 45926, 0, 0, 0
171391, 47457, 0, 0, 0
172391, 47468, 0, 0, 0
173391, 47302, 0, 0, 0
174392, 47733, 0, 0, 0
175393, 48365, 0, 0, 0
176394, 48517, 0, 0, 0
177394, 48468, 0, 0, 0
178395, 45878, 0, 0, 0
179396, 46989, 0, 0, 0
