1000, 410315, 0, 0, 0
2000, 419403, 0, 0, 0
3000, 398148, 0, 0, 0
4000, 488933, 0, 0, 0
5000, 561133, 0, 0, 0
6000, 516684, 0, 0, 0
7000, 568865, 0, 0, 0
8000, 517211, 0, 0, 0
9000, 465976, 0, 0, 0
10000, 431080, 0, 0, 0
11000, 387815, 0, 0, 0
12000, 389205, 0, 0, 0
13000, 426669, 0, 0, 0
14000, 444131, 0, 0, 0
15000, 450891, 0, 0, 0
16000, 358435, 0, 0, 0
17000, 314644, 0, 0, 0
18000, 309438, 0, 0, 0
19000, 312477, 0, 0, 0
20000, 298591, 0, 0, 0
21000, 306927, 0, 0, 0
22000, 344297, 0, 0, 0
23000, 338196, 0, 0, 0
24000, 309044, 0, 0, 0
25000, 320149, 0, 0, 0
26000, 318675, 0, 0, 0
27000, 296809, 0, 0, 0
28000, 303038, 0, 0, 0
29000, 308171, 0, 0, 0
30000, 306149, 0, 0, 0
31000, 308247, 0, 0, 0
32000, 331417, 0, 0, 0
33000, 323786, 0, 0, 0
34000, 316272, 0, 0, 0
35000, 301548, 0, 0, 0
36000, 304691, 0, 0, 0
37000, 302402, 0, 0, 0
38000, 321552, 0, 0, 0
39000, 339580, 0, 0, 0
40000, 345514, 0, 0, 0
41000, 418529, 0, 0, 0
42000, 453742, 0, 0, 0
43000, 396445, 0, 0, 0
44000, 378052, 0, 0, 0
45000, 352479, 0, 0, 0
46000, 351937, 0, 0, 0
47000, 383057, 0, 0, 0
48000, 434238, 0, 0, 0
49000, 367664, 0, 0, 0
50000, 373171, 0, 0, 0
51000, 377614, 0, 0, 0
52003, 391481, 0, 0, 0
53000, 418810, 0, 0, 0
54000, 351256, 0, 0, 0
55000, 319553, 0, 0, 0
56005, 332177, 0, 0, 0
57000, 345230, 0, 0, 0
58000, 327435, 0, 0, 0
59000, 313490, 0, 0, 0
60000, 328024, 0, 0, 0
61000, 306672, 0, 0, 0
62000, 335066, 0, 0, 0
63000, 377268, 0, 0, 0
64000, 377134, 0, 0, 0
65000, 345341, 0, 0, 0
66000, 440797, 0, 0, 0
67000, 363972, 0, 0, 0
68000, 404524, 0, 0, 0
69002, 398968, 0, 0, 0
70000, 670949, 0, 0, 0
71000, 327393, 0, 0, 0
72000, 330882, 0, 0, 0
73000, 331736, 0, 0, 0
74000, 325837, 0, 0, 0
75000, 331471, 0, 0, 0
76000, 330467, 0, 0, 0
77000, 325326, 0, 0, 0
78000, 331034, 0, 0, 0
79000, 332333, 0, 0, 0
80000, 319043, 0, 0, 0
81000, 319115, 0, 0, 0
82000, 319099, 0, 0, 0
83000, 318056, 0, 0, 0
84000, 314882, 0, 0, 0
85000, 319409, 0, 0, 0
86000, 316811, 0, 0, 0
87000, 320515, 0, 0, 0
88000, 310528, 0, 0, 0
89000, 317833, 0, 0, 0
90000, 307690, 0, 0, 0
91000, 288587, 0, 0, 0
92000, 286075, 0, 0, 0
93000, 281407, 0, 0, 0
94000, 286134, 0, 0, 0
95000, 287423, 0, 0, 0
96000, 293267, 0, 0, 0
97000, 291912, 0, 0, 0
98000, 287969, 0, 0, 0
99000, 285205, 0, 0, 0
100000, 286395, 0, 0, 0
101000, 285420, 0, 0, 0
102000, 286322, 0, 0, 0
103000, 286571, 0, 0, 0
104000, 287671, 0, 0, 0
105000, 282556, 0, 0, 0
106000, 280621, 0, 0, 0
107000, 285011, 0, 0, 0
108000, 284772, 0, 0, 0
109000, 286358, 0, 0, 0
110000, 294978, 0, 0, 0
111000, 286134, 0, 0, 0
112000, 287613, 0, 0, 0
113000, 289551, 0, 0, 0
114000, 289919, 0, 0, 0
115000, 285634, 0, 0, 0
116000, 284510, 0, 0, 0
117000, 285377, 0, 0, 0
118000, 278013, 0, 0, 0
119000, 283913, 0, 0, 0
120000, 284612, 0, 0, 0
121000, 285160, 0, 0, 0
122000, 289388, 0, 0, 0
123000, 292454, 0, 0, 0
124000, 293173, 0, 0, 0
125000, 298452, 0, 0, 0
126000, 296705, 0, 0, 0
127000, 298782, 0, 0, 0
128000, 293073, 0, 0, 0
129000, 293120, 0, 0, 0
130000, 286824, 0, 0, 0
131000, 277291, 0, 0, 0
132000, 287206, 0, 0, 0
133000, 291508, 0, 0, 0
134000, 293319, 0, 0, 0
135000, 301396, 0, 0, 0
136000, 302957, 0, 0, 0
137000, 302669, 0, 0, 0
138000, 301922, 0, 0, 0
139000, 300183, 0, 0, 0
140000, 302496, 0, 0, 0
141000, 304151, 0, 0, 0
142000, 302435, 0, 0, 0
143000, 302936, 0, 0, 0
144000, 302086, 0, 0, 0
145000, 302846, 0, 0, 0
146000, 302614, 0, 0, 0
147000, 304510, 0, 0, 0
148000, 305144, 0, 0, 0
149000, 302472, 0, 0, 0
150000, 302925, 0, 0, 0
151000, 301558, 0, 0, 0
152000, 303889, 0, 0, 0
153000, 302695, 0, 0, 0
154000, 298840, 0, 0, 0
155000, 303828, 0, 0, 0
156000, 308155, 0, 0, 0
157000, 308084, 0, 0, 0
158000, 300553, 0, 0, 0
159000, 301515, 0, 0, 0
160000, 298661, 0, 0, 0
161000, 299185, 0, 0, 0
162000, 311696, 0, 0, 0
163000, 305692, 0, 0, 0
164000, 303172, 0, 0, 0
165000, 302184, 0, 0, 0
166000, 302639, 0, 0, 0
167000, 300014, 0, 0, 0
168000, 302951, 0, 0, 0
169000, 300454, 0, 0, 0
170000, 307405, 0, 0, 0
171000, 302397, 0, 0, 0
172000, 303188, 0, 0, 0
173000, 302978, 0, 0, 0
174000, 301337, 0, 0, 0
175000, 299134, 0, 0, 0
176000, 295581, 0, 0, 0
177000, 296031, 0, 0, 0
178000, 297617, 0, 0, 0
179000, 303239, 0, 0, 0
180000, 296921, 0, 0, 0
180000, 629027, 0, 0, 0
