1000, 18390, 0, 0, 0
2000, 16839, 0, 0, 0
3000, 23378, 0, 0, 0
4000, 22582, 0, 0, 0
5000, 19230, 0, 0, 0
6000, 19803, 0, 0, 0
7000, 18821, 0, 0, 0
8000, 19903, 0, 0, 0
9000, 19320, 0, 0, 0
10000, 20599, 0, 0, 0
11000, 17521, 0, 0, 0
12000, 19105, 0, 0, 0
13000, 18167, 0, 0, 0
14000, 17877, 0, 0, 0
15000, 18266, 0, 0, 0
16000, 18300, 0, 0, 0
17000, 15929, 0, 0, 0
18000, 18210, 0, 0, 0
19000, 16880, 0, 0, 0
20000, 17724, 0, 0, 0
21000, 18930, 0, 0, 0
22000, 16161, 0, 0, 0
23000, 15993, 0, 0, 0
24000, 16304, 0, 0, 0
25000, 16106, 0, 0, 0
26000, 16524, 0, 0, 0
27000, 15866, 0, 0, 0
28000, 15881, 0, 0, 0
29000, 15622, 0, 0, 0
30000, 15608, 0, 0, 0
31000, 15687, 0, 0, 0
32000, 15948, 0, 0, 0
33000, 16142, 0, 0, 0
34000, 16284, 0, 0, 0
35000, 18560, 0, 0, 0
36000, 16466, 0, 0, 0
37000, 16722, 0, 0, 0
38000, 16134, 0, 0, 0
39000, 15974, 0, 0, 0
40000, 16319, 0, 0, 0
41000, 16500, 0, 0, 0
42000, 16301, 0, 0, 0
43000, 16888, 0, 0, 0
44000, 15789, 0, 0, 0
45000, 16125, 0, 0, 0
46000, 15938, 0, 0, 0
47000, 15792, 0, 0, 0
48000, 16098, 0, 0, 0
49000, 19225, 0, 0, 0
50000, 16357, 0, 0, 0
51000, 16432, 0, 0, 0
52000, 16600, 0, 0, 0
53000, 19459, 0, 0, 0
54000, 37634, 0, 0, 0
55000, 32549, 0, 0, 0
56000, 35700, 0, 0, 0
57000, 33847, 0, 0, 0
58000, 23932, 0, 0, 0
59000, 23448, 0, 0, 0
60000, 26611, 0, 0, 0
61000, 28090, 0, 0, 0
62000, 30401, 0, 0, 0
63000, 26739, 0, 0, 0
64000, 30192, 0, 0, 0
65000, 31080, 0, 0, 0
66000, 31381, 0, 0, 0
67000, 31187, 0, 0, 0
68000, 31574, 0, 0, 0
69000, 29835, 0, 0, 0
70000, 30685, 0, 0, 0
71000, 38334, 0, 0, 0
72000, 37719, 0, 0, 0
73000, 36337, 0, 0, 0
74000, 31707, 0, 0, 0
75000, 32236, 0, 0, 0
76000, 31594, 0, 0, 0
77000, 32398, 0, 0, 0
78000, 30684, 0, 0, 0
79000, 32360, 0, 0, 0
80000, 30890, 0, 0, 0
81000, 31602, 0, 0, 0
82000, 30535, 0, 0, 0
83000, 32986, 0, 0, 0
84000, 35310, 0, 0, 0
85000, 35300, 0, 0, 0
86000, 34664, 0, 0, 0
87000, 29532, 0, 0, 0
88000, 31320, 0, 0, 0
89000, 30328, 0, 0, 0
90000, 33600, 0, 0, 0
91000, 30492, 0, 0, 0
92000, 28630, 0, 0, 0
93000, 24708, 0, 0, 0
94000, 22715, 0, 0, 0
95000, 20535, 0, 0, 0
96000, 18759, 0, 0, 0
97000, 18615, 0, 0, 0
98000, 29251, 0, 0, 0
99000, 32329, 0, 0, 0
100000, 23744, 0, 0, 0
101000, 21171, 0, 0, 0
102000, 20003, 0, 0, 0
103000, 18594, 0, 0, 0
104000, 18103, 0, 0, 0
105000, 18308, 0, 0, 0
106000, 17844, 0, 0, 0
107000, 18095, 0, 0, 0
108000, 19072, 0, 0, 0
109000, 18824, 0, 0, 0
110000, 20175, 0, 0, 0
111000, 17606, 0, 0, 0
112000, 17238, 0, 0, 0
113000, 19103, 0, 0, 0
114000, 27119, 0, 0, 0
115000, 33843, 0, 0, 0
116000, 23459, 0, 0, 0
117000, 22545, 0, 0, 0
118000, 19843, 0, 0, 0
119000, 17416, 0, 0, 0
120000, 18013, 0, 0, 0
121000, 16906, 0, 0, 0
122000, 17825, 0, 0, 0
123000, 18219, 0, 0, 0
124000, 17152, 0, 0, 0
125000, 20169, 0, 0, 0
126000, 22232, 0, 0, 0
127000, 22216, 0, 0, 0
128000, 21152, 0, 0, 0
129000, 21535, 0, 0, 0
130000, 19688, 0, 0, 0
131002, 19424, 0, 0, 0
132000, 25820, 0, 0, 0
133000, 22313, 0, 0, 0
134000, 17641, 0, 0, 0
135000, 18827, 0, 0, 0
136000, 17739, 0, 0, 0
137000, 17512, 0, 0, 0
138000, 18481, 0, 0, 0
139000, 18067, 0, 0, 0
140000, 17363, 0, 0, 0
141000, 18190, 0, 0, 0
142000, 20106, 0, 0, 0
143000, 21209, 0, 0, 0
144000, 22084, 0, 0, 0
145000, 23888, 0, 0, 0
146000, 21071, 0, 0, 0
147000, 22379, 0, 0, 0
148000, 19726, 0, 0, 0
149000, 17337, 0, 0, 0
150000, 18449, 0, 0, 0
151000, 17308, 0, 0, 0
152000, 18550, 0, 0, 0
153000, 18101, 0, 0, 0
154000, 18658, 0, 0, 0
155000, 19445, 0, 0, 0
156000, 20320, 0, 0, 0
157000, 17968, 0, 0, 0
158000, 17606, 0, 0, 0
159000, 18014, 0, 0, 0
160000, 16921, 0, 0, 0
161000, 18627, 0, 0, 0
162000, 19580, 0, 0, 0
163000, 21929, 0, 0, 0
164000, 21156, 0, 0, 0
165000, 22276, 0, 0, 0
166000, 19796, 0, 0, 0
167000, 17755, 0, 0, 0
168000, 18875, 0, 0, 0
169000, 24735, 0, 0, 0
170000, 29052, 0, 0, 0
171000, 28725, 0, 0, 0
172000, 22024, 0, 0, 0
173000, 21132, 0, 0, 0
174000, 20373, 0, 0, 0
175000, 17904, 0, 0, 0
176000, 18517, 0, 0, 0
177000, 17280, 0, 0, 0
178000, 19712, 0, 0, 0
179000, 21396, 0, 0, 0
180000, 21477, 0, 0, 0
